
> alica-v2@0.0.0 test
> node --experimental-vm-modules --test tests/foundation/*.test.mjs tests/kernel/*.test.mjs tests/contracts/*.test.mjs tests/sdk/*.test.mjs

✔ CLI init/validate/generators run and preserve existing operator files (2629.0308ms)
✔ CLI rejects invalid syntax/unknown flags, duplicate JSON, and redacts diagnostics (1144.911376ms)
✔ CLI plugin/bundle/profile validation checks linked artifacts and raw inventory (1602.651018ms)
✔ CLI plugin validation denies symlink escape even for a syntactically valid path (358.817461ms)
✔ CLI conformance has human and machine reports and nonzero exit for wrong behavior (1100.071625ms)
✔ CLI validates expected descriptor digest before running conformance (380.634335ms)
✔ stream-only provider passes conformance without unary assumptions (331.131281ms)
✔ generated descriptor preserves prototype-named keys as JSON data (392.091727ms)
✔ public descriptor schema and canonical digest reject semantic and unknown-field violations (18.141294ms)
✔ required versus optional features, version range and digest negotiation (14.323986ms)
✔ closed wire protocol validates digest, unknown operations, payloads and spoofed identity (5.564231ms)
✔ authentication runs before revealing malformed contract details (2.645979ms)
✔ wire behavior survives JSON round trips and non-local plain exceptions (5.524796ms)
✔ invalid provider output has normalized contract mismatch (10.468597ms)
✔ absolute expiration causes zero provider invocations and maximum budget clamps (2.106372ms)
✔ cancellation before completion is terminal exactly once (30.970633ms)
✔ cancellation during completion is terminal exactly once (26.69965ms)
✔ cancellation after completion is terminal exactly once (47.460463ms)
✔ request IDs are unique while outstanding; explicit cancel is idempotent (2.237398ms)
✔ parent cancellation and deadlines propagate across sessions (62.268051ms)
✔ instance idempotency: replay, conflict, in-flight duplicate and scope isolation (33.720959ms)
✔ idempotency retention, reset and finite capacity never silently evict live keys (26.155363ms)
✔ none rejects keys; stream idempotency is invalid; durable claim is not faked (3.034251ms)
✔ stream yields detached validated items and exactly one iterator completion (3.287048ms)
✔ stream invalid item and explicit cancellation terminate without late items (3.351459ms)
(node:898718) ExperimentalWarning: VM Modules is an experimental feature and might change at any time
(Use `node --trace-warnings ...` to show where the warning was created)
✔ stream rechecks authority before each item delivery (3.98851ms)
✔ bounded event primitive terminates on overflow and never leaks subsequent queued data (0.343758ms)
✔ event envelope validates exact descriptor and broker identity fields (2.779671ms)
✔ generation is byte deterministic and descriptor changes change generated bindings (5.452469ms)
✔ profile validation rejects duplicate roots, cycles, and unknown pins (2.760375ms)
✔ conformance fails an incorrect provider instead of just validating descriptor (4.336095ms)
✔ Kernel dispatch supports stream and revocation without Kernel imports in provider (150.826962ms)
✔ Kernel instance-idempotency cache is shared across consumer handles (160.13408ms)
✔ monotonic budget prevents late success when wall clock does not advance (14.180898ms)
✔ terminal release callback runs once on both success and cancellation (32.146159ms)
✔ wire diagnostic correlation is preserved without exception identity (0.691404ms)
✔ closed provider refuses both unary and streaming execution (2.246396ms)
✔ conformance does not confuse its own oracle mismatch with a provider error (3.466776ms)
✔ credit starts at zero, bounds grants, and cancellation releases waiting producer (1.568037ms)
✔ slow stream reader applies backpressure rather than consuming unseen items (13.069922ms)
✔ stream values and terminal errors cross JSON without local exception identity (3.298058ms)
✔ stream decoder rejects missing terminal, bad sequence, and unknown fields (0.438767ms)
✔ prototype-named JSON properties remain data through descriptor and invocation (1.923305ms)
✔ finite payload interpreter enforces all G1 type constraints without coercion (0.66821ms)
✔ boundary CLI fails on planted source violation (397.281793ms)
✔ Cell/admin Ajv declaration is limited to exact host importers and target (16.312866ms)
✔ built public entry has no accidental runtime implementation (0.317659ms)
✔ reject deep import (0.85898ms)
✔ reject cross-package relative (1.122255ms)
✔ reject V1 absolute (0.79076ms)
✔ reject dynamic computed (2.981041ms)
✔ reject undeclared external (0.577148ms)
✔ reject developer tooling from package (0.645066ms)
✔ reject host dependency from package (0.545157ms)
✔ reject escape to repo tools (0.440651ms)
✔ accept public type import (0.513938ms)
✔ package exports reject deep runtime import (49.8616ms)
✔ planted synthetic token is rejected without leaking its value (64.847093ms)
✔ ordinary public data passes secret scanner (53.552909ms)
(node:898773) ExperimentalWarning: VM Modules is an experimental feature and might change at any time
(Use `node --trace-warnings ...` to show where the warning was created)
✔ same capability/version with different digest is rejected before activation (81.339279ms)
✔ duplicate visible provider identity is conflict, not load-order selection (68.337765ms)
✔ version/feature exclusions explain deterministic ranking and optional negotiation (188.904735ms)
✔ planning is registry/lifecycle read-only; profile pin controls real calls and lock (672.988004ms)
✔ invalid profile pin fails before evaluating any module (32.271366ms)
✔ cancellation first terminal outcome wins over immediate provider success (122.361843ms)
✔ call values are detached in both directions, not live objects (102.869903ms)
✔ pending uncooperative call is reported instead of falsely clean disposal (106.470942ms)
✔ expired trust stops new calls and quiesces all live instances (178.753937ms)
✔ secret grant rechecked immediately before result delivery (50.696154ms)
✔ nested scopes destroyed before parent owner and stale contexts never revive (47.278069ms)
✔ nested calls cannot extend inherited deadline (219.09739ms)
✔ same-version altered trust metadata and corrupted durable state are rejected (16.280616ms)
(node:898779) ExperimentalWarning: VM Modules is an experimental feature and might change at any time
(Use `node --trace-warnings ...` to show where the warning was created)
✔ independent Echo A passes unchanged consumer suite (562.557475ms)
✔ independent Echo B passes unchanged consumer suite (488.889061ms)
✔ selection invariant under order a,b (226.172319ms)
✔ selection invariant under order b,a (237.682991ms)
✔ strict parser rejects {"a":1,"a":2} (0.526954ms)
✔ strict parser rejects {"a":1e0} (0.252717ms)
✔ strict parser rejects {"a":1.0} (0.191311ms)
✔ strict parser rejects {"a":9007199254740992} (0.15331ms)
✔ strict parser rejects {"a":"\ud800"} (0.228169ms)
✔ strict parser rejects {"é":1} (0.196571ms)
✔ strict parser rejects [1,] (0.137068ms)
✔ strict parser rejects {"a":true}x (0.112432ms)
✔ bounded parsing/canonicalization rejects deep, cyclic, accessor, sparse and oversized values (1.737787ms)
✔ runtime canonical digest matches G1 descriptor and Unicode/control rules (0.418579ms)
✔ configuration is closed and secrets cannot be placed in config (13.690441ms)
✔ verification rejects signature before evaluation (20.881379ms)
✔ verification rejects file before evaluation (16.874736ms)
✔ verification rejects unknown-manifest before evaluation (13.616152ms)
✔ verification rejects duplicate-json before evaluation (19.576088ms)
✔ verification rejects untrusted-key before evaluation (19.773752ms)
✔ verification rejects invalid-stream-idempotency before evaluation (21.637495ms)
✔ loaded bytes are immutable after verification (46.072195ms)
✔ unverified module imports cannot be linked or evaluated (34.829778ms)
✔ missing mandatory dependency blocks ACTIVE (35.336936ms)
✔ incompatible mandatory dependency blocks ACTIVE (48.466479ms)
✔ denied mandatory dependency blocks ACTIVE (36.623922ms)
✔ mandatory cycles rejected; no participant becomes ACTIVE (78.210019ms)
✔ partial activation never publishes; effects clean in reverse order; disposal idempotent (42.127919ms)
✔ staged registration invisible while activation awaits (74.563002ms)
✔ cleanup failures remain FAILED, remaining disposers still execute (40.004004ms)
✔ uncooperative disposer times out and requires restart (53.506392ms)
✔ capability denial and optional absence are distinct (72.833272ms)
✔ revoked grant invalidates retained handle (89.927441ms)
✔ expired grant invalidates retained handle (85.43982ms)
✔ wrong principal/instance/scope generation and widened child grants rejected (66.850621ms)
✔ child scope teardown invalidates handles and removes only owned resources (114.917247ms)
✔ parent cannot see child registrations (84.241111ms)
✔ mandatory provider loss quiesces consumer transitively without rebinding (190.98703ms)
✔ revocation during call prevents result delivery (157.320525ms)
✔ unload during call cancels delivery and cleans call tracking (144.676846ms)
✔ deadline, cancellation, input/output validation and no idempotent replay (207.846067ms)
✔ provider errors and invalid output normalized without value leakage (113.857018ms)
✔ secret access requires declaration and separate grant; inspection redacts values (77.905565ms)
✔ events deliver FIFO broker identity; disposer removes listener (147.583376ms)
✔ event rechecks revoked subscription and publisher; handler failures isolated (111.443028ms)
✔ bounded event overflow terminates affected subscription and cleanup reclaims listener (151.221886ms)
✔ audit exhaustion blocks mutation but never emergency revocation (42.784947ms)
✔ expired trust and backward clock fail closed (28.750307ms)
✔ trust revocation quiesces running providers (162.883894ms)
✔ persistent trust state rejects rollback and missing-state recovery (17.758202ms)
✔ root rotation requires both old and new signatures plus exact next policy (48.698908ms)
(node:898866) ExperimentalWarning: VM Modules is an experimental feature and might change at any time
(Use `node --trace-warnings ...` to show where the warning was created)
✔ runtime matches frozen Python/OpenSSL vector C-00 (2.564344ms)
✔ runtime matches frozen Python/OpenSSL vector C-01 (0.247888ms)
✔ runtime matches frozen Python/OpenSSL vector C-02 (0.162426ms)
✔ runtime matches frozen Python/OpenSSL vector C-03 (0.171263ms)
✔ runtime matches frozen Python/OpenSSL vector C-04 (0.185319ms)
✔ runtime matches frozen Python/OpenSSL vector C-05 (0.197053ms)
✔ runtime matches frozen Python/OpenSSL vector C-06 (0.2013ms)
✔ runtime matches frozen Python/OpenSSL vector C-07 (0.178927ms)
✔ runtime matches frozen Python/OpenSSL vector C-08 (0.192162ms)
✔ runtime matches frozen Python/OpenSSL vector C-09 (0.353045ms)
✔ runtime matches frozen Python/OpenSSL vector C-10 (0.212259ms)
✔ runtime matches frozen Python/OpenSSL vector C-11 (0.13273ms)
✔ runtime matches frozen Python/OpenSSL vector C-12 (0.130376ms)
✔ runtime matches frozen Python/OpenSSL vector C-13 (0.1274ms)
✔ runtime matches frozen Python/OpenSSL vector C-14 (0.152518ms)
✔ runtime matches frozen Python/OpenSSL vector C-15 (0.41909ms)
✔ runtime matches frozen Python/OpenSSL vector C-16 (0.364037ms)
✔ runtime matches frozen Python/OpenSSL vector C-17 (0.220485ms)
✔ mandatory activation binding cannot silently switch after catalog changes (199.750433ms)
✔ plugin log admits only fixed safe metadata and quiesce is idempotent (46.839112ms)
(node:898902) ExperimentalWarning: VM Modules is an experimental feature and might change at any time
(Use `node --trace-warnings ...` to show where the warning was created)
✔ real Kernel verifies and activates SDK-only signed relative module graph (180.049427ms)
✔ real Kernel rejects tampered dependent module before evaluation (20.66363ms)
✔ production linker rejects @alica/kernel before evaluation (40.72774ms)
✔ production linker rejects @alica/testkit before evaluation (41.598842ms)
✔ production linker rejects node:fs before evaluation (42.70721ms)
✔ production linker rejects ../../escape.js before evaluation (40.36835ms)
✔ production linker rejects ./missing.js before evaluation (33.247887ms)
✔ production linker rejects @alica/plugin-sdk/dist/index.js before evaluation (32.378957ms)
✔ real SDK optional cannot turn a denied capability into absence (93.412373ms)
✔ public SDK provides, resolves, and bridges generated endpoints (26.11048ms)
✔ independently implemented provider substitutes without consumer changes (9.513777ms)
✔ missing optional returns null but denied optional does not hide permissions (2.119957ms)
✔ optional does not hide incompatible present provider (8.445904ms)
✔ idempotent disposer shares result and rejection without executing twice (0.578531ms)
✔ owned effects clean in reverse order and partial acquisition cleans immediately (3.361006ms)
✔ activation injection rolls back staged providers and acquired effects (3.169365ms)
✔ revocation injection rejects existing handle before provider dispatch (4.955423ms)
✔ timeout injection is deterministic, one-shot, and not elapsed-time simulation (4.183859ms)
✔ cleanup injection is reported while remaining cleanups continue (1.444854ms)
✔ cleanup timeout is visible and does not hang disposal (9.539667ms)
✔ destroyed child handles cannot escape their owning scope (4.834465ms)
✔ provider disposal invalidates old handles instead of rebinding (5.591793ms)
✔ typed events validate payloads and deliver immutable broker envelopes (6.164892ms)
✔ secret references are scoped and logs refuse arbitrary data fields (1.627107ms)
✔ invalid input and unknown operation retain exact ACAP rejection codes (3.551647ms)
✔ uncooperative event handler is reported as incomplete cleanup (8.932132ms)
✔ optional validates malformed requirement before reporting absence (1.235579ms)
ℹ tests 170
ℹ suites 0
ℹ pass 170
ℹ fail 0
ℹ cancelled 0
ℹ skipped 0
ℹ todo 0
ℹ duration_ms 8380.881745
