ISOLATED_NATIVE_COMMAND ['/usr/bin/unshare', '--mount', '--net', '--pid', '--fork', '/usr/sbin/chroot', '--userspec=1000:1000', '/home/alica-dev/phase50-native-5qhohwgk', '/node/bin/node', '--experimental-vm-modules', '/work/service-foundation/conformance/native-run.mjs']
{"kind":"NATIVE_ENVIRONMENT_OBSERVATION","node":"v24.21.0","uid":1000,"docker":"UNAVAILABLE","podman":"UNAVAILABLE","socketScan":"NONE","remoteEndpoint":"ENETUNREACH","nonLoopbackInterfaces":0,"containerStartups":0,"imageDownloads":0,"containerDependency":0,"claim":"native-first only, not deployment equivalence","filesScanned":2451}
✔ delivered stateless manifest has separate semantic/declared/not-executed results (57.309472ms)
✔ delivered stateful manifest has separate semantic/declared/not-executed results (64.365546ms)
✔ stateful example schema validates actual persisted reference bytes (33.360448ms)
✔ required/optional dependency consistency checked against substantive Catalog fixture context (113.096313ms)
✔ supplied existing plugin declaration identity/capability/secret comparison is substantive (78.970103ms)
✔ local config references cannot escape by symlink; missing local reference fails (1.09273ms)
(node:17) ExperimentalWarning: VM Modules is an experimental feature and might change at any time
(Use `node --trace-warnings ...` to show where the warning was created)
✔ PUBLIC_HOST stateless native attachment, permission denial and cleanup (307.995181ms)
✔ PUBLIC_HOST proposed records persist across normal stop/new instance; health and stale handle (426.033393ms)
✔ PUBLIC_HOST actual required dependency absent, not successful EMPTY (25.431219ms)
✔ PUBLIC_HOST actual signed startup failure and readiness timeout (192.792907ms)
✔ PUBLIC_HOST actual secret reference declaration/grant/existence checks (69.218166ms)
✔ PUBLIC_HOST actual bounded stop timeout is reported, not clean PASS (87.264482ms)
✔ PUBLIC_HOST service-owned quota health DEGRADED and storage failure UNAVAILABLE (802.514901ms)
✔ PUBLIC_HOST undeclared data-domain rejected by reference, not filesystem confinement (120.311618ms)
✔ PUBLIC_HOST scope identity cannot be changed by a forged grant (107.342265ms)
✔ stateless SDK fixture, unchanged consumer, service-owned health and cleanup (28.470018ms)
✔ stateful SDK fixture persists across normal disposal/new instance; empty differs from absent (40.704255ms)
✔ native resource serializes concurrent writes; quota rejects without losing records (21.638016ms)
✔ corrupt state fails open instead of manufacturing successful EMPTY (2.242037ms)
✔ native storage errors normalize; failed write retains prior record, never absence (12.823969ms)
✔ corrupt JSON and malformed persisted shapes fail FAILED_PRECONDITION; IO open fails UNAVAILABLE (9.573971ms)
✔ three levels are independent; backup/migration execution not tested (30.909899ms)
✔ structural rejects malformed (0.802032ms)
✔ structural rejects unsupported binding (0.459006ms)
✔ structural rejects unknown field (0.343257ms)
✔ structural rejects executable UI (0.456461ms)
✔ structural rejects inline secret (1.050281ms)
✔ structural rejects path traversal (0.457863ms)
✔ semantic rejects unknown capability (2.404934ms)
✔ semantic rejects unavailable version (1.415729ms)
✔ semantic rejects URI major mismatch (1.546486ms)
✔ semantic rejects wrong identity (3.807188ms)
✔ semantic rejects wrong Catalog context (1.210272ms)
✔ semantic rejects missing permission declaration (1.083553ms)
✔ semantic rejects state hidden by stateless (0.972362ms)
✔ semantic rejects undeclared UI permission (21.998947ms)
✔ semantic rejects unsupported secret binding (19.974831ms)
✔ semantic rejects unowned rebuildable data (1.344755ms)
✔ configuration required field actually validated (20.039241ms)
✔ snapshot pin enforced independently from self-reported digest (1.290533ms)
✔ remote schema references never fetched (1.014533ms)
ℹ tests 41
ℹ suites 0
ℹ pass 41
ℹ fail 0
ℹ cancelled 0
ℹ skipped 0
ℹ todo 0
ℹ duration_ms 2516.528764
{"mode":"normal","publicHost":true,"clean":true,"externalAuthor":true,"operatorOwnedNative":true,"independentlySignedNative":false,"catalogRecords":"EXPERIMENTAL_LOCAL_SNAPSHOT","catalogDigest":"sha256:6d4f62849279bfa76ee781572ebf5e73ff0a0ebb6f2073b80f3030d4cbdfce26","trustVerified":false}
RECOVERED_COMPLETED_WRITE_NO_CRASH_DURABILITY_CLAIM
{"mode":"recover","publicHost":true,"clean":true,"externalAuthor":true,"operatorOwnedNative":true,"independentlySignedNative":false,"catalogRecords":"EXPERIMENTAL_LOCAL_SNAPSHOT","catalogDigest":"sha256:6d4f62849279bfa76ee781572ebf5e73ff0a0ebb6f2073b80f3030d4cbdfce26","trustVerified":false}
{"kind":"EXTERNAL_AUTHOR_EXECUTED","publicPackages":true,"separateAuthorOperator":true,"authorHasNoKernel":true,"consumerModuleSHA256":"a2468c853071caa88c69944a6013f79d466e69a5d01aa021db1bed0f838515c1","registryPublishing":false,"network":"npm-offline; runtime tested separately","source":"working-tree candidate","noContainerRuntime":true,"unchangedConsumer":true,"normalStopRestart":true,"crashRestart":"SIGKILL after completed write then fresh operator; no crash durability guarantee","supervisorProduct":false,"status":"PASS"}
{"kind":"EXECUTED","status":"PASS","source":"working-tree candidate, not committed-public reproduction","catalogRecords":"EXPERIMENTAL_LOCAL_SNAPSHOT_CHECKED_BY_EXTERNAL_OPERATOR","externalAuthor":"PASS"}
(node:95) ExperimentalWarning: VM Modules is an experimental feature and might change at any time
(Use `node --trace-warnings ...` to show where the warning was created)
(node:132) ExperimentalWarning: VM Modules is an experimental feature and might change at any time
(Use `node --trace-warnings ...` to show where the warning was created)
