✔ canonical decimal grammar, precision and range reject rather than round (3.021006ms)
✔ provider lexical exponent conversion uses the original token exactly (0.819926ms)
✔ wire conversion distinguishes exact numbers from ordinary literal strings (3.104775ms)
✔ structured numeric markers and size/depth limits fail closed (0.631842ms)
✔ J3 exact decimal lexical rules and frozen ACAP compatibility (5.431861ms)
✔ J3 structured fractions are exact numeric wire literals, never ambiguous strings (1.917396ms)
✔ J4 actual Catalog proposal/definition validation without admission or self-review (24.359007ms)
✔ J5/J6 neutral mixed semantics and exact round-trip (3.575842ms)
✔ J3/J6 malformed inputs, criteria, fractional state and limits rejected (3.26146ms)
✔ J6 exact correspondence, totals, confidence, range and legend defenses (6.371283ms)
✔ J7 public SDK testkit vertical substitutes neutral providers, clean disposal (55.304312ms)
✔ J7 Host permissions/revocation remain authoritative; no provider dispatch on denied calls (20.621641ms)
✔ J7 unload makes handles stale; incompatible major and descriptor mismatches fail (23.775908ms)
✔ J7 disable switch prevents invocation (14.120614ms)
✔ J7 unknown model and provider errors normalized without echoed state (23.915861ms)
✔ J7 deadline and cancellation forwarded once, no retry (50.421465ms)
✔ handoff returns result; forged reply identity/generation/correlation ignored (6.432579ms)
✔ handoff singleflight rejects competing request with no second backend dispatch (2.770984ms)
✔ handoff raw provider failure normalized without message or cause (1.298548ms)
✔ handoff cancel aborts and joins owned request (3.190797ms)
✔ handoff unload aborts and joins owned request (3.705316ms)
✔ handoff deadline/pre-cancellation/closed state reject before dispatch (0.933179ms)
(node:899062) ExperimentalWarning: VM Modules is an experimental feature and might change at any time
(Use `node --trace-warnings ...` to show where the warning was created)
✔ public Host signed inventory, generic neutral call, grant denial and source-preserving caller (346.749458ms)
✔ public Host unload/restart and stale handle; fresh instance/grants only (461.559744ms)
✔ public Host disabled provider and incompatible capability version never dispatch (184.794925ms)
✔ public Host raw backend failure normalized; malformed request rejected before dispatch (205.808126ms)
✔ public Host in-flight cancel aborts effect-owned backend and joins cleanup (199.477168ms)
✔ public Host in-flight deadline aborts effect-owned backend and joins cleanup (306.182996ms)
✔ public Host in-flight unload aborts effect-owned backend and joins cleanup (182.953662ms)
✔ LIVE-OBSERVED model metadata replay: exact timestamps preserved; prose date still accepted; no other validator relaxed (7.82294ms)
✔ fresh synthetic continuation dispatches only four ordered POSTs, preserves both prefixes and refuses restart/replay (70.309322ms)
✔ first physical or semantic failure stops all later evaluations and keeps consumed slot/evidence (48.130797ms)
✔ changed historical evidence and unexpected ledger reservation fail before dispatch (48.009969ms)
✔ manual diagnostic has its own one-shot path; durable slot2, original prefix, total6 and no seventh (44.850581ms)
✔ modified history, existing evaluation, stale lock and ambiguous diagnostic never dispatch (22.449456ms)
✔ diagnostic rejects guard failure before network but preserves consumed reservation (5.947643ms)
✔ HTTP faults and decoded credential echoes are never exposed in diagnostic output (28.477542ms)
✔ diagnostic distinguishes documented shape from stricter legacy rejection without fixing mapper (1.750461ms)
✔ lexical ambiguity, invalid types, metadata bounds and CLI guards fail closed offline (78.001816ms)
✔ J8 public request mapping: shared state, mixed named questions, exact fractional documents (4.8847ms)
✔ J9/J10/J11/J12/J17 documented response fields preserved across mixed batch (2.929443ms)
✔ J21 numeric strings and literal reserved marker objects cannot masquerade as wire numbers (4.535981ms)
✔ J21 duplicate question/candidate/escaped keys and malformed tokens rejected before overwrite (1.002099ms)
✔ J10/J11/J12 exact names/types/candidates/levels/legend and rational probability defenses (4.950535ms)
✔ J13 model discovery maps public schema, not hard-coded aliases; malformed/duplicate IDs fail (1.254124ms)
✔ J14/J18 ledger is explicit, fail-closed, durable before dispatch and never replenished (38.89314ms)
✔ J18 ambiguity consumes slot, repeated matrix kind blocked; missing/corrupt ledgers fail closed (11.581085ms)
✔ J14/J18 singleflight retains lock during whole request; stale lock never auto-cleared (6.956817ms)
✔ J14/J16/J22 exact endpoint/Bearer/JSON, key reference scoped to request, no secret/state in ledger (14.036435ms)
✔ J16 absent/insecure/symlink secret and unsafe directory fail before reservation/send (8.916161ms)
✔ J14/J21/J22 auth/validation/rate/5xx/redirect responses normalized without retaining body or retry (62.697401ms)
✔ J14 network/aborted response never replayed and consumes physical reservation (14.340698ms)
✔ J15 shorter deadlines/cancellation bounded; pre-cancelled requests do not consume slots (36.095876ms)
✔ J21 bounded bytes/content-type/UTF8 defenses; no real network in fixture suite (1.603132ms)
ℹ tests 54
ℹ suites 0
ℹ pass 54
ℹ fail 0
ℹ cancelled 0
ℹ skipped 0
ℹ todo 0
ℹ duration_ms 2433.170446
