{"networkInterfaces": [[1, "lo"]], "environment": "empty plus fixture values", "productionConfig": false, "phase": "portable"}
F..............F                                                         [100%]
=================================== FAILURES ===================================
____________ test_complete_semantic_roundtrip_and_restricted_domain ____________
tests/test_exchange.py:41: in test_complete_semantic_roundtrip_and_restricted_domain
    assert export_graph(SqliteGraph(target),a)==raw
E   assert b'{"excluded"..._events":[]}}' == b'{"excluded"..._events":[]}}'
E     
E     At index 235 diff: b'd' != b'3'
E     Use -v to get more diff
_ test_interrupted_import_transaction_rolls_back_on_exception_and_process_exit _
tests/test_exchange.py:111: in test_interrupted_import_transaction_rolls_back_on_exception_and_process_exit
    import_graph(SqliteGraph(target),raw,authority());assert export_graph(SqliteGraph(target),authority())==raw
E   assert b'{"excluded"..._events":[]}}' == b'{"excluded"..._events":[]}}'
E     
E     At index 235 diff: b'e' != b'7'
E     Use -v to get more diff
=========================== short test summary info ============================
FAILED tests/test_exchange.py::test_complete_semantic_roundtrip_and_restricted_domain
FAILED tests/test_exchange.py::test_interrupted_import_transaction_rolls_back_on_exception_and_process_exit
2 failed, 14 passed in 2.24s
