✔ A1+B1 schemas: closed v1, exact cloned request, constrained v2 pairs and strict client version (48.008372ms)
actual SO_PEERCRED admin.sock [270086, 1000, 1000]
actual SO_PEERCRED admin-v2.sock [270086, 1000, 1000]
✔ A1: every header/body split, coalesced/trailing frames, strict parser, exact ceiling, credentials/modes and wrong endpoints (3872.885423ms)
✔ A1: delayed trailing byte/second frame and unsealed start/stop have no pre-EOF effects (6563.618329ms)
actual admission deadline observations ms: [
  30050.423807,
  30050.799092999998,
  30050.588025999998,
  30050.433265,
  30050.248176,
  30050.083656999996,
  30049.951538,
  30049.754308000003
]
✔ A1: aggregate eight admitted sockets, actual 30000ms absolute unsealed mutation deadlines; bytes/EOF never reset (33045.806913ms)
actual forced cleanup deadline ms: 30027.766505 pidfd: HELD
EXIT
✔ A1+B1: one mutation slot across endpoints; dispatched disconnect does not cancel; actual forced cleanup deadline retains custody (32800.083112ms)
late EOF admission deadline ms: 30033.098914000002 cleanup ms: 30068.10114900001
✔ A1: late EOF does not reset admission deadline or cancel an already dispatched stop (37689.940037ms)
pidfd receipts: HELD
EXIT boundary: { pid: 271406, boundary: 'after-file-fsync' } prior: false
✔ B1: held pidfd, stopped/killed actual accepted after-file-fsync, first publication (2691.379584ms)
pidfd receipts: HELD
EXIT boundary: { pid: 271461, boundary: 'before-rename' } prior: false
✔ B1: held pidfd, stopped/killed actual accepted before-rename, first publication (2786.753717ms)
pidfd receipts: HELD
EXIT boundary: { pid: 271523, boundary: 'after-rename' } prior: false
✔ B1: held pidfd, stopped/killed actual accepted after-rename, first publication (2811.372835ms)
pidfd receipts: HELD
EXIT boundary: { pid: 271592, boundary: 'before-directory-fsync' } prior: false
✔ B1: held pidfd, stopped/killed actual accepted before-directory-fsync, first publication (2685.775455ms)
pidfd receipts: HELD
EXIT boundary: { pid: 271651, boundary: 'after-directory-fsync' } prior: false
✔ B1: held pidfd, stopped/killed actual accepted after-directory-fsync, first publication (2584.722892ms)
pidfd receipts: HELD
EXIT boundary: { pid: 271764, boundary: 'after-file-fsync' } prior: true
✔ B1: held pidfd, stopped/killed actual accepted after-file-fsync, prior bytes successor fault (3210.04466ms)
pidfd receipts: HELD
EXIT boundary: { pid: 271819, boundary: 'before-rename' } prior: true
✔ B1: held pidfd, stopped/killed actual accepted before-rename, prior bytes successor fault (3306.778473ms)
pidfd receipts: HELD
EXIT boundary: { pid: 271897, boundary: 'after-rename' } prior: true
✔ B1: held pidfd, stopped/killed actual accepted after-rename, prior bytes successor fault (3381.400346ms)
pidfd receipts: HELD
EXIT boundary: { pid: 271957, boundary: 'before-directory-fsync' } prior: true
✔ B1: held pidfd, stopped/killed actual accepted before-directory-fsync, prior bytes successor fault (3259.676908ms)
pidfd receipts: HELD
EXIT boundary: { pid: 272042, boundary: 'after-directory-fsync' } prior: true
✔ B1: held pidfd, stopped/killed actual accepted after-directory-fsync, prior bytes successor fault (3236.038756ms)
✔ B1: owner death before readiness returns unknown on v2, close on v1, no publication or restart (703.919056ms)
✔ B1: successor missing accepted data preserves original, no stale response/replay (3251.761766ms)
✔ B1: successor corrupt accepted data preserves original, no stale response/replay (3205.733414ms)
✔ B1 client: rejects wrong version/binding, duplicate/trailing response and never connects fallback/replays (7.827737ms)
✔ Python root signatures are accepted by the unchanged production Kernel verifier (13.308825ms)
✔ root policy authorizes only the designated publisher and IPC execution (0.911236ms)
✔ signature domains are not interchangeable (0.797171ms)
✔ tampered policy is rejected (2.770204ms)
✔ prohibited inproc trust expansion is rejected (1.375478ms)
✔ root substitution is rejected (0.948585ms)
✔ wrong public bytes under approved key ID are rejected (0.843178ms)
✔ missing signature is rejected (1.013888ms)
✔ noncanonical signature encoding is rejected (1.542663ms)
✔ tampered revocation metadata is rejected (2.773751ms)
✔ metadata issued in the future is rejected (0.804705ms)
✔ expired revocation metadata is rejected (1.498432ms)
✔ old policy age also blocks activation despite nominal policy expiry (1.321186ms)
✔ unknown policy fields are rejected (0.592447ms)
✔ backward clock movement fails closed (6.252732ms)
✔ existing high-water state cannot be reset using initialize=true (7.118392ms)
✔ in-process IPC install: actual echo and unchanged consumer readiness, exact frozen selection, lifetime ownership and real shutdown (3343.392112ms)
✔ external SIGKILL at activating-durable preserves selection and requires operator without inventing reap (1294.60564ms)
✔ external SIGKILL at accepted-rename preserves selection and requires operator without inventing reap (3174.79069ms)
✔ external SIGKILL at committed-durable preserves selection and requires operator without inventing reap (3152.642164ms)
✔ fresh recovery rejects committed corruption: wrong-sequence (2779.36629ms)
✔ fresh recovery rejects committed corruption: wrong-release (2602.902526ms)
✔ fresh recovery rejects committed corruption: unknown-field (2571.270175ms)
✔ fresh recovery rejects committed corruption: missing-selection (2561.001242ms)
✔ fresh recovery rejects committed corruption: corrupt-journal (2537.025075ms)
✔ real provider activation failure never publishes accepted selection and records clean rollback (860.496459ms)
✔ post-activation recovery still enforces Kernel same-version policy digest continuity (2591.730713ms)
✔ expired grants cannot continue to report a ready RUNNING Cell (7496.189689ms)
✔ real syscall fault remains conservative and cannot publish later: accepted-rename (5100.819856ms)
✔ real syscall fault remains conservative and cannot publish later: accepted-directory (4817.560199ms)
✔ real syscall fault remains conservative and cannot publish later: journal-link (5041.180077ms)
✔ real syscall fault remains conservative and cannot publish later: enospc (2667.678836ms)
✔ real syscall fault remains conservative and cannot publish later: accepted-file-delay (35927.607426ms)
✔ activation hangs: actual IPC, no late accepted publication (32840.909964ms)
✔ activation resolves late: actual IPC, no late accepted publication (33339.187477ms)
✔ readiness shares activation budget: actual IPC, no late accepted publication (32902.453818ms)
✔ throwing IPC activation preserves clean same-object status and safe conflict on retained candidate (1110.244881ms)
✔ actual IPC readiness fails closed: throw new Error("readiness failure"); (4000.125315ms)
✔ actual IPC readiness fails closed: await new Promise(r => setTimeout(r, 1500)); return x; (5324.553982ms)
✔ actual IPC readiness fails closed: await new Promise(() => {}); (5028.926579ms)
✔ actual hanging IPC disposer cannot claim STOPPED or reopen admission (5368.668322ms)
✔ actual committed corruption has structured conservative error and is not repaired (2367.712565ms)
✔ real staged transaction, separate-process status/recovery, persistent identity/floor and no accepted selection (1309.342254ms)
✔ OS flock contention is immediate across processes and releases on SIGKILL without PID guessing (343.430296ms)
✔ external SIGKILL at staging-durable with fresh-process readback (799.117367ms)
✔ external SIGKILL at verified-durable with fresh-process readback (907.076453ms)
✔ external SIGKILL at journal-link with fresh-process readback (713.89083ms)
✔ external SIGKILL at floor-rename with fresh-process readback (756.27882ms)
✔ private-root attack rejects symlink-root (69.617002ms)
✔ private-root attack rejects root-mode (68.941981ms)
✔ private-root attack rejects identity-hardlink (72.057968ms)
✔ private-root attack rejects floor-symlink (73.01522ms)
✔ private-root attack rejects floor-mode (76.524195ms)
✔ private-root attack rejects unknown-root (70.554767ms)
✔ private-root attack rejects missing-kernel (69.831136ms)
✔ private-root attack rejects accepted-selection (79.199392ms)
✔ stage rejects wrong-root without accepted publication (76.191278ms)
✔ stage rejects clock-floor without accepted publication (71.191716ms)
✔ stage rejects metadata-floor without accepted publication (71.774805ms)
✔ stage rejects intent-profile without accepted publication (83.321602ms)
✔ stage rejects intent-operation without accepted publication (204.894407ms)
✔ stage rejects intent-duplicate without accepted publication (76.867672ms)
✔ stage rejects intent-secret without accepted publication (77.165112ms)
✔ stage rejects source-corruption without accepted publication (68.923677ms)
✔ journal corruption, unknown shape, checksum-valid illegal edge and rollback deny (2236.437465ms)
✔ install, upgrade, start, stop, verify and backup are explicitly unavailable; no root mutation (1975.293372ms)
✔ anonymous packet channel authenticates exact real child credentials; pidfd pins lifetime (27.600711ms)
✔ same-uid grandchild cannot forge exact coordinator credentials on inherited channel (24.484636ms)
✔ rejects unauthenticated ancillary/truncated/empty packet: rights (28.561599ms)
✔ rejects unauthenticated ancillary/truncated/empty packet: oversize (26.487054ms)
✔ rejects unauthenticated ancillary/truncated/empty packet: empty (20.502549ms)
✔ cross-process exact reinstall: actual original Cell/Kernel bytes and inodes preserved, fence retained (3907.675457ms)
✔ cross-process rejects same-version-equivocation (3700.300391ms)
✔ cross-process rejects revoked-bundle (3681.504296ms)
✔ cross-process rejects authorization (3696.739416ms)
✔ cross-process rejects archive (3619.858601ms)
✔ cross-process rejects forged-clean (3574.047987ms)
✔ cross-process rejects kill-coordinator (3499.292361ms)
✔ continuous separate flock competitor and concurrent constructors cannot enter owned lifecycle (6181.045533ms)
✔ maintenance parent death contains exact pidfd-pinned coordinator; fence is not clean authority (3447.667491ms)
✔ buffered authentic CLEAN returned after real cleanup deadline is not authority (34250.999144ms)
✔ owned upgrade denies bad-target-grants without reviving or replacing prior (3847.704385ms)
✔ owned upgrade denies bad-target-readiness without reviving or replacing prior (4624.101922ms)
✔ owned upgrade denies bad-target-call without reviving or replacing prior (5824.809067ms)
✔ owned upgrade commits a distinct immutable target with original prior history and actual new IPC readiness (6041.982541ms)
✔ owned upgrade conservative publication: crash-before-accepted (6059.985933ms)
✔ owned upgrade conservative publication: crash-after-accepted (6018.412938ms)
✔ owned upgrade conservative publication: crash-after-accepted-fsync (6183.888034ms)
✔ owned upgrade conservative publication: uncertain-rename (6505.572301ms)
✔ owned upgrade conservative publication: uncertain-directory-fsync (6283.436526ms)
✔ owned upgrade conservative publication: crash-before-commit (6188.321261ms)
✔ owned upgrade conservative publication: crash-after-commit (6473.615909ms)
✔ owned upgrade conservative publication: uncertain-commit-fsync (6668.235113ms)
✔ independent watchdog contains synchronous block-cleanup at real deadline (33822.254305ms)
✔ independent watchdog contains synchronous block-activation at real deadline (34271.469392ms)
✔ independent watchdog contains synchronous block-maintenance at real deadline (303643.49884ms)
✔ native custody requires matching private inode and the actual held flock description (3.156202ms)
✔ exact reinstall under continuous same-owner clean custody is a byte/inode/mtime preserving no-op, repeatedly (2824.082102ms)
✔ exact reinstall fails closed without writes: retained-artifact (2361.043078ms)
✔ exact reinstall fails closed without writes: retained-extra (2357.497164ms)
✔ exact reinstall fails closed without writes: retained-missing (2410.713129ms)
✔ exact reinstall fails closed without writes: authorization (2314.642144ms)
✔ exact reinstall fails closed without writes: accepted (2288.668015ms)
✔ exact reinstall fails closed without writes: journal (2249.850185ms)
✔ exact reinstall fails closed without writes: kernel-malformed (2485.951543ms)
✔ exact reinstall fails closed without writes: kernel-backward-clock (2288.246692ms)
✔ exact reinstall fails closed without writes: floor-backward-clock (2475.118499ms)
✔ exact reinstall fails closed without writes: expired (2462.092146ms)
✔ exact reinstall fails closed without writes: revoked-bundle (2405.393142ms)
✔ exact reinstall fails closed without writes: revoked-publisher (2528.988986ms)
✔ exact reinstall fails closed without writes: revoked-package (2472.807618ms)
✔ exact reinstall fails closed without writes: same-version-equivocation (2497.565799ms)
✔ exact reinstall fails closed without writes: missing-trust (2377.304664ms)
✔ exact reinstall fails closed without writes: candidate-tamper (2200.373721ms)
✔ exact reinstall fails closed without writes: different-valid-candidate (2361.710485ms)
✔ normal owner close/reopen cannot reconstruct clean custody from accepted bytes or journal (2274.243398ms)
✔ unmodified CLI path establishes custody from inception and refuses later residue adoption (3947.426183ms)
✔ owned coordinator: independent custodian and owner normal reaps precede real stopped verification; original Cell preserved (3755.31791ms)
✔ owned coordinator loss retains fence at before-fsync-1 (378.305071ms)
✔ owned coordinator loss retains fence at after-fsync-1 (402.417797ms)
✔ owned coordinator loss retains fence at before-fsync-2 (376.642662ms)
✔ owned coordinator loss retains fence at after-fsync-2 (372.62579ms)
✔ owned coordinator loss retains fence at before-fsync-3 (402.879065ms)
✔ owned coordinator loss retains fence at after-fsync-3 (377.610164ms)
✔ owned coordinator loss retains fence at before-READY (3164.128718ms)
✔ owned coordinator loss retains fence at after-READY (2862.988738ms)
✔ owned coordinator loss retains fence at before-SEALED (2911.823555ms)
✔ owned coordinator loss retains fence at after-SEALED (3029.489444ms)
✔ owned coordinator loss retains fence at before-CLEAN (3025.471158ms)
✔ owned coordinator loss retains fence at after-CLEAN (3033.793939ms)
✔ owned coordinator loss retains fence at after-reap (3121.710771ms)
✔ owned coordinator loss retains fence at before-maintenance (3025.291442ms)
✔ owned coordinator loss retains fence at after-maintenance (3488.368877ms)
✔ custodian abnormal death cannot become stopped permission at before-fsync-1 (203.292651ms)
✔ custodian abnormal death cannot become stopped permission at after-fsync-1 (232.339645ms)
✔ custodian abnormal death cannot become stopped permission at before-fsync-2 (220.312844ms)
✔ custodian abnormal death cannot become stopped permission at after-fsync-2 (216.149546ms)
✔ custodian abnormal death cannot become stopped permission at before-fsync-3 (209.095826ms)
✔ custodian abnormal death cannot become stopped permission at after-fsync-3 (241.157166ms)
✔ custodian abnormal death cannot become stopped permission at before-READY (2692.927899ms)
✔ custodian abnormal death cannot become stopped permission at before-SEALED (2804.72009ms)
✔ custodian abnormal death cannot become stopped permission at after-SEALED (2802.038552ms)
✔ custodian abnormal death cannot become stopped permission at before-CLEAN (2970.047998ms)
✔ custodian abnormal death cannot become stopped permission at after-CLEAN (2893.121116ms)
✔ exact owner pidfd death denies maintenance at after-READY (2629.736154ms)
✔ exact owner pidfd death denies maintenance at before-SEALED (2870.787069ms)
✔ exact owner pidfd death denies maintenance at after-SEALED (2725.876819ms)
✔ requests queued before seal cannot restart after the seal linearization point (3308.158921ms)
✔ sealing excludes concurrent v1/v2 starts stops and mutations without a successor (3296.288032ms)
✔ stopped verification rejects retained tamper without Cell writes (3259.759012ms)
✔ stopped verification rejects archive tamper without Cell writes (3309.628147ms)
✔ stopped verification rejects current-trust tamper without Cell writes (3330.011761ms)
test_actual_guarded_parent_death_contains_child_with_held_pidfd (__main__.Channels.test_actual_guarded_parent_death_contains_child_with_held_pidfd) ... ok
test_authenticated_receive_return_late_is_not_permission (__main__.Channels.test_authenticated_receive_return_late_is_not_permission) ... ok
test_forced_child_exit_is_never_normal_reap (__main__.Channels.test_forced_child_exit_is_never_normal_reap) ... ok
test_late_real_normal_exit_is_not_a_reap_permit (__main__.Channels.test_late_real_normal_exit_is_not_a_reap_permit) ... ok
test_non_parent_guard_is_rejected (__main__.Channels.test_non_parent_guard_is_rejected) ... ok
test_plain_inherited_stream_fd_and_closed_channel_are_not_credentials (__main__.Channels.test_plain_inherited_stream_fd_and_closed_channel_are_not_credentials) ... ok
test_real_child_credentials_and_held_pidfd_normal_reap (__main__.Channels.test_real_child_credentials_and_held_pidfd_normal_reap) ... ok
test_socketpair_creator_is_not_actual_child_credential (__main__.Channels.test_socketpair_creator_is_not_actual_child_credential) ... ok
test_syscall_return_late_normal_reap_is_not_permission (__main__.Channels.test_syscall_return_late_normal_reap_is_not_permission) ... ok

----------------------------------------------------------------------
Ran 9 tests in 0.146s

OK

✔ stopped verification rejects authorization tamper without Cell writes (3591.469645ms)
✔ real Unix credentials reject forged/unowned/closed inherited channels and abnormal/late pidfd reaps (256.540446ms)
✔ independent stopped worker blocked IO expires unchanged verification budget without release (303000.274668ms)
✔ coordinator death kills the guarded independent stopped worker while retaining residue (3194.106233ms)
✔ real owner blocked IO expires unchanged cleanup budget without offline admission (32746.229588ms)
✔ real owner blocked IO expires unchanged verification budget without offline admission (300249.626522ms)
✔ buffered genuine CLEAN and normal child exit cannot certify after the unchanged reap deadline (33373.602527ms)
✔ blocked seal acknowledgement expires the actual unchanged cleanup budget without maintenance (32628.551749ms)
✔ R1 actual deterministic USTAR assembly, signature and graph inspection is read-only (43.956102ms)
✔ R1 denies wrong-domain (5.928992ms)
✔ R1 denies expired (5.605854ms)
✔ R1 denies revoked-signer (11.173906ms)
✔ R1 denies future-floor (6.140189ms)
✔ R1 denies old-policy (5.419322ms)
✔ R1 denies wrong-root (3.700317ms)
✔ R1 denies inproc-authority (4.242407ms)
✔ R1 rejects duplicate-key through real archive decoding (9.255534ms)
✔ R1 rejects unsafe-integer through real archive decoding (10.429976ms)
✔ R1 rejects bad-unicode through real archive decoding (7.143168ms)
✔ R1 rejects depth through real archive decoding (7.706549ms)
✔ R1 rejects utf8 through real archive decoding (9.435644ms)
✔ R1 rejects size through real archive decoding (11.572838ms)
✔ R1 rejects unknown closed lock fields and wrong policy binding (13.257348ms)
✔ USTAR rejects checksum (2.062133ms)
✔ USTAR rejects symlink (1.954098ms)
✔ USTAR rejects hardlink (2.01836ms)
✔ USTAR rejects directory (1.853068ms)
✔ USTAR rejects pax (1.788106ms)
✔ USTAR rejects gnu (1.786003ms)
✔ USTAR rejects base256 (1.773419ms)
✔ USTAR rejects nul-alias (1.889638ms)
✔ USTAR rejects traversal (2.271195ms)
✔ USTAR rejects padding (2.011045ms)
✔ USTAR rejects tail (1.751287ms)
✔ USTAR rejects link-target (1.778869ms)
✔ USTAR exact EOF, duplicate/case aliases, path bounds and symlink input (2.680607ms)
✔ USTAR rechecks descriptor bytes after source modification (1.679922ms)
✔ durable owner-only no-follow writes and exclusive publication (6.303135ms)
✔ real SIGKILL at durable replacement open (492.696586ms)
✔ real SIGKILL at durable replacement write (493.168354ms)
✔ real SIGKILL at durable replacement file-fsync (481.250248ms)
✔ real SIGKILL at durable replacement rename (529.274408ms)
✔ real SIGKILL at durable replacement directory-fsync (510.154734ms)
✔ public Kernel admission boundary: release-wide signature is not a per-package signature (24.628455ms)
✔ read-only inspection CLI actually runs and redacts failure paths (525.879057ms)
✔ trust verifier does not write floors (3.124602ms)
✔ USTAR enforces real input size, entry count and parent aliases (1628.6143ms)
✔ USTAR supports canonical long paths without prefix aliases (2.534592ms)
✔ release inventory rejects corrupt payloads, extra files and missing inventory members (14.987928ms)
✔ public release admission: authentic archive inspection, exact resolution and unchanged IPC consumer (2601.445714ms)
ℹ Real IPC provider -> unchanged compiled consumer -> client: five consumerSuite cases; selected copies survived input mutation. Not Cell activation.
✔ admission callback helper is runtime-private, not a public verification bypass (27.051368ms)
✔ public release admission rejects prefix-other-package (16.156807ms)
✔ public release admission rejects prefix-traversal (15.189155ms)
✔ public release admission rejects prefix-case (12.420362ms)
✔ public release admission rejects prefix-missing (10.493876ms)
✔ public release admission rejects prefix-empty (11.666553ms)
✔ public release admission rejects raw-index-whitespace (14.475491ms)
✔ public release admission rejects raw-profile-whitespace (13.170015ms)
✔ public release admission rejects wrong-profile (14.778732ms)
✔ public release admission rejects code-byte (18.015216ms)
✔ public release admission rejects missing-file (19.260469ms)
✔ public release admission rejects extra-file (18.264715ms)
✔ public release admission rejects file-alias (14.524334ms)
✔ public release admission rejects package-transplant (15.137328ms)
✔ public release admission rejects signature-substitution (16.770593ms)
✔ public release admission rejects wrong-signer (13.927531ms)
✔ public release admission rejects wrong-domain (17.192146ms)
✔ public release admission rejects release-substitution (16.68953ms)
✔ public release admission rejects one-file-resource-limit (14.658115ms)
✔ public release admission rejects flat-envelope-on-release-api (13.15193ms)
✔ signed release rejects extra-selected-artifact (12.294706ms)
✔ signed release rejects wrong-kind (12.42924ms)
✔ signed release rejects duplicate-path (11.516481ms)
✔ signed release rejects case-alias (22.396053ms)
✔ signed release rejects parent-alias (14.327303ms)
✔ signed release rejects missing-index (14.479679ms)
✔ signed release rejects index-length (12.670794ms)
✔ signed release rejects index-digest (17.767209ms)
✔ signed release rejects profile-kind (17.62979ms)
✔ signed release rejects profile-length (12.701352ms)
✔ signed release rejects profile-digest (12.016081ms)
✔ signed release rejects duplicate-selection (11.493447ms)
✔ signed release rejects wrong-canonical-package (15.371408ms)
✔ signed release rejects wrong-canonical-profile (15.153006ms)
✔ signed release rejects duplicate-index-file (15.275938ms)
✔ current revocation denies release signer at discovery and after admission (36.181095ms)
✔ current revocation denies release release at discovery and after admission (38.54775ms)
✔ current revocation denies release package at discovery and after admission (34.992347ms)
✔ current revocation denies release profile at discovery and after admission (34.629083ms)
✔ current revocation denies release index-raw at discovery and after admission (33.468789ms)
✔ current revocation denies release code-raw at discovery and after admission (33.364121ms)
✔ expiry and backward clock deny new release admission without resetting floors (18.296455ms)
✔ mixed authentic releases cannot transplant signatures, profiles or changed package bytes (81.119226ms)
✔ legacy flat discovery retains positive behavior and stable release-wide rejection (41.3683ms)
✔ unrelated runtime bytes remain inspector responsibility, not selected-package verification (19.408378ms)
✔ selected package aggregate bound remains 16 MiB with individually bounded files (66.291762ms)
✔ continuous original Cell: serve, admin stop/start v1/v2, exact reinstall, real upgrade, repeated serving and maintenance (17339.424085ms)
✔ public cycle CLI restarts actual prior and target twice under continuous custody (13968.536679ms)
✔ maintenance rechecks current revoked; original accepted artifacts remain intact (6428.756878ms)
✔ maintenance rechecks current equivocation; original accepted artifacts remain intact (6234.014263ms)
✔ maintenance rechecks current grants; original accepted artifacts remain intact (6447.527223ms)
✔ successor rechecks current revoked; original accepted artifacts remain intact (4118.914048ms)
✔ successor rechecks current equivocation; original accepted artifacts remain intact (3811.518282ms)
✔ successor rechecks current grants; original accepted artifacts remain intact (3826.330588ms)
✔ repeated maintenance real target denies bad-target-grants (6256.760266ms)
✔ repeated maintenance real target denies bad-target-readiness (6744.667786ms)
✔ repeated maintenance real target denies bad-target-call (8142.568831ms)
✔ continuous custody fails closed at forged-selection (4086.004623ms)
✔ continuous custody fails closed at kill-owner (4286.023862ms)
✔ continuous custody fails closed at kill-coordinator (6052.224693ms)
✔ continuous custody fails closed at crash-before-serve (3894.934022ms)
✔ continuous custody fails closed at crash-after-serve (3842.783501ms)
✔ continuous custody fails closed at forged-clean (6322.959722ms)
✔ continuous custody fails closed at crash-after-clean (6355.606533ms)
✔ repeated upgrade uncertain commit retains original history: crash-before-accepted (8040.454089ms)
✔ repeated upgrade uncertain commit retains original history: crash-after-accepted (8255.532678ms)
✔ repeated upgrade uncertain commit retains original history: uncertain-rename (8200.434235ms)
✔ repeated upgrade uncertain commit retains original history: uncertain-fsync (7846.039741ms)
✔ repeated upgrade uncertain commit retains original history: crash-after-commit (8158.55666ms)
✔ independent unchanged watchdog contains actual repeated block-activation (33840.231582ms)
✔ independent unchanged watchdog contains actual repeated block-cleanup (35685.450719ms)
✔ independent unchanged watchdog contains actual repeated block-normal-exit (35745.140656ms)
✔ independent unchanged watchdog contains actual repeated late-clean (35791.218992ms)
✔ independent unchanged watchdog contains actual repeated block-maintenance (306062.705461ms)
✔ successor real filesystem crash preserves original fence: fence-before-retire-link (3454.629318ms)
✔ successor real filesystem crash preserves original fence: fence-after-retire-link (3566.569848ms)
✔ successor real filesystem crash preserves original fence: fence-after-retire-fsync (3475.507301ms)
✔ successor real filesystem crash preserves original fence: fence-after-incarnation-unlink (3651.138899ms)
✔ successor real filesystem crash preserves original fence: fence-after-v1-unlink (3533.004348ms)
✔ successor real filesystem crash preserves original fence: fence-after-v2-unlink (3503.948876ms)
✔ successor real filesystem crash preserves original fence: fence-after-new-incarnation-fsync (3644.995754ms)
✔ actual successor runtime death before its readiness snapshot cannot certify serving (5990.001121ms)
✔ successor shared eight admissions, EOF sealing, wrong version and stale incarnation retain exact wire behavior (8813.181495ms)
✔ same flock competitor excluded through serving, actual upgrade and repeated owned reaps (10856.215025ms)
✔ public foreground serve closes by actual seal/reaps, not signal-as-clean (6292.627458ms)
✔ clean stop then authenticated same-revision start uses preserved bytes and new exact owner (7890.378524ms)
✔ same-revision start: expired grants stay FAILED until clean stop and fresh issuance (12679.67271ms)
✔ same-revision start rechecks newer current revocation while preserving accepted bytes and floor monotonicity (5612.708675ms)
✔ same-revision start refuses fresh validation failure: authorization (3117.350083ms)
✔ same-revision start refuses fresh validation failure: trust-signature (3009.406966ms)
✔ same-revision start refuses fresh validation failure: revoked-bundle (3046.223788ms)
✔ same-revision start refuses fresh validation failure: expired-trust (3000.24135ms)
✔ same-revision start refuses fresh validation failure: policy-continuity (3170.798645ms)
✔ same-revision start refuses fresh validation failure: accepted-sequence (3163.828392ms)
✔ same-revision start refuses fresh validation failure: missing-selection (3003.526395ms)
✔ same-revision start refuses fresh validation failure: journal (3004.859797ms)
✔ same-revision start refuses fresh validation failure: artifact (2894.508317ms)
✔ same-revision start refuses fresh validation failure: extra-file (3016.309822ms)
✔ same-revision start refuses fresh validation failure: symlink (3076.917053ms)
✔ same-revision start refuses fresh validation failure: future-floor (3124.130638ms)
✔ same-revision start refuses fresh validation failure: kernel-residue (3049.54443ms)
✔ same-revision start waits for actual prior owner reap, not its clean stopped message (2776.72142ms)
✔ same-revision successor launch is not readiness; concurrent start conflicts and disconnect is not cancellation (7715.136722ms)
✔ same-revision successor retains parent-death guard while blocked and residue denies takeover (3176.789755ms)
✔ actual publication rename uncertainty forbids start and preserves selection without rollback (2681.721722ms)
✔ actual floor-publication rename uncertainty forbids start and preserves selection without rollback (3039.814332ms)
✔ same accepted provider fails actual successor activation without replacing artifacts (11102.07755ms)
✔ same accepted provider fails actual successor readiness without replacing artifacts (12408.299472ms)
✔ same-revision successor external 30s expiry is sticky and cannot authorize another owner (33059.606724ms)
✔ same-revision successor-cleanup external 30s expiry is sticky and cannot authorize another owner (35023.571423ms)
✔ clean stopped residue is not a restart permit after supervisor death (2758.811151ms)
✔ restricted framing requires write EOF; delayed trailing bytes never execute stop (32844.536662ms)
✔ supervised real IPC install, exact local admin status/stop, retained custody (2737.735636ms)
✔ external SIGKILL of actual owner never proves descendants reaped; fence survives supervisor death (2698.445898ms)
✔ real synchronous FIFO IO during outer cleanup: responsive admin, 30s external expiry, no restart (32576.120507ms)
✔ activation blocked in real synchronous IO is externally killed without publication or new admission (30845.683769ms)
✔ actual Unix peer credentials, malformed/duplicate/oversized frames and eight-connection ceiling (3047.355248ms)
✔ launcher exits before real first-install completes; owner remains alive for authenticated status and clean stop (2867.925242ms)
✔ supervisor SIGKILL terminates the blocked owner without an event-loop callback (726.20897ms)
ℹ tests 341
ℹ suites 0
ℹ pass 341
ℹ fail 0
ℹ cancelled 0
ℹ skipped 0
ℹ todo 0
ℹ duration_ms 963859.201444
