Checking formatting...
All matched files use Prettier code style!

> alica-v2@0.0.0 build:g7-native
> python3 tools/build-g7-native.py

{
  "qualification": "HOST-OWNERSHIP-ONLY",
  "command": [
    "/home/alica-dev/AlicaV2/.tools/zig-x86_64-linux-0.15.2/zig",
    "cc",
    "-target",
    "x86_64-linux-gnu",
    "-std=c11",
    "-O2",
    "-Wall",
    "-Wextra",
    "-Werror",
    "-fstack-protector-strong",
    "-D_FORTIFY_SOURCE=2",
    "-fPIC",
    "-shared",
    "-Wl,-z,relro,-z,now",
    "-DNAPI_VERSION=9",
    "-I/home/alica-dev/AlicaV2/.tools/node/include/node",
    "/home/alica-dev/AlicaV2/native/g7/ownership.c",
    "-o",
    "/home/alica-dev/AlicaV2/native/g7/build/ownership.node"
  ],
  "compilerArchiveSha256": "02aa270f183da276e5b5920b1dac44a63f1a49e55050ebde3aecc9eb82f93239",
  "compilerExecutableSha256": "2858dc89dbbfdd08cceda1b841e7fd0a793a1a67b49f150bc3d0d1de44ed7f51",
  "inputs": {
    "native/g7/ownership.c": "3eda0895c8839ad52f66cf7301f14598fc9c5d2fefd88e85fc3cd6f860dfb55e",
    "tools/build-g7-native.py": "a2b66b8758fe4d75dd6b906a8a57bf999e8eb1d825d0737ff2b55de6bb4542fc",
    "native/g6/toolchain.lock.json": "c3ce193c7bd0a2dfe828c688ea32966824e6f24ff75ffc52fda1b31c6b081fbb",
    "toolchain.lock.json": "078cc50770b1ede31fcf4346a1ad316c97d1ffe6d0a55fe44a929d8a1fb612f6",
    ".tools/node/include/node/js_native_api.h": "8808ef8899a1691411928ef5dd7dae0537aedc93d3a34e223b2d89692e79c788",
    ".tools/node/include/node/js_native_api_types.h": "4f19cb90d240765cc0961d92a1ee20f65fdc50db7de1ab0a5cb6bc227224e1a0",
    ".tools/node/include/node/node.h": "e7252ed1e9812d1336093315ec3f1e08296ae9965e055754f28d9b7bcbbe5d98",
    ".tools/node/include/node/node_api.h": "2d4560831e525b47b060ec8a0864ab73993df9e20215ce9f0fe7b24cd31af32a",
    ".tools/node/include/node/node_api_types.h": "a25356630d3058f0a0c8937d9f297e9471e037fda58c2696d8a505c2bd99cb00",
    ".tools/node/include/node/node_buffer.h": "48077ade87e863a88e75a74c61fd948cb9ae16d7546cc5d61e1207fc95a7ac48",
    ".tools/node/include/node/node_object_wrap.h": "47bc10f599b4f518374e13501cf05de4273dfb0a7bfe21bc72d6714f9b6336b5",
    ".tools/node/include/node/node_version.h": "bd056729fddf4bfa58687036219f07417c334c4ecfcb513ac256fa254451bfc9",
    ".tools/node/include/node/uv.h": "bb9ed99b80cd22c58361bffdfbb2aa7029ce0391cde616745c0072a6f3c03219",
    ".tools/node/include/node/v8-array-buffer.h": "5ab664c31420db10083db3efb9712666eb0fa1c14c71f4bbbf9c11f9e3ae991e",
    ".tools/node/include/node/v8-callbacks.h": "8fe95d3b62906b8b5ff5c7c7cfb02d10dcc71e1a8328728422d3887634926eb4",
    ".tools/node/include/node/v8-container.h": "30c8fce13776a8b02e0268f55ba604a0cc359f28b91bcda84c07e7d87343e1e6",
    ".tools/node/include/node/v8-context.h": "8059e175eea93b622aae4d4dbd796b39fcdd5d15fa502bfb2aa86019fa5a8e8e",
    ".tools/node/include/node/v8-cppgc.h": "112b01dbcd87a407e1e4efe467641a1da2cce2d233b2c1fe9582998205a9ba19",
    ".tools/node/include/node/v8-data.h": "e2755bf6e3ddab5fd36176b0c79ff3ac9cf01c85502a74f2973b60ff1d8d910f",
    ".tools/node/include/node/v8-date.h": "bcb25002ce911e826fe66fc8f788d3c70b17d77713cce8a43851c3fcf1390130",
    ".tools/node/include/node/v8-debug.h": "2c5776228c8a010d10e920e153c4368d35dec80a97a671c2789cca6321ab6ea8",
    ".tools/node/include/node/v8-embedder-heap.h": "94317e3b040d721f21867d5a5333fa5aa2850d0228df4c2301ac93070fa1aa61",
    ".tools/node/include/node/v8-embedder-state-scope.h": "8ac9da5d0502946981ecadec567a9e6658bb97591da5e585a3247cc7ccf924c3",
    ".tools/node/include/node/v8-exception.h": "a56b9a825bd5a95e3a091f16e1f49c9e56b0aa7392fd584d34e3bf3452b4f6f3",
    ".tools/node/include/node/v8-extension.h": "ad2783655342544e49ad5323e04aefd112facbf5f6630d2f3050fbee1da4bcd0",
    ".tools/node/include/node/v8-external.h": "234042362502bc29d2e5fa652b3ca50aeff60bbacbb045a3e9e4ca10b3bb59fd",
    ".tools/node/include/node/v8-forward.h": "13a977a548417301d77359e6116a9a06a27d3b60cdeefed2614bf832aa95fc37",
    ".tools/node/include/node/v8-function-callback.h": "0a04fb5fe15f0956db82c286cee3ab21a5630b37b1c89249a5beda79358a5064",
    ".tools/node/include/node/v8-function.h": "335c745cdc90804e34ea3694da3bd5db88492e73c4e94c5169c55b67a8604b74",
    ".tools/node/include/node/v8-handle-base.h": "a39ce35b295ac1225e6842ab5f3a422384a5c5dbe13b5c5f384a245252670b14",
    ".tools/node/include/node/v8-initialization.h": "7c88a037f0b4396f8e285ff3e62fc4c1b34ea4d8e7d5c7f149d8d1f1316df533",
    ".tools/node/include/node/v8-internal.h": "eb74fc0740b7f858a03e319e077c1698d2083325f3154c67771b120fb48f8520",
    ".tools/node/include/node/v8-isolate.h": "db213aa2a3c1e381588583ab3fbae8c282be4384d57fa498863a0065f1c8aa29",
    ".tools/node/include/node/v8-json.h": "7ac22ac74ebac312a5901478e398ef1d3a29f0ef56accb6d6736d47e0dbb4cdc",
    ".tools/node/include/node/v8-local-handle.h": "f2d45e5b71ebde65715bd08460ca1a19ac7d096f95257df33e15cea23694ba4d",
    ".tools/node/include/node/v8-locker.h": "a3f67133e57b85f46482e312ec1400ba00cf831fe4fe4556872d270b000a72e9",
    ".tools/node/include/node/v8-maybe.h": "4b34196e6643c7b0757ea2fb1179a15c031ac2961ea6f99bbeab2df816b11b00",
    ".tools/node/include/node/v8-memory-span.h": "294c6c5271329d65fcc1253f4a6c72b36fbada6eb8ac85b407ae5e583c3ba824",
    ".tools/node/include/node/v8-message.h": "ce6fcfeeafa8d6528e7be5c5b9d58f09927b88a110a0bfacb5fbb0dc9ad0aa96",
    ".tools/node/include/node/v8-microtask-queue.h": "4616dbb7376a61a1c0643e8006c14642b7c78c78e314fdf6651ddd51c961d285",
    ".tools/node/include/node/v8-microtask.h": "e055cf06808240053f30672c424716db7d87cd15029a1dbd1cf2a2f9a3b3dc3b",
    ".tools/node/include/node/v8-object.h": "fa891650c8d9279a552136e76d416ef6fafbbc73dca9db4d981644b0d42fca15",
    ".tools/node/include/node/v8-persistent-handle.h": "92dc3b3241a2e42f08e4e959b0bea9814ed2863303e5fea23c175ad019b7a0f6",
    ".tools/node/include/node/v8-platform.h": "44a7fb139483b65dd5e962665d79d25fdf632910690632222991bda5e063f326",
    ".tools/node/include/node/v8-primitive-object.h": "d9c187b42f7ee96ec20ad4d9ac91a9a1eed3efc227a831736bba362f9c2b22ba",
    ".tools/node/include/node/v8-primitive.h": "22b7f84fc79e55144323a29be18ccb657e09fa3be5d2a2fd5380cbe4c82e4a28",
    ".tools/node/include/node/v8-profiler.h": "5e4e427164d4c886edcd978100a9b43851cf754a28576a3884b9a853d43eecf6",
    ".tools/node/include/node/v8-promise.h": "d9e1d89bde1ba8998d3d9aea60f1c5635ad9b36714b91a48bf0bde9b14410908",
    ".tools/node/include/node/v8-proxy.h": "0883885e2477071a1176151443b38754edde22b04a0a05d05fe3764ae44622b5",
    ".tools/node/include/node/v8-regexp.h": "8bdbcbb83463c77495973fe30294273d00a5c5cff90e8428415f5d2f034d0a8a",
    ".tools/node/include/node/v8-sandbox.h": "e3831b68766d59f1bfeeed2f629b1d0085c02fe2543175b1acdee63dcd1aeb82",
    ".tools/node/include/node/v8-script.h": "d753f702cf724070eaa683a8314313995535384dd74ca7b5a54a3f06152d5b0a",
    ".tools/node/include/node/v8-snapshot.h": "4228f27fc7794598efdc0d465268d70707212155b12a7c347d5fd8a0c137c779",
    ".tools/node/include/node/v8-source-location.h": "4e7890937c1d3de89bce3ff8749f9e6560994251385acf927b599f1f77a66a66",
    ".tools/node/include/node/v8-statistics.h": "f9547cff9044e7a8a518287ff20867a29a2c198a87ec070fd8b252825d997dac",
    ".tools/node/include/node/v8-template.h": "3527a7124e8fdb555102f1d9616a6010aa8de2bd94cfbb07496332b6afaacbc7",
    ".tools/node/include/node/v8-traced-handle.h": "c190953ea39cdfed8058e67b23c74255376c065c8c565c9f821fa467997756f8",
    ".tools/node/include/node/v8-typed-array.h": "4af778470c542677ea099ca334a042c448ce3b9f4d3b96a7fa6d599492651c64",
    ".tools/node/include/node/v8-unwinder.h": "2e27b3e40167e2eeb3d2ba53ad4723ed41d12dd5a1fe2d572344ab0062ca7756",
    ".tools/node/include/node/v8-value-serializer.h": "bc1d30d03ee47dd548b3ce30609a66fc47d252b3454603dffa28a3a9c1dd1cb6",
    ".tools/node/include/node/v8-value.h": "4bdb297358d309e003ea09279f2cf0e94024dbdafdd34a106513344b70d1685c",
    ".tools/node/include/node/v8-version.h": "7a945b923eec649417fc366a50b1439af006869ca764f37d1d07be15eed47802",
    ".tools/node/include/node/v8-wasm.h": "f6e41223234a00ea662b8706cc080acccca476a9c5d253e9ad2347eb3fcf12c1",
    ".tools/node/include/node/v8-weak-callback-info.h": "ffe109dcb5b0364c7d0653470c845f01c10573e6a5ab369f4dc7a0ccedc689d8",
    ".tools/node/include/node/v8.h": "e27a005daa45f342845ffb9b33409686c380b1d5a97f46f3ab4749517a213d25",
    ".tools/node/include/node/v8config.h": "7454d35a34b52b23a50f9ef2742dc0c57025cd9eb1f85c27b7618fe2b269bacf",
    ".tools/node/include/node/zconf.h": "5ad08c16565403aa7823d165050c5bfac211b8748717eec8a2bb8bc6efd56981",
    ".tools/node/include/node/zlib.h": "0ff41598d145693759a8322bb90bc4f2c57dcdcb3635fdf5b2195bf13df15b54"
  },
  "outputSha256": "ee9831332c517f4e8a9ab85b28a726a9d4fae9b7ccedc1d503d5c459c221793a"
}
✔ in-process IPC install: actual echo and unchanged consumer readiness, exact frozen selection, lifetime ownership and real shutdown (3206.765775ms)
✔ external SIGKILL at activating-durable preserves selection and requires operator without inventing reap (1324.991143ms)
✔ external SIGKILL at accepted-rename preserves selection and requires operator without inventing reap (3349.460747ms)
✔ external SIGKILL at committed-durable preserves selection and requires operator without inventing reap (3461.209844ms)
✔ fresh recovery rejects committed corruption: wrong-sequence (2753.198596ms)
✔ fresh recovery rejects committed corruption: wrong-release (2864.592163ms)
✔ fresh recovery rejects committed corruption: unknown-field (2734.961191ms)
✔ fresh recovery rejects committed corruption: missing-selection (2724.582787ms)
✔ fresh recovery rejects committed corruption: corrupt-journal (2648.128745ms)
✔ real provider activation failure never publishes accepted selection and records clean rollback (883.159649ms)
✔ post-activation recovery still enforces Kernel same-version policy digest continuity (2629.883741ms)
✔ expired grants cannot continue to report a ready RUNNING Cell (7564.290808ms)
✔ real syscall fault remains conservative and cannot publish later: accepted-rename (5285.554297ms)
✔ real syscall fault remains conservative and cannot publish later: accepted-directory (4962.236706ms)
✔ real syscall fault remains conservative and cannot publish later: journal-link (5198.986952ms)
✔ real syscall fault remains conservative and cannot publish later: enospc (2707.415059ms)
✔ real syscall fault remains conservative and cannot publish later: accepted-file-delay (36072.717391ms)
✔ activation hangs: actual IPC, no late accepted publication (32820.842174ms)
✔ activation resolves late: actual IPC, no late accepted publication (33398.152391ms)
✔ readiness shares activation budget: actual IPC, no late accepted publication (32972.784858ms)
✔ throwing IPC activation preserves clean same-object status and safe conflict on retained candidate (1046.114411ms)
✔ actual IPC readiness fails closed: throw new Error("readiness failure"); (3976.252725ms)
✔ actual IPC readiness fails closed: await new Promise(r => setTimeout(r, 1500)); return x; (5217.337808ms)
✔ actual IPC readiness fails closed: await new Promise(() => {}); (4778.703017ms)
✔ actual hanging IPC disposer cannot claim STOPPED or reopen admission (5407.82121ms)
✔ actual committed corruption has structured conservative error and is not repaired (2331.945725ms)
✔ real staged transaction, separate-process status/recovery, persistent identity/floor and no accepted selection (1622.112038ms)
✔ OS flock contention is immediate across processes and releases on SIGKILL without PID guessing (360.992533ms)
✔ external SIGKILL at staging-durable with fresh-process readback (913.734058ms)
✔ external SIGKILL at verified-durable with fresh-process readback (992.465241ms)
✔ external SIGKILL at journal-link with fresh-process readback (805.786184ms)
✔ external SIGKILL at floor-rename with fresh-process readback (773.352245ms)
✔ private-root attack rejects symlink-root (91.564962ms)
✔ private-root attack rejects root-mode (73.056808ms)
✔ private-root attack rejects identity-hardlink (56.760197ms)
✔ private-root attack rejects floor-symlink (80.423317ms)
✔ private-root attack rejects floor-mode (89.988674ms)
✔ private-root attack rejects unknown-root (80.88202ms)
✔ private-root attack rejects missing-kernel (82.690235ms)
✔ private-root attack rejects accepted-selection (95.131968ms)
✔ stage rejects wrong-root without accepted publication (63.315029ms)
✔ stage rejects clock-floor without accepted publication (75.388027ms)
✔ stage rejects metadata-floor without accepted publication (79.965345ms)
✔ stage rejects intent-profile without accepted publication (115.250323ms)
✔ stage rejects intent-operation without accepted publication (222.292964ms)
✔ stage rejects intent-duplicate without accepted publication (75.000338ms)
✔ stage rejects intent-secret without accepted publication (77.084141ms)
✔ stage rejects source-corruption without accepted publication (86.183682ms)
✔ journal corruption, unknown shape, checksum-valid illegal edge and rollback deny (2419.812938ms)
✔ install, upgrade, start, stop, verify and backup are explicitly unavailable; no root mutation (1956.708698ms)
✔ anonymous packet channel authenticates exact real child credentials; pidfd pins lifetime (30.180207ms)
✔ same-uid grandchild cannot forge exact coordinator credentials on inherited channel (27.742559ms)
✔ rejects unauthenticated ancillary/truncated/empty packet: rights (22.296807ms)
✔ rejects unauthenticated ancillary/truncated/empty packet: oversize (22.986276ms)
✔ rejects unauthenticated ancillary/truncated/empty packet: empty (21.909609ms)
✔ cross-process exact reinstall: actual original Cell/Kernel bytes and inodes preserved, fence retained (4137.271116ms)
✔ cross-process rejects same-version-equivocation (3941.097523ms)
✔ cross-process rejects revoked-bundle (3869.332634ms)
✔ cross-process rejects authorization (3787.231826ms)
✔ cross-process rejects archive (3929.381351ms)
✔ cross-process rejects forged-clean (3673.010555ms)
✔ cross-process rejects kill-coordinator (3661.581644ms)
✔ continuous separate flock competitor and concurrent constructors cannot enter owned lifecycle (6535.084906ms)
✔ maintenance parent death contains exact pidfd-pinned coordinator; fence is not clean authority (3458.059123ms)
✔ buffered authentic CLEAN returned after real cleanup deadline is not authority (34483.735269ms)
✔ owned upgrade denies bad-target-grants without reviving or replacing prior (3642.289354ms)
✔ owned upgrade denies bad-target-readiness without reviving or replacing prior (4508.955799ms)
✔ owned upgrade denies bad-target-call without reviving or replacing prior (5665.876322ms)
✔ owned upgrade commits a distinct immutable target with original prior history and actual new IPC readiness (6063.171327ms)
✔ owned upgrade conservative publication: crash-before-accepted (6088.442732ms)
✔ owned upgrade conservative publication: crash-after-accepted (6057.576889ms)
✔ owned upgrade conservative publication: crash-after-accepted-fsync (6110.961632ms)
✔ owned upgrade conservative publication: uncertain-rename (6205.160916ms)
✔ owned upgrade conservative publication: uncertain-directory-fsync (6137.423565ms)
✔ owned upgrade conservative publication: crash-before-commit (6256.928763ms)
✔ owned upgrade conservative publication: crash-after-commit (6062.838297ms)
✔ owned upgrade conservative publication: uncertain-commit-fsync (6254.044617ms)
✔ independent watchdog contains synchronous block-cleanup at real deadline (33783.305188ms)
✔ independent watchdog contains synchronous block-activation at real deadline (33841.41255ms)
✔ independent watchdog contains synchronous block-maintenance at real deadline (303502.982032ms)
✔ native custody requires matching private inode and the actual held flock description (2.537677ms)
✔ exact reinstall under continuous same-owner clean custody is a byte/inode/mtime preserving no-op, repeatedly (2553.468042ms)
✔ exact reinstall fails closed without writes: retained-artifact (2218.172673ms)
✔ exact reinstall fails closed without writes: retained-extra (2579.252192ms)
✔ exact reinstall fails closed without writes: retained-missing (2389.030264ms)
✔ exact reinstall fails closed without writes: authorization (2249.737418ms)
✔ exact reinstall fails closed without writes: accepted (2318.931579ms)
✔ exact reinstall fails closed without writes: journal (2223.252322ms)
✔ exact reinstall fails closed without writes: kernel-malformed (2239.591144ms)
✔ exact reinstall fails closed without writes: kernel-backward-clock (2170.428115ms)
✔ exact reinstall fails closed without writes: floor-backward-clock (2196.202663ms)
✔ exact reinstall fails closed without writes: expired (2248.040007ms)
✔ exact reinstall fails closed without writes: revoked-bundle (2186.704276ms)
✔ exact reinstall fails closed without writes: revoked-publisher (2246.656327ms)
✔ exact reinstall fails closed without writes: revoked-package (2176.909301ms)
✔ exact reinstall fails closed without writes: same-version-equivocation (2233.745166ms)
✔ exact reinstall fails closed without writes: missing-trust (2153.999212ms)
✔ exact reinstall fails closed without writes: candidate-tamper (2196.438714ms)
✔ exact reinstall fails closed without writes: different-valid-candidate (2299.59796ms)
✔ normal owner close/reopen cannot reconstruct clean custody from accepted bytes or journal (2145.974983ms)
✔ unmodified CLI path establishes custody from inception and refuses later residue adoption (3469.033073ms)
✔ owned coordinator: independent custodian and owner normal reaps precede real stopped verification; original Cell preserved (3288.488916ms)
✔ owned coordinator loss retains fence at before-fsync-1 (350.983425ms)
✔ owned coordinator loss retains fence at after-fsync-1 (375.876221ms)
✔ owned coordinator loss retains fence at before-fsync-2 (389.44725ms)
✔ owned coordinator loss retains fence at after-fsync-2 (389.905864ms)
✔ owned coordinator loss retains fence at before-fsync-3 (352.596914ms)
✔ owned coordinator loss retains fence at after-fsync-3 (365.839986ms)
✔ owned coordinator loss retains fence at before-READY (2859.414397ms)
✔ owned coordinator loss retains fence at after-READY (2852.056799ms)
✔ owned coordinator loss retains fence at before-SEALED (2771.38313ms)
✔ owned coordinator loss retains fence at after-SEALED (2895.715944ms)
✔ owned coordinator loss retains fence at before-CLEAN (3091.435424ms)
✔ owned coordinator loss retains fence at after-CLEAN (3070.933199ms)
✔ owned coordinator loss retains fence at after-reap (3043.73107ms)
✔ owned coordinator loss retains fence at before-maintenance (3074.570435ms)
✔ owned coordinator loss retains fence at after-maintenance (3446.198207ms)
✔ custodian abnormal death cannot become stopped permission at before-fsync-1 (239.845603ms)
✔ custodian abnormal death cannot become stopped permission at after-fsync-1 (234.637107ms)
✔ custodian abnormal death cannot become stopped permission at before-fsync-2 (233.968228ms)
✔ custodian abnormal death cannot become stopped permission at after-fsync-2 (236.566208ms)
✔ custodian abnormal death cannot become stopped permission at before-fsync-3 (229.19443ms)
✔ custodian abnormal death cannot become stopped permission at after-fsync-3 (219.40481ms)
✔ custodian abnormal death cannot become stopped permission at before-READY (2663.671755ms)
✔ custodian abnormal death cannot become stopped permission at before-SEALED (2920.813374ms)
✔ custodian abnormal death cannot become stopped permission at after-SEALED (2802.712971ms)
✔ custodian abnormal death cannot become stopped permission at before-CLEAN (2944.673933ms)
✔ custodian abnormal death cannot become stopped permission at after-CLEAN (2877.703052ms)
✔ exact owner pidfd death denies maintenance at after-READY (2784.096152ms)
✔ exact owner pidfd death denies maintenance at before-SEALED (2760.713031ms)
✔ exact owner pidfd death denies maintenance at after-SEALED (2770.039295ms)
✔ requests queued before seal cannot restart after the seal linearization point (3329.609128ms)
✔ sealing excludes concurrent v1/v2 starts stops and mutations without a successor (3397.963053ms)
✔ stopped verification rejects retained tamper without Cell writes (3411.950932ms)
✔ stopped verification rejects archive tamper without Cell writes (3470.933855ms)
✔ stopped verification rejects current-trust tamper without Cell writes (3427.581359ms)
test_actual_guarded_parent_death_contains_child_with_held_pidfd (__main__.Channels.test_actual_guarded_parent_death_contains_child_with_held_pidfd) ... ok
test_authenticated_receive_return_late_is_not_permission (__main__.Channels.test_authenticated_receive_return_late_is_not_permission) ... ok
test_forced_child_exit_is_never_normal_reap (__main__.Channels.test_forced_child_exit_is_never_normal_reap) ... ok
test_late_real_normal_exit_is_not_a_reap_permit (__main__.Channels.test_late_real_normal_exit_is_not_a_reap_permit) ... ok
test_non_parent_guard_is_rejected (__main__.Channels.test_non_parent_guard_is_rejected) ... ok
test_plain_inherited_stream_fd_and_closed_channel_are_not_credentials (__main__.Channels.test_plain_inherited_stream_fd_and_closed_channel_are_not_credentials) ... ok
test_real_child_credentials_and_held_pidfd_normal_reap (__main__.Channels.test_real_child_credentials_and_held_pidfd_normal_reap) ... ok
test_socketpair_creator_is_not_actual_child_credential (__main__.Channels.test_socketpair_creator_is_not_actual_child_credential) ... ok
test_syscall_return_late_normal_reap_is_not_permission (__main__.Channels.test_syscall_return_late_normal_reap_is_not_permission) ... ok

----------------------------------------------------------------------
Ran 9 tests in 0.145s

OK

✔ stopped verification rejects authorization tamper without Cell writes (3349.678847ms)
✔ real Unix credentials reject forged/unowned/closed inherited channels and abnormal/late pidfd reaps (263.531231ms)
✔ independent stopped worker blocked IO expires unchanged verification budget without release (303104.878956ms)
✔ coordinator death kills the guarded independent stopped worker while retaining residue (3200.966357ms)
✔ real owner blocked IO expires unchanged cleanup budget without offline admission (32717.552749ms)
✔ real owner blocked IO expires unchanged verification budget without offline admission (300223.745684ms)
✔ buffered genuine CLEAN and normal child exit cannot certify after the unchanged reap deadline (33295.283073ms)
✔ blocked seal acknowledgement expires the actual unchanged cleanup budget without maintenance (32612.763815ms)
✔ actual locked runtime dependency bytes: deterministic materialization, complete file/license inventory, isolated staged AJV execution (295.482098ms)
✔ dependency subassembly refuses missing-lock-edge before output (41.066746ms)
✔ dependency subassembly refuses version before output (22.281509ms)
✔ dependency subassembly refuses license before output (35.4015ms)
✔ dependency subassembly refuses symlink before output (28.499636ms)
✔ dependency subassembly refuses dynamic-category before output (23.998101ms)
✔ continuous original Cell: serve, admin stop/start v1/v2, exact reinstall, real upgrade, repeated serving and maintenance (16853.284005ms)
✔ public cycle CLI restarts actual prior and target twice under continuous custody (13853.446047ms)
✔ maintenance rechecks current revoked; original accepted artifacts remain intact (6070.530788ms)
✔ maintenance rechecks current equivocation; original accepted artifacts remain intact (6106.575274ms)
✔ maintenance rechecks current grants; original accepted artifacts remain intact (6194.809447ms)
✔ successor rechecks current revoked; original accepted artifacts remain intact (3949.319139ms)
✔ successor rechecks current equivocation; original accepted artifacts remain intact (3943.746582ms)
✔ successor rechecks current grants; original accepted artifacts remain intact (3860.861728ms)
✔ repeated maintenance real target denies bad-target-grants (6208.719668ms)
✔ repeated maintenance real target denies bad-target-readiness (6902.219711ms)
✔ repeated maintenance real target denies bad-target-call (8130.674489ms)
✔ explicit prior recovery after real clean target abort: bad-target-readiness (10018.555006ms)
✔ explicit prior recovery after real clean target abort: bad-target-call (11473.853199ms)
✔ explicit prior recovery refuses revoked (8256.407945ms)
✔ explicit prior recovery refuses equivocation (8139.597832ms)
✔ explicit prior recovery refuses grants (8359.531535ms)
✔ explicit prior recovery refuses expired (8371.544304ms)
✔ explicit prior recovery refuses stale (8084.720746ms)
✔ explicit prior recovery refuses no-explicit-choice (8206.043599ms)
✔ explicit prior recovery refuses target-instead (8282.234528ms)
✔ continuous custody fails closed at forged-selection (4121.928839ms)
✔ continuous custody fails closed at kill-owner (4301.09923ms)
✔ continuous custody fails closed at kill-coordinator (6162.985339ms)
✔ continuous custody fails closed at crash-before-serve (3787.676085ms)
✔ continuous custody fails closed at crash-after-serve (3892.434866ms)
✔ continuous custody fails closed at forged-clean (6271.062307ms)
✔ continuous custody fails closed at crash-after-clean (6245.827348ms)
✔ repeated upgrade uncertain commit retains original history: crash-before-accepted (8236.479473ms)
✔ repeated upgrade uncertain commit retains original history: crash-after-accepted (8121.20752ms)
✔ repeated upgrade uncertain commit retains original history: uncertain-rename (8064.941511ms)
✔ repeated upgrade uncertain commit retains original history: uncertain-fsync (8070.873346ms)
✔ repeated upgrade uncertain commit retains original history: crash-after-commit (8145.621499ms)
✔ independent unchanged watchdog contains actual repeated block-activation (33889.527708ms)
✔ independent unchanged watchdog contains actual repeated block-cleanup (35842.886731ms)
✔ independent unchanged watchdog contains actual repeated block-normal-exit (35891.209081ms)
✔ independent unchanged watchdog contains actual repeated late-clean (35986.920122ms)
✔ independent unchanged watchdog contains actual repeated block-maintenance (306075.162541ms)
✔ successor real filesystem crash preserves original fence: fence-before-retire-link (3603.298238ms)
✔ successor real filesystem crash preserves original fence: fence-after-retire-link (3548.294845ms)
✔ successor real filesystem crash preserves original fence: fence-after-retire-fsync (3515.004965ms)
✔ successor real filesystem crash preserves original fence: fence-after-incarnation-unlink (3424.371507ms)
✔ successor real filesystem crash preserves original fence: fence-after-v1-unlink (3435.380998ms)
✔ successor real filesystem crash preserves original fence: fence-after-v2-unlink (3467.681607ms)
✔ successor real filesystem crash preserves original fence: fence-after-new-incarnation-fsync (3544.447418ms)
✔ actual successor runtime death before its readiness snapshot cannot certify serving (5822.085146ms)
✔ successor shared eight admissions, EOF sealing, wrong version and stale incarnation retain exact wire behavior (8579.753912ms)
✔ same flock competitor excluded through serving, actual upgrade and repeated owned reaps (10731.346154ms)
✔ public foreground serve closes by actual seal/reaps, not signal-as-clean (6211.83083ms)
ℹ tests 198
ℹ suites 0
ℹ pass 198
ℹ fail 0
ℹ cancelled 0
ℹ skipped 0
ℹ todo 0
ℹ duration_ms 917661.40099
