✖ supervisor SIGKILL terminates the blocked owner without an event-loop callback (5841.728753ms)
ℹ tests 1
ℹ suites 0
ℹ pass 0
ℹ fail 1
ℹ cancelled 0
ℹ skipped 0
ℹ todo 0
ℹ duration_ms 6151.412644

✖ failing tests:

test at tests/g7/supervision.test.mjs:389:1
✖ supervisor SIGKILL terminates the blocked owner without an event-loop callback (5841.728753ms)
  AssertionError [ERR_ASSERTION]: Traceback (most recent call last):
    File "<string>", line 15, in <module>
  AssertionError: blocked owner survived supervisor death; socket callbacks cannot fence it


  1 !== 0

      at TestContext.<anonymous> (file:///home/alica-dev/AlicaV2/tests/g7/supervision.test.mjs:409:10)
      at async Test.run (node:internal/test_runner/test:1409:7)
      at async startSubtestAfterBootstrap (node:internal/test_runner/harness:387:3) {
    generatedMessage: false,
    code: 'ERR_ASSERTION',
    actual: 1,
    expected: 0,
    operator: 'strictEqual',
    diff: 'simple'
  }
