ISOLATED_NATIVE_COMMAND ['/usr/bin/unshare', '--mount', '--net', '--pid', '--fork', '/usr/sbin/chroot', '--userspec=1000:1000', '/home/alica-dev/phase50-native-_ksvuetc', '/node/bin/node', '--experimental-vm-modules', '/work/service-foundation/conformance/native-run.mjs']
{"kind":"NATIVE_ENVIRONMENT_OBSERVATION","node":"v24.21.0","uid":1000,"docker":"UNAVAILABLE","podman":"UNAVAILABLE","socketScan":"NONE","remoteEndpoint":"ENETUNREACH","nonLoopbackInterfaces":0,"containerStartups":0,"imageDownloads":0,"containerDependency":0,"claim":"native-first only, not deployment equivalence","filesScanned":2451}
✔ delivered stateless manifest has separate semantic/declared/not-executed results (48.709224ms)
✔ delivered stateful manifest has separate semantic/declared/not-executed results (60.241557ms)
✔ stateful example schema validates actual persisted reference bytes (42.31566ms)
✔ required/optional dependency consistency checked against substantive Catalog fixture context (117.619874ms)
✔ supplied existing plugin declaration identity/capability/secret comparison is substantive (71.862135ms)
✔ local config references cannot escape by symlink; missing local reference fails (1.312845ms)
(node:17) ExperimentalWarning: VM Modules is an experimental feature and might change at any time
(Use `node --trace-warnings ...` to show where the warning was created)
✔ PUBLIC_HOST stateless native attachment, permission denial and cleanup (356.424554ms)
✔ PUBLIC_HOST proposed records persist across normal stop/new instance; health and stale handle (482.536929ms)
✔ PUBLIC_HOST actual required dependency absent, not successful EMPTY (32.047551ms)
✔ PUBLIC_HOST actual signed startup failure and readiness timeout (202.712364ms)
✔ PUBLIC_HOST actual secret reference declaration/grant/existence checks (88.747349ms)
✔ PUBLIC_HOST actual bounded stop timeout is reported, not clean PASS (91.24135ms)
✔ PUBLIC_HOST service-owned quota health DEGRADED and storage failure UNAVAILABLE (807.09367ms)
✔ PUBLIC_HOST undeclared data-domain rejected by reference, not filesystem confinement (118.750956ms)
✔ PUBLIC_HOST scope identity cannot be changed by a forged grant (118.146948ms)
✔ stateless SDK fixture, unchanged consumer, service-owned health and cleanup (25.860937ms)
✔ stateful SDK fixture persists across normal disposal/new instance; empty differs from absent (48.09721ms)
✔ native resource serializes concurrent writes; quota rejects without losing records (24.170739ms)
✔ corrupt state fails open instead of manufacturing successful EMPTY (2.8849ms)
✔ native storage errors normalize; failed write retains prior record, never absence (11.163117ms)
✔ corrupt JSON and malformed persisted shapes fail FAILED_PRECONDITION; IO open fails UNAVAILABLE (17.98619ms)
✔ three levels are independent; backup/migration execution not tested (38.998205ms)
✔ structural rejects malformed (0.887163ms)
✔ structural rejects unsupported binding (0.544826ms)
✔ structural rejects unknown field (0.461159ms)
✔ structural rejects executable UI (0.55705ms)
✔ structural rejects inline secret (0.448917ms)
✔ structural rejects path traversal (0.362514ms)
✔ semantic rejects unknown capability (2.265541ms)
✔ semantic rejects unavailable version (1.654961ms)
✔ semantic rejects URI major mismatch (2.152959ms)
✔ semantic rejects wrong identity (2.491007ms)
✔ semantic rejects wrong Catalog context (1.824158ms)
✔ semantic rejects missing permission declaration (1.653458ms)
✔ semantic rejects state hidden by stateless (1.262671ms)
✔ semantic rejects undeclared UI permission (30.368154ms)
✔ semantic rejects unsupported secret binding (18.799012ms)
✔ semantic rejects unowned rebuildable data (1.723981ms)
✔ configuration required field actually validated (20.746986ms)
✔ snapshot pin enforced independently from self-reported digest (3.225882ms)
✔ remote schema references never fetched (1.684897ms)
ℹ tests 41
ℹ suites 0
ℹ pass 41
ℹ fail 0
ℹ cancelled 0
ℹ skipped 0
ℹ todo 0
ℹ duration_ms 2729.832436
{"mode":"normal","publicHost":true,"clean":true,"externalAuthor":true,"operatorOwnedNative":true,"independentlySignedNative":false,"catalogRecords":"EXPERIMENTAL_LOCAL_SNAPSHOT","catalogDigest":"sha256:6d4f62849279bfa76ee781572ebf5e73ff0a0ebb6f2073b80f3030d4cbdfce26","trustVerified":false}
RECOVERED_COMPLETED_WRITE_NO_CRASH_DURABILITY_CLAIM
{"mode":"recover","publicHost":true,"clean":true,"externalAuthor":true,"operatorOwnedNative":true,"independentlySignedNative":false,"catalogRecords":"EXPERIMENTAL_LOCAL_SNAPSHOT","catalogDigest":"sha256:6d4f62849279bfa76ee781572ebf5e73ff0a0ebb6f2073b80f3030d4cbdfce26","trustVerified":false}
{"kind":"EXTERNAL_AUTHOR_EXECUTED","publicPackages":true,"separateAuthorOperator":true,"authorHasNoKernel":true,"consumerModuleSHA256":"a2468c853071caa88c69944a6013f79d466e69a5d01aa021db1bed0f838515c1","registryPublishing":false,"network":"npm-offline; runtime tested separately","source":"working-tree candidate","noContainerRuntime":true,"unchangedConsumer":true,"normalStopRestart":true,"crashRestart":"SIGKILL after completed write then fresh operator; no crash durability guarantee","supervisorProduct":false,"status":"PASS"}
{"kind":"EXECUTED","status":"PASS","source":"working-tree candidate, not committed-public reproduction","catalogRecords":"EXPERIMENTAL_LOCAL_SNAPSHOT_CHECKED_BY_EXTERNAL_OPERATOR","externalAuthor":"PASS"}
(node:95) ExperimentalWarning: VM Modules is an experimental feature and might change at any time
(Use `node --trace-warnings ...` to show where the warning was created)
(node:132) ExperimentalWarning: VM Modules is an experimental feature and might change at any time
(Use `node --trace-warnings ...` to show where the warning was created)
