Collecting PyYAML==6.0.3 (from -r services/memoryv4/requirements-qualified.txt (line 1))
  Downloading pyyaml-6.0.3-cp312-cp312-manylinux2014_x86_64.manylinux_2_17_x86_64.manylinux_2_28_x86_64.whl.metadata (2.4 kB)
Collecting annotated-types==0.8.0 (from -r services/memoryv4/requirements-qualified.txt (line 2))
  Downloading annotated_types-0.8.0-py3-none-any.whl.metadata (15 kB)
Collecting anyio==4.15.1 (from -r services/memoryv4/requirements-qualified.txt (line 3))
  Downloading anyio-4.15.1-py3-none-any.whl.metadata (4.7 kB)
Collecting certifi==2026.7.22 (from -r services/memoryv4/requirements-qualified.txt (line 4))
  Downloading certifi-2026.7.22-py3-none-any.whl.metadata (2.5 kB)
Collecting click==8.5.0 (from -r services/memoryv4/requirements-qualified.txt (line 5))
  Downloading click-8.5.0-py3-none-any.whl.metadata (2.6 kB)
Collecting fastapi==0.115.6 (from -r services/memoryv4/requirements-qualified.txt (line 6))
  Downloading fastapi-0.115.6-py3-none-any.whl.metadata (27 kB)
Collecting h11==0.16.0 (from -r services/memoryv4/requirements-qualified.txt (line 7))
  Downloading h11-0.16.0-py3-none-any.whl.metadata (8.3 kB)
Collecting httpcore==1.0.9 (from -r services/memoryv4/requirements-qualified.txt (line 8))
  Downloading httpcore-1.0.9-py3-none-any.whl.metadata (21 kB)
Collecting httptools==0.8.0 (from -r services/memoryv4/requirements-qualified.txt (line 9))
  Downloading httptools-0.8.0-cp312-cp312-manylinux1_x86_64.manylinux_2_28_x86_64.manylinux_2_5_x86_64.whl.metadata (3.5 kB)
Collecting httpx==0.28.1 (from -r services/memoryv4/requirements-qualified.txt (line 10))
  Downloading httpx-0.28.1-py3-none-any.whl.metadata (7.1 kB)
Collecting idna==3.20 (from -r services/memoryv4/requirements-qualified.txt (line 11))
  Downloading idna-3.20-py3-none-any.whl.metadata (7.2 kB)
Collecting iniconfig==2.3.0 (from -r services/memoryv4/requirements-qualified.txt (line 12))
  Downloading iniconfig-2.3.0-py3-none-any.whl.metadata (2.5 kB)
Collecting packaging==26.3 (from -r services/memoryv4/requirements-qualified.txt (line 13))
  Downloading packaging-26.3-py3-none-any.whl.metadata (3.5 kB)
Collecting pluggy==1.6.0 (from -r services/memoryv4/requirements-qualified.txt (line 14))
  Downloading pluggy-1.6.0-py3-none-any.whl.metadata (4.8 kB)
Collecting pydantic==2.10.4 (from -r services/memoryv4/requirements-qualified.txt (line 15))
  Downloading pydantic-2.10.4-py3-none-any.whl.metadata (29 kB)
Collecting pydantic_core==2.27.2 (from -r services/memoryv4/requirements-qualified.txt (line 16))
  Downloading pydantic_core-2.27.2-cp312-cp312-manylinux_2_17_x86_64.manylinux2014_x86_64.whl.metadata (6.6 kB)
Collecting pytest==8.3.4 (from -r services/memoryv4/requirements-qualified.txt (line 17))
  Downloading pytest-8.3.4-py3-none-any.whl.metadata (7.5 kB)
Collecting python-dotenv==1.2.3 (from -r services/memoryv4/requirements-qualified.txt (line 18))
  Downloading python_dotenv-1.2.3-py3-none-any.whl.metadata (29 kB)
Collecting ruff==0.8.4 (from -r services/memoryv4/requirements-qualified.txt (line 19))
  Downloading ruff-0.8.4-py3-none-manylinux_2_17_x86_64.manylinux2014_x86_64.whl.metadata (25 kB)
Collecting starlette==0.41.3 (from -r services/memoryv4/requirements-qualified.txt (line 20))
  Downloading starlette-0.41.3-py3-none-any.whl.metadata (6.0 kB)
Collecting typing_extensions==4.16.0 (from -r services/memoryv4/requirements-qualified.txt (line 21))
  Downloading typing_extensions-4.16.0-py3-none-any.whl.metadata (3.3 kB)
Collecting uvicorn==0.34.0 (from -r services/memoryv4/requirements-qualified.txt (line 22))
  Downloading uvicorn-0.34.0-py3-none-any.whl.metadata (6.5 kB)
Collecting uvloop==0.22.1 (from -r services/memoryv4/requirements-qualified.txt (line 23))
  Downloading uvloop-0.22.1-cp312-cp312-manylinux2014_x86_64.manylinux_2_17_x86_64.manylinux_2_28_x86_64.whl.metadata (4.9 kB)
Collecting watchfiles==1.3.0 (from -r services/memoryv4/requirements-qualified.txt (line 24))
  Downloading watchfiles-1.3.0-cp310-abi3-manylinux_2_17_x86_64.manylinux2014_x86_64.whl.metadata (4.9 kB)
Collecting websockets==17.1 (from -r services/memoryv4/requirements-qualified.txt (line 25))
  Downloading websockets-17.1-cp312-cp312-manylinux1_x86_64.manylinux_2_28_x86_64.manylinux_2_5_x86_64.whl.metadata (6.3 kB)
Downloading pyyaml-6.0.3-cp312-cp312-manylinux2014_x86_64.manylinux_2_17_x86_64.manylinux_2_28_x86_64.whl (807 kB)
   ━━━━━━━━━━━━━━━━━━━━━━━━━━━━━━━━━━━━━━━━ 807.9/807.9 kB 37.7 MB/s eta 0:00:00
Downloading annotated_types-0.8.0-py3-none-any.whl (13 kB)
Downloading anyio-4.15.1-py3-none-any.whl (132 kB)
Downloading certifi-2026.7.22-py3-none-any.whl (136 kB)
Downloading click-8.5.0-py3-none-any.whl (125 kB)
Downloading fastapi-0.115.6-py3-none-any.whl (94 kB)
Downloading h11-0.16.0-py3-none-any.whl (37 kB)
Downloading httpcore-1.0.9-py3-none-any.whl (78 kB)
Downloading httptools-0.8.0-cp312-cp312-manylinux1_x86_64.manylinux_2_28_x86_64.manylinux_2_5_x86_64.whl (523 kB)
Downloading httpx-0.28.1-py3-none-any.whl (73 kB)
Downloading idna-3.20-py3-none-any.whl (69 kB)
Downloading iniconfig-2.3.0-py3-none-any.whl (7.5 kB)
Downloading packaging-26.3-py3-none-any.whl (129 kB)
Downloading pluggy-1.6.0-py3-none-any.whl (20 kB)
Downloading pydantic-2.10.4-py3-none-any.whl (431 kB)
Downloading pydantic_core-2.27.2-cp312-cp312-manylinux_2_17_x86_64.manylinux2014_x86_64.whl (2.0 MB)
   ━━━━━━━━━━━━━━━━━━━━━━━━━━━━━━━━━━━━━━━━ 2.0/2.0 MB 92.6 MB/s eta 0:00:00
Downloading pytest-8.3.4-py3-none-any.whl (343 kB)
Downloading python_dotenv-1.2.3-py3-none-any.whl (22 kB)
Downloading ruff-0.8.4-py3-none-manylinux_2_17_x86_64.manylinux2014_x86_64.whl (11.2 MB)
   ━━━━━━━━━━━━━━━━━━━━━━━━━━━━━━━━━━━━━━━━ 11.2/11.2 MB 131.3 MB/s eta 0:00:00
Downloading starlette-0.41.3-py3-none-any.whl (73 kB)
Downloading typing_extensions-4.16.0-py3-none-any.whl (45 kB)
Downloading uvicorn-0.34.0-py3-none-any.whl (62 kB)
Downloading uvloop-0.22.1-cp312-cp312-manylinux2014_x86_64.manylinux_2_17_x86_64.manylinux_2_28_x86_64.whl (4.4 MB)
   ━━━━━━━━━━━━━━━━━━━━━━━━━━━━━━━━━━━━━━━━ 4.4/4.4 MB 163.0 MB/s eta 0:00:00
Downloading watchfiles-1.3.0-cp310-abi3-manylinux_2_17_x86_64.manylinux2014_x86_64.whl (458 kB)
Downloading websockets-17.1-cp312-cp312-manylinux1_x86_64.manylinux_2_28_x86_64.manylinux_2_5_x86_64.whl (224 kB)
Installing collected packages: websockets, uvloop, typing_extensions, ruff, PyYAML, python-dotenv, pluggy, packaging, iniconfig, idna, httptools, h11, click, certifi, annotated-types, uvicorn, pytest, pydantic_core, httpcore, anyio, watchfiles, starlette, pydantic, httpx, fastapi
Successfully installed PyYAML-6.0.3 annotated-types-0.8.0 anyio-4.15.1 certifi-2026.7.22 click-8.5.0 fastapi-0.115.6 h11-0.16.0 httpcore-1.0.9 httptools-0.8.0 httpx-0.28.1 idna-3.20 iniconfig-2.3.0 packaging-26.3 pluggy-1.6.0 pydantic-2.10.4 pydantic_core-2.27.2 pytest-8.3.4 python-dotenv-1.2.3 ruff-0.8.4 starlette-0.41.3 typing_extensions-4.16.0 uvicorn-0.34.0 uvloop-0.22.1 watchfiles-1.3.0 websockets-17.1
