
> alica-v2@0.0.0 test
> node --experimental-vm-modules --test tests/foundation/*.test.mjs tests/kernel/*.test.mjs tests/contracts/*.test.mjs tests/sdk/*.test.mjs

✔ CLI init/validate/generators run and preserve existing operator files (2622.067761ms)
✔ CLI rejects invalid syntax/unknown flags, duplicate JSON, and redacts diagnostics (1090.433233ms)
✔ CLI plugin/bundle/profile validation checks linked artifacts and raw inventory (1418.84435ms)
✔ CLI plugin validation denies symlink escape even for a syntactically valid path (312.634303ms)
✔ CLI conformance has human and machine reports and nonzero exit for wrong behavior (969.17012ms)
✔ CLI validates expected descriptor digest before running conformance (329.303801ms)
✔ stream-only provider passes conformance without unary assumptions (327.964596ms)
✔ generated descriptor preserves prototype-named keys as JSON data (401.73565ms)
✔ public descriptor schema and canonical digest reject semantic and unknown-field violations (15.062067ms)
✔ required versus optional features, version range and digest negotiation (10.243482ms)
✔ closed wire protocol validates digest, unknown operations, payloads and spoofed identity (4.175471ms)
✔ authentication runs before revealing malformed contract details (1.971697ms)
✔ wire behavior survives JSON round trips and non-local plain exceptions (3.993599ms)
✔ invalid provider output has normalized contract mismatch (5.558069ms)
✔ absolute expiration causes zero provider invocations and maximum budget clamps (1.687551ms)
✔ cancellation before completion is terminal exactly once (29.754317ms)
✔ cancellation during completion is terminal exactly once (27.715694ms)
✔ cancellation after completion is terminal exactly once (48.310012ms)
✔ request IDs are unique while outstanding; explicit cancel is idempotent (2.220507ms)
✔ parent cancellation and deadlines propagate across sessions (61.83411ms)
✔ instance idempotency: replay, conflict, in-flight duplicate and scope isolation (35.361449ms)
✔ idempotency retention, reset and finite capacity never silently evict live keys (28.672568ms)
✔ none rejects keys; stream idempotency is invalid; durable claim is not faked (4.156868ms)
✔ stream yields detached validated items and exactly one iterator completion (3.432921ms)
✔ stream invalid item and explicit cancellation terminate without late items (3.153394ms)
(node:903206) ExperimentalWarning: VM Modules is an experimental feature and might change at any time
(Use `node --trace-warnings ...` to show where the warning was created)
✔ stream rechecks authority before each item delivery (6.107064ms)
✔ bounded event primitive terminates on overflow and never leaks subsequent queued data (0.550227ms)
✔ event envelope validates exact descriptor and broker identity fields (4.943961ms)
✔ generation is byte deterministic and descriptor changes change generated bindings (8.315317ms)
✔ profile validation rejects duplicate roots, cycles, and unknown pins (2.914294ms)
✔ conformance fails an incorrect provider instead of just validating descriptor (8.366684ms)
✔ Kernel dispatch supports stream and revocation without Kernel imports in provider (149.041406ms)
✔ Kernel instance-idempotency cache is shared across consumer handles (134.008492ms)
✔ monotonic budget prevents late success when wall clock does not advance (14.612039ms)
✔ terminal release callback runs once on both success and cancellation (30.886051ms)
✔ wire diagnostic correlation is preserved without exception identity (0.522694ms)
✔ closed provider refuses both unary and streaming execution (2.454007ms)
✔ conformance does not confuse its own oracle mismatch with a provider error (3.137166ms)
✔ credit starts at zero, bounds grants, and cancellation releases waiting producer (2.104958ms)
✔ slow stream reader applies backpressure rather than consuming unseen items (12.213437ms)
✔ stream values and terminal errors cross JSON without local exception identity (4.142049ms)
✔ stream decoder rejects missing terminal, bad sequence, and unknown fields (0.626852ms)
✔ prototype-named JSON properties remain data through descriptor and invocation (2.393221ms)
✔ finite payload interpreter enforces all G1 type constraints without coercion (0.833121ms)
✔ boundary CLI fails on planted source violation (367.659584ms)
✔ Cell/admin Ajv declaration is limited to exact host importers and target (11.911306ms)
✔ built public entry has no accidental runtime implementation (0.271081ms)
✔ reject deep import (0.45582ms)
✔ reject cross-package relative (0.909024ms)
✔ reject V1 absolute (0.404833ms)
✔ reject dynamic computed (2.161595ms)
✔ reject undeclared external (0.329442ms)
✔ reject developer tooling from package (0.535068ms)
✔ reject host dependency from package (0.431203ms)
✔ reject escape to repo tools (0.420763ms)
✔ accept public type import (0.43495ms)
✔ package exports reject deep runtime import (43.731299ms)
✔ planted synthetic token is rejected without leaking its value (63.384442ms)
✔ ordinary public data passes secret scanner (70.583013ms)
(node:903260) ExperimentalWarning: VM Modules is an experimental feature and might change at any time
(Use `node --trace-warnings ...` to show where the warning was created)
✔ same capability/version with different digest is rejected before activation (87.0029ms)
✔ duplicate visible provider identity is conflict, not load-order selection (58.502527ms)
✔ version/feature exclusions explain deterministic ranking and optional negotiation (183.620669ms)
✔ planning is registry/lifecycle read-only; profile pin controls real calls and lock (588.383095ms)
✔ invalid profile pin fails before evaluating any module (32.610892ms)
✔ cancellation first terminal outcome wins over immediate provider success (144.000841ms)
✔ call values are detached in both directions, not live objects (129.405444ms)
✔ pending uncooperative call is reported instead of falsely clean disposal (146.539076ms)
✔ expired trust stops new calls and quiesces all live instances (153.483409ms)
✔ secret grant rechecked immediately before result delivery (46.95144ms)
✔ nested scopes destroyed before parent owner and stale contexts never revive (37.154097ms)
✔ nested calls cannot extend inherited deadline (210.815359ms)
✔ same-version altered trust metadata and corrupted durable state are rejected (15.979896ms)
(node:903267) ExperimentalWarning: VM Modules is an experimental feature and might change at any time
(Use `node --trace-warnings ...` to show where the warning was created)
✔ independent Echo A passes unchanged consumer suite (454.022389ms)
✔ independent Echo B passes unchanged consumer suite (494.141106ms)
✔ selection invariant under order a,b (319.065108ms)
✔ selection invariant under order b,a (200.659683ms)
✔ strict parser rejects {"a":1,"a":2} (0.390245ms)
✔ strict parser rejects {"a":1e0} (0.24444ms)
✔ strict parser rejects {"a":1.0} (0.239432ms)
✔ strict parser rejects {"a":9007199254740992} (0.162286ms)
✔ strict parser rejects {"a":"\ud800"} (0.235334ms)
✔ strict parser rejects {"é":1} (0.334952ms)
✔ strict parser rejects [1,] (0.174178ms)
✔ strict parser rejects {"a":true}x (0.146356ms)
✔ bounded parsing/canonicalization rejects deep, cyclic, accessor, sparse and oversized values (1.695136ms)
✔ runtime canonical digest matches G1 descriptor and Unicode/control rules (0.432484ms)
✔ configuration is closed and secrets cannot be placed in config (12.400157ms)
✔ verification rejects signature before evaluation (19.862948ms)
✔ verification rejects file before evaluation (14.223407ms)
✔ verification rejects unknown-manifest before evaluation (13.873988ms)
✔ verification rejects duplicate-json before evaluation (18.906014ms)
✔ verification rejects untrusted-key before evaluation (22.480774ms)
✔ verification rejects invalid-stream-idempotency before evaluation (18.664148ms)
✔ loaded bytes are immutable after verification (38.531705ms)
✔ unverified module imports cannot be linked or evaluated (27.783702ms)
✔ missing mandatory dependency blocks ACTIVE (33.93544ms)
✔ incompatible mandatory dependency blocks ACTIVE (49.405867ms)
✔ denied mandatory dependency blocks ACTIVE (40.185252ms)
✔ mandatory cycles rejected; no participant becomes ACTIVE (64.027975ms)
✔ partial activation never publishes; effects clean in reverse order; disposal idempotent (48.27781ms)
✔ staged registration invisible while activation awaits (70.243233ms)
✔ cleanup failures remain FAILED, remaining disposers still execute (38.810381ms)
✔ uncooperative disposer times out and requires restart (55.276385ms)
✔ capability denial and optional absence are distinct (66.40701ms)
✔ revoked grant invalidates retained handle (77.194188ms)
✔ expired grant invalidates retained handle (100.858463ms)
✔ wrong principal/instance/scope generation and widened child grants rejected (72.748075ms)
✔ child scope teardown invalidates handles and removes only owned resources (120.184258ms)
✔ parent cannot see child registrations (81.344432ms)
✔ mandatory provider loss quiesces consumer transitively without rebinding (173.10333ms)
✔ revocation during call prevents result delivery (152.187114ms)
✔ unload during call cancels delivery and cleans call tracking (99.707041ms)
✔ deadline, cancellation, input/output validation and no idempotent replay (185.619917ms)
✔ provider errors and invalid output normalized without value leakage (104.048637ms)
✔ secret access requires declaration and separate grant; inspection redacts values (44.251528ms)
✔ events deliver FIFO broker identity; disposer removes listener (88.894027ms)
✔ event rechecks revoked subscription and publisher; handler failures isolated (68.761849ms)
✔ bounded event overflow terminates affected subscription and cleanup reclaims listener (118.025478ms)
✔ audit exhaustion blocks mutation but never emergency revocation (41.14869ms)
✔ expired trust and backward clock fail closed (35.49454ms)
✔ trust revocation quiesces running providers (140.409721ms)
✔ persistent trust state rejects rollback and missing-state recovery (14.099714ms)
✔ root rotation requires both old and new signatures plus exact next policy (38.959272ms)
(node:903352) ExperimentalWarning: VM Modules is an experimental feature and might change at any time
(Use `node --trace-warnings ...` to show where the warning was created)
✔ runtime matches frozen Python/OpenSSL vector C-00 (2.850575ms)
✔ runtime matches frozen Python/OpenSSL vector C-01 (0.222139ms)
✔ runtime matches frozen Python/OpenSSL vector C-02 (0.167617ms)
✔ runtime matches frozen Python/OpenSSL vector C-03 (0.171965ms)
✔ runtime matches frozen Python/OpenSSL vector C-04 (0.203524ms)
✔ runtime matches frozen Python/OpenSSL vector C-05 (0.174139ms)
✔ runtime matches frozen Python/OpenSSL vector C-06 (0.156614ms)
✔ runtime matches frozen Python/OpenSSL vector C-07 (0.463383ms)
✔ runtime matches frozen Python/OpenSSL vector C-08 (0.46646ms)
✔ runtime matches frozen Python/OpenSSL vector C-09 (0.4453ms)
✔ runtime matches frozen Python/OpenSSL vector C-10 (0.339431ms)
✔ runtime matches frozen Python/OpenSSL vector C-11 (0.208482ms)
✔ runtime matches frozen Python/OpenSSL vector C-12 (0.167877ms)
✔ runtime matches frozen Python/OpenSSL vector C-13 (1.26249ms)
✔ runtime matches frozen Python/OpenSSL vector C-14 (0.206819ms)
✔ runtime matches frozen Python/OpenSSL vector C-15 (0.685011ms)
✔ runtime matches frozen Python/OpenSSL vector C-16 (0.271051ms)
✔ runtime matches frozen Python/OpenSSL vector C-17 (0.192823ms)
✔ mandatory activation binding cannot silently switch after catalog changes (220.41613ms)
✔ plugin log admits only fixed safe metadata and quiesce is idempotent (46.677092ms)
(node:903389) ExperimentalWarning: VM Modules is an experimental feature and might change at any time
(Use `node --trace-warnings ...` to show where the warning was created)
✔ real Kernel verifies and activates SDK-only signed relative module graph (177.390191ms)
✔ real Kernel rejects tampered dependent module before evaluation (22.191239ms)
✔ production linker rejects @alica/kernel before evaluation (33.017959ms)
✔ production linker rejects @alica/testkit before evaluation (33.702641ms)
✔ production linker rejects node:fs before evaluation (34.821199ms)
✔ production linker rejects ../../escape.js before evaluation (29.602951ms)
✔ production linker rejects ./missing.js before evaluation (29.039048ms)
✔ production linker rejects @alica/plugin-sdk/dist/index.js before evaluation (26.199835ms)
✔ real SDK optional cannot turn a denied capability into absence (80.772494ms)
✔ public SDK provides, resolves, and bridges generated endpoints (25.590367ms)
✔ independently implemented provider substitutes without consumer changes (8.741031ms)
✔ missing optional returns null but denied optional does not hide permissions (2.572711ms)
✔ optional does not hide incompatible present provider (5.027229ms)
✔ idempotent disposer shares result and rejection without executing twice (0.470326ms)
✔ owned effects clean in reverse order and partial acquisition cleans immediately (2.793697ms)
✔ activation injection rolls back staged providers and acquired effects (2.598209ms)
✔ revocation injection rejects existing handle before provider dispatch (3.839519ms)
✔ timeout injection is deterministic, one-shot, and not elapsed-time simulation (2.380077ms)
✔ cleanup injection is reported while remaining cleanups continue (0.920846ms)
✔ cleanup timeout is visible and does not hang disposal (7.564542ms)
✔ destroyed child handles cannot escape their owning scope (5.023571ms)
✔ provider disposal invalidates old handles instead of rebinding (4.856887ms)
✔ typed events validate payloads and deliver immutable broker envelopes (5.066451ms)
✔ secret references are scoped and logs refuse arbitrary data fields (1.263571ms)
✔ invalid input and unknown operation retain exact ACAP rejection codes (2.970962ms)
✔ uncooperative event handler is reported as incomplete cleanup (6.765655ms)
✔ optional validates malformed requirement before reporting absence (1.062033ms)
ℹ tests 170
ℹ suites 0
ℹ pass 170
ℹ fail 0
ℹ cancelled 0
ℹ skipped 0
ℹ todo 0
ℹ duration_ms 7857.460139
