{
  "head": "d9f0c026790a525d606e7d2e9a2687d52039c444",
  "status": "?? G6-APPROVED-IMPLEMENTATION-STATUS.md\n?? G6-CORRECTION-BASELINE.json\n?? G6-CORRECTION-FIX-BASELINE.json\n?? G6-CORRECTION-FIX-STATUS.md\n?? G6-CORRECTION-FIX-TRANSFER.json\n?? G6-CORRECTION-STATUS.md\n?? G6-CORRECTION-TRANSFER.json\n?? G6-FULL-QUALIFICATION-BASELINE.json\n?? G6-FULL-QUALIFICATION-STATUS.md\n?? G6-FULL-QUALIFICATION-TRANSFER.json\n?? G6-HOST-INTEGRATION-STATUS.md\n?? G6-IMPLEMENTATION-TRANSFER.json\n?? G6-ISOLATION-BASELINE.json\n?? G6-ISOLATION-STATUS.md\n?? G6-ISOLATION-TRANSFER.json\n?? G6-PRODUCTION-CLOSURE-BASELINE.json\n?? G6-PRODUCTION-CLOSURE-STATUS.md\n?? G6-PRODUCTION-CLOSURE-TRANSFER.json\n?? evidence/g6-runtime/correction-fix-local-syntax.log\n?? evidence/g6-runtime/correction-fix-parent-run.log\n?? evidence/g6-runtime/correction-local-syntax.log\n?? evidence/g6-runtime/correction-parent-run.log\n?? evidence/g6-runtime/final-isolation-repeat.log\n?? evidence/g6-runtime/full-qualification-first-target.log\n?? evidence/g6-runtime/full-qualification-local-check.log\n?? evidence/g6-runtime/isolation-diagnostic-repeat.log\n?? evidence/g6-runtime/isolation-diagnostic-trace.log\n?? evidence/g6-runtime/isolation-open-diagnostic.log\n?? evidence/g6-runtime/isolation-regressions-and-repeat.log\n?? evidence/g6-runtime/isolation-target.log\n?? evidence/g6-runtime/parent-components.log\n?? evidence/g6-runtime/post-regression-process-check.json\n?? evidence/g6-runtime/pre-isolation-full-ipc.log\n?? evidence/g6-runtime/pre-isolation-regressions.log\n?? evidence/g6-runtime/production-closure-diagnostic-2.log\n?? evidence/g6-runtime/production-closure-runtime-target.log\n?? evidence/g6-runtime/production-closure-target.log\n?? evidence/g6-runtime/publication-check.log\n?? evidence/g6-runtime/restart-check.log\n?? evidence/g6-runtime/restart-preserved.tar.gz\n?? evidence/g6-runtime/runtime-build.log\n?? evidence/g6-runtime/scheduler-test.log\n",
  "files": {
    ".github/workflows/foundation.yml": "23a8b7e8c986d07d631e4339e8e63729f94f76badbaf47d7c4bb8353f5feb5d4",
    ".gitignore": "55bc7d09a24979cc2c6e0425d4d9a9488c2de50506b4d06d9efe2de346bba80e",
    ".node-version": "73fb1b615e2043a933be1c0895cde4358036acc28d785692509b822aa53c761f",
    ".npmrc": "ae68fbe13277326dfb23cacb4ac2ab466e46ceb6d0a025e677e491b06c1ddf8b",
    ".prettierignore": "90c6a450eaf8382582df0185fb26cc9bd33a8be9dfab4f3b85bdb144f3299ad9",
    ".prettierrc.json": "0b9202c996f8dd36f8147e37e99108aa134eed99db3c4a7b920ef48a68a6db42",
    "CONTRIBUTING.md": "c4e4165d6f1ac2706f111ad0e648d70be75f857c029b7c670e2bab11c3c5ff17",
    "G6-APPROVED-IMPLEMENTATION-STATUS.md": "d8949836b84ccea6d66904cb5005861b37a5416bbbf4d2e34ad75d470cff0573",
    "G6-CORRECTION-BASELINE.json": "8a0a370d589f3d8cb9607ec550dbb8e6e052e44751ab1e173f19ddc2fafb5ce5",
    "G6-CORRECTION-FIX-BASELINE.json": "47e79a2d9fe9a5d27034bb8e8c53fa64c6c30f4bf99dc770f8596add7b6405ff",
    "G6-CORRECTION-FIX-STATUS.md": "21e2276b414703c08f047fd1a38dc23528133216b51b161cb2481ab85953187b",
    "G6-CORRECTION-FIX-TRANSFER.json": "6a97c81ea8134bfb21c6b2ffa1f9cb04ce5ef5e6effe9a87d1da4c1c97c2c15c",
    "G6-CORRECTION-STATUS.md": "213b4719e49c423a97a9cd40c664bf0f441cfa27e88dedb511ecc282f929b683",
    "G6-CORRECTION-TRANSFER.json": "ea6a2b5300de7d247676b3547ebe3bd2e8888371e0c0967cffd5aaac228d519d",
    "G6-FULL-QUALIFICATION-BASELINE.json": "2677cf4c75f34651e0e497534925b1dbe20efb51087da0c87c9f49613bb2cc8f",
    "G6-FULL-QUALIFICATION-STATUS.md": "86c3431d1d53ae7d9d6fee5f24193dd651d91efbf52cf23c44bb5a7542851f86",
    "G6-FULL-QUALIFICATION-TRANSFER.json": "111a4f7086c18be09e7dec93662ccb6f1f3a3b8ea8fa500d2a0d13e6a261350d",
    "G6-HOST-INTEGRATION-STATUS.md": "346ccce97240b4671ce4ea7fa8c1fe775000fa020b1a52809a4c807293c44664",
    "G6-IMPLEMENTATION-TRANSFER.json": "d2bd7e1b819faa0bc2d54138c13751b189fd304a38bc00f4d1efcb53584267b0",
    "G6-ISOLATION-BASELINE.json": "e3ad49da42870628367fa248d149151ba7118c566c6b566c3045a4aae67a7486",
    "G6-ISOLATION-STATUS.md": "b99d158aee6155c7f0f1450f376a874a445845b70b16e76f70bdaba8be2dbe25",
    "G6-ISOLATION-TRANSFER.json": "60c86ec91ae1c10e780e9e55b750ca013c53943526a8e9c8e34d473a8199668f",
    "G6-PRODUCTION-CLOSURE-BASELINE.json": "d1bb3d297d875f4fcc9817100553e7e43696d597ec401010dfae9a64d849b0e6",
    "G6-PRODUCTION-CLOSURE-STATUS.md": "8bfab544397b8c7b3a4bed374cecd5948ccf736d87ec6759b99038747ce66dac",
    "G6-PRODUCTION-CLOSURE-TRANSFER.json": "4638b5693832fb088a4381efea5d6e8da1054bda0fac8cc47d23b4961e8116b1",
    "G7-PARENT-NOTES.md": "5c3a192189ff326a951fa1a737c17960316fa375524ed87558161eca5f1c8c7f",
    "README.md": "1ae493c15fd03c9fa1313df80c2357cceeae57e6f7642957dca1a923f109b3c2",
    "SECURITY.md": "eb9bff54b37ee03fd0147ebf946e614c2ad584bfb6724c6f04ac00ea8e24410d",
    "api/plugin-sdk.d.ts": "a93b453ab160f581ab68680cbbc36a53b3ee35447a59eab0c1550098ab74aa85",
    "api/testkit.d.ts": "16f5da08e7597e50990541bb42600e44508a98708319fa28c6a3ecd13de4d0b4",
    "docs/adr/ADR-001.md": "83014b2a2f035c3434e450ae36ab7b2eaf9f23e510dc444ef9bfb597cefce55e",
    "docs/adr/ADR-002.md": "496ae7e80bd95a5bbbd0ec430a366e5aa852b60d2bad4140394cb5b1713456a2",
    "docs/adr/ADR-003.md": "b6278358f887f962c3832564aa316e14c194072996fb7648f09ccd5d67c37c60",
    "docs/adr/ADR-004.md": "1d4276c183fabdd7cc3df91aea67ace6e4b7eaa921b904b63b5643f94ab451b6",
    "docs/adr/ADR-005.md": "699a6b99bba478627988ad691831076ebb7b4a5bd3ea7b825d17fe7855fd4f33",
    "docs/adr/ADR-006.md": "0369ac6332e84624c73e8e53cf082ae783da8108956391dc4b684840f28c670b",
    "docs/adr/ADR-007.md": "7ca7627d3bac6c63593f1c7b2c399eb4c306a4dccbd8624d3c6fec5d4d3ed693",
    "docs/adr/ADR-008.md": "417e3dac019c42c92acc656bfac14ee23ec0e0c043d61893a1b0d3f9bd919ce8",
    "docs/adr/ADR-009.md": "0bc8cb3f39f1856dd43e35752586172d35df28d6a342c408dada3c567a6f5a52",
    "docs/adr/ADR-010.md": "1f87d2bf66c22e386f82872c1cfcada63fea1d362deb9630e0e0c95ee003bda8",
    "docs/adr/ADR-011.md": "b2c9623fd240829bb6a55796f2c8a0eb245aa71db35dd532421197288538fb7d",
    "docs/adr/ADR-012.md": "e5783cfa0b1c92d1f3cf650d6c1f6cab15ce59072bf79ff5e98e2c66ed2a856f",
    "docs/adr/ADR-013.md": "8dd806c402e3d27244f5814b2a9f06ff519ab5000dc7255601a2cd569ce42689",
    "docs/adr/README.md": "873d95c5555a4976e569fda32525ce45c21e06649b3f2a9fb9c6da1749bb2fa5",
    "docs/architecture/THREAT-MODEL.md": "bf42c0616cbb17ca97a29806a21992adcde3202fcb111df06a1f6a6ae261734d",
    "docs/decisions/G0-ACCEPTANCE.md": "42c3f539f249e014c06682e2625436e52a771a2f42e88d685e697bb5056d86d3",
    "docs/decisions/G0-SCOPE-AND-INPUTS.md": "a7aa10084a3b928a797ae889bd473b3c9c5e4f990b95cb9186d30be7ee838cef",
    "docs/decisions/G1-ACCEPTANCE.md": "5136e7def6bb07a2c5644dab08c5af4f137c9fce9df7a2b484cbe77c3f9978ac",
    "docs/decisions/IMPLEMENTATION-AUTHORIZATION.md": "85857de4a108a9e73207e5889b7fba063581994be8e99a0583ef99a4f263a832",
    "docs/development/SETUP.md": "b4cb11b7c8f41f36454e04ea6c421976a261ccc5ee7d9afd4fd72bf8b6f781cd",
    "docs/development/TESTING.md": "5fb96fa1cecd96df675b440bb1c48925530682b712817ef3099ab87b978a3376",
    "docs/g6/CONCURRENCY-REVISION.md": "61df276e27c47cc17312b1ba5f6016a9173272127726a9b9b93b61cce1c22540",
    "docs/g6/CORRECTION-TARGET-RESULTS.md": "e4311b857d53119b3510cf5f02d210070d38908ab6fc787938b1d4d07574370d",
    "docs/g6/FULL-QUALIFICATION-LEDGER.md": "e8ef74a2949b09527d299ac5cc76675517b5f83bf2a0b34b497f10d06f3e27f4",
    "docs/g6/INTEGRATION-EXIT-BLOCKERS.md": "eb27cbf72d442d3daae062fe7e074984f279403efa4436b6f2781849090e08fa",
    "docs/g6/IPC-PROFILE.md": "32bd5b7174e6b3664f80a09f2f42a275714017debc4ee2a097a4a83a5c466d15",
    "docs/g6/QUALIFICATION.md": "392cc4e7dcd0c1b6c3709a146defd56be2ca502551188d4bb4e55cf840c31a0d",
    "docs/g6/SDK-INTEGRATION-GAPS.md": "48470ffbac7bed77347b8bf4ada869d7af6974397ff6d3bdcbc8581728c6fe50",
    "docs/g6/draft/context-offer.example.json": "9a981c6f9172b674d4405e9b256ee6536f071476f9914617cc1f1448972fb1bb",
    "docs/g6/draft/context-offer.schema.json": "bd2815fff4c280cd2a1156dbdaef139a497dcd7e696506361f5c4e5a82556d5c",
    "docs/g6/draft/examples.json": "1e0c25095c17117c5ccf09d25fbb69f6de205e3253ddf91638c4ac9af260d561",
    "docs/g6/draft/frames.schema.json": "4f35cdeee964656dc98ad3177113d095132121b75cc92eb9fba0bd1e6d989af3",
    "docs/g6/draft/native-build.lock.json": "4f92a75dbe08da11bde985fcb1c04b0a1c5b37d34ed0faaed9f0a865ab27f564",
    "docs/g6/review/sdk-wire-v1/ACCEPTANCE.md": "6a37ad18a82eedcf5811a39520b3b0ca04fa0b3634c8949c8c56b75223d9d189",
    "docs/g6/review/sdk-wire-v1/ADDENDUM.md": "31630508ca1d16d1b64554920eacc93bc59e1186262bbfe2833a6cfad3e92fdb",
    "docs/g6/review/sdk-wire-v1/RESULTS.md": "a014f9855d2b478c76dfa8c3c8a8b50fe22d28b04eaa69d8962f87a1ec64e66a",
    "docs/g6/review/sdk-wire-v1/baseline-check.log": "77dd6cd1911de1e3f810753aba8c30edaba890fc045f87cf700eabf0c6a6f285",
    "docs/g6/review/sdk-wire-v1/baseline.sha256.json": "e6d9fb61a29218cba9bb787341fc9be68e060233720bd87e7d202c99d80d991e",
    "docs/g6/review/sdk-wire-v1/build_candidate.py": "4393b427c20781d0a45415d21d0cde6f5f89111286d99a713938865d748a7e66",
    "docs/g6/review/sdk-wire-v1/frames.schema.json": "6beec43c5ddade5fc4165e5e57dc61a9d184388cce6de400404df94dbb7fb857",
    "docs/g6/review/sdk-wire-v1/review-tests.log": "05c4e2995168129b88094b7a9ac0de2776b5b66508c0529974f35cb6babae6a7",
    "docs/g6/review/sdk-wire-v1/review_model.py": "0c6b758ff707047967e0f78242240097d72e355e0863164c09b2268e7190e6c6",
    "docs/g6/review/sdk-wire-v1/test_review.py": "db3234e9f73b671bac39d68952dba48b34a0a9f372be307379427d50aaeb12fb",
    "docs/g7/ACCEPTANCE-MATRIX.md": "53f7617505ee9758247b824c4ee57ef1642b5b27f6410640f2226ae115ea7959",
    "docs/g7/CONTRACT-REVIEW-R1.md": "a6905db28663e8e815f227862076a6d0acd43012f3c76300649fa6cbbe6822be",
    "docs/g7/CUSTODY.md": "23ab80effc48be19e30b1c20c17c97a4925460c83072085486486742e33a1265",
    "docs/g7/DESIGN.md": "b94839ac7532cee71c06a74c765ead46b5620c684a36b64b1b6cb4afe51ed1c5",
    "docs/g7/ENVIRONMENT-PROBES.md": "93fa4353665d4c4f93b3134c2699c91555649e8ed63254acbc9440aa225910cd",
    "docs/g7/PREREQUISITES.md": "9a85e61321d47eed94aeffb3d85b210f6125c1093191109b9b99e6bb56e2d7f6",
    "docs/g7/R1-ADMIN-OWNER-DECISION-BRIEF.md": "8a852badef201c6d636ced07c49c2bd00eb42cc4e91ae36ccfffdec50162edfc",
    "docs/g7/R1-CELL-ACTIVATION-CHECKPOINT.md": "8a602a2b95d731be0f81dd85e931c2018600e3dc6e8a58db1c049bc494991468",
    "docs/g7/R1-CELL-ACTIVATION-PARENT-REVIEW.md": "1d40aad5334422a2024a154533186c0440e43dea209e334c714005291676bcdd",
    "docs/g7/R1-CELL-LIFECYCLE-CHECKPOINT.md": "745d60341e5801402dd18f670b2796ad124f2b8d5270fe9f075cc92820d7da0d",
    "docs/g7/R1-CELL-LIFECYCLE-PARENT-EXECUTION.md": "e7179ad79ae84f2f73945b9b35b51bd642940980c211446533290e3161f5643e",
    "docs/g7/R1-CELL-LIFECYCLE-PARENT-REVIEW.md": "e401290c0ce817467260e149cb950a44555a76d12220cafc314eef6cb122ecac",
    "docs/g7/R1-CELL-PREPARATION-CHECKPOINT.md": "cada616d5f702fcfe723f0e70b70e39728fbaefb5305d018170e117e538330d7",
    "docs/g7/R1-CELL-PREPARATION-PARENT-REVIEW.md": "f19a57d51c19fccfa43768e2e28ff281c400fdccefd1727825b380863fb7ad94",
    "docs/g7/R1-CLEAN-START-CHECKPOINT.md": "b732a3f8481841298b681e5a66c0aff78335cbf5a6e756e969a3b090726167b7",
    "docs/g7/R1-CLEAN-START-EXECUTION.md": "4535a6255b9564005048a944c436157ec8decd0d3230d0dd56b0aae1997b6721",
    "docs/g7/R1-CLEAN-START-PARENT-REVIEW.md": "48ae3de834997f670b6d282e0ca0b0e267c0dd1f9ba3c439d52a29cdc1ce430c",
    "docs/g7/R1-IMPLEMENTATION-CHECKPOINT.md": "7672e0f183ef0bc0fdd57a450cc3328840d7fdb95c7448c9460ab128cf276b0d",
    "docs/g7/R1-OWNER-APPROVAL.md": "83f05703fefd097b77b790b0da983d0d2219eb59ef062df463cac325747386ee",
    "docs/g7/R1-SUPERVISION-CHECKPOINT.md": "49e2b719ead65191691df11c1f42769396d1fa9426db1f40aa646ad3c6252c15",
    "docs/g7/R1-SUPERVISION-PARENT-EXECUTION.md": "054e26b260d65e7a8a04fae922327c3ade5c5fd52f31c7af8cfb9ec5460c35cc",
    "docs/g7/R1-SUPERVISION-PARENT-REVIEW.md": "3b1b1d233dd4b42faaf3a66f7de0284b54a49838d7d67bd70e4334a8c37ad158",
    "docs/g7/RELEASE-PACKAGE-ADMISSION.md": "c07e984960b9679a58fcc667a549f605bc60e5d6456e813a9d1151a7e5f90761",
    "docs/g7/draft/contracts.schema.json": "917e9ab5aa42e9fd344ca380fee1bb4ba7ab53e1044e41e6d2fb4583b0fadc32",
    "docs/g7/draft/limits.json": "75a0fa6abe34d1c6bbfba24d10e509b32e2bbc40fba3ab372583de07d975d7d2",
    "docs/g7/draft/recovery-dependency.json": "eac07d256034e10fc536f963db7afa3c6d94bfc6078a8842ec90b7453158809c",
    "docs/gates/G0.md": "521341cd624404d6ee5b680b9834a76acbdb9aca1a5316ea89244836cd0f7ea9",
    "docs/gates/G1-REVIEW.md": "98a03f28d9818d58925a42b4bc89344626b08de09bf0f90c1854df0524978444",
    "docs/gates/G1.md": "7d874630d607e1eb45f7e2e1dacd6bda24cf265a9a5b441ed2e6cdb216eee1d5",
    "docs/gates/G2-OWNER-DISPOSITION.md": "805e3b85a63c3a3adb50d202b77791ce465f419d817058c5732fe343282a52ce",
    "docs/gates/G2.md": "ccae5b8505d41e21f4e703cc2c7ace30d5cf78003be44b59f9d19d6ed3ae6109",
    "docs/gates/G3-OWNER-ACCEPTANCE.md": "eb59855ed91d9374ac6866ed7c9fd0d1aab9a0f50d816471e7fbcd3f7635f24e",
    "docs/gates/G3.md": "0f2c255cf4ae09ea449b91dde8bfd0cc9d52e9e568fa0b25c8d275f44e0b970b",
    "docs/gates/G4-OWNER-ACCEPTANCE.md": "a3d8f3e9bf26db504f6d7e95b6a1789cf60c8c99bb86f42ffc525703102ad94c",
    "docs/gates/G4.md": "14034f6491bfb6808379556d30b902cb6e5299f2db23af0abd9a4e149eb2497b",
    "docs/gates/G5-OWNER-ACCEPTANCE.md": "1eb1f876141c8f7f8d20751c9250299807adeca20361c11a42986f99b033fee4",
    "docs/gates/G5.md": "ae594ac68852ab37a99a713e8e17e1948e36585f0b51592452cf6cba3a28bdd9",
    "docs/gates/G6-BASELINE-APPROVAL.md": "590edd86bd5521c86159872c92d8657ad2a849db3ab957058ea106d95c0eb064",
    "docs/gates/G6-CONCURRENCY-DIRECTION.md": "98eab7e48445089fa07ff23f16b3ab215ae03fdea64be985a8550ae4a963fa0c",
    "docs/gates/G6-OWNER-ACCEPTANCE.md": "75039b9af9eb50b20097293f1acc11bd54f4088ab3c24782c97de11800c7ea01",
    "docs/gates/G6-R2-OWNER-APPROVAL.md": "0fb2c9f5c3c0d38878a2b26cd8f89202e276b525e8b8350444a2c6851ce87113",
    "docs/gates/G6-SCOPE-CLEANUP-OWNER-APPROVAL.md": "fa78b28645e7bceaf1cb78416564763030c58c97be72f494ab2a438475a1bd46",
    "docs/gates/G6-SDK-WIRE-OWNER-APPROVAL.md": "d748defc8c82465e3c7ac5f1704252e3adfdae7147baab175304f20d08b0510f",
    "docs/gates/G6.md": "d7f3dc5485bd10562f73dd9b0b463c5cdc73188536a327d4717f64cb4dbd9f08",
    "docs/gates/G7.md": "06fd8f03bad0ec421edea234d4f164399b7417bc52dc1dc03728bab6ca7dbbed",
    "docs/gates/STATUS.md": "b6e4cbbf0616b61a1e70434efe0fccf97b0071e1ef57c04df68dd0bedbc06d24",
    "docs/operations/G2-HOST-SECURITY.md": "4c5ae7428f23c729893c55e2628f092e0c98a04c13d7f292004c696fad3cfd8d",
    "docs/operations/RELEASE-EVIDENCE.md": "b192f7033b87e06fd26f9950ee2b2b1a5d8e218266beecdbac38636d9ad3944b",
    "docs/planning/ALICA_V2_Assessment_and_Step1_Building_Plan.md": "6959c48b8f128fdf266abdb570506d7173d5597c5af5e1379244c4d0924e78fb",
    "docs/planning/ALICA_V2_G1_Normative_Review_Package.md": "07be1e176e06f60249ed67766c0eccbc489a7d5257be15a47af83e3310e60a9e",
    "docs/planning/ALICA_V2_G2_Engineering_Foundation_Report.md": "e0238522e605f4c524de3ca7ba7e1f8ca7af89a099d968fce0cf5d321e2fc5e6",
    "docs/references/ALICA_V2_Initial_Project_Directive.original.txt": "375d7d0a66b3eb176de8676862b59add1f56f2842bbd1d5a34a6b6f73f92132e",
    "docs/references/ALICA_V2_Kernel_ACAP_SDK_Step1_Building_Plan.original.md": "d0286a3f861f60ef84cff94eb7fc82422aff418ce3ff98c11850114fb93ad12f",
    "docs/references/README.md": "afb735759e17ca31d84c030426d60e27afd1a57c0f4ee62f4571e8d8fab444a8",
    "docs/references/user-source-provenance.json": "ea291201be16c46d32dbb50b49e45248b6121b73a1c2001199961ad856fe219f",
    "docs/references/v1-artifact-index.json": "f51a49f769b785a6859f7b285b4265b07fe75672ccaa6ed74010740e50569504",
    "docs/references/v1-baseline.lock.json": "0c102d63cffa3db5af573ab1ea83615482dc4abb3a885e57342ab872acc0c618",
    "docs/references/v1-inventory.json": "c7fb89d7081639719a1fef231003ceebaa6a135c7cbaa5f7d41003f3038e698f",
    "docs/references/v1-manifest.reference.json": "e45624bd2c123405ca407f12755a71874c36d994330d419b4a4d46a7443b7c18",
    "docs/sdk/API.md": "b3e19ad8df3b39531b5a17aae4e670fc653f30e5687d4c32fd45913efc8db6bf",
    "docs/sdk/COMPATIBILITY.md": "b75e3c38e047dbc818683a4271cfe3c75b10aa4f3a35ea2589a4be02e181a2f5",
    "docs/sdk/TESTKIT.md": "a7151d3ed769ccee08bc379d36d26d9ab388d18a304ea50ac9fb4c8c5ff22307",
    "docs/sdk/TUTORIAL.md": "e47c33442ffa04e0d1c8b801b0516530391e87d8f45ad030a70e77bf277d6f01",
    "evidence/g0/execution.json": "1f8b1754e44c6ca6b0ba7513e2b9796c48e9019bf72bfad41c09be846dbd0515",
    "evidence/g1/design-tests.txt": "a8a940e48d8f80da88b9497b648734874e27762cf9b9b1c2e886c0b327e1afcb",
    "evidence/g1/execution.json": "ef453aaadd3660e93d082903be91285a2a7db4a9fcb49a6134a044c4168766cb",
    "evidence/g1/initial/design-tests.txt": "6c3e6440215cbbdcfeb72fa8b7e74d0fe1599291adea9d63584d19ecf9f243eb",
    "evidence/g1/initial/execution.json": "ddf7de5fdbec3783b21df628f4a92b1b109a588fb4f1615c9cd7b87b2753f0df",
    "evidence/g2/clean-checkout-log.json": "4a08fc80ee3c3705d778652e86e565b9ac32d861052f6d1965e325dbe96d73f7",
    "evidence/g2/execution.json": "f497c8beca2d23f1417bc31390c5d2d188168e7ec293d5dbc4448db3554aa6ad",
    "evidence/g2/github-inspection.json": "8f10533c0197acc43207b0d5873e25b72e0dd7852551dc0cb99a882c86324064",
    "evidence/g2/host-inspection.json": "eed94fdb860325f6874cdbe813f649da7901f01c63d7dad15750623a21ce94e2",
    "evidence/g2/owner-host-inspection.json": "15b8869c071c48fb1e78a2c1913010d8c08ef6399d64a93213b9d1a77646a3af",
    "evidence/g2/selected-dev-versions.json": "ac766f6c5f00f64016858a754f1b1bfae08b92a717c0141bac02532388d47a73",
    "evidence/g2/toolchain-install.json": "fc721c11e756f0a14a84d177d5425e85dc65f01a48de2b4959f7fa9bb112f3c4",
    "evidence/g2/working-tree-check.txt": "7aa468e3880b56423520e91fff941aa3ebbac878f2abd4b099449022c3e48095",
    "evidence/g3/README.md": "4fe8fc26036ebd23b5b1717b02ab323ee06e4e7ed1542110fbae611626d9cf14",
    "evidence/g3/artifact-sha256.json": "8bedda6664e22fc3635be42b364832802744e6a92a097811412b96741f0e09b3",
    "evidence/g3/clean-bootstrap.log": "74a078de06cb5e9260f59009d5d545d579da832cacfb52f0b13d53f7efc1299e",
    "evidence/g3/clean-check.log": "ad0607e89ba45f0f05f7c064da3f3bf50319ff74dbfd0818d73fb775beaa35fb",
    "evidence/g3/clean-checkout.json": "8d2fae5579a419e22f801f2dc20f5b779b6ae7cd65d53fa196aa301205d91015",
    "evidence/g3/clean-demo-stderr.log": "b62aad5a765026a4b3415155e41b8113300439386e16f352fd3deb61ebb5e7cb",
    "evidence/g3/clean-demo.json": "32b2b8b4b7a51d2840a3f3008ba7f7ed0540faa65481f13f5a31c2f08e7155ee",
    "evidence/g3/clean-install.log": "aaa4891ba6656878639e5f0580a03f0520c43c9dd25da2e336bb28830268fa8f",
    "evidence/g3/demo-stderr.log": "e6292576fe70336ba9c1805e1ad78574f61253886fa09da4a6b79b493d7b85dd",
    "evidence/g3/echo-demo.json": "1956ac25adc90bf835449ac395754e3c4107293edf18552907e21d33cfc34d51",
    "evidence/g3/working-check.log": "0e3b952db3e2c2fcf2f093970913c9bd7785766ebcc4d96e20ef0a1ed9f069cd",
    "evidence/g4/README.md": "e3a5d00746e8966faca0ba249f1e9332da1a71256f694fb94564c8653b609a39",
    "evidence/g4/artifact-sha256.json": "5f7f220eb1093d9aba870124b5822b122c4807154c3db3ffcd27f8297659cddc",
    "evidence/g4/clean-bootstrap.log": "74a078de06cb5e9260f59009d5d545d579da832cacfb52f0b13d53f7efc1299e",
    "evidence/g4/clean-check.log": "a3f3fa134a68587af0c023c2d4783d471ed27ed4c6737131ef47f1b2752af2fd",
    "evidence/g4/clean-demo.log": "ed651dda808f8a8770388477cf4afe02c0aa142fef38691c5934e1a3d2a4a3b3",
    "evidence/g4/clean-install.log": "72a3bb31d5682a6a87ba82c33078c8ee50c3a0f1fc21681ffc6ca3fd4e916a77",
    "evidence/g4/execution.json": "6e64eb417a79b95009db3bd7b530f46b5a8be11b5d9c3a99904c2473a99ac3e5",
    "evidence/g4/isolated-conformance.json": "1e43ac792a26ff3707eb28e1edb5ed468403596c6bfa6d64cebe1dacca140de9",
    "evidence/g4/working-check.log": "a8b6539f592e421fb4466cc961be342b08cb93aaa0ced64170d55a412f9100ad",
    "evidence/g5/README.md": "8452d5f675d9dc70a395db5b8a096c6b13b2568e92cd1dc32d14040edc09b24f",
    "evidence/g5/artifact-sha256.json": "5d5ba0a2576e5cb14a7c6d4ca48475205ddb67da32f7468f18b3658bb8ff974e",
    "evidence/g5/clean-bootstrap.log": "74a078de06cb5e9260f59009d5d545d579da832cacfb52f0b13d53f7efc1299e",
    "evidence/g5/clean-check.log": "ea6e04ec30f6297dbd90a02dfb77ac2521200a318564ed65753d79ec419bdc59",
    "evidence/g5/clean-install.log": "ec1985131131823e5858e54ea9dd8ed3701305eb1e45c79f48ed06441597a5e7",
    "evidence/g5/echo-demo.log": "3cf3eb94df5874a6daee6b9b79ad18684efc414f0bb9fdce7e077e61c39b4a3f",
    "evidence/g5/execution.json": "8b47ae097efb7f06aae8afb8a3952966364af4c6ebea599e280c9e882a4cf40e",
    "evidence/g5/external-conformance.json": "14122cfad95a68f2021e3211f44cecc7a1a88c187c77a5df2e99f0999c69427a",
    "evidence/g6-design/README.md": "9eae67c79268a6546c8261766e088d742f5b087f02e3676b4e912259a73066bc",
    "evidence/g6-design/host-probe-final.json": "93aafe7f7f5b921780df98d93d9486c2c76833f1912930e82f66b89cd66ab846",
    "evidence/g6-design/host-probe-initial.json": "2b966c873985fdc2afea4d2e4747dd8acacaef589302160706e3bfacc6c13da5",
    "evidence/g6-design/review-summary.json": "21b7cb7f25db2f8252f730b896e0c871180fb4715db6179f7b9a33de870a6d1e",
    "evidence/g6-design/schema-checks.json": "5913eb2f75f29529f2f9c41a64e0092839e9b645278121270e1d71b50b075b84",
    "evidence/g6-design/working-check.log": "d4fb3e5b32c5abdacb1c4dfb01fcdfefb54531b9f8029a25e482ca0842452cca",
    "evidence/g6-native-foundation/build-receipt.json": "37ea3dc8ab1ced1eccea654356d6b78242d3a84723fa19a6ecd53e4cba77eb5f",
    "evidence/g6-native-foundation/full-check.log": "9f394474870b8725bceac5568b920ec2b0b12ed7397d076ec0bc13e9b971b6a9",
    "evidence/g6-native-foundation/summary.json": "ce876fce1a72d14fa50660f83e64a6cb3d184c4b8e148084e47f8dc79d1c2fff",
    "evidence/g6-r2-design/README.md": "52af80ef82b1c8967488f2fc1bf38c13893c6e72176f2a576f3308045801f4de",
    "evidence/g6-r2-design/carrier-probe.json": "65a78ccda72dd559ef94e946bc02a6dd481d75e3d84e60f704b4b157a8b47984",
    "evidence/g6-r2-design/full-check.log": "4e67817ec8c1f2fa10ec68e322b1030deb3e3e2d184c61253681fdb1d7b08dc3",
    "evidence/g6-r2-design/model-check.log": "92462fb386e6a2741bba6fb19aad3f3f9f8679e0a9ce5f5b73e7793fd0c7c62b",
    "evidence/g6-r2-design/schema-check.json": "e10fa1f5d5e6d549f9773f371e516e73ee60e49ed0c08511185d5cf7df48faae",
    "evidence/g6-r2-design/summary.json": "d89cfa42883a86dfbda908395e0b0d61aa3de5437ab789a12b25e10cf52e0bb4",
    "evidence/g6-runtime/CLEAN-CHECKPOINT.md": "74d64c20931548e8a7795706fe229e0aebdef3ea055888073fe6b6e240111bcd",
    "evidence/g6-runtime/COMPONENT-CHECKPOINT.md": "b0a03e7a8b067955b177afbadcbf3730ede62bdb437fb935d3913d7ec6e7fba4",
    "evidence/g6-runtime/approved-sdk-components-check.log": "2cdf3fa79d2bb59cd1b36eb7f076c076cb26ff8e6dd194fe2c673891ea386daa",
    "evidence/g6-runtime/buffered-event-closure.log": "0ebe0e583e12c102cd7b8db31b00e6834634cb99c00e18364af5b150f9aaf638",
    "evidence/g6-runtime/clean-check.log": "3a945c5b9880911c154d08194e89bfead361049cbc0c867e8d6fb231ada48137",
    "evidence/g6-runtime/clean-source-final.log": "0a0964d1df4a8cb4674de58cf19484753c8eb99b90b2f163fa9a6db42a4d7b91",
    "evidence/g6-runtime/correction-build-typecheck.log": "117689304bc01e3643d80435be9405d5e4aa5b46e03dbf53132e6ecee6c604ed",
    "evidence/g6-runtime/correction-design-native-build.log": "292f17637ee2d3eb6b655b7502b07212f8f886923c50a7cdc8fe47e24dc6268e",
    "evidence/g6-runtime/correction-fix-build-typecheck.log": "43569aff1f069d8e2f53a6821486bd8ff6ac8d411211cb7656238119aac96ab2",
    "evidence/g6-runtime/correction-fix-focused-tests.log": "bd384fc4d97e54c7b355dd38c60b71fc75d613a512ddb6d02c7b14fae0ea300d",
    "evidence/g6-runtime/correction-fix-full-check.log": "abf9a235e0f4025d687196abe3f9644c63d70984672d365ce1c0659892783edb",
    "evidence/g6-runtime/correction-fix-full-verified.log": "2172856d79ffcfbda9a824987782149ebb2c441cb42d0058afaa445df0744f04",
    "evidence/g6-runtime/correction-fix-local-syntax.log": "6ad91c22279b14c52a2a65890f4e45052d228f2caa82e45228a7f2528a21e6e4",
    "evidence/g6-runtime/correction-fix-parent-run.log": "abb10c9f38926fb3d92622e3e0bb93fbabd83715c70bcab0403d857ab84389e1",
    "evidence/g6-runtime/correction-focused-tests.log": "9c77f0df4cd53ab3231a2da601ba68900a9929804845027860f71dbc4e1d53a3",
    "evidence/g6-runtime/correction-local-syntax.log": "ceb59f150d9cb455b501e5f7de15dcc96e90533a984213ef36c6a29debca8e86",
    "evidence/g6-runtime/correction-parent-run.log": "ff936216947f90cf9a8f849c6b2cde9cf63c07707c6cad04553b986360a845c5",
    "evidence/g6-runtime/final-isolation-repeat.log": "aa5d72e0a77929d25394db0953b993c2c57e38ea24f97bd97624e8a1d547c998",
    "evidence/g6-runtime/full-qualification-first-target.log": "ad27e3c16b166c0e5dcf3bf15f55c014530a7f94f0aa680af067eeb969f1201e",
    "evidence/g6-runtime/full-qualification-local-check.log": "f9ca28c606c978eae2c30a718eddbb2d145179f888b2fb8586e856c04e69a731",
    "evidence/g6-runtime/github-ci-owner-acceptance.json": "350aa3e79640d09bd3cca9e419c422de018ece8c7b5595c7ac26e280822ec3d2",
    "evidence/g6-runtime/host-integration-build.log": "39bb8ccf7cf5b582e0a31d734e75029f4304c63dfbb7aee34c2dc18c937dc572",
    "evidence/g6-runtime/host-integration-exit-check.log": "8271d7daf65a11c3e0e25adb2d7efc45443f726a1f6dd0077530dbed5edfc88f",
    "evidence/g6-runtime/host-integration-full-check-1.log": "831923b65d2fc2bbaac28bb8878442f3991c15bed6226950b41e6b0834594b70",
    "evidence/g6-runtime/host-integration-full-check-2.log": "57cd846fe98a69daaba5a1e89dbbde57f75461fcd6dbe17213082d402c670a1b",
    "evidence/g6-runtime/host-integration-test-1.log": "16e4442d19e06e43ff7b262c7813a906fc9df390e54f005d6bb0104e4babccde",
    "evidence/g6-runtime/isolation-diagnostic-repeat.log": "47dbb3f5ab6e3e74f4b9dbcd73eb6ce4d26feac2db2fbb09582fe521294ced9d",
    "evidence/g6-runtime/isolation-diagnostic-trace.log": "aecb2fe539138971a5c9cb4521cd8e83a052b43a86abe642b56f964c70085ac5",
    "evidence/g6-runtime/isolation-open-diagnostic.log": "59a8638af816911d480bc55c98bf3b30aa5bd881308f1a81796188ea21f0aa58",
    "evidence/g6-runtime/isolation-regressions-and-repeat.log": "c8826f664939e6d6458d7c14f2959c38fccf85248feb21d6cd4b4ba1496abb16",
    "evidence/g6-runtime/isolation-target.log": "42b86de5d5124b27e9d5a7e564fbcdccd6222a81962a334f6394f05111f3d854",
    "evidence/g6-runtime/parent-check.log": "30a83b0df730b4b3d7cf737bf0155959975355b8ce60b43ecac09fd07c3d3728",
    "evidence/g6-runtime/parent-components.log": "78ae45987ca5f631021e5adf39aea1a21f33136ada44226dbd305a800b0213e7",
    "evidence/g6-runtime/post-regression-process-check.json": "9962eb06f0ed384b99c0b59e0d4f70e268530e2b5885d0cbdf38650bb7bb3af2",
    "evidence/g6-runtime/pre-isolation-full-ipc.log": "50774ad0996ff769a907c3af55e53cdb63e73a22dc830046ff9f2762d4082ad4",
    "evidence/g6-runtime/pre-isolation-regressions.log": "195705d71d4dd08ecf1e0a2704f315a8549060ba29d8e8d327525606f5eb5c6c",
    "evidence/g6-runtime/pre-offer-metadata-red.log": "795e212003329768cdead05d97e81b1e277384773f1440fe785c4be344d626e8",
    "evidence/g6-runtime/production-closure-diagnostic-2.log": "e7d9f307931229f7d709cd54cfe46d6d3262d7b5b2d734f9fd0c788bcf9196dc",
    "evidence/g6-runtime/production-closure-runtime-target.log": "aec01030b254556ff6b6be724d8045295a0f3025cefbf950325eb284d79a1463",
    "evidence/g6-runtime/production-closure-target.log": "baaa0a77d0ef67aae73279995db655ea649483a325b7749666ccc8293accd7f7",
    "evidence/g6-runtime/publication-check.log": "294e8668db48c57de9d5e86721438d5d03991946b3d45830ca11f4182a934e17",
    "evidence/g6-runtime/qualification-full-check.log": "2701a4d6a5c1867173c825bea3a07c63b9b7928c02f5056de686872e85a3851e",
    "evidence/g6-runtime/qualified-isolation-repeat.log": "ea92ef98535ca2cdde4fb80b6b7a1d880a4ee3957f76522638310b8fb23d0cca",
    "evidence/g6-runtime/restart-check.log": "5896a242698128fdb2164a45fb04bded593daa1fec69efe4f3046762e348011e",
    "evidence/g6-runtime/restart-preserved.tar.gz": "e5e91fac8860966bb051c47481dee38b4518d999c96febbeb9e535b465b9b9a5",
    "evidence/g6-runtime/runtime-build.log": "11f0fb8c99bafb4fe1c027712708c4362f10b943ec410085920ed4c84b55dc72",
    "evidence/g6-runtime/scheduler-test.log": "a3a40332a80c99c3f91a8961368c772fddf38ade7d08774512123880c17afffe",
    "evidence/g6-runtime/scope-completion-test-1.log": "68927fc7c9ce6cd29bf61cd1da95600336706157ba06e248596ac6e12ea0c0fb",
    "evidence/g6-runtime/scope-completion-test-2.log": "62a973726d9646bcaa299c47e80f3c7c9a4bebdab107fb51221bcec359974926",
    "evidence/g7-design/design-checks.log": "9de124202bc4957c0efc7786203b44c0626945dd6f1525b0f8f7db85081d4114",
    "evidence/g7-design/preparation.json": "0fd021fac0fce6be0015e9de5d5c1a8b40565d020935838a1b7dba4a72464cc4",
    "evidence/g7/age-parent-dependency-probes.json": "c0c37029095b21dd33622d83929ade60729a605482aadb85736b5941b4440889",
    "evidence/g7/bootstrap-development-checks.json": "ac9dcc69dc4b5353b69a71dc7a11c79b548bd939fc5dfe6dfb23b91af098cb74",
    "evidence/g7/bootstrap-development-checks.log": "861b5bbd47f04285febf662978e087b8321b581abcc42a0ec4a8ca7097f4a791",
    "evidence/g7/cell-activation/blocked-operation.json": "a3f97ef3db0fa14a327d0685fa57e2efdcf60d4274cff5c0d3243315ff17c560",
    "evidence/g7/cell-activation/g7-activation-parent-adversarial.log": "0d3cef2ff2e77ac3b5d8b510408489e8bbc624d43a0064d20e7c07313ce02e24",
    "evidence/g7/cell-activation/g7-activation-parent-diagnostic.log": "8abc38bcc3092720e6c02a0440e0f442cc5945a46625c7a91b9b9feed70b1585",
    "evidence/g7/cell-activation/g7-activation-parent-focused-final.log": "0870993bbb4deb76cb01424ac3f4ff1a60d07941eca7176010e8e925b9ac9367",
    "evidence/g7/cell-activation/g7-activation-parent-focused.log": "dbf46ba2abf153a63c015db0ba9df6cf3d4db63ddb173560be8a18e88f178351",
    "evidence/g7/cell-activation/g7-activation-parent-positive-second.log": "ce29ed87a2776032faab6ca59fcd2e4ca2b965f5be94d979a96765903ceb6373",
    "evidence/g7/cell-activation/g7-activation-parent-positive.log": "dd534c3277f4f613f94bf60750c21f3bd09dad5709ef7bbb2b2521487b75eb4c",
    "evidence/g7/cell-activation/parent-full-check.log": "d15fe123d6bc08850d46ed9a1815c0f8792b65ede6c61a67206e538eb3ef23b2",
    "evidence/g7/cell-activation/parent-log-receipts.json": "a2c2922cfd93e91a07b04e8eeab81f821396d090b2762a7ce540bb07845b7f1f",
    "evidence/g7/cell-activation/parent-source-binding.json": "df62d23c584c3ebf22dcabb6521577ca739570f2224d3c011ecd7156eb4f9cf6",
    "evidence/g7/cell-activation/source-hashes.json": "e2caed30785855061efb7b89a8d216c7f0865ca77f2d8b79985e52e90f819bfa",
    "evidence/g7/cell-lifecycle/commands.txt": "939e230d4bc434ea52321c3e5fee43ada44d1f4100cc67d3f40e8a5fb1fc6f34",
    "evidence/g7/cell-lifecycle/failure-log-preservation.json": "e9680fa83df0eb7c06cf0df843f319e260c8361a2624096046b64bc5a488c24c",
    "evidence/g7/cell-lifecycle/final-local.sha256": "00814a08468bd06a5912e98bde316ecc17275ad616ba6086c340350a5c042ce2",
    "evidence/g7/cell-lifecycle/local-focused-blocked.log": "2ae03a94d7e064de5c06b0851eb0c81b884b419c0d93813e6018ee4139a64475",
    "evidence/g7/cell-lifecycle/local-full-check-blocked.log": "d152b2b9a67ba1b449b64ca0899d79304204e783b41526df31f78c5c2dc7ecce",
    "evidence/g7/cell-lifecycle/local-full-final-blocked.log": "d152b2b9a67ba1b449b64ca0899d79304204e783b41526df31f78c5c2dc7ecce",
    "evidence/g7/cell-lifecycle/local-static-final.log": "6cfcb36e94e4381b4afe315b02cab51ce9598eb2c87fdc978c43c62d0d7446f9",
    "evidence/g7/cell-lifecycle/local-syntax.log": "066920dad61dd4bad4263564920c59fd041d18e830e870fdf3099b9f8e858df6",
    "evidence/g7/cell-lifecycle/parent-boundary-fix-passed.log": "2939b60f76a1d1ee263b0266590e72e5693862bb2a4e2d541b4a50c21f5e0abe",
    "evidence/g7/cell-lifecycle/parent-full-boundary-failure.log": "86aa403be7974188c49d1d437e125a5694cb387eee735096c0f83d23be980a52",
    "evidence/g7/cell-lifecycle/parent-full-passed.log": "2203f93344dee3b1f8acaf6c44e2d79c6caa221cc4673ce4555d507793defc30",
    "evidence/g7/cell-lifecycle/parent-hardening-full-check.log": "cd0667dfbd3c31d2cdd16d909c38cf3788c79f80b1913fd7d64ace4453d20b03",
    "evidence/g7/cell-lifecycle/parent-hardening-source-binding.json": "7cf1d1c48b43ec81ab7343c36c4de8f5cebaddf38730a29b84672220f1b84fd4",
    "evidence/g7/cell-lifecycle/parent-targeted-initial.log": "26ac0f11d417ea8d9e2f9658bd609cbd3d439d15a9cdc096b790f49242a106b1",
    "evidence/g7/cell-lifecycle/parent-targeted-initial.log.base64": "318f5e33fec831dfc44ba1d01a8420b6216e6a12cc7446fc34a81646858b2d8a",
    "evidence/g7/cell-lifecycle/parent-targeted-parser-failure.log": "812e95ab26064a0ba3a913b1113a774ddf2054cd335cfc6b1579f4ee5c051691",
    "evidence/g7/cell-lifecycle/parent-targeted-parser-failure.log.base64": "42ffb8eec7ef7c800cbc412603d0bcd5e3431e7eed88e1ad45ae490b063604b7",
    "evidence/g7/cell-lifecycle/parent-targeted-passed.log": "2c093fa4516025a8a277445ad5672d3b4ee762e0bd0b147b61640862831889e5",
    "evidence/g7/cell-lifecycle/parent-tested-source.json": "24b02253dfa61ee59630bd2f28885e16ad915498c990f4d164190f968495c9ca",
    "evidence/g7/cell-lifecycle/source-hashes.json": "8c682a610bff577a702a81c929ef80cc2e77ec9037bc0e46f42cdebe37253acb",
    "evidence/g7/cell-lifecycle/targeted-process-output.log": "f1e9c45ae1b2f0cd44dd1eb1994fbc854b308a27b1a879f46b51f119a76a97ef",
    "evidence/g7/cell-lifecycle/transfer-blocker.json": "1929044c00f897480bd389c64c7ba63e01fa8d9db4ab195e375694ecbab9b66d",
    "evidence/g7/cell-lifecycle/transferred-input.sha256": "c2caf28403e13ce840823b0a02a8b02a9bc7862ece915c810278ceecaca06547",
    "evidence/g7/clean-start/README.md": "6e4dbf6311275b26add1e789567d016b23103e52c54df0d63764c374554838a5",
    "evidence/g7/clean-start/after-development.exit": "9a271f2a916b0b6ee6cecb2426f0b3206ef074578be55d9bc94f6f3fe3ab86aa",
    "evidence/g7/clean-start/after-development.log": "ae8e6fac690494f7f4084b7a39f5f96dd93134d032f93cf133069954c4944514",
    "evidence/g7/clean-start/before-development.exit": "9a271f2a916b0b6ee6cecb2426f0b3206ef074578be55d9bc94f6f3fe3ab86aa",
    "evidence/g7/clean-start/before-development.log": "8affe7d6073a4afe26766fedcdfde61fcdf876207404596dedd2bff2efb7c145",
    "evidence/g7/clean-start/before-local.json": "f59054b8adfb5e41c436b28eba82d6081ddc88fdc7fec36c3e314cca245f9eab",
    "evidence/g7/clean-start/checkpoint-manifest.json": "e903b49db93a474a6e25fa662493c4af33d646521d223628a5807abc125a5d1c",
    "evidence/g7/clean-start/commands.jsonl": "26985cc0f6d769f5f5e73c3cfe147c9f4e58b205e69cdc1c9034b044b838866c",
    "evidence/g7/clean-start/format-correction.diff": "690d7c90823959c376556563130414b5d711ab6c5811009acaf9eda47a1b9fdf",
    "evidence/g7/clean-start/format-correction.exit": "9a271f2a916b0b6ee6cecb2426f0b3206ef074578be55d9bc94f6f3fe3ab86aa",
    "evidence/g7/clean-start/format-correction.log": "ae2569d62ba84ffb45b8ead5dffabe79ca6dd90f719482c5be2026b9da3c258b",
    "evidence/g7/clean-start/format-first-pass-g7-cell.mjs.txt": "d8a37aea4276e6cc84d3bb1cdee78009bf7ee576f580ef91fd0907b073b53dd3",
    "evidence/g7/clean-start/full-check-corrected.exit": "9a271f2a916b0b6ee6cecb2426f0b3206ef074578be55d9bc94f6f3fe3ab86aa",
    "evidence/g7/clean-start/full-check-corrected.log": "8b3d7a00d5ee12a305df97c7b7a92e1d20f1cbf1d370843673655f0379824bb0",
    "evidence/g7/clean-start/full-check.exit": "4355a46b19d348dc2f57c046f8ef63d4538ebb936000f3c9ee954a27460dd865",
    "evidence/g7/clean-start/full-check.log": "3ed67ebfbc0a13e75b7d2bb09794a19a317fdbd5b021050a5e36f505b112b6e2",
    "evidence/g7/clean-start/local-final-checks.log": "67643fa7edd83ee353661ee4f3a5d84c111fe3be1808b98f24c4c569bc4a1d2a",
    "evidence/g7/clean-start/local-handoff-checks.log": "953c0e56d0ec64096015d0b6ff71eb27f0aa01e5e06ffb04575a4248190cc4fc",
    "evidence/g7/clean-start/local-transfer-input.json": "2bbd4427efdd5580afd351481fafbce9e646789fbaaf72077fbfa6bc80c2ee57",
    "evidence/g7/clean-start/parent-full-check.log": "8283ac6c5005a677cc3ad816d3de82164d8ebcdfb16fd38b8c48e89a171c8474",
    "evidence/g7/clean-start/parent-source-binding.json": "0afe83a39ba42dcc27e195137c232fbddd9cfa8ca48ee70034756930306efb6b",
    "evidence/g7/clean-start/positive-initial.exit": "9a271f2a916b0b6ee6cecb2426f0b3206ef074578be55d9bc94f6f3fe3ab86aa",
    "evidence/g7/clean-start/positive-initial.log": "1a700b5b1ba8a631c1d6be62e5437fde6a9affe6fb5bf373b13d568c5a49051c",
    "evidence/g7/clean-start/return-final-source.json": "47c5831cb307f39a4148732370b8db4210373a4c13b348d191144cdbc7b6b968",
    "evidence/g7/clean-start/return-final-transfer.stderr.log": "e3b0c44298fc1c149afbf4c8996fb92427ae41e4649b934ca495991b7852b855",
    "evidence/g7/clean-start/return-final.exit": "9a271f2a916b0b6ee6cecb2426f0b3206ef074578be55d9bc94f6f3fe3ab86aa",
    "evidence/g7/clean-start/return-transfer.stderr.log": "e3b0c44298fc1c149afbf4c8996fb92427ae41e4649b934ca495991b7852b855",
    "evidence/g7/clean-start/returned-source.json": "e115086dfb86bc88e7055ad189a6d9f3bfcb8464925c9191dc2a2aaac2b4659f",
    "evidence/g7/clean-start/source-and-preservation-verification.json": "3352884f5fcce2d7e53d2dbd20f36f7c9b66ce4131d19e2edfaf537b80992a43",
    "evidence/g7/clean-start/targeted-expanded.exit": "9a271f2a916b0b6ee6cecb2426f0b3206ef074578be55d9bc94f6f3fe3ab86aa",
    "evidence/g7/clean-start/targeted-expanded.log": "8ec378d17087686630e80a9ef46858f27cbbfde01bf570f33430c5ef00f42210",
    "evidence/g7/clean-start/targeted-final-candidate.exit": "9a271f2a916b0b6ee6cecb2426f0b3206ef074578be55d9bc94f6f3fe3ab86aa",
    "evidence/g7/clean-start/targeted-final-candidate.log": "82704637eda46c931a06ea8ca42ba8265a8b411e779c6c2c57123f82118aab07",
    "evidence/g7/clean-start/transfer-allowlist.txt": "b19aeb7204fe188c341a5927d688d716e9ec762a854e2fa846eec58174b22e6b",
    "evidence/g7/clean-start/transfer-expanded.exit": "9a271f2a916b0b6ee6cecb2426f0b3206ef074578be55d9bc94f6f3fe3ab86aa",
    "evidence/g7/clean-start/transfer-expanded.log": "e3b0c44298fc1c149afbf4c8996fb92427ae41e4649b934ca495991b7852b855",
    "evidence/g7/clean-start/transfer-final-candidate.exit": "9a271f2a916b0b6ee6cecb2426f0b3206ef074578be55d9bc94f6f3fe3ab86aa",
    "evidence/g7/clean-start/transfer-final-candidate.log": "e3b0c44298fc1c149afbf4c8996fb92427ae41e4649b934ca495991b7852b855",
    "evidence/g7/clean-start/transfer-initial.exit": "9a271f2a916b0b6ee6cecb2426f0b3206ef074578be55d9bc94f6f3fe3ab86aa",
    "evidence/g7/clean-start/transfer-initial.log": "e3b0c44298fc1c149afbf4c8996fb92427ae41e4649b934ca495991b7852b855",
    "evidence/g7/clean-start/transfer-runner.py.txt": "fb45e21fb42541a85b007109faafcc07e9516c22c7b08797181f10fcfd1082ed",
    "evidence/g7/clean-start/verification-run.log": "8fcfc4dd4a7b449b2ff6a94faed9e96a287b0418af6576bb1db4ee8a5f775f3d",
    "evidence/g7/clean-start/verification-script.py.txt": "5b79ca2a97e760c2d8990e4077fe0c57442ecf6ed33566e7a7c3d1470e30a2fd",
    "evidence/g7/contract-R1-development-checks.json": "9a0b7e873254b8463c4af8ddf2ee93a647bbc8271d7594650ba224b8c681c7fa",
    "evidence/g7/contract-R1-development-checks.log": "9057e2781dae8b69020e432b3791343ef66bfc67dab87c18825277c016eb92a9",
    "evidence/g7/initial-trust-verification.json": "7a3304eec6928d6a1bc48d5b1c5bce464e8ac97fc630ecbf51a28331df4edc73",
    "evidence/g7/initial-trust.public.json": "060a7222f3e6b28dda426a34cbc61e425652a8383c79a7ab61f8868418d6ae71",
    "evidence/g7/r1-implementation/RESULTS.md": "3db1cc14bdf8090ade60b1d11d02695a6a055b54b9131c6c6fb36c3a7455d233",
    "evidence/g7/r1-implementation/age-supplied-digests.log": "91272d2fe06276c83bbea31b195da90e1e5e3b9dfc4054bd622a8830e1d956f4",
    "evidence/g7/r1-implementation/full-check-final.log": "bf0e677234adac0014d6d2dd3ff75028b401a8b1fe74376ab358d521c8f80209",
    "evidence/g7/r1-implementation/full-check.log": "1aef6406e227affe8403dceee6103e8e96b133182e82e5569ae77e98c189b926",
    "evidence/g7/r1-implementation/parent-independent-targeted.log": "722f264abc171c4ef80b4dd72eeed5d4fa68a7937df721c9d73c73b3992d233a",
    "evidence/g7/r1-implementation/remote-final-source.log": "b1e1c97002f60eaf51442a9ef458ba150ed24fd71c053ebe16f633af5fc5bc21",
    "evidence/g7/r1-implementation/source-files.json": "d187c825e65805a52799cf38a4257575df3b9e48afdfff550f0ee1b52f26c6d0",
    "evidence/g7/r1-implementation/targeted-final.log": "fbf5529ac2909bf6c9f62c4bd32d94b4d1a987de8f0a9ee8cebbf75d9407b93a",
    "evidence/g7/release-admission/parent-full-final.log": "4f44b305af884122cbce9e234e07c9c46f0f50e62fdcdcf04390f9c778ba9ddf",
    "evidence/g7/release-admission/parent-full-initial-format-failure.log": "56e60497168a28a442bf5964c267ba59585d2643c64134433faae56686560dc9",
    "evidence/g7/release-admission/parent-hardened-targeted.log": "f267f908ae6be0ef64a6dc5e5de7eaf1b6b8b42aa600fe6aa07d1c2f1d811168",
    "evidence/g7/release-admission/parent-results.json": "83418657e0025b4c9756abd5414477bc76c9052fa205982749a8aa9d7febebd3",
    "evidence/g7/release-admission/parent-targeted-grants-fixed.log": "b7df00a047ebd16fa2d85229cd6bc7e39005d88580c7724e7414ddedf84300e9",
    "evidence/g7/release-admission/parent-targeted-initial.log": "ada4b54a597be980ab2d8db39d21697cf014198b9f8ef8f41cffb52634b5fe08",
    "evidence/g7/release-admission/transfer-gate.txt": "59d4afcf9d16ab59401550e95f00fa0d58c737d78fa6df473cc7008d27ab30c4",
    "evidence/g7/supervision/commands.txt": "7794220ac7b5d70bbb1caba0e443fa3d83bcd1f56f5c29f9959ea0eed34a1782",
    "evidence/g7/supervision/full-check.log": "c59cb0c8a610aa0a25b2a405476cfcafeebb2f4b00a803cbf0d4cbc9e02950cf",
    "evidence/g7/supervision/g7-supervision-parent-death-after.log": "fb4e178ba66b9648035e0672530d1af508cd7bca646323a87e1ddecd30f2915c",
    "evidence/g7/supervision/g7-supervision-parent-death-after.log.base64": "64558c8102c7515590613b8fb2adebd50b2c990706c733d0dfba68b3176e1cbb",
    "evidence/g7/supervision/g7-supervision-parent-death-before.log": "875cd4a6ece78b0f2b05732ab3ae04f6ec92826a0d7cddffcccba9da363b87d4",
    "evidence/g7/supervision/g7-supervision-parent-death-before.log.base64": "ac92de2f30b9b5f9b0797ac053f0440b12413b9f03cdb9f2b1a7cd3f6efc5d87",
    "evidence/g7/supervision/g7-supervision-parent-death-final.log": "d160b9a71bd66a1b44f902ecf48e59ce404b5d579b7919c2c7bb85851fb3d9b5",
    "evidence/g7/supervision/g7-supervision-parent-targeted.log": "e37d20592f6b2071c464f24bf9c3fa8bfc3aafcf5dd109a112db3887ae1503b6",
    "evidence/g7/supervision/parent-full-check.log": "8bc34a5443a2e9d52abd73dbab093ba9408e25eea22cbe2bfc8c5dab53617e03",
    "evidence/g7/supervision/parent-log-receipts.json": "5d1dc04a0dd9698518395e15159ce0d1e2231126e5732f84090ff6d86a6a31b7",
    "evidence/g7/supervision/parent-source-binding.json": "8212fd77cf62fcb2cc7bfbe194040ed184c5cf6f2ed0f1707dbec1b3994846b5",
    "evidence/g7/supervision/post-run-state.log": "a6cc37ec8d6bd135a18e65e91c9871b205ec1c1031502141c7782b7712e65a7e",
    "evidence/g7/supervision/source-binding.json": "938651af1b1322c63647a327e3200a2d8451e7fb82e049498872402902660ba2",
    "evidence/g7/supervision/targeted-expanded.log": "3d205b4faeaaa3f9c8b1677f55b508814598616e3fab50b72dd83e9ec508d8d0",
    "evidence/g7/supervision/targeted-initial.log": "6fd76a35e65e0432f511a0af34a6523af277f6b7dd515ee2e362c36f4f9ea85a",
    "examples/sdk-tutorial/.npmrc": "3d0639512c47be107665f8996b315e7a92bcd779e02439f0ed481168dca5ac45",
    "examples/sdk-tutorial/build.mjs": "5623b4af44c7bd3bdc7f7153b97f61ff85de0ab3b7926bb29c74fa71f6a4c1e6",
    "examples/sdk-tutorial/conformance.json": "a410ea2c2ed5a6f2b62da3e6331abf063406277a1ecacf6bc78b1c6d721ed1f3",
    "examples/sdk-tutorial/contracts/math.json": "b7d630d5f3d20617b707b57f57469869af1341f617763adbbc3df8d351f91b1d",
    "examples/sdk-tutorial/operator-run.mjs": "dc3e5dc9b482adc51bc0bd253b24add9f05bed08aebf4a5b9e199a73a2558759",
    "examples/sdk-tutorial/package.json": "b139723b812b85921ab97864a8b6a02896eff18bdec4b48f991cd61b00a29443",
    "examples/sdk-tutorial/run.mjs": "f7fe3002802ea8c023d82421cccf6d43b780b5a1af5c688f3015142b422e6ae5",
    "examples/sdk-tutorial/src/consumer.ts": "de3971b12420ac78c85bf7ab39a4fb6c61bce6d69acc415d9b785a2bddab2ab9",
    "examples/sdk-tutorial/src/provider.ts": "c1f95907778f390952e313ddaefe5cb0ef9787203319c14c73ed1ae326462060",
    "examples/sdk-tutorial/tsconfig.json": "fc075216ed66bff69ea7d77f8e5374536c779c4edfc9e58698a4642a08620d87",
    "examples/sdk-tutorial/tutorial.test.mjs": "1e30206b793ab9e9039ec3236fd7d3b08ba3ef1a6fb3d3c7b69a1cd8d8c8bce2",
    "examples/sdk-tutorial/verify.mjs": "38eb52f820afcef748d9a0560569351228eef30b6ff1548211305351dcb3f8b7",
    "fixtures/g4/capability.json": "3c55a42bd68b25ccd066ab11719de5fed6a756520a1408fb13efb004234f46bc",
    "fixtures/g4/conformance.json": "cc354ad1c9e2162e8e72ac59420535745217a02475eb95931e9895471e6ecefc",
    "fixtures/g4/generated/client.d.mts": "8fdebdee862a99e18e8db471320fbbe6f8731aaf01cb9e022c454117aa60cd64",
    "fixtures/g4/generated/client.mjs": "b167ec72a1644437bfb36562d9538c3f6c6092eb968d69132e5b82ca9b3290b0",
    "fixtures/g4/generated/provider.d.mts": "10401ac99caf98f41172dec64c9f5d6dd626f5ef98e65c2183a407764ae1402a",
    "fixtures/g4/generated/provider.mjs": "d7bb2ac76da68b382cce62d172b5cf21ffac8786e8e226b07f0dab5c55305e7a",
    "fixtures/g4/independent-provider.mjs": "80b40bde8637add0108c31732c9261d8e278f9a3569f990c79c5cdde6cc88c38",
    "native/g6/README.md": "ed280a652db322290911ce571c929e808780ab3315360f7c26c2bfa8df42f252",
    "native/g6/bridge.c": "7247370e986112f0e41f4fda838ee970d37aae68d5d50ad909742f8ed86091ff",
    "native/g6/launcher.c": "4d5368ce5e1c4d7b9294fb569028e7d00aa606acab7d7ad3c2f6c535927e9407",
    "native/g6/sandbox.c": "269bca3d61b2a90af2490d51f701b557bcb455ba888762215d89f06d32d8d664",
    "native/g6/toolchain.lock.json": "c3ce193c7bd0a2dfe828c688ea32966824e6f24ff75ffc52fda1b31c6b081fbb",
    "native/g7/ownership.c": "b4f9cf253e1f1784d09416f9ed4b113d102c9dd99b144d2fb4d938c37b522563",
    "package-lock.json": "e113136de6dabb322cb3fec5273abcfb54b36a12826a3e5c7061bb8a7a21c9bd",
    "package.json": "5daa507552a4866ba9128666860917a8f4926f8844f01969d4e07fc2b23a885e",
    "packages/acap-contracts/package.json": "1a0454f01cbe13630c4cc24129c039b8ad45732c2694cea4e55684bea84e187a",
    "packages/acap-contracts/src/conformance.ts": "f34a9df562d1984c27a030770f6931b59511b0057a0c504fd92dc22a2d9ebe80",
    "packages/acap-contracts/src/index.ts": "e4dd17dfc2109b09a89f35777cd079723ee91a5f402279ae3390c841baaa6816",
    "packages/acap-contracts/src/runtime.ts": "8b87f6aa7ceb5d0ca2328d8e8aae10f3fab74b27e383a2a157e4a047c3677245",
    "packages/acap-contracts/src/schema-data.ts": "515c28ef70f79350daa9101db4719ee72873efb3c9a433eb0f3b2af9d86a08d9",
    "packages/acap-contracts/src/stream.ts": "a6bcfcfa3bdef64d42478d93b0861864e6c7295bb83fb8dac079011419567947",
    "packages/acap-contracts/src/tooling.ts": "104c76889a035b064791f489d72186e8eb0bfbc1917961a16aef328099918d1e",
    "packages/acap-contracts/src/validation.ts": "0351a2c75dc5fa106c64e0ba3aa592f6f846d9e85d830864dd0f24d77975db8c",
    "packages/acap-contracts/tsconfig.json": "8c3cde00d80c570ab3c65b1d7ec8f53878fc5e34da9a27a6e40e0266416b1a20",
    "packages/acap-types/README.md": "a5d5f988fa3513e87b7f6cabdb38fd7b373fb5711011e6a8ca5c80f8e646b2d8",
    "packages/acap-types/package.json": "57ebfe46f2cd56d9e4a27cb165b96aeb235833b22fc7e356d26b4995826e5df9",
    "packages/acap-types/src/index.ts": "0cb4e56dbdff2cbb0319bd2f79e50c16576df5b024b47a90478e8ef6b903c717",
    "packages/acap-types/tsconfig.json": "8c3cde00d80c570ab3c65b1d7ec8f53878fc5e34da9a27a6e40e0266416b1a20",
    "packages/alicac/package.json": "153bfb9c413c52d39d5af89ad833d4b17e354e40258fa7f335311f14cd2b2166",
    "packages/alicac/src/index.ts": "1ac0e1cba7ebcfcd37f4c7edbe1ed82d561ae82e1e0f0f5f3d03293f962ccbcb",
    "packages/alicac/src/provider-loader.ts": "5839b444b3f7e843461b2e31608dec6e2c3f3a734bd1e61685fd91d820cd6e20",
    "packages/alicac/tsconfig.json": "8c3cde00d80c570ab3c65b1d7ec8f53878fc5e34da9a27a6e40e0266416b1a20",
    "packages/echo-a/package.json": "b544835b5c388e3a3453183d3631a8a45ccff02ee880abc81dfd7b2d728d2d04",
    "packages/echo-a/src/index.ts": "2106a50386384689429e8e5efbe6c894f19d1da1e5d6adbfa032d25cd036afc0",
    "packages/echo-a/tsconfig.json": "8c3cde00d80c570ab3c65b1d7ec8f53878fc5e34da9a27a6e40e0266416b1a20",
    "packages/echo-b/package.json": "9eb50fad2ad447098f64b38d6f09b92ee74e7537a0f3c6eafe06c5bd2e2a8c1d",
    "packages/echo-b/src/index.ts": "8792c56f245739179a4f427978dcc0888041b207731611cd5cb984c7eab0e90d",
    "packages/echo-b/tsconfig.json": "8c3cde00d80c570ab3c65b1d7ec8f53878fc5e34da9a27a6e40e0266416b1a20",
    "packages/echo-consumer/package.json": "e2cf58a26f5b1e39cf63b1617e0c7003db3bd549dd839aa8fededb1550158648",
    "packages/echo-consumer/src/index.ts": "1d8b0c28768db5895978aa8f3b6bbdc1d4c3bce2e2361f5ee6f5c6acba4f1622",
    "packages/echo-consumer/tsconfig.json": "8c3cde00d80c570ab3c65b1d7ec8f53878fc5e34da9a27a6e40e0266416b1a20",
    "packages/kernel/package.json": "3a55ea3d581a02443ca73a161803c7f10f1a5792ff414420ff31ded7cc710024",
    "packages/kernel/src/execution-context.ts": "186295f38d20a3036bd8a811a2ef076446df48b9a386cc45d0cbaae3eda78756",
    "packages/kernel/src/g6/broker-effects.ts": "392c290e0c4bb538d52ea4463170f448ae908bc753ea2c6845a4719f5ef5397d",
    "packages/kernel/src/g6/exchange.ts": "005d33f7d3f03163a92561cdad4d28651808e86504c82ea4984ce715b12af20b",
    "packages/kernel/src/g6/host-adapter.ts": "cae6fd7273c1a3b7f221c7452c674bd284b0682067e745ea0116a27e01b02544",
    "packages/kernel/src/g6/native.ts": "c122a4851460363b7fd869291dd31ad3fc5d7d03685519c176279b1bbba3a405",
    "packages/kernel/src/g6/reap.ts": "897b24642de0124ec3bce2733050fab5dfada17a77dc0d768929daec3bb66ad0",
    "packages/kernel/src/g6/scheduler.ts": "5508cfab3232e2c21c4f42570df1b08b59c66657a6a4031abda5695ae35bfac3",
    "packages/kernel/src/g6/schema.ts": "8508b187a70959f7fd3381896987ca07c6c795ce8e613bd4bf565b2d09ae45f3",
    "packages/kernel/src/g6/sdk-effects.ts": "62c6103e2cb1027d76f2bd7f62b1962600c13bc168615c4413881f426c4c1de1",
    "packages/kernel/src/g6/sdk-rpc.ts": "b7e7415cfe568671803486f9c714e87f488b7a0a34fe17280383e2cb7e71765c",
    "packages/kernel/src/g6/session.ts": "6c260072438e4c15427328976890dd41f30015ce7f601677b8ab677574efb08a",
    "packages/kernel/src/g6/stream.ts": "d6559d224e496434b8772ba74dd5fc68aff09db087f05e8b60522b77a484842b",
    "packages/kernel/src/g6/wire-schema.ts": "875776f117718030108f3164200373a928e25f64a00e0a51573c5b77b31c550a",
    "packages/kernel/src/g6/wire.ts": "11b8333253b7edc6db5b89ca27784d84ae14d0ea160cfeb61eceaa58ed63598d",
    "packages/kernel/src/g6/worker-entry.ts": "3e4174c91a9f49fed97aaf3acd3f9c6a369c17daf926bae465c46fb5c9cffcf7",
    "packages/kernel/src/g6/worker-sdk-channel.ts": "a0f91d379b4814229d5fb1b0559b0cf5c1517beb09aaf7c2430b2ec74ddb9c64",
    "packages/kernel/src/g6/worker-transport.ts": "1833e39e5d10ccfd698e6d926ed721b03194e48755e40ba36dad2a8dde0764dc",
    "packages/kernel/src/index.ts": "ce437c9421a0be3c47fdec8bc131a9f8200027309e087d07ec428fca58fa0909",
    "packages/kernel/src/package-loader.ts": "547cffad6eeb5743f4bfdeb3f1b7657ca1fae73ad43beb6ab61994ad30caa218",
    "packages/kernel/src/schema-data.ts": "05ddb913ea70a8387c57de16029fbdb26837b7fc66d6c2193c9244dcc58e7445",
    "packages/kernel/src/trust.ts": "085a42051a9f021857639045258b41860283949f5c1eb5561cc8c533f7c108e7",
    "packages/kernel/src/validation.ts": "3244f71b02e8aa33ea2903403ec17fdf64009f450cd58f52c02f19bd59655f8e",
    "packages/kernel/tsconfig.json": "8c3cde00d80c570ab3c65b1d7ec8f53878fc5e34da9a27a6e40e0266416b1a20",
    "packages/plugin-sdk/README.md": "a840bce38dfa9e9e1e402cba26c18b8e5b2fc2519b60d70d495879d53b79815a",
    "packages/plugin-sdk/package.json": "a575b651b3231def1700f7322a02ae76dda0cb4a01a12f900c7218c5d08dd7a5",
    "packages/plugin-sdk/src/index.ts": "1d8b9de7814a865ca014c3c76311a0ab7f3af474e55307b50b411693ab3f950a",
    "packages/plugin-sdk/tsconfig.json": "8c3cde00d80c570ab3c65b1d7ec8f53878fc5e34da9a27a6e40e0266416b1a20",
    "packages/testkit/README.md": "fbc895a02a118bf341b778411ef3fdaef29cab856d5d71862e059c3147982733",
    "packages/testkit/package.json": "3e33f0e9f4a18ebf5f704e186b1d7c16f00bf86048550078a1d25c2c8888fea1",
    "packages/testkit/src/index.ts": "b313f9eb1405c77d70666d02f5879117d8df9a0e8932ab30b2b0bd58a80fd4cc",
    "packages/testkit/tsconfig.json": "8c3cde00d80c570ab3c65b1d7ec8f53878fc5e34da9a27a6e40e0266416b1a20",
    "requirements-design.txt": "8abf5ea787fb4bfa06c3ae4f84bb695954878d26499fd78f85be2ba1ab96bd84",
    "specs/ACAP-CORE-v1.md": "943eac44eeaef87f5981c2318431a3a7f3d29eaacf671239105c6774af8d069e",
    "specs/ACAP-ERRORS-v1.md": "370aa68867a643b67279e07fec7e6bd961b07f7d1d9bf63edddb0a1e82ced1a1",
    "specs/ACAP-EVENTS-v1.md": "634b710373db921006f7567c72f643efe853d2e7546c4dee074de1c79734048f",
    "specs/ACAP-SCOPES-v1.md": "06b367f60615b4c6db90caf506f74a55f54888070349250b3053a8bf5ff5d228",
    "specs/ACAP-SECURITY-v1.md": "23bbec2b8a89740610fba5934fd4f616cb440f77c106cfac5dd5116ce185a376",
    "specs/ACAP-TRANSPORT-INPROC-v1.md": "582096d31a122da11f5510d7524357a7831760755600b8a5f4af0c48e5bca195",
    "specs/ACAP-TRANSPORT-IPC-v1.md": "a85a596beb402a745a2cb947ed1ab5c08d59789bb261084b4303f79f7a3b0677",
    "specs/ALICA-BUNDLE-v1.md": "ba10a24c0abc4c13a19720c1f8f5a343f10a0ca4e046793c9230caae119580e3",
    "specs/ALICA-KERNEL-API-v1.md": "268ba388a87cb2f3823c8cd375914e83de962f1dce12ae7d00ee27f3ce5cfb8d",
    "specs/ALICA-NORMATIVE-BASELINE-v1.md": "0c0fee27a15754502ab07464507ebb7c11e17bd47db382e3cc160db473508bef",
    "specs/ALICA-PLUGIN-MANIFEST-v1.md": "346aa3ad605743607a37c198969cb2340f65ae92ad38891b21816a1608d23016",
    "specs/ALICA-PROFILE-v1.md": "6bfa2dd4d3ae0a7cf304000e5b46d3d6bd3656ed241ccb0db298794c824bebfb",
    "specs/ALICA-PUBLIC-INTERFACES-v1.md": "501f321e78f6f0e61eb5dec4a16a3c39371aec33e6777b342a1af5260da3ad25",
    "specs/ALICA-SDK-CONFORMANCE-v1.md": "03b09e012aac0a14ec2ccb47a53966c5b1653bb819201df7dffa04a3d336380e",
    "specs/ALICA-TRUST-POLICY-v1.md": "933bd8f9ed56cf7f97f241bd3e2a864e0aac9519ed84d8b7c05e37be0180450a",
    "specs/README.md": "67c32616724aa8c79cf6a337aa071fcf4392b246ad212bbba25fd7aa6357c10a",
    "specs/examples/README.md": "8f51511af0f8fe76d7ca4da0134a1e7334e161674ad182cbc9c83eefba784916",
    "specs/examples/bundle.valid.json": "b83d6fd046b4954d2ce78efd94173b188893f2deb0d2a0d827e7840932e23c26",
    "specs/examples/call.valid.json": "199289c34d233fd19c8be212a5d55e23705f53b0c6d4420f05016c9f99e165ed",
    "specs/examples/capability.valid.json": "069cff3007254f9a32372bc8352dc712cf315e88f4167adb75621874b32fbe06",
    "specs/examples/error.valid.json": "32edd4d3fdadabba0cfb051b3e39dce06a88745b7a90286af896b7d4c1583c2c",
    "specs/examples/event-descriptor.valid.json": "bc0d899bac4714bcaec5701b4f5744ee3456e4e0fcb0b3ce006e268134a66826",
    "specs/examples/event-grant.valid.json": "57be262777e51b716fab99c2d7f11ba0573092d3b69b08de61fe89c4248db2d0",
    "specs/examples/event.valid.json": "6a8f57b864ed175e1afc3d1d4db017d9e8c8875cbdc23d031117af3c81b20a06",
    "specs/examples/grant.valid.json": "bbf168185282a2daba8ccdf36b3c4d07cfac4c3b20ea990401839160599de77d",
    "specs/examples/package-index.valid.json": "3112c112972fbd7da05d5a157082ab8166cc4530bd618c02b7cb31853c328739",
    "specs/examples/plugin.valid.json": "acd9cb422e71ab3197dc0e25a782d0d5ccf99b8bf04b9741781244cacd3ca6fc",
    "specs/examples/profile.valid.json": "1506e86792a80d8383f55063ae7897056562a99c4b8e4c521b81dd5f5bb06b4c",
    "specs/examples/resolution-lock.valid.json": "9859de3f5a13b4a93b419dbf75b3ee26d745e4dc5ff7517152c5a122612fd230",
    "specs/examples/response.valid.json": "b3e90bf3bf92cb659b53d94182a84bc911efbc4ab614b95d76112e804ce9d26f",
    "specs/examples/revocation.valid.json": "c860176efb3e0f441c3c1d773ba7e3167a98f532ffc06e204c73788483eccb21",
    "specs/examples/root-rotation.valid.json": "8edae4ec04e3e0ec81299ce7a80e17607b48ff8b003aa462c92cf4218c7e30df",
    "specs/examples/secret-grant.valid.json": "47316028e88edc3e3121cdbbc1b15bbbbc50e4ab7c7807ce4ae48e49993a4100",
    "specs/examples/signature.valid.json": "50ca3aac7d8d3f2f11da29ebf50de2295283e73b25da731d43f888b61f9882f8",
    "specs/examples/trust-policy.valid.json": "b8fe33bdc5480501b8cef164e50115b5ce3999c92cb4e2dd96ffffedb3e12c88",
    "specs/schemas/bundle.schema.json": "e2ab69db5d00a430bd6b2988710550425a34049c5b10e66c56520ecd2aa86fc8",
    "specs/schemas/call.schema.json": "25df22d8f6a5b5703e7aae83a1069603888000ac9dd5a21965120bb04e8abf19",
    "specs/schemas/capability.schema.json": "0aae5fe4b8dbc317e9961b308f3a0398ecce6a1e05be47cf81121f99a12bb3eb",
    "specs/schemas/error.schema.json": "19e33e88b2e3c155d3bcef78efbfedcaaa87d5d3e9574acb12b6893b1692ae79",
    "specs/schemas/event-descriptor.schema.json": "94077b85f611ea542973c17070f69777600d674f3ef58f3357e2a7e1dab1dbab",
    "specs/schemas/event-grant.schema.json": "650d6a86d340d81e01251aa9aa0d55a2d3707ade91b640c062d0139bfe04c134",
    "specs/schemas/event.schema.json": "63e548385953b8329defbf37cebdef48a511252b8e7f72259fdc5c49e60e2e98",
    "specs/schemas/grant.schema.json": "d6484b3b56ee38ac5212774ddebef394bc5253ce808fc386393db67365f128b1",
    "specs/schemas/package-index.schema.json": "034b4b91a39f69032a945d43244ed2ec78b250ad1e4e1d75ae66638efddaebd8",
    "specs/schemas/plugin.schema.json": "81eda75d8f60af321af081d41764cdc062d5755824366962413230b5d8905513",
    "specs/schemas/profile.schema.json": "0e1bbe23e99806004841c805d10b1840cb5be0be12bce5794b71b42b3addca5d",
    "specs/schemas/resolution-lock.schema.json": "c99b75abe56516b46610a814966ce31a6c53f5acf1ccfb7a22cf020fb5a330d8",
    "specs/schemas/response.schema.json": "8c5b06b51bdc450ba59213f5094a37e5bcd8715dc1fc057f0678e51511a327d1",
    "specs/schemas/revocation.schema.json": "57000e4b40347859ab0e200a07ce49e29dc159e4498fc39c0cd8b36618139b8f",
    "specs/schemas/root-rotation.schema.json": "308752da1df08d09ebd1a6ebb0a2cd4977581d510de5b9d9b78ab02f513e690d",
    "specs/schemas/secret-grant.schema.json": "8f73b533feb50b18ce714f614bf414559731470a7290069bbd1363cf651da8ff",
    "specs/schemas/signature.schema.json": "e4e5e6022e4899583c152f66e70c5521efc35b95c97027c8ffb214a6aa559dc3",
    "specs/schemas/trust-policy.schema.json": "3133b52fc56e5b4cd80a335bdadaa2aae1b241801095b1d226b31db3d1fad49a",
    "specs/vectors/canonical.json": "cc3e821484481b1d6ee1a4ebd527b0f7f52cbec7004f03da9f0da82569ce8894",
    "tests/contracts/cli.test.mjs": "731acf79431fe9c6afd039bc3f0e53657153e4237347bb2cb0d283e6c0d99ac1",
    "tests/contracts/runtime.test.mjs": "cb501b1bb18bc07a2e9795b4570b45681621a6454c443f70b2adf07a24591ed3",
    "tests/design/README.md": "70be31d2fb56da22a437f07ad25b142234f765c197096b8bf37b08a640f6476c",
    "tests/design/test_g1_completion.py": "e79c2e8cfe94a7d9083a1ffa9f1ced22a8178469364ad363b1c1603f3add598b",
    "tests/design/test_specifications.py": "dc7382f5bb21b1b897836ca18711f8374ce381a06cfa01ff3e59aef492055f1e",
    "tests/foundation/foundation.test.mjs": "8ca10e37e84d065ec3bd094e263360ce3e6fc5fb7db7c8940b6efea23bd975a8",
    "tests/foundation/types.test.ts": "fce60d4b8badd3d5da0a338da4e2f4232fc4604f0d862c472ce0936656a9c2e2",
    "tests/g7/bootstrap-trust.test.mjs": "78300474e33cda1472d77b0c17049170e367549ae8e0ca0d3b84970885b5b1c9",
    "tests/g7/cell-activation.test.mjs": "b8deb304a228469da65b0b7b468ada336efa49839d84eae40df310b3c41ea83e",
    "tests/g7/cell-fixture.mjs": "4da9fd7e8b2317114f363f7e45d7552b9bfda4a7a9ef4b24771df58a63a1a079",
    "tests/g7/cell-lifecycle-process.mjs": "d6614ce2aedbd0700fd8132eb65194665006261e647d61930da25fb8361d37d3",
    "tests/g7/cell-lifecycle.test.mjs": "b957c6411fb07e74131cdfa172bb18f37ff3394458cecc0803e58c962dbf8b2a",
    "tests/g7/cell-preparation.test.mjs": "085e5ddf852c581dfd510b5bf4d057648f06532d19bdfafe6e04caf9df468b2b",
    "tests/g7/cell-process.mjs": "5b6fc80fa2e6691a3a11face77ae8f3b73c8609396e4a5dead41cdc74db2a944",
    "tests/g7/clean-start-block.mjs": "bf39a1b90cd45a3ab005b84d58564b98f31a0666bbe317d260719e30702c19eb",
    "tests/g7/custody.test.mjs": "e33eb46c9c17a298240191f6f8c4017a0886b921f7b6b6eba294df804e26f7e9",
    "tests/g7/durable-worker.mjs": "6c276ce9c84236fdebdd29dea6bceba4ec8ba7eeb7b6ff9677284d0a410fb9c1",
    "tests/g7/r1-implementation.test.mjs": "526eff5fd216cf18e7a37145a7fec0f2eaf2cc023b866dc9cd0068e211a7f03c",
    "tests/g7/release-admission.test.mjs": "e0ddba8f347a31e013e84ac1c03a3a7c9c1765860da9b08cc8fada37149b3be4",
    "tests/g7/supervision-block.mjs": "6c6f7178c7abbdcdf70b19973e16f498fbc0c59d15ee3be4cc6b83557c6beb4d",
    "tests/g7/supervision.test.mjs": "3f7838f3c4bf9a6161607f78d0704cd03f9dd79f9696f40d922946364a331e95",
    "tests/g7/test_bootstrap.py": "1f1acdef2d06ccbdd34ef42126716b0142319edeecaafc04c749d52525bed736",
    "tests/g7/test_contract_model.py": "70972ca37d1d4aaca4abf11f8d962bc35353ac3359082d2cf0721578d1ccb031",
    "tests/ipc/boundaries.test.mjs": "9c7a5d059d28c86bc894e7e291b8a5633deaa53d3bd8f0845dce252caf866005",
    "tests/ipc/host-sdk.test.mjs": "cfd749b330c911a1fb7f86a98eec3d81dd635df06548ef26e32feb42233a70e7",
    "tests/ipc/isolation-worker.mjs": "0799c2ec8b8d2bd06d4816185d5802faac86282497dd1fd178c1987894e2ca2d",
    "tests/ipc/isolation.test.mjs": "e2ae57bbb6fdc20855de3154b9871f87286e81d334aed8053f606547e548d93c",
    "tests/ipc/native-malformed.py": "540b8bea89aeca97e0a28f1e89b1155c8b2a543162d6a86a06a08e7b4b4608e7",
    "tests/ipc/native-worker.mjs": "b0f95e41644bb579ad679bcbb8c64b72a9abbe6987ae483f36b4524472b13898",
    "tests/ipc/native.test.mjs": "b30efa85365a26a22e01c8a3c26ac94baf44e9a3b78343fab06a513f579e5e49",
    "tests/ipc/production-closure.test.mjs": "f440d8be2de2d9bd9019044a3ff6dd7b97b8939de4c01fc21a5c5137b23c2034",
    "tests/ipc/qualification-consumer.test.mjs": "b64ca625f25584596566e1c5d8f86071df150b98ef0e5966fe18ae2b451c78fa",
    "tests/ipc/qualification-worker.mjs": "02780ca85d20627b515d01f7c9092342ac2300888cfc6733f37b070944d58fdc",
    "tests/ipc/reap.test.mjs": "8292bdc1e710125a6ea12645e70514afddbed66b431ce5aa49dfd540ab4cbeee",
    "tests/ipc/scheduler.test.mjs": "b4477e3b0a10379140f98882ea144d2a29bc7ba6aacda8dce6a31465cb10886f",
    "tests/ipc/scope-completion.test.mjs": "c5f05a961667b750e16b31fc362f3ecfaf672296618c146270a3cb155ea47300",
    "tests/ipc/scope-correction.test.mjs": "bb7347e3c9118fef40f92287d24e008ade78c623ba6b3642134af907e11c4899",
    "tests/ipc/scope-wire.test.mjs": "23fff2ccd9a9edef178ff5ac2696839acb19150fb8fe1d7a77afa536d2784976",
    "tests/ipc/sdk-bookkeeping.test.mjs": "7528dd5523cf9d7b1d0e65ba6ec452ac7af0de9dc04ce45db01e6c23519d5b77",
    "tests/ipc/session-qualification.test.mjs": "a3a0dc6ffa90afc58f4ea25f47be8fc4bb9f0ea8cb9c65729603901dcf04ad00",
    "tests/ipc/wire.test.mjs": "211bb24f49ac22f48c6cbed4c0ae87f3b4cbb94ff4dfb3cee46c1f42807e975c",
    "tests/kernel/adversarial.test.mjs": "8b7c57a3c78455636fc2e1b404fe9dc8190151ecc8e201aef6f3dcc17c875150",
    "tests/kernel/kernel.test.mjs": "212f06306738fbdf66decd7edf37f311038edc6fe71bbd1ce87981487b471691",
    "tests/kernel/vectors.test.mjs": "c32d61e950cff9a4dfc027fbe11d10a63ee89c1837f686b1257c3fb59b359c0a",
    "tests/reference/verify_g0.py": "14942a5cc41863556113164fc9db124ebd1c00a9b7c4ee117c7697251491db71",
    "tests/sdk/kernel-sdk.test.mjs": "c994a6ac26f9262560923054ca3994a48891f9a17f11c7975558370900b943ff",
    "tests/sdk/sdk.test.mjs": "956f71fffb846d5ad544242e94dfd59d6c0b2026cb923289d8f69564d49746da",
    "toolchain.lock.json": "078cc50770b1ede31fcf4346a1ad316c97d1ffe6d0a55fe44a929d8a1fb612f6",
    "tools/bootstrap.py": "89a0e2b46b0b94cfa4befadf56e9e9377907cac1a2f73306461e977e6bdb023d",
    "tools/build-g6-native.py": "661f7b43f18f39e93ff718aea3d5ee3f84cdf6463e58847ef7b2a29178fa1811",
    "tools/build-g7-native.py": "a2b66b8758fe4d75dd6b906a8a57bf999e8eb1d825d0737ff2b55de6bb4542fc",
    "tools/build.mjs": "7e3af5a8cb619e7bbafb05f1fcd4132a66b055933d85d681257b9a9e37c7c18d",
    "tools/check-boundaries.mjs": "81b755b338d71afc3175ccd2c7bb0ad3efc2cc0b1407c650a3040ca22802ff12",
    "tools/check-dependencies.py": "12fff6b167368896e06ccbcdebfa6ba87414a7910f0760266d8c9462761b0b3c",
    "tools/check-g6-design.py": "4957635ae3d59deb6a634a5658c871d1b972f63949dae82fa9e96964c297e6dd",
    "tools/check-schema-sync.mjs": "c0fec6356288b30c4f151968f8c1acfef87cc3174da45f0b7721c14f10595e6b",
    "tools/check-sdk-api.mjs": "dd2b1e5a54d62feca165c0fcb1b149d159ab8e082c3f7bf28f61d4beb35116a3",
    "tools/check-secrets.py": "47b635b848efdebac48b396f5ff2aac09be5061fccbb7def0736390e14c2e229",
    "tools/check-toolchain.mjs": "a85c3e3e0e6d696a4224e57078030dba76c47a6f20d1aeab763f753488090c47",
    "tools/echo-demo.mjs": "e4d8f495e8b56139e977b9456f58c2f008ca539184246cf085fd78946ddb5991",
    "tools/g3-fixtures.mjs": "198b66c42d184d3aa705ce2266f7da34722c24e9dfcd2295c82d1dcfd7001d9e",
    "tools/g6_context_model.py": "d010417d8384d61c0def97e6ad0245d96c16132c03344879d539690a68197740",
    "tools/g7-archive.mjs": "9fe1304cb74a2dd2517a54d15fb974925e875572bff4c05139018dacbf2c2a3d",
    "tools/g7-bootstrap-trust.py": "df7a35f18c97a62e716563c0f94ef08f31d218471377b1688b04ec86b4c96ede",
    "tools/g7-cell-cli.mjs": "3eb3f84d60f985d60c811c84f191c2a9d41db4443cdbc45a8eabc87746dddd3c",
    "tools/g7-cell-owner.mjs": "a978ad5d4cdc18e941a722d16caaa468e59250d34aaddf6203c4b5046eeaa3f4",
    "tools/g7-cell.mjs": "0ebd888f7231c01b6420f5e7b9fc665abe0f15bf7cac1e1a782375b06bf5e36c",
    "tools/g7-contract-model.py": "791b47ca948e39e855c52667790963628a127d102f80010faedd984e45c2bf25",
    "tools/g7-durable.mjs": "53341d22f4eb632a6336ddee9bc20453fda15480bf77d24a46aab93fa9d76ec2",
    "tools/g7-inspect.mjs": "c8a653f1a6c9d3ee4a109b81f22ec21d4b2dc417da3c1dcfc8c64e48d382cc6d",
    "tools/g7-owner-channel.mjs": "6a2a46ff044cb7cecc4efd7e37ef7dc954b2033b31e288b30214b54da174c19e",
    "tools/g7-release.mjs": "764dcbb05601052d5382ebc7893a2ef2dda670761b17506d08f47a1493ff79fa",
    "tools/g7-supervisor.py": "e68d92d10183d74a6f54a13a5515673dc27e9de2df0bf7bfb00570f9a48e3a7d",
    "tools/generate-g4-fixtures.mjs": "54a5ebcd3235680b0c6baca2e9c61e319f6b1202dcfb2644beb081968a776d7c",
    "tools/generate-g6-wire.mjs": "aa1ccb99a11b6be214a777d5b71661c4cf156d8277e3b5f3f599b75de0b55c09",
    "tools/probe-g6-carrier.py": "05a569102957a2f9f9dd9f87c8bf031dea64a0f3f138ed4fe00afa143f494463",
    "tools/probe-g6-host.py": "a61dd81df7308602a2a30742286b6b417f0fd72ce40c56b24268f4a2b2c05b1d",
    "tools/run-design.py": "8d2405349819aa7c543cff487b00d45ff8230a2d32d55294a66b6e74c1163961",
    "tools/test-external-sdk.mjs": "909e654a969ecabc207975de5d3663042e75ecb7f2fd4ca348ee63bee53b3ff1",
    "tools/test-g6-context-model.py": "4c444c383d7043b21f15c16c46e9c7526e84b02e905dde28b6d0ad349f4cb02e",
    "tools/test-isolated.mjs": "976336830fc21daaf536824df57c5f1eebd24ef93538c94fa26505478f228c29",
    "tools/verify-g7-initial-trust.mjs": "caf2c6e37d263afdcd8f9a16f0346e04a57b9f487206bd801a925e046d9a3adc",
    "tsconfig.build.json": "a7d7fd69693bf585e87d3a1882d756cb209bb3106c5edae124d4320a66594e60",
    "tsconfig.json": "00838c5b820a07e24e6c5dd4b492fa97199199bbfbeb714619ab8cac152d3beb"
  }
}
