
> alica-v2@0.0.0 check
> node tools/check-toolchain.mjs && npm run format:check && npm run build && npm run typecheck && npm run test && node tools/check-schema-sync.mjs && npm run schema && npm run boundaries && npm run secrets && npm run dependencies && npm run test:isolated

Pinned Node/npm verified

> alica-v2@0.0.0 format:check
> prettier --check package.json package-lock.json tsconfig*.json packages tools/*.mjs tests/foundation tests/kernel tests/contracts .github/workflows

Checking formatting...
All matched files use Prettier code style!

> alica-v2@0.0.0 build
> node tools/build.mjs


> alica-v2@0.0.0 typecheck
> tsc -p tsconfig.json --noEmit


> alica-v2@0.0.0 test
> node --experimental-vm-modules --test tests/foundation/*.test.mjs tests/kernel/*.test.mjs tests/contracts/*.test.mjs

✔ CLI init/validate/generators run and preserve existing operator files (1897.89544ms)
✔ CLI rejects invalid syntax/unknown flags, duplicate JSON, and redacts diagnostics (747.213592ms)
✔ CLI plugin/bundle/profile validation checks linked artifacts and raw inventory (1068.616764ms)
✔ CLI plugin validation denies symlink escape even for a syntactically valid path (238.653ms)
✔ CLI conformance has human and machine reports and nonzero exit for wrong behavior (744.564341ms)
✔ CLI validates expected descriptor digest before running conformance (278.63799ms)
✔ stream-only provider passes conformance without unary assumptions (262.285573ms)
✔ generated descriptor preserves prototype-named keys as JSON data (317.915365ms)
✔ public descriptor schema and canonical digest reject semantic and unknown-field violations (10.75014ms)
✔ required versus optional features, version range and digest negotiation (10.177872ms)
✔ closed wire protocol validates digest, unknown operations, payloads and spoofed identity (3.966167ms)
✔ authentication runs before revealing malformed contract details (1.069594ms)
✔ wire behavior survives JSON round trips and non-local plain exceptions (4.538965ms)
✔ invalid provider output has normalized contract mismatch (6.792849ms)
✔ absolute expiration causes zero provider invocations and maximum budget clamps (1.709989ms)
✔ cancellation before completion is terminal exactly once (25.934859ms)
✔ cancellation during completion is terminal exactly once (26.905896ms)
✔ cancellation after completion is terminal exactly once (46.776409ms)
✔ request IDs are unique while outstanding; explicit cancel is idempotent (1.716511ms)
✔ parent cancellation and deadlines propagate across sessions (61.358101ms)
✔ instance idempotency: replay, conflict, in-flight duplicate and scope isolation (33.735675ms)
✔ idempotency retention, reset and finite capacity never silently evict live keys (24.098169ms)
✔ none rejects keys; stream idempotency is invalid; durable claim is not faked (5.3643ms)
✔ stream yields detached validated items and exactly one iterator completion (2.871246ms)
✔ stream invalid item and explicit cancellation terminate without late items (2.623299ms)
(node:13883) ExperimentalWarning: VM Modules is an experimental feature and might change at any time
(Use `node --trace-warnings ...` to show where the warning was created)
✔ stream rechecks authority before each item delivery (2.842451ms)
✔ bounded event primitive terminates on overflow and never leaks subsequent queued data (0.386848ms)
✔ event envelope validates exact descriptor and broker identity fields (2.722736ms)
✔ generation is byte deterministic and descriptor changes change generated bindings (5.564727ms)
✔ profile validation rejects duplicate roots, cycles, and unknown pins (2.513332ms)
✔ conformance fails an incorrect provider instead of just validating descriptor (6.914358ms)
✔ Kernel dispatch supports stream and revocation without Kernel imports in provider (112.927542ms)
✔ Kernel instance-idempotency cache is shared across consumer handles (116.776558ms)
✔ monotonic budget prevents late success when wall clock does not advance (13.782327ms)
✔ terminal release callback runs once on both success and cancellation (29.71261ms)
✔ wire diagnostic correlation is preserved without exception identity (0.72256ms)
✔ closed provider refuses both unary and streaming execution (1.861354ms)
✔ conformance does not confuse its own oracle mismatch with a provider error (2.929816ms)
✔ credit starts at zero, bounds grants, and cancellation releases waiting producer (3.343226ms)
✔ slow stream reader applies backpressure rather than consuming unseen items (11.147449ms)
✔ stream values and terminal errors cross JSON without local exception identity (2.433622ms)
✔ stream decoder rejects missing terminal, bad sequence, and unknown fields (0.432645ms)
✔ prototype-named JSON properties remain data through descriptor and invocation (1.32214ms)
✔ finite payload interpreter enforces all G1 type constraints without coercion (0.766783ms)
✔ boundary CLI fails on planted source violation (290.653113ms)
✔ built public entry has no accidental runtime implementation (0.942124ms)
✔ reject deep import (7.287008ms)
✔ reject cross-package relative (1.05161ms)
✔ reject V1 absolute (0.399583ms)
✔ reject dynamic computed (1.597669ms)
✔ reject undeclared external (0.299394ms)
✔ reject developer tooling from package (0.920302ms)
✔ reject host dependency from package (0.590983ms)
✔ reject escape to repo tools (1.27481ms)
✔ accept public type import (0.826936ms)
✔ package exports reject deep runtime import (34.26432ms)
✔ planted synthetic token is rejected without leaking its value (41.135196ms)
✔ ordinary public data passes secret scanner (42.415176ms)
(node:13937) ExperimentalWarning: VM Modules is an experimental feature and might change at any time
(Use `node --trace-warnings ...` to show where the warning was created)
✔ same capability/version with different digest is rejected before activation (45.031202ms)
✔ duplicate visible provider identity is conflict, not load-order selection (44.208212ms)
✔ version/feature exclusions explain deterministic ranking and optional negotiation (138.252722ms)
✔ planning is registry/lifecycle read-only; profile pin controls real calls and lock (397.91093ms)
✔ invalid profile pin fails before evaluating any module (17.942401ms)
✔ cancellation first terminal outcome wins over immediate provider success (70.778738ms)
✔ call values are detached in both directions, not live objects (82.909876ms)
✔ pending uncooperative call is reported instead of falsely clean disposal (88.799786ms)
✔ expired trust stops new calls and quiesces all live instances (130.048185ms)
✔ secret grant rechecked immediately before result delivery (46.271036ms)
✔ nested scopes destroyed before parent owner and stale contexts never revive (32.106988ms)
✔ nested calls cannot extend inherited deadline (168.542622ms)
✔ same-version altered trust metadata and corrupted durable state are rejected (12.642232ms)
(node:13951) ExperimentalWarning: VM Modules is an experimental feature and might change at any time
(Use `node --trace-warnings ...` to show where the warning was created)
✔ independent Echo A passes unchanged consumer suite (351.624585ms)
✔ independent Echo B passes unchanged consumer suite (296.6963ms)
✔ selection invariant under order a,b (173.699119ms)
✔ selection invariant under order b,a (166.174762ms)
✔ strict parser rejects {"a":1,"a":2} (0.296137ms)
✔ strict parser rejects {"a":1e0} (0.149962ms)
✔ strict parser rejects {"a":1.0} (0.111741ms)
✔ strict parser rejects {"a":9007199254740992} (0.102674ms)
✔ strict parser rejects {"a":"\ud800"} (0.181411ms)
✔ strict parser rejects {"é":1} (0.177994ms)
✔ strict parser rejects [1,] (0.099838ms)
✔ strict parser rejects {"a":true}x (0.107693ms)
✔ bounded parsing/canonicalization rejects deep, cyclic, accessor, sparse and oversized values (1.14752ms)
✔ runtime canonical digest matches G1 descriptor and Unicode/control rules (0.280357ms)
✔ configuration is closed and secrets cannot be placed in config (7.601411ms)
✔ verification rejects signature before evaluation (13.068894ms)
✔ verification rejects file before evaluation (12.766206ms)
✔ verification rejects unknown-manifest before evaluation (12.952636ms)
✔ verification rejects duplicate-json before evaluation (15.261333ms)
✔ verification rejects untrusted-key before evaluation (16.623247ms)
✔ verification rejects invalid-stream-idempotency before evaluation (16.473154ms)
✔ loaded bytes are immutable after verification (29.385294ms)
✔ unverified module imports cannot be linked or evaluated (14.486553ms)
✔ missing mandatory dependency blocks ACTIVE (21.313278ms)
✔ incompatible mandatory dependency blocks ACTIVE (38.317902ms)
✔ denied mandatory dependency blocks ACTIVE (22.272141ms)
✔ mandatory cycles rejected; no participant becomes ACTIVE (31.231981ms)
✔ partial activation never publishes; effects clean in reverse order; disposal idempotent (25.990805ms)
✔ staged registration invisible while activation awaits (47.445426ms)
✔ cleanup failures remain FAILED, remaining disposers still execute (38.808736ms)
✔ uncooperative disposer times out and requires restart (43.578136ms)
✔ capability denial and optional absence are distinct (41.708506ms)
✔ revoked grant invalidates retained handle (53.093191ms)
✔ expired grant invalidates retained handle (61.897827ms)
✔ wrong principal/instance/scope generation and widened child grants rejected (56.639567ms)
✔ child scope teardown invalidates handles and removes only owned resources (90.99007ms)
✔ parent cannot see child registrations (66.82305ms)
✔ mandatory provider loss quiesces consumer transitively without rebinding (110.980556ms)
✔ revocation during call prevents result delivery (101.281115ms)
✔ unload during call cancels delivery and cleans call tracking (59.331945ms)
✔ deadline, cancellation, input/output validation and no idempotent replay (120.490902ms)
✔ provider errors and invalid output normalized without value leakage (69.517663ms)
✔ secret access requires declaration and separate grant; inspection redacts values (40.349638ms)
✔ events deliver FIFO broker identity; disposer removes listener (75.487453ms)
✔ event rechecks revoked subscription and publisher; handler failures isolated (58.645433ms)
✔ bounded event overflow terminates affected subscription and cleanup reclaims listener (101.495689ms)
✔ audit exhaustion blocks mutation but never emergency revocation (38.841378ms)
✔ expired trust and backward clock fail closed (21.5067ms)
✔ trust revocation quiesces running providers (104.149935ms)
✔ persistent trust state rejects rollback and missing-state recovery (18.61116ms)
✔ root rotation requires both old and new signatures plus exact next policy (32.651905ms)
(node:14029) ExperimentalWarning: VM Modules is an experimental feature and might change at any time
(Use `node --trace-warnings ...` to show where the warning was created)
✔ runtime matches frozen Python/OpenSSL vector C-00 (1.979928ms)
✔ runtime matches frozen Python/OpenSSL vector C-01 (0.176363ms)
✔ runtime matches frozen Python/OpenSSL vector C-02 (0.144752ms)
✔ runtime matches frozen Python/OpenSSL vector C-03 (0.146205ms)
✔ runtime matches frozen Python/OpenSSL vector C-04 (0.139363ms)
✔ runtime matches frozen Python/OpenSSL vector C-05 (2.809089ms)
✔ runtime matches frozen Python/OpenSSL vector C-06 (0.15405ms)
✔ runtime matches frozen Python/OpenSSL vector C-07 (0.143531ms)
✔ runtime matches frozen Python/OpenSSL vector C-08 (0.177974ms)
✔ runtime matches frozen Python/OpenSSL vector C-09 (0.357021ms)
✔ runtime matches frozen Python/OpenSSL vector C-10 (0.172194ms)
✔ runtime matches frozen Python/OpenSSL vector C-11 (0.172685ms)
✔ runtime matches frozen Python/OpenSSL vector C-12 (0.150193ms)
✔ runtime matches frozen Python/OpenSSL vector C-13 (0.122971ms)
✔ runtime matches frozen Python/OpenSSL vector C-14 (0.128802ms)
✔ runtime matches frozen Python/OpenSSL vector C-15 (0.272574ms)
✔ runtime matches frozen Python/OpenSSL vector C-16 (0.149892ms)
✔ runtime matches frozen Python/OpenSSL vector C-17 (0.134193ms)
✔ mandatory activation binding cannot silently switch after catalog changes (152.686617ms)
✔ plugin log admits only fixed safe metadata and quiesce is idempotent (35.531567ms)
ℹ tests 142
ℹ suites 0
ℹ pass 142
ℹ fail 0
ℹ cancelled 0
ℹ skipped 0
ℹ todo 0
ℹ duration_ms 5884.29193
Runtime schemas match frozen G1 schema sources

> alica-v2@0.0.0 schema
> python3 -S tools/run-design.py

test_authorized (test_g1_completion.AuthorityLifecycle.test_authorized) ... ok
test_changed_instance (test_g1_completion.AuthorityLifecycle.test_changed_instance) ... ok
test_changed_principal (test_g1_completion.AuthorityLifecycle.test_changed_principal) ... ok
test_deadline_inheritance (test_g1_completion.AuthorityLifecycle.test_deadline_inheritance) ... ok
test_every_transition (test_g1_completion.AuthorityLifecycle.test_every_transition) ... ok
test_expiry_boundary (test_g1_completion.AuthorityLifecycle.test_expiry_boundary) ... ok
test_future_issuance (test_g1_completion.AuthorityLifecycle.test_future_issuance) ... ok
test_offline_backward_clock (test_g1_completion.AuthorityLifecycle.test_offline_backward_clock) ... ok
test_offline_expired (test_g1_completion.AuthorityLifecycle.test_offline_expired) ... ok
test_offline_fresh (test_g1_completion.AuthorityLifecycle.test_offline_fresh) ... ok
test_offline_old_metadata (test_g1_completion.AuthorityLifecycle.test_offline_old_metadata) ... ok
test_offline_rollback_metadata (test_g1_completion.AuthorityLifecycle.test_offline_rollback_metadata) ... ok
test_partial_cleanup_keeps_failure (test_g1_completion.AuthorityLifecycle.test_partial_cleanup_keeps_failure) ... ok
test_reused_scope (test_g1_completion.AuthorityLifecycle.test_reused_scope) ... ok
test_revision_revoke (test_g1_completion.AuthorityLifecycle.test_revision_revoke) ... ok
test_revoked_flag (test_g1_completion.AuthorityLifecycle.test_revoked_flag) ... ok
test_sibling_scope (test_g1_completion.AuthorityLifecycle.test_sibling_scope) ... ok
test_terminal_first_wins (test_g1_completion.AuthorityLifecycle.test_terminal_first_wins) ... ok
test_wrong_operation (test_g1_completion.AuthorityLifecycle.test_wrong_operation) ... ok
test_semantic_positive_bundle (test_g1_completion.CompleteSchemas.test_semantic_positive_bundle) ... ok
test_semantic_positive_call (test_g1_completion.CompleteSchemas.test_semantic_positive_call) ... ok
test_semantic_positive_capability (test_g1_completion.CompleteSchemas.test_semantic_positive_capability) ... ok
test_semantic_positive_error (test_g1_completion.CompleteSchemas.test_semantic_positive_error) ... ok
test_semantic_positive_event (test_g1_completion.CompleteSchemas.test_semantic_positive_event) ... ok
test_semantic_positive_event_descriptor (test_g1_completion.CompleteSchemas.test_semantic_positive_event_descriptor) ... ok
test_semantic_positive_event_grant (test_g1_completion.CompleteSchemas.test_semantic_positive_event_grant) ... ok
test_semantic_positive_grant (test_g1_completion.CompleteSchemas.test_semantic_positive_grant) ... ok
test_semantic_positive_package_index (test_g1_completion.CompleteSchemas.test_semantic_positive_package_index) ... ok
test_semantic_positive_plugin (test_g1_completion.CompleteSchemas.test_semantic_positive_plugin) ... ok
test_semantic_positive_profile (test_g1_completion.CompleteSchemas.test_semantic_positive_profile) ... ok
test_semantic_positive_resolution_lock (test_g1_completion.CompleteSchemas.test_semantic_positive_resolution_lock) ... ok
test_semantic_positive_response (test_g1_completion.CompleteSchemas.test_semantic_positive_response) ... ok
test_semantic_positive_revocation (test_g1_completion.CompleteSchemas.test_semantic_positive_revocation) ... ok
test_semantic_positive_root_rotation (test_g1_completion.CompleteSchemas.test_semantic_positive_root_rotation) ... ok
test_semantic_positive_secret_grant (test_g1_completion.CompleteSchemas.test_semantic_positive_secret_grant) ... ok
test_semantic_positive_signature (test_g1_completion.CompleteSchemas.test_semantic_positive_signature) ... ok
test_semantic_positive_trust_policy (test_g1_completion.CompleteSchemas.test_semantic_positive_trust_policy) ... ok
test_dual_root_and_openssl (test_g1_completion.CryptoVectors.test_dual_root_and_openssl) ... ok
test_missing_rotation_signature (test_g1_completion.CryptoVectors.test_missing_rotation_signature) ... ok
test_tampered_record (test_g1_completion.CryptoVectors.test_tampered_record) ... ok
test_wrong_domain (test_g1_completion.CryptoVectors.test_wrong_domain) ... ok
test_wrong_root (test_g1_completion.CryptoVectors.test_wrong_root) ... ok
test_both_reject_nonascii_key (test_g1_completion.Digests.test_both_reject_nonascii_key) ... ok
test_both_reject_surrogate (test_g1_completion.Digests.test_both_reject_surrogate) ... ok
test_golden_vectors (test_g1_completion.Digests.test_golden_vectors) ... ok
test_reject_duplicates_raw (test_g1_completion.Digests.test_reject_duplicates_raw) ... ok
test_reject_oversize_raw (test_g1_completion.Digests.test_reject_oversize_raw) ... ok
test_const_enum_mismatch (test_g1_completion.NegativeSemantic.test_const_enum_mismatch) ... ok
test_const_wrong_type (test_g1_completion.NegativeSemantic.test_const_wrong_type) ... ok
test_dependency_duplicates (test_g1_completion.NegativeSemantic.test_dependency_duplicates) ... ok
test_empty_capability_operations (test_g1_completion.NegativeSemantic.test_empty_capability_operations) ... ok
test_enum_duplicate (test_g1_completion.NegativeSemantic.test_enum_duplicate) ... ok
test_enum_wrong_type (test_g1_completion.NegativeSemantic.test_enum_wrong_type) ... ok
test_event_descriptor_fixture_binding (test_g1_completion.NegativeSemantic.test_event_descriptor_fixture_binding) ... ok
test_event_duplicate_declaration (test_g1_completion.NegativeSemantic.test_event_duplicate_declaration) ... ok
test_event_instance_required (test_g1_completion.NegativeSemantic.test_event_instance_required) ... ok
test_event_scope_generation_required (test_g1_completion.NegativeSemantic.test_event_scope_generation_required) ... ok
test_event_unknown_metadata (test_g1_completion.NegativeSemantic.test_event_unknown_metadata) ... ok
test_event_wrong_operation (test_g1_completion.NegativeSemantic.test_event_wrong_operation) ... ok
test_expired_interval (test_g1_completion.NegativeSemantic.test_expired_interval) ... ok
test_feature_overlap (test_g1_completion.NegativeSemantic.test_feature_overlap) ... ok
test_inverted_version_range (test_g1_completion.NegativeSemantic.test_inverted_version_range) ... ok
test_lock_duplicate_binding (test_g1_completion.NegativeSemantic.test_lock_duplicate_binding) ... ok
test_lock_plugin_order (test_g1_completion.NegativeSemantic.test_lock_plugin_order) ... ok
test_lock_unknown_provider (test_g1_completion.NegativeSemantic.test_lock_unknown_provider) ... ok
test_lock_wrong_package (test_g1_completion.NegativeSemantic.test_lock_wrong_package) ... ok
test_missing_idempotency_policy (test_g1_completion.NegativeSemantic.test_missing_idempotency_policy) ... ok
test_package_duplicate_path (test_g1_completion.NegativeSemantic.test_package_duplicate_path) ... ok
test_package_missing_manifest (test_g1_completion.NegativeSemantic.test_package_missing_manifest) ... ok
test_payload_range (test_g1_completion.NegativeSemantic.test_payload_range) ... ok
test_payload_wrong_keyword (test_g1_completion.NegativeSemantic.test_payload_wrong_keyword) ... ok
test_pin_unknown_provider (test_g1_completion.NegativeSemantic.test_pin_unknown_provider) ... ok
test_policy_for_none (test_g1_completion.NegativeSemantic.test_policy_for_none) ... ok
test_required_missing_property (test_g1_completion.NegativeSemantic.test_required_missing_property) ... ok
test_response_both_outcomes (test_g1_completion.NegativeSemantic.test_response_both_outcomes) ... ok
test_rotation_same_key (test_g1_completion.NegativeSemantic.test_rotation_same_key) ... ok
test_rotation_skips_version (test_g1_completion.NegativeSemantic.test_rotation_skips_version) ... ok
test_scope_cycle (test_g1_completion.NegativeSemantic.test_scope_cycle) ... ok
test_scope_two_roots (test_g1_completion.NegativeSemantic.test_scope_two_roots) ... ok
test_secret_wrong_operation (test_g1_completion.NegativeSemantic.test_secret_wrong_operation) ... ok
test_stream_idempotency (test_g1_completion.NegativeSemantic.test_stream_idempotency) ... ok
test_unknown_parent (test_g1_completion.NegativeSemantic.test_unknown_parent) ... ok
test_version_component_overflow (test_g1_completion.NegativeSemantic.test_version_component_overflow) ... ok
test_catalog_permutations (test_g1_completion.Negotiation.test_catalog_permutations) ... ok
test_conflicting_descriptor (test_g1_completion.Negotiation.test_conflicting_descriptor) ... ok
test_max_minor (test_g1_completion.Negotiation.test_max_minor) ... ok
test_optional_features (test_g1_completion.Negotiation.test_optional_features) ... ok
test_optional_features_absent (test_g1_completion.Negotiation.test_optional_features_absent) ... ok
test_bool_not_integer (test_specifications.CanonicalTests.test_bool_not_integer) ... ok
test_depth (test_specifications.CanonicalTests.test_depth) ... ok
test_descriptor_digest (test_specifications.CanonicalTests.test_descriptor_digest) ... ok
test_duplicate_keys (test_specifications.CanonicalTests.test_duplicate_keys) ... ok
test_exponent (test_specifications.CanonicalTests.test_exponent) ... ok
test_fixed_bytes (test_specifications.CanonicalTests.test_fixed_bytes) ... ok
test_float (test_specifications.CanonicalTests.test_float) ... ok
test_key_order (test_specifications.CanonicalTests.test_key_order) ... ok
test_nan (test_specifications.CanonicalTests.test_nan) ... ok
test_negative_zero (test_specifications.CanonicalTests.test_negative_zero) ... ok
test_nonascii_key (test_specifications.CanonicalTests.test_nonascii_key) ... ok
test_range (test_specifications.CanonicalTests.test_range) ... ok
test_size (test_specifications.CanonicalTests.test_size) ... ok
test_surrogate (test_specifications.CanonicalTests.test_surrogate) ... ok
test_denied_grant (test_specifications.DesignExamples.test_denied_grant) ... ok
test_invisible_provider (test_specifications.DesignExamples.test_invisible_provider) ... ok
test_missing_feature (test_specifications.DesignExamples.test_missing_feature) ... ok
test_missing_operation (test_specifications.DesignExamples.test_missing_operation) ... ok
test_missing_pin_no_fallback (test_specifications.DesignExamples.test_missing_pin_no_fallback) ... ok
test_numeric_version (test_specifications.DesignExamples.test_numeric_version) ... ok
test_pin (test_specifications.DesignExamples.test_pin) ... ok
test_shuffle_resolution (test_specifications.DesignExamples.test_shuffle_resolution) ... ok
test_untrusted_provider (test_specifications.DesignExamples.test_untrusted_provider) ... ok
test_wrong_major (test_specifications.DesignExamples.test_wrong_major) ... ok
test_absolute_path (test_specifications.NegativeTests.test_absolute_path) ... ok
test_backslash_path (test_specifications.NegativeTests.test_backslash_path) ... ok
test_bad_grant_interval (test_specifications.NegativeTests.test_bad_grant_interval) ... ok
test_duplicate_bundle_path (test_specifications.NegativeTests.test_duplicate_bundle_path) ... ok
test_duplicate_features (test_specifications.NegativeTests.test_duplicate_features) ... ok
test_duplicate_operation (test_specifications.NegativeTests.test_duplicate_operation) ... ok
test_duplicate_profile_plugin (test_specifications.NegativeTests.test_duplicate_profile_plugin) ... ok
test_leading_zero_version (test_specifications.NegativeTests.test_leading_zero_version) ... ok
test_path_traversal (test_specifications.NegativeTests.test_path_traversal) ... ok
test_prerelease (test_specifications.NegativeTests.test_prerelease) ... ok
test_remote_schema (test_specifications.NegativeTests.test_remote_schema) ... ok
test_retry_denial (test_specifications.NegativeTests.test_retry_denial) ... ok
test_secret_value_in_profile (test_specifications.NegativeTests.test_secret_value_in_profile) ... ok
test_unknown_mode (test_specifications.NegativeTests.test_unknown_mode) ... ok
test_missing_field_bundle (test_specifications.SchemaTests.test_missing_field_bundle) ... ok
test_missing_field_call (test_specifications.SchemaTests.test_missing_field_call) ... ok
test_missing_field_capability (test_specifications.SchemaTests.test_missing_field_capability) ... ok
test_missing_field_error (test_specifications.SchemaTests.test_missing_field_error) ... ok
test_missing_field_event (test_specifications.SchemaTests.test_missing_field_event) ... ok
test_missing_field_event_descriptor (test_specifications.SchemaTests.test_missing_field_event_descriptor) ... ok
test_missing_field_event_grant (test_specifications.SchemaTests.test_missing_field_event_grant) ... ok
test_missing_field_grant (test_specifications.SchemaTests.test_missing_field_grant) ... ok
test_missing_field_package_index (test_specifications.SchemaTests.test_missing_field_package_index) ... ok
test_missing_field_plugin (test_specifications.SchemaTests.test_missing_field_plugin) ... ok
test_missing_field_profile (test_specifications.SchemaTests.test_missing_field_profile) ... ok
test_missing_field_resolution_lock (test_specifications.SchemaTests.test_missing_field_resolution_lock) ... ok
test_missing_field_response (test_specifications.SchemaTests.test_missing_field_response) ... ok
test_missing_field_revocation (test_specifications.SchemaTests.test_missing_field_revocation) ... ok
test_missing_field_root_rotation (test_specifications.SchemaTests.test_missing_field_root_rotation) ... ok
test_missing_field_secret_grant (test_specifications.SchemaTests.test_missing_field_secret_grant) ... ok
test_missing_field_signature (test_specifications.SchemaTests.test_missing_field_signature) ... ok
test_missing_field_trust_policy (test_specifications.SchemaTests.test_missing_field_trust_policy) ... ok
test_unknown_field_bundle (test_specifications.SchemaTests.test_unknown_field_bundle) ... ok
test_unknown_field_call (test_specifications.SchemaTests.test_unknown_field_call) ... ok
test_unknown_field_capability (test_specifications.SchemaTests.test_unknown_field_capability) ... ok
test_unknown_field_error (test_specifications.SchemaTests.test_unknown_field_error) ... ok
test_unknown_field_event (test_specifications.SchemaTests.test_unknown_field_event) ... ok
test_unknown_field_event_descriptor (test_specifications.SchemaTests.test_unknown_field_event_descriptor) ... ok
test_unknown_field_event_grant (test_specifications.SchemaTests.test_unknown_field_event_grant) ... ok
test_unknown_field_grant (test_specifications.SchemaTests.test_unknown_field_grant) ... ok
test_unknown_field_package_index (test_specifications.SchemaTests.test_unknown_field_package_index) ... ok
test_unknown_field_plugin (test_specifications.SchemaTests.test_unknown_field_plugin) ... ok
test_unknown_field_profile (test_specifications.SchemaTests.test_unknown_field_profile) ... ok
test_unknown_field_resolution_lock (test_specifications.SchemaTests.test_unknown_field_resolution_lock) ... ok
test_unknown_field_response (test_specifications.SchemaTests.test_unknown_field_response) ... ok
test_unknown_field_revocation (test_specifications.SchemaTests.test_unknown_field_revocation) ... ok
test_unknown_field_root_rotation (test_specifications.SchemaTests.test_unknown_field_root_rotation) ... ok
test_unknown_field_secret_grant (test_specifications.SchemaTests.test_unknown_field_secret_grant) ... ok
test_unknown_field_signature (test_specifications.SchemaTests.test_unknown_field_signature) ... ok
test_unknown_field_trust_policy (test_specifications.SchemaTests.test_unknown_field_trust_policy) ... ok
test_valid_bundle (test_specifications.SchemaTests.test_valid_bundle) ... ok
test_valid_call (test_specifications.SchemaTests.test_valid_call) ... ok
test_valid_capability (test_specifications.SchemaTests.test_valid_capability) ... ok
test_valid_error (test_specifications.SchemaTests.test_valid_error) ... ok
test_valid_event (test_specifications.SchemaTests.test_valid_event) ... ok
test_valid_event_descriptor (test_specifications.SchemaTests.test_valid_event_descriptor) ... ok
test_valid_event_grant (test_specifications.SchemaTests.test_valid_event_grant) ... ok
test_valid_grant (test_specifications.SchemaTests.test_valid_grant) ... ok
test_valid_package_index (test_specifications.SchemaTests.test_valid_package_index) ... ok
test_valid_plugin (test_specifications.SchemaTests.test_valid_plugin) ... ok
test_valid_profile (test_specifications.SchemaTests.test_valid_profile) ... ok
test_valid_resolution_lock (test_specifications.SchemaTests.test_valid_resolution_lock) ... ok
test_valid_response (test_specifications.SchemaTests.test_valid_response) ... ok
test_valid_revocation (test_specifications.SchemaTests.test_valid_revocation) ... ok
test_valid_root_rotation (test_specifications.SchemaTests.test_valid_root_rotation) ... ok
test_valid_secret_grant (test_specifications.SchemaTests.test_valid_secret_grant) ... ok
test_valid_signature (test_specifications.SchemaTests.test_valid_signature) ... ok
test_valid_trust_policy (test_specifications.SchemaTests.test_valid_trust_policy) ... ok
test_activation_staging (test_specifications.ScopeLifecycleExamples.test_activation_staging) ... ok
test_ancestor_visible (test_specifications.ScopeLifecycleExamples.test_ancestor_visible) ... ok
test_bad_signature_padding (test_specifications.ScopeLifecycleExamples.test_bad_signature_padding) ... ok
test_call_cannot_assert_authority (test_specifications.ScopeLifecycleExamples.test_call_cannot_assert_authority) ... ok
test_child_hidden_from_parent (test_specifications.ScopeLifecycleExamples.test_child_hidden_from_parent) ... ok
test_grant_expiry_boundary (test_specifications.ScopeLifecycleExamples.test_grant_expiry_boundary) ... ok
test_grant_intersection (test_specifications.ScopeLifecycleExamples.test_grant_intersection) ... ok
test_reverse_disposal_order (test_specifications.ScopeLifecycleExamples.test_reverse_disposal_order) ... ok
test_revoked_revision (test_specifications.ScopeLifecycleExamples.test_revoked_revision) ... ok
test_scope_self_visible (test_specifications.ScopeLifecycleExamples.test_scope_self_visible) ... ok
test_sibling_hidden (test_specifications.ScopeLifecycleExamples.test_sibling_hidden) ... ok
test_stale_generation (test_specifications.ScopeLifecycleExamples.test_stale_generation) ... ok
test_terminal_state (test_specifications.ScopeLifecycleExamples.test_terminal_state) ... ok

----------------------------------------------------------------------
Ran 193 tests in 0.271s

OK

> alica-v2@0.0.0 boundaries
> node tools/check-boundaries.mjs

Public import boundaries passed

> alica-v2@0.0.0 secrets
> python3 tools/check-secrets.py

Secret pattern check passed

> alica-v2@0.0.0 dependencies
> python3 -S tools/check-dependencies.py

npm @types/node 24.13.5 MIT
npm ajv 8.20.0 MIT
npm fast-deep-equal 3.1.3 MIT
npm fast-uri 3.1.8 BSD-3-Clause
npm json-schema-traverse 1.0.0 MIT
npm prettier 3.9.7 MIT
npm require-from-string 2.0.2 MIT
npm typescript 6.0.3 Apache-2.0
npm undici-types 7.18.2 MIT
python attrs 26.1.0 MIT
python cffi 2.1.1 MIT-0
python cryptography 50.0.1 Apache-2.0 OR BSD-3-Clause
python jsonschema 4.26.0 MIT
python jsonschema-specifications 2025.9.1 MIT
python pycparser 3.0 BSD-3-Clause
python referencing 0.37.0 MIT
python rpds-py 2026.6.3 MIT
python typing_extensions 4.16.0 PSF-2.0
Exact dependencies and reviewed license allowlist passed; not a vulnerability scan

> alica-v2@0.0.0 test:isolated
> node tools/test-isolated.mjs

{"schemaVersion":"alica.isolated-conformance/v1","passed":true,"installedPackages":["@alica/acap-types","@alica/acap-contracts","@alica/alicac"],"kernelInstalled":false,"generatedArtifactsDeterministic":true,"generatedTypesChecked":true,"wireRoundTrip":true,"conformance":{"checks":[{"name":"fixture:independent-add","passed":true},{"name":"fixture:recorded-replay","passed":true},{"name":"fixture:changed-payload-conflict","passed":true},{"name":"fixture:stream-count","passed":true},{"name":"fixture:empty-stream","passed":true},{"name":"wrong-digest","passed":true},{"name":"unknown-operation","passed":true},{"name":"expired-request","passed":true},{"name":"caller-spoof","passed":true},{"name":"incompatible-negotiation","passed":true}],"descriptorDigest":"sha256:8766c5d4a8e68a5194a76fc0ce18ed3b50b86ce8765508fc95c05de0d83bff21","passed":true,"schemaVersion":"alica.conformance/v1"}}
ISOLATED_CONSUMER_PASS kernelUnavailable=true generatedClient=true wireRoundTrip=true idempotentInvocations=1
