
> alica-v2@0.0.0 check
> node tools/check-toolchain.mjs && npm run format:check && npm run build && npm run typecheck && npm run test && node tools/check-schema-sync.mjs && npm run schema && npm run boundaries && npm run secrets && npm run dependencies && npm run test:isolated

Pinned Node/npm verified

> alica-v2@0.0.0 format:check
> prettier --check package.json package-lock.json tsconfig*.json packages tools/*.mjs tests/foundation tests/kernel tests/contracts .github/workflows

Checking formatting...
All matched files use Prettier code style!

> alica-v2@0.0.0 build
> node tools/build.mjs


> alica-v2@0.0.0 typecheck
> tsc -p tsconfig.json --noEmit


> alica-v2@0.0.0 test
> node --experimental-vm-modules --test tests/foundation/*.test.mjs tests/kernel/*.test.mjs tests/contracts/*.test.mjs

✔ CLI init/validate/generators run and preserve existing operator files (1839.364568ms)
✔ CLI rejects invalid syntax/unknown flags, duplicate JSON, and redacts diagnostics (732.463785ms)
✔ CLI plugin/bundle/profile validation checks linked artifacts and raw inventory (1034.384386ms)
✔ CLI plugin validation denies symlink escape even for a syntactically valid path (266.558212ms)
✔ CLI conformance has human and machine reports and nonzero exit for wrong behavior (769.049082ms)
✔ CLI validates expected descriptor digest before running conformance (268.091398ms)
✔ stream-only provider passes conformance without unary assumptions (252.483531ms)
✔ generated descriptor preserves prototype-named keys as JSON data (287.248717ms)
✔ public descriptor schema and canonical digest reject semantic and unknown-field violations (11.096974ms)
✔ required versus optional features, version range and digest negotiation (8.576719ms)
✔ closed wire protocol validates digest, unknown operations, payloads and spoofed identity (3.656303ms)
✔ authentication runs before revealing malformed contract details (1.998643ms)
✔ wire behavior survives JSON round trips and non-local plain exceptions (3.390263ms)
✔ invalid provider output has normalized contract mismatch (6.101748ms)
✔ absolute expiration causes zero provider invocations and maximum budget clamps (1.442074ms)
✔ cancellation before completion is terminal exactly once (26.340705ms)
✔ cancellation during completion is terminal exactly once (26.796022ms)
✔ cancellation after completion is terminal exactly once (46.368101ms)
✔ request IDs are unique while outstanding; explicit cancel is idempotent (3.116779ms)
✔ parent cancellation and deadlines propagate across sessions (61.269828ms)
✔ instance idempotency: replay, conflict, in-flight duplicate and scope isolation (33.867135ms)
✔ idempotency retention, reset and finite capacity never silently evict live keys (24.679616ms)
✔ none rejects keys; stream idempotency is invalid; durable claim is not faked (3.846293ms)
✔ stream yields detached validated items and exactly one iterator completion (1.916479ms)
✔ stream invalid item and explicit cancellation terminate without late items (2.288989ms)
(node:13157) ExperimentalWarning: VM Modules is an experimental feature and might change at any time
(Use `node --trace-warnings ...` to show where the warning was created)
✔ stream rechecks authority before each item delivery (3.104355ms)
✔ bounded event primitive terminates on overflow and never leaks subsequent queued data (0.395734ms)
✔ event envelope validates exact descriptor and broker identity fields (2.144578ms)
✔ generation is byte deterministic and descriptor changes change generated bindings (4.938769ms)
✔ profile validation rejects duplicate roots, cycles, and unknown pins (4.466909ms)
✔ conformance fails an incorrect provider instead of just validating descriptor (4.587949ms)
✔ Kernel dispatch supports stream and revocation without Kernel imports in provider (108.049334ms)
✔ Kernel instance-idempotency cache is shared across consumer handles (102.023989ms)
✔ monotonic budget prevents late success when wall clock does not advance (14.212068ms)
✔ terminal release callback runs once on both success and cancellation (29.952856ms)
✔ wire diagnostic correlation is preserved without exception identity (0.70663ms)
✔ closed provider refuses both unary and streaming execution (1.51351ms)
✔ conformance does not confuse its own oracle mismatch with a provider error (2.466263ms)
✔ credit starts at zero, bounds grants, and cancellation releases waiting producer (1.430745ms)
✔ slow stream reader applies backpressure rather than consuming unseen items (11.466489ms)
✔ stream values and terminal errors cross JSON without local exception identity (2.413685ms)
✔ stream decoder rejects missing terminal, bad sequence, and unknown fields (0.437564ms)
✔ prototype-named JSON properties remain data through descriptor and invocation (1.362856ms)
✔ finite payload interpreter enforces all G1 type constraints without coercion (0.601743ms)
✔ boundary CLI fails on planted source violation (308.609126ms)
✔ built public entry has no accidental runtime implementation (1.066869ms)
✔ reject deep import (6.084467ms)
✔ reject cross-package relative (1.458085ms)
✔ reject V1 absolute (0.527423ms)
✔ reject dynamic computed (1.976412ms)
✔ reject undeclared external (0.421905ms)
✔ reject developer tooling from package (0.875449ms)
✔ reject host dependency from package (0.404792ms)
✔ reject escape to repo tools (0.564682ms)
✔ accept public type import (0.624486ms)
✔ package exports reject deep runtime import (45.906072ms)
✔ planted synthetic token is rejected without leaking its value (43.289895ms)
✔ ordinary public data passes secret scanner (40.765002ms)
(node:13218) ExperimentalWarning: VM Modules is an experimental feature and might change at any time
(Use `node --trace-warnings ...` to show where the warning was created)
✔ same capability/version with different digest is rejected before activation (68.087524ms)
✔ duplicate visible provider identity is conflict, not load-order selection (40.506014ms)
✔ version/feature exclusions explain deterministic ranking and optional negotiation (156.134548ms)
✔ planning is registry/lifecycle read-only; profile pin controls real calls and lock (444.264516ms)
✔ invalid profile pin fails before evaluating any module (23.62952ms)
✔ cancellation first terminal outcome wins over immediate provider success (78.220934ms)
✔ call values are detached in both directions, not live objects (88.616816ms)
✔ pending uncooperative call is reported instead of falsely clean disposal (95.883178ms)
✔ expired trust stops new calls and quiesces all live instances (122.192723ms)
✔ secret grant rechecked immediately before result delivery (32.724743ms)
✔ nested scopes destroyed before parent owner and stale contexts never revive (29.265691ms)
✔ nested calls cannot extend inherited deadline (163.685766ms)
✔ same-version altered trust metadata and corrupted durable state are rejected (13.913718ms)
(node:13219) ExperimentalWarning: VM Modules is an experimental feature and might change at any time
(Use `node --trace-warnings ...` to show where the warning was created)
✔ independent Echo A passes unchanged consumer suite (378.852942ms)
✔ independent Echo B passes unchanged consumer suite (369.941201ms)
✔ selection invariant under order a,b (167.421219ms)
✔ selection invariant under order b,a (162.881802ms)
✔ strict parser rejects {"a":1,"a":2} (0.407167ms)
✔ strict parser rejects {"a":1e0} (0.229122ms)
✔ strict parser rejects {"a":1.0} (0.236646ms)
✔ strict parser rejects {"a":9007199254740992} (0.168588ms)
✔ strict parser rejects {"a":"\ud800"} (0.237638ms)
✔ strict parser rejects {"é":1} (0.275529ms)
✔ strict parser rejects [1,] (0.14899ms)
✔ strict parser rejects {"a":true}x (0.132039ms)
✔ bounded parsing/canonicalization rejects deep, cyclic, accessor, sparse and oversized values (1.195541ms)
✔ runtime canonical digest matches G1 descriptor and Unicode/control rules (0.617183ms)
✔ configuration is closed and secrets cannot be placed in config (9.376074ms)
✔ verification rejects signature before evaluation (16.360514ms)
✔ verification rejects file before evaluation (13.959793ms)
✔ verification rejects unknown-manifest before evaluation (13.083733ms)
✔ verification rejects duplicate-json before evaluation (13.764296ms)
✔ verification rejects untrusted-key before evaluation (13.015936ms)
✔ verification rejects invalid-stream-idempotency before evaluation (16.949021ms)
✔ loaded bytes are immutable after verification (38.853152ms)
✔ unverified module imports cannot be linked or evaluated (18.803102ms)
✔ missing mandatory dependency blocks ACTIVE (21.531499ms)
✔ incompatible mandatory dependency blocks ACTIVE (32.28197ms)
✔ denied mandatory dependency blocks ACTIVE (24.132657ms)
✔ mandatory cycles rejected; no participant becomes ACTIVE (45.56553ms)
✔ partial activation never publishes; effects clean in reverse order; disposal idempotent (33.388323ms)
✔ staged registration invisible while activation awaits (55.15216ms)
✔ cleanup failures remain FAILED, remaining disposers still execute (34.260395ms)
✔ uncooperative disposer times out and requires restart (34.557364ms)
✔ capability denial and optional absence are distinct (31.194292ms)
✔ revoked grant invalidates retained handle (54.746187ms)
✔ expired grant invalidates retained handle (69.350803ms)
✔ wrong principal/instance/scope generation and widened child grants rejected (63.219959ms)
✔ child scope teardown invalidates handles and removes only owned resources (110.594627ms)
✔ parent cannot see child registrations (62.48148ms)
✔ mandatory provider loss quiesces consumer transitively without rebinding (106.527068ms)
✔ revocation during call prevents result delivery (92.561273ms)
✔ unload during call cancels delivery and cleans call tracking (60.748457ms)
✔ deadline, cancellation, input/output validation and no idempotent replay (122.57969ms)
✔ provider errors and invalid output normalized without value leakage (71.81911ms)
✔ secret access requires declaration and separate grant; inspection redacts values (39.804703ms)
✔ events deliver FIFO broker identity; disposer removes listener (82.119833ms)
✔ event rechecks revoked subscription and publisher; handler failures isolated (59.845206ms)
✔ bounded event overflow terminates affected subscription and cleanup reclaims listener (100.444545ms)
✔ audit exhaustion blocks mutation but never emergency revocation (29.135226ms)
✔ expired trust and backward clock fail closed (23.547354ms)
✔ trust revocation quiesces running providers (115.831977ms)
✔ persistent trust state rejects rollback and missing-state recovery (14.516081ms)
✔ root rotation requires both old and new signatures plus exact next policy (34.662524ms)
(node:13310) ExperimentalWarning: VM Modules is an experimental feature and might change at any time
(Use `node --trace-warnings ...` to show where the warning was created)
✔ runtime matches frozen Python/OpenSSL vector C-00 (2.204451ms)
✔ runtime matches frozen Python/OpenSSL vector C-01 (0.173497ms)
✔ runtime matches frozen Python/OpenSSL vector C-02 (0.134734ms)
✔ runtime matches frozen Python/OpenSSL vector C-03 (0.157707ms)
✔ runtime matches frozen Python/OpenSSL vector C-04 (0.16986ms)
✔ runtime matches frozen Python/OpenSSL vector C-05 (0.155492ms)
✔ runtime matches frozen Python/OpenSSL vector C-06 (0.132189ms)
✔ runtime matches frozen Python/OpenSSL vector C-07 (0.211808ms)
✔ runtime matches frozen Python/OpenSSL vector C-08 (0.23885ms)
✔ runtime matches frozen Python/OpenSSL vector C-09 (0.254378ms)
✔ runtime matches frozen Python/OpenSSL vector C-10 (0.193274ms)
✔ runtime matches frozen Python/OpenSSL vector C-11 (0.116169ms)
✔ runtime matches frozen Python/OpenSSL vector C-12 (0.091051ms)
✔ runtime matches frozen Python/OpenSSL vector C-13 (0.084629ms)
✔ runtime matches frozen Python/OpenSSL vector C-14 (0.112481ms)
✔ runtime matches frozen Python/OpenSSL vector C-15 (0.295828ms)
✔ runtime matches frozen Python/OpenSSL vector C-16 (0.157386ms)
✔ runtime matches frozen Python/OpenSSL vector C-17 (0.176202ms)
✔ mandatory activation binding cannot silently switch after catalog changes (161.655272ms)
✔ plugin log admits only fixed safe metadata and quiesce is idempotent (47.50447ms)
ℹ tests 142
ℹ suites 0
ℹ pass 142
ℹ fail 0
ℹ cancelled 0
ℹ skipped 0
ℹ todo 0
ℹ duration_ms 5770.04217
Runtime schemas match frozen G1 schema sources

> alica-v2@0.0.0 schema
> python3 -S tools/run-design.py

test_authorized (test_g1_completion.AuthorityLifecycle.test_authorized) ... ok
test_changed_instance (test_g1_completion.AuthorityLifecycle.test_changed_instance) ... ok
test_changed_principal (test_g1_completion.AuthorityLifecycle.test_changed_principal) ... ok
test_deadline_inheritance (test_g1_completion.AuthorityLifecycle.test_deadline_inheritance) ... ok
test_every_transition (test_g1_completion.AuthorityLifecycle.test_every_transition) ... ok
test_expiry_boundary (test_g1_completion.AuthorityLifecycle.test_expiry_boundary) ... ok
test_future_issuance (test_g1_completion.AuthorityLifecycle.test_future_issuance) ... ok
test_offline_backward_clock (test_g1_completion.AuthorityLifecycle.test_offline_backward_clock) ... ok
test_offline_expired (test_g1_completion.AuthorityLifecycle.test_offline_expired) ... ok
test_offline_fresh (test_g1_completion.AuthorityLifecycle.test_offline_fresh) ... ok
test_offline_old_metadata (test_g1_completion.AuthorityLifecycle.test_offline_old_metadata) ... ok
test_offline_rollback_metadata (test_g1_completion.AuthorityLifecycle.test_offline_rollback_metadata) ... ok
test_partial_cleanup_keeps_failure (test_g1_completion.AuthorityLifecycle.test_partial_cleanup_keeps_failure) ... ok
test_reused_scope (test_g1_completion.AuthorityLifecycle.test_reused_scope) ... ok
test_revision_revoke (test_g1_completion.AuthorityLifecycle.test_revision_revoke) ... ok
test_revoked_flag (test_g1_completion.AuthorityLifecycle.test_revoked_flag) ... ok
test_sibling_scope (test_g1_completion.AuthorityLifecycle.test_sibling_scope) ... ok
test_terminal_first_wins (test_g1_completion.AuthorityLifecycle.test_terminal_first_wins) ... ok
test_wrong_operation (test_g1_completion.AuthorityLifecycle.test_wrong_operation) ... ok
test_semantic_positive_bundle (test_g1_completion.CompleteSchemas.test_semantic_positive_bundle) ... ok
test_semantic_positive_call (test_g1_completion.CompleteSchemas.test_semantic_positive_call) ... ok
test_semantic_positive_capability (test_g1_completion.CompleteSchemas.test_semantic_positive_capability) ... ok
test_semantic_positive_error (test_g1_completion.CompleteSchemas.test_semantic_positive_error) ... ok
test_semantic_positive_event (test_g1_completion.CompleteSchemas.test_semantic_positive_event) ... ok
test_semantic_positive_event_descriptor (test_g1_completion.CompleteSchemas.test_semantic_positive_event_descriptor) ... ok
test_semantic_positive_event_grant (test_g1_completion.CompleteSchemas.test_semantic_positive_event_grant) ... ok
test_semantic_positive_grant (test_g1_completion.CompleteSchemas.test_semantic_positive_grant) ... ok
test_semantic_positive_package_index (test_g1_completion.CompleteSchemas.test_semantic_positive_package_index) ... ok
test_semantic_positive_plugin (test_g1_completion.CompleteSchemas.test_semantic_positive_plugin) ... ok
test_semantic_positive_profile (test_g1_completion.CompleteSchemas.test_semantic_positive_profile) ... ok
test_semantic_positive_resolution_lock (test_g1_completion.CompleteSchemas.test_semantic_positive_resolution_lock) ... ok
test_semantic_positive_response (test_g1_completion.CompleteSchemas.test_semantic_positive_response) ... ok
test_semantic_positive_revocation (test_g1_completion.CompleteSchemas.test_semantic_positive_revocation) ... ok
test_semantic_positive_root_rotation (test_g1_completion.CompleteSchemas.test_semantic_positive_root_rotation) ... ok
test_semantic_positive_secret_grant (test_g1_completion.CompleteSchemas.test_semantic_positive_secret_grant) ... ok
test_semantic_positive_signature (test_g1_completion.CompleteSchemas.test_semantic_positive_signature) ... ok
test_semantic_positive_trust_policy (test_g1_completion.CompleteSchemas.test_semantic_positive_trust_policy) ... ok
test_dual_root_and_openssl (test_g1_completion.CryptoVectors.test_dual_root_and_openssl) ... ok
test_missing_rotation_signature (test_g1_completion.CryptoVectors.test_missing_rotation_signature) ... ok
test_tampered_record (test_g1_completion.CryptoVectors.test_tampered_record) ... ok
test_wrong_domain (test_g1_completion.CryptoVectors.test_wrong_domain) ... ok
test_wrong_root (test_g1_completion.CryptoVectors.test_wrong_root) ... ok
test_both_reject_nonascii_key (test_g1_completion.Digests.test_both_reject_nonascii_key) ... ok
test_both_reject_surrogate (test_g1_completion.Digests.test_both_reject_surrogate) ... ok
test_golden_vectors (test_g1_completion.Digests.test_golden_vectors) ... ok
test_reject_duplicates_raw (test_g1_completion.Digests.test_reject_duplicates_raw) ... ok
test_reject_oversize_raw (test_g1_completion.Digests.test_reject_oversize_raw) ... ok
test_const_enum_mismatch (test_g1_completion.NegativeSemantic.test_const_enum_mismatch) ... ok
test_const_wrong_type (test_g1_completion.NegativeSemantic.test_const_wrong_type) ... ok
test_dependency_duplicates (test_g1_completion.NegativeSemantic.test_dependency_duplicates) ... ok
test_empty_capability_operations (test_g1_completion.NegativeSemantic.test_empty_capability_operations) ... ok
test_enum_duplicate (test_g1_completion.NegativeSemantic.test_enum_duplicate) ... ok
test_enum_wrong_type (test_g1_completion.NegativeSemantic.test_enum_wrong_type) ... ok
test_event_descriptor_fixture_binding (test_g1_completion.NegativeSemantic.test_event_descriptor_fixture_binding) ... ok
test_event_duplicate_declaration (test_g1_completion.NegativeSemantic.test_event_duplicate_declaration) ... ok
test_event_instance_required (test_g1_completion.NegativeSemantic.test_event_instance_required) ... ok
test_event_scope_generation_required (test_g1_completion.NegativeSemantic.test_event_scope_generation_required) ... ok
test_event_unknown_metadata (test_g1_completion.NegativeSemantic.test_event_unknown_metadata) ... ok
test_event_wrong_operation (test_g1_completion.NegativeSemantic.test_event_wrong_operation) ... ok
test_expired_interval (test_g1_completion.NegativeSemantic.test_expired_interval) ... ok
test_feature_overlap (test_g1_completion.NegativeSemantic.test_feature_overlap) ... ok
test_inverted_version_range (test_g1_completion.NegativeSemantic.test_inverted_version_range) ... ok
test_lock_duplicate_binding (test_g1_completion.NegativeSemantic.test_lock_duplicate_binding) ... ok
test_lock_plugin_order (test_g1_completion.NegativeSemantic.test_lock_plugin_order) ... ok
test_lock_unknown_provider (test_g1_completion.NegativeSemantic.test_lock_unknown_provider) ... ok
test_lock_wrong_package (test_g1_completion.NegativeSemantic.test_lock_wrong_package) ... ok
test_missing_idempotency_policy (test_g1_completion.NegativeSemantic.test_missing_idempotency_policy) ... ok
test_package_duplicate_path (test_g1_completion.NegativeSemantic.test_package_duplicate_path) ... ok
test_package_missing_manifest (test_g1_completion.NegativeSemantic.test_package_missing_manifest) ... ok
test_payload_range (test_g1_completion.NegativeSemantic.test_payload_range) ... ok
test_payload_wrong_keyword (test_g1_completion.NegativeSemantic.test_payload_wrong_keyword) ... ok
test_pin_unknown_provider (test_g1_completion.NegativeSemantic.test_pin_unknown_provider) ... ok
test_policy_for_none (test_g1_completion.NegativeSemantic.test_policy_for_none) ... ok
test_required_missing_property (test_g1_completion.NegativeSemantic.test_required_missing_property) ... ok
test_response_both_outcomes (test_g1_completion.NegativeSemantic.test_response_both_outcomes) ... ok
test_rotation_same_key (test_g1_completion.NegativeSemantic.test_rotation_same_key) ... ok
test_rotation_skips_version (test_g1_completion.NegativeSemantic.test_rotation_skips_version) ... ok
test_scope_cycle (test_g1_completion.NegativeSemantic.test_scope_cycle) ... ok
test_scope_two_roots (test_g1_completion.NegativeSemantic.test_scope_two_roots) ... ok
test_secret_wrong_operation (test_g1_completion.NegativeSemantic.test_secret_wrong_operation) ... ok
test_stream_idempotency (test_g1_completion.NegativeSemantic.test_stream_idempotency) ... ok
test_unknown_parent (test_g1_completion.NegativeSemantic.test_unknown_parent) ... ok
test_version_component_overflow (test_g1_completion.NegativeSemantic.test_version_component_overflow) ... ok
test_catalog_permutations (test_g1_completion.Negotiation.test_catalog_permutations) ... ok
test_conflicting_descriptor (test_g1_completion.Negotiation.test_conflicting_descriptor) ... ok
test_max_minor (test_g1_completion.Negotiation.test_max_minor) ... ok
test_optional_features (test_g1_completion.Negotiation.test_optional_features) ... ok
test_optional_features_absent (test_g1_completion.Negotiation.test_optional_features_absent) ... ok
test_bool_not_integer (test_specifications.CanonicalTests.test_bool_not_integer) ... ok
test_depth (test_specifications.CanonicalTests.test_depth) ... ok
test_descriptor_digest (test_specifications.CanonicalTests.test_descriptor_digest) ... ok
test_duplicate_keys (test_specifications.CanonicalTests.test_duplicate_keys) ... ok
test_exponent (test_specifications.CanonicalTests.test_exponent) ... ok
test_fixed_bytes (test_specifications.CanonicalTests.test_fixed_bytes) ... ok
test_float (test_specifications.CanonicalTests.test_float) ... ok
test_key_order (test_specifications.CanonicalTests.test_key_order) ... ok
test_nan (test_specifications.CanonicalTests.test_nan) ... ok
test_negative_zero (test_specifications.CanonicalTests.test_negative_zero) ... ok
test_nonascii_key (test_specifications.CanonicalTests.test_nonascii_key) ... ok
test_range (test_specifications.CanonicalTests.test_range) ... ok
test_size (test_specifications.CanonicalTests.test_size) ... ok
test_surrogate (test_specifications.CanonicalTests.test_surrogate) ... ok
test_denied_grant (test_specifications.DesignExamples.test_denied_grant) ... ok
test_invisible_provider (test_specifications.DesignExamples.test_invisible_provider) ... ok
test_missing_feature (test_specifications.DesignExamples.test_missing_feature) ... ok
test_missing_operation (test_specifications.DesignExamples.test_missing_operation) ... ok
test_missing_pin_no_fallback (test_specifications.DesignExamples.test_missing_pin_no_fallback) ... ok
test_numeric_version (test_specifications.DesignExamples.test_numeric_version) ... ok
test_pin (test_specifications.DesignExamples.test_pin) ... ok
test_shuffle_resolution (test_specifications.DesignExamples.test_shuffle_resolution) ... ok
test_untrusted_provider (test_specifications.DesignExamples.test_untrusted_provider) ... ok
test_wrong_major (test_specifications.DesignExamples.test_wrong_major) ... ok
test_absolute_path (test_specifications.NegativeTests.test_absolute_path) ... ok
test_backslash_path (test_specifications.NegativeTests.test_backslash_path) ... ok
test_bad_grant_interval (test_specifications.NegativeTests.test_bad_grant_interval) ... ok
test_duplicate_bundle_path (test_specifications.NegativeTests.test_duplicate_bundle_path) ... ok
test_duplicate_features (test_specifications.NegativeTests.test_duplicate_features) ... ok
test_duplicate_operation (test_specifications.NegativeTests.test_duplicate_operation) ... ok
test_duplicate_profile_plugin (test_specifications.NegativeTests.test_duplicate_profile_plugin) ... ok
test_leading_zero_version (test_specifications.NegativeTests.test_leading_zero_version) ... ok
test_path_traversal (test_specifications.NegativeTests.test_path_traversal) ... ok
test_prerelease (test_specifications.NegativeTests.test_prerelease) ... ok
test_remote_schema (test_specifications.NegativeTests.test_remote_schema) ... ok
test_retry_denial (test_specifications.NegativeTests.test_retry_denial) ... ok
test_secret_value_in_profile (test_specifications.NegativeTests.test_secret_value_in_profile) ... ok
test_unknown_mode (test_specifications.NegativeTests.test_unknown_mode) ... ok
test_missing_field_bundle (test_specifications.SchemaTests.test_missing_field_bundle) ... ok
test_missing_field_call (test_specifications.SchemaTests.test_missing_field_call) ... ok
test_missing_field_capability (test_specifications.SchemaTests.test_missing_field_capability) ... ok
test_missing_field_error (test_specifications.SchemaTests.test_missing_field_error) ... ok
test_missing_field_event (test_specifications.SchemaTests.test_missing_field_event) ... ok
test_missing_field_event_descriptor (test_specifications.SchemaTests.test_missing_field_event_descriptor) ... ok
test_missing_field_event_grant (test_specifications.SchemaTests.test_missing_field_event_grant) ... ok
test_missing_field_grant (test_specifications.SchemaTests.test_missing_field_grant) ... ok
test_missing_field_package_index (test_specifications.SchemaTests.test_missing_field_package_index) ... ok
test_missing_field_plugin (test_specifications.SchemaTests.test_missing_field_plugin) ... ok
test_missing_field_profile (test_specifications.SchemaTests.test_missing_field_profile) ... ok
test_missing_field_resolution_lock (test_specifications.SchemaTests.test_missing_field_resolution_lock) ... ok
test_missing_field_response (test_specifications.SchemaTests.test_missing_field_response) ... ok
test_missing_field_revocation (test_specifications.SchemaTests.test_missing_field_revocation) ... ok
test_missing_field_root_rotation (test_specifications.SchemaTests.test_missing_field_root_rotation) ... ok
test_missing_field_secret_grant (test_specifications.SchemaTests.test_missing_field_secret_grant) ... ok
test_missing_field_signature (test_specifications.SchemaTests.test_missing_field_signature) ... ok
test_missing_field_trust_policy (test_specifications.SchemaTests.test_missing_field_trust_policy) ... ok
test_unknown_field_bundle (test_specifications.SchemaTests.test_unknown_field_bundle) ... ok
test_unknown_field_call (test_specifications.SchemaTests.test_unknown_field_call) ... ok
test_unknown_field_capability (test_specifications.SchemaTests.test_unknown_field_capability) ... ok
test_unknown_field_error (test_specifications.SchemaTests.test_unknown_field_error) ... ok
test_unknown_field_event (test_specifications.SchemaTests.test_unknown_field_event) ... ok
test_unknown_field_event_descriptor (test_specifications.SchemaTests.test_unknown_field_event_descriptor) ... ok
test_unknown_field_event_grant (test_specifications.SchemaTests.test_unknown_field_event_grant) ... ok
test_unknown_field_grant (test_specifications.SchemaTests.test_unknown_field_grant) ... ok
test_unknown_field_package_index (test_specifications.SchemaTests.test_unknown_field_package_index) ... ok
test_unknown_field_plugin (test_specifications.SchemaTests.test_unknown_field_plugin) ... ok
test_unknown_field_profile (test_specifications.SchemaTests.test_unknown_field_profile) ... ok
test_unknown_field_resolution_lock (test_specifications.SchemaTests.test_unknown_field_resolution_lock) ... ok
test_unknown_field_response (test_specifications.SchemaTests.test_unknown_field_response) ... ok
test_unknown_field_revocation (test_specifications.SchemaTests.test_unknown_field_revocation) ... ok
test_unknown_field_root_rotation (test_specifications.SchemaTests.test_unknown_field_root_rotation) ... ok
test_unknown_field_secret_grant (test_specifications.SchemaTests.test_unknown_field_secret_grant) ... ok
test_unknown_field_signature (test_specifications.SchemaTests.test_unknown_field_signature) ... ok
test_unknown_field_trust_policy (test_specifications.SchemaTests.test_unknown_field_trust_policy) ... ok
test_valid_bundle (test_specifications.SchemaTests.test_valid_bundle) ... ok
test_valid_call (test_specifications.SchemaTests.test_valid_call) ... ok
test_valid_capability (test_specifications.SchemaTests.test_valid_capability) ... ok
test_valid_error (test_specifications.SchemaTests.test_valid_error) ... ok
test_valid_event (test_specifications.SchemaTests.test_valid_event) ... ok
test_valid_event_descriptor (test_specifications.SchemaTests.test_valid_event_descriptor) ... ok
test_valid_event_grant (test_specifications.SchemaTests.test_valid_event_grant) ... ok
test_valid_grant (test_specifications.SchemaTests.test_valid_grant) ... ok
test_valid_package_index (test_specifications.SchemaTests.test_valid_package_index) ... ok
test_valid_plugin (test_specifications.SchemaTests.test_valid_plugin) ... ok
test_valid_profile (test_specifications.SchemaTests.test_valid_profile) ... ok
test_valid_resolution_lock (test_specifications.SchemaTests.test_valid_resolution_lock) ... ok
test_valid_response (test_specifications.SchemaTests.test_valid_response) ... ok
test_valid_revocation (test_specifications.SchemaTests.test_valid_revocation) ... ok
test_valid_root_rotation (test_specifications.SchemaTests.test_valid_root_rotation) ... ok
test_valid_secret_grant (test_specifications.SchemaTests.test_valid_secret_grant) ... ok
test_valid_signature (test_specifications.SchemaTests.test_valid_signature) ... ok
test_valid_trust_policy (test_specifications.SchemaTests.test_valid_trust_policy) ... ok
test_activation_staging (test_specifications.ScopeLifecycleExamples.test_activation_staging) ... ok
test_ancestor_visible (test_specifications.ScopeLifecycleExamples.test_ancestor_visible) ... ok
test_bad_signature_padding (test_specifications.ScopeLifecycleExamples.test_bad_signature_padding) ... ok
test_call_cannot_assert_authority (test_specifications.ScopeLifecycleExamples.test_call_cannot_assert_authority) ... ok
test_child_hidden_from_parent (test_specifications.ScopeLifecycleExamples.test_child_hidden_from_parent) ... ok
test_grant_expiry_boundary (test_specifications.ScopeLifecycleExamples.test_grant_expiry_boundary) ... ok
test_grant_intersection (test_specifications.ScopeLifecycleExamples.test_grant_intersection) ... ok
test_reverse_disposal_order (test_specifications.ScopeLifecycleExamples.test_reverse_disposal_order) ... ok
test_revoked_revision (test_specifications.ScopeLifecycleExamples.test_revoked_revision) ... ok
test_scope_self_visible (test_specifications.ScopeLifecycleExamples.test_scope_self_visible) ... ok
test_sibling_hidden (test_specifications.ScopeLifecycleExamples.test_sibling_hidden) ... ok
test_stale_generation (test_specifications.ScopeLifecycleExamples.test_stale_generation) ... ok
test_terminal_state (test_specifications.ScopeLifecycleExamples.test_terminal_state) ... ok

----------------------------------------------------------------------
Ran 193 tests in 0.299s

OK

> alica-v2@0.0.0 boundaries
> node tools/check-boundaries.mjs

Public import boundaries passed

> alica-v2@0.0.0 secrets
> python3 tools/check-secrets.py

Secret pattern check passed

> alica-v2@0.0.0 dependencies
> python3 -S tools/check-dependencies.py

npm @types/node 24.13.5 MIT
npm ajv 8.20.0 MIT
npm fast-deep-equal 3.1.3 MIT
npm fast-uri 3.1.8 BSD-3-Clause
npm json-schema-traverse 1.0.0 MIT
npm prettier 3.9.7 MIT
npm require-from-string 2.0.2 MIT
npm typescript 6.0.3 Apache-2.0
npm undici-types 7.18.2 MIT
python attrs 26.1.0 MIT
python cffi 2.1.1 MIT-0
python cryptography 50.0.1 Apache-2.0 OR BSD-3-Clause
python jsonschema 4.26.0 MIT
python jsonschema-specifications 2025.9.1 MIT
python pycparser 3.0 BSD-3-Clause
python referencing 0.37.0 MIT
python rpds-py 2026.6.3 MIT
python typing_extensions 4.16.0 PSF-2.0
Exact dependencies and reviewed license allowlist passed; not a vulnerability scan

> alica-v2@0.0.0 test:isolated
> node tools/test-isolated.mjs

{"schemaVersion":"alica.isolated-conformance/v1","passed":true,"installedPackages":["@alica/acap-types","@alica/acap-contracts","@alica/alicac"],"kernelInstalled":false,"generatedArtifactsDeterministic":true,"generatedTypesChecked":true,"wireRoundTrip":true,"conformance":{"checks":[{"name":"fixture:independent-add","passed":true},{"name":"fixture:recorded-replay","passed":true},{"name":"fixture:changed-payload-conflict","passed":true},{"name":"fixture:stream-count","passed":true},{"name":"fixture:empty-stream","passed":true},{"name":"wrong-digest","passed":true},{"name":"unknown-operation","passed":true},{"name":"expired-request","passed":true},{"name":"caller-spoof","passed":true},{"name":"incompatible-negotiation","passed":true}],"descriptorDigest":"sha256:8766c5d4a8e68a5194a76fc0ce18ed3b50b86ce8765508fc95c05de0d83bff21","passed":true,"schemaVersion":"alica.conformance/v1"}}
ISOLATED_CONSUMER_PASS kernelUnavailable=true generatedClient=true wireRoundTrip=true idempotentInvocations=1
