
> alica-v2@0.0.0 check
> node tools/check-toolchain.mjs && npm run format:check && npm run build && npm run typecheck && npm run test && node tools/check-schema-sync.mjs && npm run schema && npm run boundaries && npm run secrets && npm run dependencies && npm run test:isolated && node tools/check-sdk-api.mjs && npm run test:external && npm run test:g6-design && npm run build:g6-native && npm run test:g6-native

Pinned Node/npm verified

> alica-v2@0.0.0 format:check
> prettier --check package.json package-lock.json tsconfig*.json packages tools/*.mjs tests/foundation tests/kernel tests/contracts .github/workflows tests/sdk tests/ipc

Checking formatting...
All matched files use Prettier code style!

> alica-v2@0.0.0 build
> node tools/build.mjs


> alica-v2@0.0.0 typecheck
> tsc -p tsconfig.json --noEmit


> alica-v2@0.0.0 test
> node --experimental-vm-modules --test tests/foundation/*.test.mjs tests/kernel/*.test.mjs tests/contracts/*.test.mjs tests/sdk/*.test.mjs

✔ CLI init/validate/generators run and preserve existing operator files (1804.363835ms)
✔ CLI rejects invalid syntax/unknown flags, duplicate JSON, and redacts diagnostics (738.778138ms)
✔ CLI plugin/bundle/profile validation checks linked artifacts and raw inventory (970.304139ms)
✔ CLI plugin validation denies symlink escape even for a syntactically valid path (247.856194ms)
✔ CLI conformance has human and machine reports and nonzero exit for wrong behavior (741.926132ms)
✔ CLI validates expected descriptor digest before running conformance (258.831631ms)
✔ stream-only provider passes conformance without unary assumptions (255.496012ms)
✔ generated descriptor preserves prototype-named keys as JSON data (273.147563ms)
✔ public descriptor schema and canonical digest reject semantic and unknown-field violations (10.534045ms)
✔ required versus optional features, version range and digest negotiation (8.008481ms)
✔ closed wire protocol validates digest, unknown operations, payloads and spoofed identity (4.585791ms)
✔ authentication runs before revealing malformed contract details (1.908031ms)
✔ wire behavior survives JSON round trips and non-local plain exceptions (3.79924ms)
✔ invalid provider output has normalized contract mismatch (9.501592ms)
✔ absolute expiration causes zero provider invocations and maximum budget clamps (1.914263ms)
✔ cancellation before completion is terminal exactly once (28.375403ms)
✔ cancellation during completion is terminal exactly once (27.513119ms)
✔ cancellation after completion is terminal exactly once (46.318841ms)
✔ request IDs are unique while outstanding; explicit cancel is idempotent (2.949351ms)
✔ parent cancellation and deadlines propagate across sessions (63.555281ms)
✔ instance idempotency: replay, conflict, in-flight duplicate and scope isolation (33.697608ms)
✔ idempotency retention, reset and finite capacity never silently evict live keys (27.16306ms)
✔ none rejects keys; stream idempotency is invalid; durable claim is not faked (2.04091ms)
✔ stream yields detached validated items and exactly one iterator completion (2.12496ms)
✔ stream invalid item and explicit cancellation terminate without late items (2.533819ms)
(node:67797) ExperimentalWarning: VM Modules is an experimental feature and might change at any time
(Use `node --trace-warnings ...` to show where the warning was created)
✔ stream rechecks authority before each item delivery (2.818254ms)
✔ bounded event primitive terminates on overflow and never leaks subsequent queued data (0.402527ms)
✔ event envelope validates exact descriptor and broker identity fields (2.376682ms)
✔ generation is byte deterministic and descriptor changes change generated bindings (6.062721ms)
✔ profile validation rejects duplicate roots, cycles, and unknown pins (4.104094ms)
✔ conformance fails an incorrect provider instead of just validating descriptor (4.333927ms)
✔ Kernel dispatch supports stream and revocation without Kernel imports in provider (104.2987ms)
✔ Kernel instance-idempotency cache is shared across consumer handles (96.251224ms)
✔ monotonic budget prevents late success when wall clock does not advance (13.836811ms)
✔ terminal release callback runs once on both success and cancellation (36.655716ms)
✔ wire diagnostic correlation is preserved without exception identity (0.710497ms)
✔ closed provider refuses both unary and streaming execution (2.154514ms)
✔ conformance does not confuse its own oracle mismatch with a provider error (3.014282ms)
✔ credit starts at zero, bounds grants, and cancellation releases waiting producer (3.684635ms)
✔ slow stream reader applies backpressure rather than consuming unseen items (12.297934ms)
✔ stream values and terminal errors cross JSON without local exception identity (3.036835ms)
✔ stream decoder rejects missing terminal, bad sequence, and unknown fields (0.410071ms)
✔ prototype-named JSON properties remain data through descriptor and invocation (1.139364ms)
✔ finite payload interpreter enforces all G1 type constraints without coercion (0.397107ms)
✔ boundary CLI fails on planted source violation (310.857804ms)
✔ built public entry has no accidental runtime implementation (0.990745ms)
✔ reject deep import (5.459755ms)
✔ reject cross-package relative (0.891678ms)
✔ reject V1 absolute (0.44127ms)
✔ reject dynamic computed (2.127734ms)
✔ reject undeclared external (0.291679ms)
✔ reject developer tooling from package (0.467039ms)
✔ reject host dependency from package (0.394332ms)
✔ reject escape to repo tools (0.470676ms)
✔ accept public type import (0.445818ms)
✔ package exports reject deep runtime import (37.150687ms)
✔ planted synthetic token is rejected without leaking its value (42.907612ms)
✔ ordinary public data passes secret scanner (41.426445ms)
(node:67858) ExperimentalWarning: VM Modules is an experimental feature and might change at any time
(Use `node --trace-warnings ...` to show where the warning was created)
✔ same capability/version with different digest is rejected before activation (50.127791ms)
✔ duplicate visible provider identity is conflict, not load-order selection (37.025431ms)
✔ version/feature exclusions explain deterministic ranking and optional negotiation (134.924046ms)
✔ planning is registry/lifecycle read-only; profile pin controls real calls and lock (423.72044ms)
✔ invalid profile pin fails before evaluating any module (22.406569ms)
✔ cancellation first terminal outcome wins over immediate provider success (91.773958ms)
✔ call values are detached in both directions, not live objects (82.641271ms)
✔ pending uncooperative call is reported instead of falsely clean disposal (94.945367ms)
✔ expired trust stops new calls and quiesces all live instances (124.943645ms)
✔ secret grant rechecked immediately before result delivery (35.200707ms)
✔ nested scopes destroyed before parent owner and stale contexts never revive (36.274969ms)
✔ nested calls cannot extend inherited deadline (174.051184ms)
✔ same-version altered trust metadata and corrupted durable state are rejected (14.298891ms)
(node:67865) ExperimentalWarning: VM Modules is an experimental feature and might change at any time
(Use `node --trace-warnings ...` to show where the warning was created)
✔ independent Echo A passes unchanged consumer suite (357.012737ms)
✔ independent Echo B passes unchanged consumer suite (356.439637ms)
✔ selection invariant under order a,b (178.428722ms)
✔ selection invariant under order b,a (169.286757ms)
✔ strict parser rejects {"a":1,"a":2} (0.265741ms)
✔ strict parser rejects {"a":1e0} (0.160662ms)
✔ strict parser rejects {"a":1.0} (0.119405ms)
✔ strict parser rejects {"a":9007199254740992} (0.123363ms)
✔ strict parser rejects {"a":"\ud800"} (0.248508ms)
✔ strict parser rejects {"é":1} (0.17575ms)
✔ strict parser rejects [1,] (0.113974ms)
✔ strict parser rejects {"a":true}x (0.092274ms)
✔ bounded parsing/canonicalization rejects deep, cyclic, accessor, sparse and oversized values (1.217431ms)
✔ runtime canonical digest matches G1 descriptor and Unicode/control rules (0.265451ms)
✔ configuration is closed and secrets cannot be placed in config (8.988346ms)
✔ verification rejects signature before evaluation (16.624768ms)
✔ verification rejects file before evaluation (15.101381ms)
✔ verification rejects unknown-manifest before evaluation (14.031257ms)
✔ verification rejects duplicate-json before evaluation (16.000664ms)
✔ verification rejects untrusted-key before evaluation (18.600727ms)
✔ verification rejects invalid-stream-idempotency before evaluation (15.944778ms)
✔ loaded bytes are immutable after verification (28.637807ms)
✔ unverified module imports cannot be linked or evaluated (14.94122ms)
✔ missing mandatory dependency blocks ACTIVE (17.993215ms)
✔ incompatible mandatory dependency blocks ACTIVE (26.485034ms)
✔ denied mandatory dependency blocks ACTIVE (28.637064ms)
✔ mandatory cycles rejected; no participant becomes ACTIVE (41.696783ms)
✔ partial activation never publishes; effects clean in reverse order; disposal idempotent (25.687283ms)
✔ staged registration invisible while activation awaits (51.178628ms)
✔ cleanup failures remain FAILED, remaining disposers still execute (32.006527ms)
✔ uncooperative disposer times out and requires restart (40.667857ms)
✔ capability denial and optional absence are distinct (43.453841ms)
✔ revoked grant invalidates retained handle (58.95328ms)
✔ expired grant invalidates retained handle (62.349321ms)
✔ wrong principal/instance/scope generation and widened child grants rejected (46.889927ms)
✔ child scope teardown invalidates handles and removes only owned resources (77.48146ms)
✔ parent cannot see child registrations (53.104663ms)
✔ mandatory provider loss quiesces consumer transitively without rebinding (137.096596ms)
✔ revocation during call prevents result delivery (103.798058ms)
✔ unload during call cancels delivery and cleans call tracking (75.579731ms)
✔ deadline, cancellation, input/output validation and no idempotent replay (140.947183ms)
✔ provider errors and invalid output normalized without value leakage (82.136661ms)
✔ secret access requires declaration and separate grant; inspection redacts values (33.455604ms)
✔ events deliver FIFO broker identity; disposer removes listener (67.531163ms)
✔ event rechecks revoked subscription and publisher; handler failures isolated (71.55661ms)
✔ bounded event overflow terminates affected subscription and cleanup reclaims listener (113.240018ms)
✔ audit exhaustion blocks mutation but never emergency revocation (31.189127ms)
✔ expired trust and backward clock fail closed (32.384095ms)
✔ trust revocation quiesces running providers (111.806339ms)
✔ persistent trust state rejects rollback and missing-state recovery (15.999761ms)
✔ root rotation requires both old and new signatures plus exact next policy (37.294197ms)
(node:67952) ExperimentalWarning: VM Modules is an experimental feature and might change at any time
(Use `node --trace-warnings ...` to show where the warning was created)
✔ runtime matches frozen Python/OpenSSL vector C-00 (2.084363ms)
✔ runtime matches frozen Python/OpenSSL vector C-01 (0.190368ms)
✔ runtime matches frozen Python/OpenSSL vector C-02 (0.14344ms)
✔ runtime matches frozen Python/OpenSSL vector C-03 (0.131087ms)
✔ runtime matches frozen Python/OpenSSL vector C-04 (0.184057ms)
✔ runtime matches frozen Python/OpenSSL vector C-05 (0.196039ms)
✔ runtime matches frozen Python/OpenSSL vector C-06 (0.176171ms)
✔ runtime matches frozen Python/OpenSSL vector C-07 (0.150584ms)
✔ runtime matches frozen Python/OpenSSL vector C-08 (0.173527ms)
✔ runtime matches frozen Python/OpenSSL vector C-09 (0.285558ms)
✔ runtime matches frozen Python/OpenSSL vector C-10 (0.167796ms)
✔ runtime matches frozen Python/OpenSSL vector C-11 (0.16991ms)
✔ runtime matches frozen Python/OpenSSL vector C-12 (0.102253ms)
✔ runtime matches frozen Python/OpenSSL vector C-13 (0.117752ms)
✔ runtime matches frozen Python/OpenSSL vector C-14 (0.151937ms)
✔ runtime matches frozen Python/OpenSSL vector C-15 (0.284505ms)
✔ runtime matches frozen Python/OpenSSL vector C-16 (0.157777ms)
✔ runtime matches frozen Python/OpenSSL vector C-17 (0.20149ms)
✔ mandatory activation binding cannot silently switch after catalog changes (153.632005ms)
✔ plugin log admits only fixed safe metadata and quiesce is idempotent (34.182751ms)
(node:67990) ExperimentalWarning: VM Modules is an experimental feature and might change at any time
(Use `node --trace-warnings ...` to show where the warning was created)
✔ real Kernel verifies and activates SDK-only signed relative module graph (118.129278ms)
✔ real Kernel rejects tampered dependent module before evaluation (14.820412ms)
✔ production linker rejects @alica/kernel before evaluation (19.311654ms)
✔ production linker rejects @alica/testkit before evaluation (17.185843ms)
✔ production linker rejects node:fs before evaluation (21.821828ms)
✔ production linker rejects ../../escape.js before evaluation (16.093508ms)
✔ production linker rejects ./missing.js before evaluation (16.601705ms)
✔ production linker rejects @alica/plugin-sdk/dist/index.js before evaluation (15.139372ms)
✔ real SDK optional cannot turn a denied capability into absence (56.548534ms)
✔ public SDK provides, resolves, and bridges generated endpoints (23.275424ms)
✔ independently implemented provider substitutes without consumer changes (6.863226ms)
✔ missing optional returns null but denied optional does not hide permissions (2.371402ms)
✔ optional does not hide incompatible present provider (4.087172ms)
✔ idempotent disposer shares result and rejection without executing twice (0.558241ms)
✔ owned effects clean in reverse order and partial acquisition cleans immediately (1.964417ms)
✔ activation injection rolls back staged providers and acquired effects (2.813083ms)
✔ revocation injection rejects existing handle before provider dispatch (2.411669ms)
✔ timeout injection is deterministic, one-shot, and not elapsed-time simulation (2.335336ms)
✔ cleanup injection is reported while remaining cleanups continue (1.055186ms)
✔ cleanup timeout is visible and does not hang disposal (5.47793ms)
✔ destroyed child handles cannot escape their owning scope (3.397746ms)
✔ provider disposal invalidates old handles instead of rebinding (1.708364ms)
✔ typed events validate payloads and deliver immutable broker envelopes (4.815883ms)
✔ secret references are scoped and logs refuse arbitrary data fields (1.150366ms)
✔ invalid input and unknown operation retain exact ACAP rejection codes (2.169822ms)
✔ uncooperative event handler is reported as incomplete cleanup (5.855189ms)
✔ optional validates malformed requirement before reporting absence (0.767665ms)
ℹ tests 169
ℹ suites 0
ℹ pass 169
ℹ fail 0
ℹ cancelled 0
ℹ skipped 0
ℹ todo 0
ℹ duration_ms 5572.548475
Runtime schemas match frozen G1 schema sources

> alica-v2@0.0.0 schema
> python3 -S tools/run-design.py

test_authorized (test_g1_completion.AuthorityLifecycle.test_authorized) ... ok
test_changed_instance (test_g1_completion.AuthorityLifecycle.test_changed_instance) ... ok
test_changed_principal (test_g1_completion.AuthorityLifecycle.test_changed_principal) ... ok
test_deadline_inheritance (test_g1_completion.AuthorityLifecycle.test_deadline_inheritance) ... ok
test_every_transition (test_g1_completion.AuthorityLifecycle.test_every_transition) ... ok
test_expiry_boundary (test_g1_completion.AuthorityLifecycle.test_expiry_boundary) ... ok
test_future_issuance (test_g1_completion.AuthorityLifecycle.test_future_issuance) ... ok
test_offline_backward_clock (test_g1_completion.AuthorityLifecycle.test_offline_backward_clock) ... ok
test_offline_expired (test_g1_completion.AuthorityLifecycle.test_offline_expired) ... ok
test_offline_fresh (test_g1_completion.AuthorityLifecycle.test_offline_fresh) ... ok
test_offline_old_metadata (test_g1_completion.AuthorityLifecycle.test_offline_old_metadata) ... ok
test_offline_rollback_metadata (test_g1_completion.AuthorityLifecycle.test_offline_rollback_metadata) ... ok
test_partial_cleanup_keeps_failure (test_g1_completion.AuthorityLifecycle.test_partial_cleanup_keeps_failure) ... ok
test_reused_scope (test_g1_completion.AuthorityLifecycle.test_reused_scope) ... ok
test_revision_revoke (test_g1_completion.AuthorityLifecycle.test_revision_revoke) ... ok
test_revoked_flag (test_g1_completion.AuthorityLifecycle.test_revoked_flag) ... ok
test_sibling_scope (test_g1_completion.AuthorityLifecycle.test_sibling_scope) ... ok
test_terminal_first_wins (test_g1_completion.AuthorityLifecycle.test_terminal_first_wins) ... ok
test_wrong_operation (test_g1_completion.AuthorityLifecycle.test_wrong_operation) ... ok
test_semantic_positive_bundle (test_g1_completion.CompleteSchemas.test_semantic_positive_bundle) ... ok
test_semantic_positive_call (test_g1_completion.CompleteSchemas.test_semantic_positive_call) ... ok
test_semantic_positive_capability (test_g1_completion.CompleteSchemas.test_semantic_positive_capability) ... ok
test_semantic_positive_error (test_g1_completion.CompleteSchemas.test_semantic_positive_error) ... ok
test_semantic_positive_event (test_g1_completion.CompleteSchemas.test_semantic_positive_event) ... ok
test_semantic_positive_event_descriptor (test_g1_completion.CompleteSchemas.test_semantic_positive_event_descriptor) ... ok
test_semantic_positive_event_grant (test_g1_completion.CompleteSchemas.test_semantic_positive_event_grant) ... ok
test_semantic_positive_grant (test_g1_completion.CompleteSchemas.test_semantic_positive_grant) ... ok
test_semantic_positive_package_index (test_g1_completion.CompleteSchemas.test_semantic_positive_package_index) ... ok
test_semantic_positive_plugin (test_g1_completion.CompleteSchemas.test_semantic_positive_plugin) ... ok
test_semantic_positive_profile (test_g1_completion.CompleteSchemas.test_semantic_positive_profile) ... ok
test_semantic_positive_resolution_lock (test_g1_completion.CompleteSchemas.test_semantic_positive_resolution_lock) ... ok
test_semantic_positive_response (test_g1_completion.CompleteSchemas.test_semantic_positive_response) ... ok
test_semantic_positive_revocation (test_g1_completion.CompleteSchemas.test_semantic_positive_revocation) ... ok
test_semantic_positive_root_rotation (test_g1_completion.CompleteSchemas.test_semantic_positive_root_rotation) ... ok
test_semantic_positive_secret_grant (test_g1_completion.CompleteSchemas.test_semantic_positive_secret_grant) ... ok
test_semantic_positive_signature (test_g1_completion.CompleteSchemas.test_semantic_positive_signature) ... ok
test_semantic_positive_trust_policy (test_g1_completion.CompleteSchemas.test_semantic_positive_trust_policy) ... ok
test_dual_root_and_openssl (test_g1_completion.CryptoVectors.test_dual_root_and_openssl) ... ok
test_missing_rotation_signature (test_g1_completion.CryptoVectors.test_missing_rotation_signature) ... ok
test_tampered_record (test_g1_completion.CryptoVectors.test_tampered_record) ... ok
test_wrong_domain (test_g1_completion.CryptoVectors.test_wrong_domain) ... ok
test_wrong_root (test_g1_completion.CryptoVectors.test_wrong_root) ... ok
test_both_reject_nonascii_key (test_g1_completion.Digests.test_both_reject_nonascii_key) ... ok
test_both_reject_surrogate (test_g1_completion.Digests.test_both_reject_surrogate) ... ok
test_golden_vectors (test_g1_completion.Digests.test_golden_vectors) ... ok
test_reject_duplicates_raw (test_g1_completion.Digests.test_reject_duplicates_raw) ... ok
test_reject_oversize_raw (test_g1_completion.Digests.test_reject_oversize_raw) ... ok
test_const_enum_mismatch (test_g1_completion.NegativeSemantic.test_const_enum_mismatch) ... ok
test_const_wrong_type (test_g1_completion.NegativeSemantic.test_const_wrong_type) ... ok
test_dependency_duplicates (test_g1_completion.NegativeSemantic.test_dependency_duplicates) ... ok
test_empty_capability_operations (test_g1_completion.NegativeSemantic.test_empty_capability_operations) ... ok
test_enum_duplicate (test_g1_completion.NegativeSemantic.test_enum_duplicate) ... ok
test_enum_wrong_type (test_g1_completion.NegativeSemantic.test_enum_wrong_type) ... ok
test_event_descriptor_fixture_binding (test_g1_completion.NegativeSemantic.test_event_descriptor_fixture_binding) ... ok
test_event_duplicate_declaration (test_g1_completion.NegativeSemantic.test_event_duplicate_declaration) ... ok
test_event_instance_required (test_g1_completion.NegativeSemantic.test_event_instance_required) ... ok
test_event_scope_generation_required (test_g1_completion.NegativeSemantic.test_event_scope_generation_required) ... ok
test_event_unknown_metadata (test_g1_completion.NegativeSemantic.test_event_unknown_metadata) ... ok
test_event_wrong_operation (test_g1_completion.NegativeSemantic.test_event_wrong_operation) ... ok
test_expired_interval (test_g1_completion.NegativeSemantic.test_expired_interval) ... ok
test_feature_overlap (test_g1_completion.NegativeSemantic.test_feature_overlap) ... ok
test_inverted_version_range (test_g1_completion.NegativeSemantic.test_inverted_version_range) ... ok
test_lock_duplicate_binding (test_g1_completion.NegativeSemantic.test_lock_duplicate_binding) ... ok
test_lock_plugin_order (test_g1_completion.NegativeSemantic.test_lock_plugin_order) ... ok
test_lock_unknown_provider (test_g1_completion.NegativeSemantic.test_lock_unknown_provider) ... ok
test_lock_wrong_package (test_g1_completion.NegativeSemantic.test_lock_wrong_package) ... ok
test_missing_idempotency_policy (test_g1_completion.NegativeSemantic.test_missing_idempotency_policy) ... ok
test_package_duplicate_path (test_g1_completion.NegativeSemantic.test_package_duplicate_path) ... ok
test_package_missing_manifest (test_g1_completion.NegativeSemantic.test_package_missing_manifest) ... ok
test_payload_range (test_g1_completion.NegativeSemantic.test_payload_range) ... ok
test_payload_wrong_keyword (test_g1_completion.NegativeSemantic.test_payload_wrong_keyword) ... ok
test_pin_unknown_provider (test_g1_completion.NegativeSemantic.test_pin_unknown_provider) ... ok
test_policy_for_none (test_g1_completion.NegativeSemantic.test_policy_for_none) ... ok
test_required_missing_property (test_g1_completion.NegativeSemantic.test_required_missing_property) ... ok
test_response_both_outcomes (test_g1_completion.NegativeSemantic.test_response_both_outcomes) ... ok
test_rotation_same_key (test_g1_completion.NegativeSemantic.test_rotation_same_key) ... ok
test_rotation_skips_version (test_g1_completion.NegativeSemantic.test_rotation_skips_version) ... ok
test_scope_cycle (test_g1_completion.NegativeSemantic.test_scope_cycle) ... ok
test_scope_two_roots (test_g1_completion.NegativeSemantic.test_scope_two_roots) ... ok
test_secret_wrong_operation (test_g1_completion.NegativeSemantic.test_secret_wrong_operation) ... ok
test_stream_idempotency (test_g1_completion.NegativeSemantic.test_stream_idempotency) ... ok
test_unknown_parent (test_g1_completion.NegativeSemantic.test_unknown_parent) ... ok
test_version_component_overflow (test_g1_completion.NegativeSemantic.test_version_component_overflow) ... ok
test_catalog_permutations (test_g1_completion.Negotiation.test_catalog_permutations) ... ok
test_conflicting_descriptor (test_g1_completion.Negotiation.test_conflicting_descriptor) ... ok
test_max_minor (test_g1_completion.Negotiation.test_max_minor) ... ok
test_optional_features (test_g1_completion.Negotiation.test_optional_features) ... ok
test_optional_features_absent (test_g1_completion.Negotiation.test_optional_features_absent) ... ok
test_bool_not_integer (test_specifications.CanonicalTests.test_bool_not_integer) ... ok
test_depth (test_specifications.CanonicalTests.test_depth) ... ok
test_descriptor_digest (test_specifications.CanonicalTests.test_descriptor_digest) ... ok
test_duplicate_keys (test_specifications.CanonicalTests.test_duplicate_keys) ... ok
test_exponent (test_specifications.CanonicalTests.test_exponent) ... ok
test_fixed_bytes (test_specifications.CanonicalTests.test_fixed_bytes) ... ok
test_float (test_specifications.CanonicalTests.test_float) ... ok
test_key_order (test_specifications.CanonicalTests.test_key_order) ... ok
test_nan (test_specifications.CanonicalTests.test_nan) ... ok
test_negative_zero (test_specifications.CanonicalTests.test_negative_zero) ... ok
test_nonascii_key (test_specifications.CanonicalTests.test_nonascii_key) ... ok
test_range (test_specifications.CanonicalTests.test_range) ... ok
test_size (test_specifications.CanonicalTests.test_size) ... ok
test_surrogate (test_specifications.CanonicalTests.test_surrogate) ... ok
test_denied_grant (test_specifications.DesignExamples.test_denied_grant) ... ok
test_invisible_provider (test_specifications.DesignExamples.test_invisible_provider) ... ok
test_missing_feature (test_specifications.DesignExamples.test_missing_feature) ... ok
test_missing_operation (test_specifications.DesignExamples.test_missing_operation) ... ok
test_missing_pin_no_fallback (test_specifications.DesignExamples.test_missing_pin_no_fallback) ... ok
test_numeric_version (test_specifications.DesignExamples.test_numeric_version) ... ok
test_pin (test_specifications.DesignExamples.test_pin) ... ok
test_shuffle_resolution (test_specifications.DesignExamples.test_shuffle_resolution) ... ok
test_untrusted_provider (test_specifications.DesignExamples.test_untrusted_provider) ... ok
test_wrong_major (test_specifications.DesignExamples.test_wrong_major) ... ok
test_absolute_path (test_specifications.NegativeTests.test_absolute_path) ... ok
test_backslash_path (test_specifications.NegativeTests.test_backslash_path) ... ok
test_bad_grant_interval (test_specifications.NegativeTests.test_bad_grant_interval) ... ok
test_duplicate_bundle_path (test_specifications.NegativeTests.test_duplicate_bundle_path) ... ok
test_duplicate_features (test_specifications.NegativeTests.test_duplicate_features) ... ok
test_duplicate_operation (test_specifications.NegativeTests.test_duplicate_operation) ... ok
test_duplicate_profile_plugin (test_specifications.NegativeTests.test_duplicate_profile_plugin) ... ok
test_leading_zero_version (test_specifications.NegativeTests.test_leading_zero_version) ... ok
test_path_traversal (test_specifications.NegativeTests.test_path_traversal) ... ok
test_prerelease (test_specifications.NegativeTests.test_prerelease) ... ok
test_remote_schema (test_specifications.NegativeTests.test_remote_schema) ... ok
test_retry_denial (test_specifications.NegativeTests.test_retry_denial) ... ok
test_secret_value_in_profile (test_specifications.NegativeTests.test_secret_value_in_profile) ... ok
test_unknown_mode (test_specifications.NegativeTests.test_unknown_mode) ... ok
test_missing_field_bundle (test_specifications.SchemaTests.test_missing_field_bundle) ... ok
test_missing_field_call (test_specifications.SchemaTests.test_missing_field_call) ... ok
test_missing_field_capability (test_specifications.SchemaTests.test_missing_field_capability) ... ok
test_missing_field_error (test_specifications.SchemaTests.test_missing_field_error) ... ok
test_missing_field_event (test_specifications.SchemaTests.test_missing_field_event) ... ok
test_missing_field_event_descriptor (test_specifications.SchemaTests.test_missing_field_event_descriptor) ... ok
test_missing_field_event_grant (test_specifications.SchemaTests.test_missing_field_event_grant) ... ok
test_missing_field_grant (test_specifications.SchemaTests.test_missing_field_grant) ... ok
test_missing_field_package_index (test_specifications.SchemaTests.test_missing_field_package_index) ... ok
test_missing_field_plugin (test_specifications.SchemaTests.test_missing_field_plugin) ... ok
test_missing_field_profile (test_specifications.SchemaTests.test_missing_field_profile) ... ok
test_missing_field_resolution_lock (test_specifications.SchemaTests.test_missing_field_resolution_lock) ... ok
test_missing_field_response (test_specifications.SchemaTests.test_missing_field_response) ... ok
test_missing_field_revocation (test_specifications.SchemaTests.test_missing_field_revocation) ... ok
test_missing_field_root_rotation (test_specifications.SchemaTests.test_missing_field_root_rotation) ... ok
test_missing_field_secret_grant (test_specifications.SchemaTests.test_missing_field_secret_grant) ... ok
test_missing_field_signature (test_specifications.SchemaTests.test_missing_field_signature) ... ok
test_missing_field_trust_policy (test_specifications.SchemaTests.test_missing_field_trust_policy) ... ok
test_unknown_field_bundle (test_specifications.SchemaTests.test_unknown_field_bundle) ... ok
test_unknown_field_call (test_specifications.SchemaTests.test_unknown_field_call) ... ok
test_unknown_field_capability (test_specifications.SchemaTests.test_unknown_field_capability) ... ok
test_unknown_field_error (test_specifications.SchemaTests.test_unknown_field_error) ... ok
test_unknown_field_event (test_specifications.SchemaTests.test_unknown_field_event) ... ok
test_unknown_field_event_descriptor (test_specifications.SchemaTests.test_unknown_field_event_descriptor) ... ok
test_unknown_field_event_grant (test_specifications.SchemaTests.test_unknown_field_event_grant) ... ok
test_unknown_field_grant (test_specifications.SchemaTests.test_unknown_field_grant) ... ok
test_unknown_field_package_index (test_specifications.SchemaTests.test_unknown_field_package_index) ... ok
test_unknown_field_plugin (test_specifications.SchemaTests.test_unknown_field_plugin) ... ok
test_unknown_field_profile (test_specifications.SchemaTests.test_unknown_field_profile) ... ok
test_unknown_field_resolution_lock (test_specifications.SchemaTests.test_unknown_field_resolution_lock) ... ok
test_unknown_field_response (test_specifications.SchemaTests.test_unknown_field_response) ... ok
test_unknown_field_revocation (test_specifications.SchemaTests.test_unknown_field_revocation) ... ok
test_unknown_field_root_rotation (test_specifications.SchemaTests.test_unknown_field_root_rotation) ... ok
test_unknown_field_secret_grant (test_specifications.SchemaTests.test_unknown_field_secret_grant) ... ok
test_unknown_field_signature (test_specifications.SchemaTests.test_unknown_field_signature) ... ok
test_unknown_field_trust_policy (test_specifications.SchemaTests.test_unknown_field_trust_policy) ... ok
test_valid_bundle (test_specifications.SchemaTests.test_valid_bundle) ... ok
test_valid_call (test_specifications.SchemaTests.test_valid_call) ... ok
test_valid_capability (test_specifications.SchemaTests.test_valid_capability) ... ok
test_valid_error (test_specifications.SchemaTests.test_valid_error) ... ok
test_valid_event (test_specifications.SchemaTests.test_valid_event) ... ok
test_valid_event_descriptor (test_specifications.SchemaTests.test_valid_event_descriptor) ... ok
test_valid_event_grant (test_specifications.SchemaTests.test_valid_event_grant) ... ok
test_valid_grant (test_specifications.SchemaTests.test_valid_grant) ... ok
test_valid_package_index (test_specifications.SchemaTests.test_valid_package_index) ... ok
test_valid_plugin (test_specifications.SchemaTests.test_valid_plugin) ... ok
test_valid_profile (test_specifications.SchemaTests.test_valid_profile) ... ok
test_valid_resolution_lock (test_specifications.SchemaTests.test_valid_resolution_lock) ... ok
test_valid_response (test_specifications.SchemaTests.test_valid_response) ... ok
test_valid_revocation (test_specifications.SchemaTests.test_valid_revocation) ... ok
test_valid_root_rotation (test_specifications.SchemaTests.test_valid_root_rotation) ... ok
test_valid_secret_grant (test_specifications.SchemaTests.test_valid_secret_grant) ... ok
test_valid_signature (test_specifications.SchemaTests.test_valid_signature) ... ok
test_valid_trust_policy (test_specifications.SchemaTests.test_valid_trust_policy) ... ok
test_activation_staging (test_specifications.ScopeLifecycleExamples.test_activation_staging) ... ok
test_ancestor_visible (test_specifications.ScopeLifecycleExamples.test_ancestor_visible) ... ok
test_bad_signature_padding (test_specifications.ScopeLifecycleExamples.test_bad_signature_padding) ... ok
test_call_cannot_assert_authority (test_specifications.ScopeLifecycleExamples.test_call_cannot_assert_authority) ... ok
test_child_hidden_from_parent (test_specifications.ScopeLifecycleExamples.test_child_hidden_from_parent) ... ok
test_grant_expiry_boundary (test_specifications.ScopeLifecycleExamples.test_grant_expiry_boundary) ... ok
test_grant_intersection (test_specifications.ScopeLifecycleExamples.test_grant_intersection) ... ok
test_reverse_disposal_order (test_specifications.ScopeLifecycleExamples.test_reverse_disposal_order) ... ok
test_revoked_revision (test_specifications.ScopeLifecycleExamples.test_revoked_revision) ... ok
test_scope_self_visible (test_specifications.ScopeLifecycleExamples.test_scope_self_visible) ... ok
test_sibling_hidden (test_specifications.ScopeLifecycleExamples.test_sibling_hidden) ... ok
test_stale_generation (test_specifications.ScopeLifecycleExamples.test_stale_generation) ... ok
test_terminal_state (test_specifications.ScopeLifecycleExamples.test_terminal_state) ... ok

----------------------------------------------------------------------
Ran 193 tests in 0.252s

OK

> alica-v2@0.0.0 boundaries
> node tools/check-boundaries.mjs

tests/ipc/scope-correction.test.mjs: cross-package path import
tests/ipc/scope-correction.test.mjs: cross-package path import
tests/ipc/scope-wire.test.mjs: cross-package path import
