test_actual_guarded_parent_death_contains_child_with_held_pidfd (__main__.Channels) ... ERROR
test_authenticated_receive_return_late_is_not_permission (__main__.Channels) ... ok
test_forced_child_exit_is_never_normal_reap (__main__.Channels) ... ok
test_late_real_normal_exit_is_not_a_reap_permit (__main__.Channels) ... ok
test_non_parent_guard_is_rejected (__main__.Channels) ... ok
test_plain_inherited_stream_fd_and_closed_channel_are_not_credentials (__main__.Channels) ... ok
test_real_child_credentials_and_held_pidfd_normal_reap (__main__.Channels) ... ok
test_socketpair_creator_is_not_actual_child_credential (__main__.Channels) ... ok
test_syscall_return_late_normal_reap_is_not_permission (__main__.Channels) ... ok

======================================================================
ERROR: test_actual_guarded_parent_death_contains_child_with_held_pidfd (__main__.Channels)
----------------------------------------------------------------------
Traceback (most recent call last):
  File "/home/herman/g7-implementation/tests/g7/owned-channel-process.py", line 26, in test_actual_guarded_parent_death_contains_child_with_held_pidfd
    m.guard(creator)
AttributeError: module 'owned' has no attribute 'guard'

----------------------------------------------------------------------
Ran 9 tests in 0.148s

FAILED (errors=1)
ERROR
test_authenticated_receive_return_late_is_not_permission (__main__.Channels) ... ok
test_forced_child_exit_is_never_normal_reap (__main__.Channels) ... ok
test_late_real_normal_exit_is_not_a_reap_permit (__main__.Channels) ... ok
test_non_parent_guard_is_rejected (__main__.Channels) ... ok
test_plain_inherited_stream_fd_and_closed_channel_are_not_credentials (__main__.Channels) ... ok
test_real_child_credentials_and_held_pidfd_normal_reap (__main__.Channels) ... ok
test_socketpair_creator_is_not_actual_child_credential (__main__.Channels) ... ok
test_syscall_return_late_normal_reap_is_not_permission (__main__.Channels) ... ok

======================================================================
ERROR: test_actual_guarded_parent_death_contains_child_with_held_pidfd (__main__.Channels)
----------------------------------------------------------------------
Traceback (most recent call last):
  File "/home/herman/g7-implementation/tests/g7/owned-channel-process.py", line 50, in test_actual_guarded_parent_death_contains_child_with_held_pidfd
    child_fd = os.pidfd_open(int(os.read(reader, 64)))
ValueError: invalid literal for int() with base 10: b''

----------------------------------------------------------------------
Ran 9 tests in 0.323s

FAILED (errors=1)
