test_authenticated_receive_return_late_is_not_permission (__main__.Channels) ... ERROR
test_forced_child_exit_is_never_normal_reap (__main__.Channels) ... ok
test_late_real_normal_exit_is_not_a_reap_permit (__main__.Channels) ... ok
test_non_parent_guard_is_rejected (__main__.Channels) ... ok
test_plain_inherited_stream_fd_and_closed_channel_are_not_credentials (__main__.Channels) ... ok
test_real_child_credentials_and_held_pidfd_normal_reap (__main__.Channels) ... ok
test_socketpair_creator_is_not_actual_child_credential (__main__.Channels) ... ok
test_syscall_return_late_normal_reap_is_not_permission (__main__.Channels) ... ok

======================================================================
ERROR: test_authenticated_receive_return_late_is_not_permission (__main__.Channels)
----------------------------------------------------------------------
Traceback (most recent call last):
  File "/home/herman/g7-implementation/tests/g7/owned-channel-process.py", line 61, in test_authenticated_receive_return_late_is_not_permission
    m.until(parent, fd, pid, time.monotonic() + 0.01)
  File "/home/herman/g7-implementation/tools/g7-owned-coordinator.py", line 72, in until
    readable, _, _ = select.select([channel, pidfd], [], [], remaining)
ValueError: filedescriptor out of range in select()

----------------------------------------------------------------------
Ran 8 tests in 0.151s

FAILED (errors=1)
