tests/g7/cross-process-reinstall.test.mjs 139ms
✔ cross-process exact reinstall: actual original Cell/Kernel bytes and inodes preserved, fence retained (3828.747186ms)
✖ continuous separate flock competitor and concurrent constructors cannot enter owned lifecycle (3607.002853ms)
✔ owned upgrade conservative publication: crash-after-commit (6135.92314ms)
ℹ tests 3
ℹ suites 0
ℹ pass 2
ℹ fail 1
ℹ cancelled 0
ℹ skipped 0
ℹ todo 0
ℹ duration_ms 13885.567632

✖ failing tests:

test at tests/g7/cross-process-reinstall.test.mjs:261:1
✖ continuous separate flock competitor and concurrent constructors cannot enter owned lifecycle (3607.002853ms)
  TypeError: Cannot read properties of undefined (reading 'code')
      at file:///home/alica-dev/AlicaV2/tests/g7/cross-process-reinstall.test.mjs:308:45
      at process.processTicksAndRejections (node:internal/process/task_queues:104:5)
      at async Promise.all (index 0)
      at async TestContext.<anonymous> (file:///home/alica-dev/AlicaV2/tests/g7/cross-process-reinstall.test.mjs:296:5)
      at async Test.run (node:internal/test_runner/test:1409:7)
      at async Test.processPendingSubtests (node:internal/test_runner/test:974:7)
