✔ C6 input widening and output narrowing have distinct variance (23.805213ms)
✔ C6 removed operation, streaming, semantics, permissions, scopes and errors (18.022876ms)
✔ C9 proposal and independent complete review; rejection never becomes release history (2.108426ms)
✔ C4 actual previous state, evidence, legal promotion, deprecation and retirement (8.284436ms)
✔ C4 C5 C6 released version immutable, stable break rejected and semantics reviewed (5.125528ms)
✔ C1 C2 C5: ACAP-aligned definition and independent catalog/platform versions (14.525649ms)
✔ C2: malformed shape, maturity, version, descriptor and event references fail (9.284734ms)
✔ C3: malformed identities, namespace owner, release inclusion and reserved names (3.181291ms)
✔ C3: duplicate/colliding entries and major mapping fail (7.162911ms)
✔ C7 C8: dependencies are semantic, declarations cannot grant authority (3.330333ms)
✔ C2: filesystem references stay local including symlinks (1.131434ms)
✔ early C13: real public ACAP conformance consumes neutral Catalog descriptor (10.738025ms)
✔ C9 shipped schema, template, proposal and reference review correspond (40.825797ms)
✔ C11 C12 deterministic index and offline self-contained snapshot (44.39459ms)
✔ C10 CLI validates, lists, shows, diffs, creates index/snapshot and validates proposals (5233.465058ms)
ℹ tests 15
ℹ suites 0
ℹ pass 15
ℹ fail 0
ℹ cancelled 0
ℹ skipped 0
ℹ todo 0
ℹ duration_ms 6107.28778
