
> alica-v2@0.0.0 test
> node --experimental-vm-modules --test tests/foundation/*.test.mjs tests/kernel/*.test.mjs tests/contracts/*.test.mjs tests/sdk/*.test.mjs

✔ CLI init/validate/generators run and preserve existing operator files (2340.419337ms)
✔ CLI rejects invalid syntax/unknown flags, duplicate JSON, and redacts diagnostics (990.670029ms)
✔ CLI plugin/bundle/profile validation checks linked artifacts and raw inventory (1437.578754ms)
✔ CLI plugin validation denies symlink escape even for a syntactically valid path (315.55322ms)
✔ CLI conformance has human and machine reports and nonzero exit for wrong behavior (992.64911ms)
✔ CLI validates expected descriptor digest before running conformance (305.583896ms)
✔ stream-only provider passes conformance without unary assumptions (321.038645ms)
✔ generated descriptor preserves prototype-named keys as JSON data (332.853299ms)
✔ public descriptor schema and canonical digest reject semantic and unknown-field violations (18.258889ms)
✔ required versus optional features, version range and digest negotiation (14.714623ms)
✔ closed wire protocol validates digest, unknown operations, payloads and spoofed identity (5.984487ms)
✔ authentication runs before revealing malformed contract details (1.746765ms)
✔ wire behavior survives JSON round trips and non-local plain exceptions (7.495096ms)
✔ invalid provider output has normalized contract mismatch (9.910662ms)
✔ absolute expiration causes zero provider invocations and maximum budget clamps (2.037613ms)
✔ cancellation before completion is terminal exactly once (26.141216ms)
✔ cancellation during completion is terminal exactly once (28.09422ms)
✔ cancellation after completion is terminal exactly once (48.618242ms)
✔ request IDs are unique while outstanding; explicit cancel is idempotent (5.738234ms)
✔ parent cancellation and deadlines propagate across sessions (61.933004ms)
✔ instance idempotency: replay, conflict, in-flight duplicate and scope isolation (34.297812ms)
✔ idempotency retention, reset and finite capacity never silently evict live keys (26.209004ms)
✔ none rejects keys; stream idempotency is invalid; durable claim is not faked (2.807645ms)
✔ stream yields detached validated items and exactly one iterator completion (3.013554ms)
✔ stream invalid item and explicit cancellation terminate without late items (3.241965ms)
(node:877401) ExperimentalWarning: VM Modules is an experimental feature and might change at any time
(Use `node --trace-warnings ...` to show where the warning was created)
✔ stream rechecks authority before each item delivery (3.381177ms)
✔ bounded event primitive terminates on overflow and never leaks subsequent queued data (0.458374ms)
✔ event envelope validates exact descriptor and broker identity fields (3.208713ms)
✔ generation is byte deterministic and descriptor changes change generated bindings (12.195092ms)
✔ profile validation rejects duplicate roots, cycles, and unknown pins (2.85218ms)
✔ conformance fails an incorrect provider instead of just validating descriptor (3.447923ms)
✔ Kernel dispatch supports stream and revocation without Kernel imports in provider (127.129454ms)
✔ Kernel instance-idempotency cache is shared across consumer handles (144.706678ms)
✔ monotonic budget prevents late success when wall clock does not advance (14.269173ms)
✔ terminal release callback runs once on both success and cancellation (29.476838ms)
✔ wire diagnostic correlation is preserved without exception identity (0.577839ms)
✔ closed provider refuses both unary and streaming execution (2.133094ms)
✔ conformance does not confuse its own oracle mismatch with a provider error (3.778707ms)
✔ credit starts at zero, bounds grants, and cancellation releases waiting producer (2.836922ms)
✔ slow stream reader applies backpressure rather than consuming unseen items (13.209816ms)
✔ stream values and terminal errors cross JSON without local exception identity (3.243397ms)
✔ stream decoder rejects missing terminal, bad sequence, and unknown fields (0.414542ms)
✔ prototype-named JSON properties remain data through descriptor and invocation (1.721668ms)
✔ finite payload interpreter enforces all G1 type constraints without coercion (0.597647ms)
✔ boundary CLI fails on planted source violation (343.057276ms)
✔ Cell/admin Ajv declaration is limited to exact host importers and target (10.14726ms)
✔ built public entry has no accidental runtime implementation (0.225335ms)
✔ reject deep import (0.378454ms)
✔ reject cross-package relative (0.684571ms)
✔ reject V1 absolute (0.314594ms)
✔ reject dynamic computed (1.594247ms)
✔ reject undeclared external (0.28674ms)
✔ reject developer tooling from package (0.411445ms)
✔ reject host dependency from package (0.347395ms)
✔ reject escape to repo tools (0.308393ms)
✔ accept public type import (0.288423ms)
✔ package exports reject deep runtime import (41.278377ms)
✔ planted synthetic token is rejected without leaking its value (47.901159ms)
✔ ordinary public data passes secret scanner (48.77712ms)
(node:877455) ExperimentalWarning: VM Modules is an experimental feature and might change at any time
(Use `node --trace-warnings ...` to show where the warning was created)
✔ same capability/version with different digest is rejected before activation (83.347055ms)
✔ duplicate visible provider identity is conflict, not load-order selection (47.529337ms)
✔ version/feature exclusions explain deterministic ranking and optional negotiation (155.471342ms)
✔ planning is registry/lifecycle read-only; profile pin controls real calls and lock (447.294584ms)
✔ invalid profile pin fails before evaluating any module (21.537754ms)
✔ cancellation first terminal outcome wins over immediate provider success (88.483603ms)
✔ call values are detached in both directions, not live objects (91.388162ms)
✔ pending uncooperative call is reported instead of falsely clean disposal (100.976968ms)
✔ expired trust stops new calls and quiesces all live instances (149.181348ms)
✔ secret grant rechecked immediately before result delivery (40.721627ms)
✔ nested scopes destroyed before parent owner and stale contexts never revive (39.135225ms)
✔ nested calls cannot extend inherited deadline (183.020333ms)
✔ same-version altered trust metadata and corrupted durable state are rejected (14.613243ms)
(node:877463) ExperimentalWarning: VM Modules is an experimental feature and might change at any time
(Use `node --trace-warnings ...` to show where the warning was created)
✔ independent Echo A passes unchanged consumer suite (420.880583ms)
✔ independent Echo B passes unchanged consumer suite (346.187541ms)
✔ selection invariant under order a,b (200.061737ms)
✔ selection invariant under order b,a (201.07174ms)
✔ strict parser rejects {"a":1,"a":2} (0.327618ms)
✔ strict parser rejects {"a":1e0} (0.184518ms)
✔ strict parser rejects {"a":1.0} (0.126178ms)
✔ strict parser rejects {"a":9007199254740992} (0.114707ms)
✔ strict parser rejects {"a":"\ud800"} (0.179088ms)
✔ strict parser rejects {"é":1} (0.145364ms)
✔ strict parser rejects [1,] (0.127611ms)
✔ strict parser rejects {"a":true}x (0.088748ms)
✔ bounded parsing/canonicalization rejects deep, cyclic, accessor, sparse and oversized values (1.261338ms)
✔ runtime canonical digest matches G1 descriptor and Unicode/control rules (0.303012ms)
✔ configuration is closed and secrets cannot be placed in config (7.124048ms)
✔ verification rejects signature before evaluation (15.012767ms)
✔ verification rejects file before evaluation (12.645903ms)
✔ verification rejects unknown-manifest before evaluation (19.392917ms)
✔ verification rejects duplicate-json before evaluation (16.459946ms)
✔ verification rejects untrusted-key before evaluation (17.554931ms)
✔ verification rejects invalid-stream-idempotency before evaluation (12.683833ms)
✔ loaded bytes are immutable after verification (25.624061ms)
✔ unverified module imports cannot be linked or evaluated (30.53843ms)
✔ missing mandatory dependency blocks ACTIVE (31.902592ms)
✔ incompatible mandatory dependency blocks ACTIVE (40.452731ms)
✔ denied mandatory dependency blocks ACTIVE (36.974199ms)
✔ mandatory cycles rejected; no participant becomes ACTIVE (56.4382ms)
✔ partial activation never publishes; effects clean in reverse order; disposal idempotent (47.104305ms)
✔ staged registration invisible while activation awaits (61.804944ms)
✔ cleanup failures remain FAILED, remaining disposers still execute (40.003211ms)
✔ uncooperative disposer times out and requires restart (55.764629ms)
✔ capability denial and optional absence are distinct (59.841689ms)
✔ revoked grant invalidates retained handle (89.409249ms)
✔ expired grant invalidates retained handle (89.371689ms)
✔ wrong principal/instance/scope generation and widened child grants rejected (53.783793ms)
✔ child scope teardown invalidates handles and removes only owned resources (99.275659ms)
✔ parent cannot see child registrations (95.397223ms)
✔ mandatory provider loss quiesces consumer transitively without rebinding (168.219015ms)
✔ revocation during call prevents result delivery (129.813137ms)
✔ unload during call cancels delivery and cleans call tracking (127.85265ms)
✔ deadline, cancellation, input/output validation and no idempotent replay (167.695939ms)
✔ provider errors and invalid output normalized without value leakage (88.266052ms)
✔ secret access requires declaration and separate grant; inspection redacts values (84.907808ms)
✔ events deliver FIFO broker identity; disposer removes listener (110.332654ms)
✔ event rechecks revoked subscription and publisher; handler failures isolated (65.987142ms)
✔ bounded event overflow terminates affected subscription and cleanup reclaims listener (122.371721ms)
✔ audit exhaustion blocks mutation but never emergency revocation (33.176646ms)
✔ expired trust and backward clock fail closed (25.430214ms)
✔ trust revocation quiesces running providers (135.447213ms)
✔ persistent trust state rejects rollback and missing-state recovery (17.727647ms)
✔ root rotation requires both old and new signatures plus exact next policy (39.555297ms)
(node:877549) ExperimentalWarning: VM Modules is an experimental feature and might change at any time
(Use `node --trace-warnings ...` to show where the warning was created)
✔ runtime matches frozen Python/OpenSSL vector C-00 (3.723894ms)
✔ runtime matches frozen Python/OpenSSL vector C-01 (0.33367ms)
✔ runtime matches frozen Python/OpenSSL vector C-02 (0.249371ms)
✔ runtime matches frozen Python/OpenSSL vector C-03 (0.239402ms)
✔ runtime matches frozen Python/OpenSSL vector C-04 (0.31841ms)
✔ runtime matches frozen Python/OpenSSL vector C-05 (0.339792ms)
✔ runtime matches frozen Python/OpenSSL vector C-06 (0.294486ms)
✔ runtime matches frozen Python/OpenSSL vector C-07 (0.25953ms)
✔ runtime matches frozen Python/OpenSSL vector C-08 (0.274006ms)
✔ runtime matches frozen Python/OpenSSL vector C-09 (0.329341ms)
✔ runtime matches frozen Python/OpenSSL vector C-10 (0.266623ms)
✔ runtime matches frozen Python/OpenSSL vector C-11 (0.149443ms)
✔ runtime matches frozen Python/OpenSSL vector C-12 (0.171915ms)
✔ runtime matches frozen Python/OpenSSL vector C-13 (0.241947ms)
✔ runtime matches frozen Python/OpenSSL vector C-14 (0.161875ms)
✔ runtime matches frozen Python/OpenSSL vector C-15 (0.379577ms)
✔ runtime matches frozen Python/OpenSSL vector C-16 (0.328379ms)
✔ runtime matches frozen Python/OpenSSL vector C-17 (0.210847ms)
✔ mandatory activation binding cannot silently switch after catalog changes (198.470304ms)
✔ plugin log admits only fixed safe metadata and quiesce is idempotent (43.789784ms)
(node:877576) ExperimentalWarning: VM Modules is an experimental feature and might change at any time
(Use `node --trace-warnings ...` to show where the warning was created)
✔ real Kernel verifies and activates SDK-only signed relative module graph (162.741154ms)
✔ real Kernel rejects tampered dependent module before evaluation (15.072579ms)
✔ production linker rejects @alica/kernel before evaluation (35.274233ms)
✔ production linker rejects @alica/testkit before evaluation (50.131777ms)
✔ production linker rejects node:fs before evaluation (33.099121ms)
✔ production linker rejects ../../escape.js before evaluation (31.847478ms)
✔ production linker rejects ./missing.js before evaluation (36.186754ms)
✔ production linker rejects @alica/plugin-sdk/dist/index.js before evaluation (26.625579ms)
✔ real SDK optional cannot turn a denied capability into absence (74.472626ms)
✔ public SDK provides, resolves, and bridges generated endpoints (19.319891ms)
✔ independently implemented provider substitutes without consumer changes (6.024904ms)
✔ missing optional returns null but denied optional does not hide permissions (2.003168ms)
✔ optional does not hide incompatible present provider (2.832453ms)
✔ idempotent disposer shares result and rejection without executing twice (0.38195ms)
✔ owned effects clean in reverse order and partial acquisition cleans immediately (2.341977ms)
✔ activation injection rolls back staged providers and acquired effects (2.761599ms)
✔ revocation injection rejects existing handle before provider dispatch (2.738656ms)
✔ timeout injection is deterministic, one-shot, and not elapsed-time simulation (2.186333ms)
✔ cleanup injection is reported while remaining cleanups continue (1.460735ms)
✔ cleanup timeout is visible and does not hang disposal (6.151282ms)
✔ destroyed child handles cannot escape their owning scope (3.86994ms)
✔ provider disposal invalidates old handles instead of rebinding (1.738448ms)
✔ typed events validate payloads and deliver immutable broker envelopes (6.367039ms)
✔ secret references are scoped and logs refuse arbitrary data fields (1.830703ms)
✔ invalid input and unknown operation retain exact ACAP rejection codes (4.63355ms)
✔ uncooperative event handler is reported as incomplete cleanup (7.214337ms)
✔ optional validates malformed requirement before reporting absence (0.859551ms)
ℹ tests 170
ℹ suites 0
ℹ pass 170
ℹ fail 0
ℹ cancelled 0
ℹ skipped 0
ℹ todo 0
ℹ duration_ms 7418.854975
