ISOLATED_NATIVE_COMMAND ['/usr/bin/unshare', '--mount', '--net', '--pid', '--fork', '/usr/sbin/chroot', '--userspec=1000:1000', '/home/alica-dev/phase50-native-ebgpgmjz', '/node/bin/node', '--experimental-vm-modules', '/work/service-foundation/conformance/native-run.mjs']
{"kind":"NATIVE_ENVIRONMENT_OBSERVATION","node":"v24.21.0","uid":1000,"docker":"UNAVAILABLE","podman":"UNAVAILABLE","socketScan":"NONE","remoteEndpoint":"ENETUNREACH","nonLoopbackInterfaces":0,"containerStartups":0,"imageDownloads":0,"containerDependency":0,"claim":"native-first only, not deployment equivalence","filesScanned":2432}
✔ delivered stateless manifest has separate semantic/declared/not-executed results (50.913458ms)
✔ delivered stateful manifest has separate semantic/declared/not-executed results (60.702033ms)
✔ stateful example schema validates actual persisted reference bytes (31.910844ms)
✔ required/optional dependency consistency checked against substantive Catalog fixture context (97.73587ms)
✔ supplied existing plugin declaration identity/capability/secret comparison is substantive (81.646431ms)
✔ local config references cannot escape by symlink; missing local reference fails (1.724223ms)
(node:17) ExperimentalWarning: VM Modules is an experimental feature and might change at any time
(Use `node --trace-warnings ...` to show where the warning was created)
✔ PUBLIC_HOST stateless native attachment, permission denial and cleanup (314.116172ms)
✔ PUBLIC_HOST proposed records persist across normal stop/new instance; health and stale handle (442.816543ms)
✔ PUBLIC_HOST actual required dependency absent, not successful EMPTY (29.255335ms)
✔ PUBLIC_HOST actual signed startup failure and readiness timeout (191.666654ms)
✔ PUBLIC_HOST actual secret reference declaration/grant/existence checks (69.815084ms)
✔ PUBLIC_HOST actual bounded stop timeout is reported, not clean PASS (80.651802ms)
✔ PUBLIC_HOST service-owned quota health DEGRADED and storage failure UNAVAILABLE (729.811907ms)
✔ PUBLIC_HOST undeclared data-domain rejected by reference, not filesystem confinement (99.014352ms)
✔ PUBLIC_HOST scope identity cannot be changed by a forged grant (122.166895ms)
✔ stateless SDK fixture, unchanged consumer, service-owned health and cleanup (27.49234ms)
✔ stateful SDK fixture persists across normal disposal/new instance; empty differs from absent (43.318372ms)
✔ native resource serializes concurrent writes; quota rejects without losing records (39.910013ms)
✔ corrupt state fails open instead of manufacturing successful EMPTY (3.768759ms)
✔ native storage errors normalize; failed write retains prior record, never absence (20.448021ms)
✔ corrupt JSON and malformed persisted shapes fail FAILED_PRECONDITION; IO open fails UNAVAILABLE (5.297962ms)
✔ three levels are independent; backup/migration execution not tested (33.598928ms)
✔ structural rejects malformed (0.643454ms)
✔ structural rejects unsupported binding (0.454197ms)
✔ structural rejects unknown field (0.319662ms)
✔ structural rejects executable UI (0.429992ms)
✔ structural rejects inline secret (0.399764ms)
✔ structural rejects path traversal (0.355221ms)
✔ semantic rejects unknown capability (2.194829ms)
✔ semantic rejects unavailable version (1.404199ms)
✔ semantic rejects URI major mismatch (1.415892ms)
✔ semantic rejects wrong identity (1.149398ms)
✔ semantic rejects wrong Catalog context (0.866745ms)
✔ semantic rejects missing permission declaration (1.20858ms)
✔ semantic rejects state hidden by stateless (1.726737ms)
✔ semantic rejects undeclared UI permission (16.197042ms)
✔ semantic rejects unsupported secret binding (22.44065ms)
✔ semantic rejects unowned rebuildable data (1.36221ms)
✔ configuration required field actually validated (17.260689ms)
✔ snapshot pin enforced independently from self-reported digest (1.621388ms)
✔ remote schema references never fetched (1.523213ms)
ℹ tests 41
ℹ suites 0
ℹ pass 41
ℹ fail 0
ℹ cancelled 0
ℹ skipped 0
ℹ todo 0
ℹ duration_ms 2463.904552
{"mode":"normal","publicHost":true,"clean":true,"externalAuthor":true,"operatorOwnedNative":true,"independentlySignedNative":false,"catalogRecords":"EXPERIMENTAL_LOCAL_SNAPSHOT","catalogDigest":"sha256:6d4f62849279bfa76ee781572ebf5e73ff0a0ebb6f2073b80f3030d4cbdfce26","trustVerified":false}
RECOVERED_COMPLETED_WRITE_NO_CRASH_DURABILITY_CLAIM
{"mode":"recover","publicHost":true,"clean":true,"externalAuthor":true,"operatorOwnedNative":true,"independentlySignedNative":false,"catalogRecords":"EXPERIMENTAL_LOCAL_SNAPSHOT","catalogDigest":"sha256:6d4f62849279bfa76ee781572ebf5e73ff0a0ebb6f2073b80f3030d4cbdfce26","trustVerified":false}
{"kind":"EXTERNAL_AUTHOR_EXECUTED","publicPackages":true,"separateAuthorOperator":true,"authorHasNoKernel":true,"consumerModuleSHA256":"a2468c853071caa88c69944a6013f79d466e69a5d01aa021db1bed0f838515c1","registryPublishing":false,"network":"npm-offline; runtime tested separately","source":"working-tree candidate","noContainerRuntime":true,"unchangedConsumer":true,"normalStopRestart":true,"crashRestart":"SIGKILL after completed write then fresh operator; no crash durability guarantee","supervisorProduct":false,"status":"PASS"}
(node:95) ExperimentalWarning: VM Modules is an experimental feature and might change at any time
(Use `node --trace-warnings ...` to show where the warning was created)
(node:132) ExperimentalWarning: VM Modules is an experimental feature and might change at any time
(Use `node --trace-warnings ...` to show where the warning was created)
{"kind":"EXECUTED","status":"PASS","source":"working-tree candidate, not committed-public reproduction","catalogRecords":"EXPERIMENTAL_LOCAL_SNAPSHOT_CHECKED_BY_EXTERNAL_OPERATOR","externalAuthor":"PASS"}
