K_PRELAUNCH_ISOLATION_PASS {"uid": 996, "routeRows": 0, "capabilities": 0, "noNewPrivileges": true, "net": "net:[4026532452]", "pid": "pid:[4026532451]", "processes": ["1"]}
K20B_ACTUAL_EXPERIMENTAL_CATALOG sha256:1604d129a690059330e52200181d8e3861a9189f925e01c8bdc3414a00ddf11d
(node:81) ExperimentalWarning: VM Modules is an experimental feature and might change at any time
(Use `node --trace-warnings ...` to show where the warning was created)
✔ K14 actual supported backend board/get/list/create/update/comment; defaults and sanitized task (582.546806ms)
✔ K15 current mapping, cross-board, forged payload, missing ID and current revocation (381.110038ms)
✔ K16 best-effort sequential replay, content collision, current authority before replay, no native idempotency promise (323.604912ms)
OBSERVED_CONCURRENT_CREATE_IDS [ 't_f04970e0', 't_f04970e0' ]
✔ K16 concurrent key calls report actual outcomes, not exactly-once assertion; stale writes last-writer-wins (449.904031ms)
✔ K17 real WS event prefix replay, limit1/32, future cursor uncertainty, reconcile and explicit no-control (1762.940497ms)
✔ K12 explicit synthetic unit fixtures:257 task rejection and33-event prefix, unselected prefix/malformed/out-of-order (1.291123ms)
✔ K19 adapter disposal leaves real backend task; independent adapter restart reconciles (463.839626ms)
✔ K22 deadline and cancellation stop waiting; safe shape rejects execution knobs (231.147944ms)
✔ K13/K15 synthetic-secret binding is real current public Host reference/grant, not injected bypass (189.275889ms)
✔ K6 configuration refuses absent attestation or nonloopback endpoint before transport (0.423188ms)
✔ K16/K22 actual committed mutation then lost response yields UNKNOWN; reconcile through sole authority (432.579321ms)
✔ K22 bounded four-call overload, in-flight mapping revocation and disposal (259.630834ms)
✔ K22 malformed backend response fails explicitly, never empty board (184.53243ms)
✔ K22 oversize backend response fails explicitly, never empty board (173.708882ms)
✔ K21 separately offline-installed SDK-only consumer without adapter/Kernel/testkit resolution (5650.388703ms)
✔ K22 active real event poll rechecks revocation before empty observation delivery (588.288894ms)
✔ K22 repeated comments are not idempotent; separate real event IDs preserve duplicates (947.393576ms)
✔ K12 stale/expired history cannot be certified: explicit synthetic retained-tail fixture reports UNKNOWN (0.363516ms)
✔ K22 actual commit then delayed response crosses internal timeout: UNKNOWN with exact task reconciliation (985.442697ms)
✔ K15 review closure mapping revoked during real GET prevents update (445.283569ms)
✔ K15 review closure mapping revoked during real GET prevents comment (442.473194ms)
✔ K15 review closure secret revoked during real GET prevents update (440.010492ms)
✔ K15 review closure secret revoked during real GET prevents comment (466.299458ms)
✔ K16 review closure padded titles create/replay/update reconcile, whitespace-only rejected before write (367.185021ms)
✔ K14 review closure non-BMP code-point boundaries survive create/update/get/list (372.711878ms)
ℹ tests 25
ℹ suites 0
ℹ pass 25
ℹ fail 0
ℹ cancelled 0
ℹ skipped 0
ℹ todo 0
ℹ duration_ms 16725.155769
K20B_ACTUAL_EXPERIMENTAL_CATALOG sha256:1604d129a690059330e52200181d8e3861a9189f925e01c8bdc3414a00ddf11d
(node:371) ExperimentalWarning: VM Modules is an experimental feature and might change at any time
(Use `node --trace-warnings ...` to show where the warning was created)
K19_REAL_BACKEND_RESTART_PASS t_082677f1
K_POST_MUTATION_NO_WORKERS_RUNS_PASS 16
K_FUNCTIONAL_RESULT {"stage": "K", "functional": true, "productionCredentialRead": false, "freshFixtureCredential": true, "dispatch": 0, "assignment": 0, "workers": 0, "runs": 0, "termination": 0, "taskCount": 16, "realBackendRestart": true, "continuity": "UNKNOWN"}
