✔ canonical decimal grammar, precision and range reject rather than round (2.067499ms)
✔ provider lexical exponent conversion uses the original token exactly (0.516314ms)
✔ wire conversion distinguishes exact numbers from ordinary literal strings (2.435542ms)
✔ structured numeric markers and size/depth limits fail closed (0.478863ms)
✔ J3 exact decimal lexical rules and frozen ACAP compatibility (3.785599ms)
✔ J3 structured fractions are exact numeric wire literals, never ambiguous strings (1.319538ms)
✔ J4 actual Catalog proposal/definition validation without admission or self-review (17.553871ms)
✔ J5/J6 neutral mixed semantics and exact round-trip (2.516196ms)
✔ J3/J6 malformed inputs, criteria, fractional state and limits rejected (2.706524ms)
✔ J6 exact correspondence, totals, confidence, range and legend defenses (4.362756ms)
✔ J7 public SDK testkit vertical substitutes neutral providers, clean disposal (51.804388ms)
✔ J7 Host permissions/revocation remain authoritative; no provider dispatch on denied calls (14.361331ms)
✔ J7 unload makes handles stale; incompatible major and descriptor mismatches fail (18.810061ms)
✔ J7 disable switch prevents invocation (11.170674ms)
✔ J7 unknown model and provider errors normalized without echoed state (46.275492ms)
✔ J7 deadline and cancellation forwarded once, no retry (54.91296ms)
✔ handoff returns result; forged reply identity/generation/correlation ignored (4.056028ms)
✔ handoff singleflight rejects competing request with no second backend dispatch (2.114367ms)
✔ handoff raw provider failure normalized without message or cause (1.29917ms)
✔ handoff cancel aborts and joins owned request (2.489715ms)
✔ handoff unload aborts and joins owned request (2.138403ms)
✔ handoff deadline/pre-cancellation/closed state reject before dispatch (0.870071ms)
(node:28) ExperimentalWarning: VM Modules is an experimental feature and might change at any time
(Use `node --trace-warnings ...` to show where the warning was created)
✔ public Host signed inventory, generic neutral call, grant denial and source-preserving caller (336.202792ms)
✔ public Host unload/restart and stale handle; fresh instance/grants only (455.12856ms)
✔ public Host disabled provider and incompatible capability version never dispatch (202.282787ms)
✔ public Host raw backend failure normalized; malformed request rejected before dispatch (209.170254ms)
✔ public Host in-flight cancel aborts effect-owned backend and joins cleanup (197.634693ms)
✔ public Host in-flight deadline aborts effect-owned backend and joins cleanup (303.668532ms)
✔ public Host in-flight unload aborts effect-owned backend and joins cleanup (158.565918ms)
✔ LIVE-OBSERVED model metadata replay: exact timestamps preserved; prose date still accepted; no other validator relaxed (6.5808ms)
✔ fresh synthetic continuation dispatches only four ordered POSTs, preserves both prefixes and refuses restart/replay (66.934029ms)
✔ first physical or semantic failure stops all later evaluations and keeps consumed slot/evidence (37.449629ms)
✔ changed historical evidence and unexpected ledger reservation fail before dispatch (39.956917ms)
✔ manual diagnostic has its own one-shot path; durable slot2, original prefix, total6 and no seventh (42.926858ms)
✔ modified history, existing evaluation, stale lock and ambiguous diagnostic never dispatch (17.174295ms)
✔ diagnostic rejects guard failure before network but preserves consumed reservation (7.138652ms)
✔ HTTP faults and decoded credential echoes are never exposed in diagnostic output (27.430305ms)
✔ diagnostic distinguishes documented shape from stricter legacy rejection without fixing mapper (2.1054ms)
✔ lexical ambiguity, invalid types, metadata bounds and CLI guards fail closed offline (58.353348ms)
✔ J8 public request mapping: shared state, mixed named questions, exact fractional documents (4.1419ms)
✔ J9/J10/J11/J12/J17 documented response fields preserved across mixed batch (2.750757ms)
✔ J21 numeric strings and literal reserved marker objects cannot masquerade as wire numbers (2.871465ms)
✔ J21 duplicate question/candidate/escaped keys and malformed tokens rejected before overwrite (0.732551ms)
✔ J10/J11/J12 exact names/types/candidates/levels/legend and rational probability defenses (5.577698ms)
✔ J13 model discovery maps public schema, not hard-coded aliases; malformed/duplicate IDs fail (0.743592ms)
✔ J14/J18 ledger is explicit, fail-closed, durable before dispatch and never replenished (35.366452ms)
✔ J18 ambiguity consumes slot, repeated matrix kind blocked; missing/corrupt ledgers fail closed (12.616821ms)
✔ J14/J18 singleflight retains lock during whole request; stale lock never auto-cleared (7.465608ms)
✔ J14/J16/J22 exact endpoint/Bearer/JSON, key reference scoped to request, no secret/state in ledger (12.052588ms)
✔ J16 absent/insecure/symlink secret and unsafe directory fail before reservation/send (9.888206ms)
✔ J14/J21/J22 auth/validation/rate/5xx/redirect responses normalized without retaining body or retry (66.428285ms)
✔ J14 network/aborted response never replayed and consumes physical reservation (15.636635ms)
✔ J15 shorter deadlines/cancellation bounded; pre-cancelled requests do not consume slots (47.697825ms)
✔ J21 bounded bytes/content-type/UTF8 defenses; no real network in fixture suite (1.533682ms)
ℹ tests 54
ℹ suites 0
ℹ pass 54
ℹ fail 0
ℹ cancelled 0
ℹ skipped 0
ℹ todo 0
ℹ duration_ms 2338.404554
