✔ D8 repeated against actual admitted snapshot; separate execution record not inferred from schema (124.268535ms)
✔ D13 native composition validates closed configuration before touching store (3.709354ms)
✔ D17 incident capacity64 refuses next without changing history (4283.574079ms)
✔ D17 retained observation/dedupe capacity256 rejects atomically (12589.630297ms)
✔ D17 acknowledgement replay capacity16 and late correlation window fail closed (61.682926ms)
✔ D17 isolated child self-exit beforeRename preserves coherent generation (461.309497ms)
✔ D17 isolated child self-exit afterRename preserves coherent generation (447.20566ms)
✔ D13 required stopped backup restores independently; exchange is not backup (10.168624ms)
✔ F1 responsive shutdown drains and refuses new admission; bounded incomplete cleanup retains ownership (2011.587772ms)
✔ F1 cancellation before commit and during native commit does not fake rollback (30.499232ms)
✔ D9-D10 native lifecycle distinct occurrences, acknowledgement, recovery, recurrence and restart (53.341004ms)
✔ duplicate old redelivery is idempotent; payload conflict rejected (7.980959ms)
✔ D17 forged producer (3.18696ms)
✔ D17 wrong instance (1.475362ms)
✔ D17 wrong generation (2.057289ms)
✔ D17 cross scope (1.571965ms)
✔ D17 unregistered target (1.500198ms)
✔ D17 secret-bearing extra evidence (1.664448ms)
✔ D17 bad evidence hash (1.621007ms)
✔ D17 future skew (1.850228ms)
✔ D17 stale observation (1.514977ms)
✔ D17 recovery evidence mismatch (13.241169ms)
✔ D17 oversize (3.477618ms)
✔ D17 out-of-order recovery cannot resolve; silence and self-health not recovery (6.288088ms)
✔ D17 query/ack scope and unknown manual operation denied (10.876571ms)
✔ D17 durable write failure leaves no partial state; uncertain post-rename fails closed (8.398396ms)
✔ D17 exclusive ownership and corrupt-store fail closed (1.682353ms)
✔ D17 occurrence capacity rejects without eviction (359.651149ms)
✔ D17 cooperative queue wait, overload, cancellation and shutdown refusal (11.378156ms)
✔ D17 postcommit cooperative deadline reports uncertainty, retry is duplicate (8.150871ms)
✔ D14-D16 canonical roundtrip with acknowledgements, resolutions and compatible continuation (57.858444ms)
✔ D15 imported producer/actor history grants neither query nor duplicate ingestion (11.606617ms)
✔ D16 unavailable historical rule preserved as HISTORICAL_ONLY, never reassessed or acknowledged (15.28375ms)
✔ D15 rejected import is atomic: extra grants (7.655235ms)
✔ D15 rejected import is atomic: foreign schema (6.555973ms)
✔ D15 rejected import is atomic: count mismatch (6.472304ms)
✔ D15 rejected import is atomic: missing reference (6.818197ms)
✔ D15 rejected import is atomic: dedupe mismatch (7.15322ms)
✔ D15 rejected import is atomic: duplicate observation (6.403585ms)
✔ D15 rejected import is atomic: privileged evidence (7.182946ms)
✔ D15 rejected import is atomic: wrong correlation (6.674325ms)
✔ D15 rejected import is atomic: invalid timestamp (9.299395ms)
✔ D15 rejected import is atomic: incompatible labelled current (6.2043ms)
✔ D15 rejected import is atomic: unbacked resolution (5.442132ms)
✔ D15 oversized/malformed import and nonempty target reject before mutation (1.53769ms)
✔ D17 acknowledgement retry content collision is durable and actor-bound (17.631759ms)
(node:49) ExperimentalWarning: VM Modules is an experimental feature and might change at any time
(Use `node --trace-warnings ...` to show where the warning was created)
✔ D11-D13 public Host/SDK isolated vertical slice and independent consumer (429.649875ms)
✔ D12 independent current mapping AND Host grants both required; scope denied (300.960364ms)
✔ D13 restart restores same IDs/lifecycle while new instance requires new mappings (490.140875ms)
✔ R2 resolved overlap, reversed=false: atomic import, store commit/open rejection (62.700084ms)
✔ R2 resolved overlap, reversed=true: atomic import, store commit/open rejection (30.051889ms)
✔ R2 equal recovery/start, reversed=false: atomic import, store commit/open rejection (29.28356ms)
✔ R2 equal recovery/start, reversed=true: atomic import, store commit/open rejection (29.740332ms)
✔ R2 equal starts, reversed=false: atomic import, store commit/open rejection (30.846608ms)
✔ R2 equal starts, reversed=true: atomic import, store commit/open rejection (27.930028ms)
✔ R2 active predecessor, reversed=false: atomic import, store commit/open rejection (27.459321ms)
✔ R2 active predecessor, reversed=true: atomic import, store commit/open rejection (25.436997ms)
✔ R2 acknowledged predecessor, reversed=false: atomic import, store commit/open rejection (22.94096ms)
✔ R2 acknowledged predecessor, reversed=true: atomic import, store commit/open rejection (19.943407ms)
✔ R2 valid reversed recurrence survives restart and authorized continuation (35.049343ms)
✔ R2 unknown-rule overlapping historical-only evidence is not assigned understood semantics (31.333816ms)
ℹ tests 61
ℹ suites 0
ℹ pass 61
ℹ fail 0
ℹ cancelled 0
ℹ skipped 0
ℹ todo 0
ℹ duration_ms 17685.802492
