✔ canonical decimal grammar, precision and range reject rather than round (2.217983ms)
✔ provider lexical exponent conversion uses the original token exactly (0.767819ms)
✔ wire conversion distinguishes exact numbers from ordinary literal strings (3.440979ms)
✔ structured numeric markers and size/depth limits fail closed (0.847528ms)
✔ J3 exact decimal lexical rules and frozen ACAP compatibility (4.844285ms)
✔ J3 structured fractions are exact numeric wire literals, never ambiguous strings (1.545484ms)
✔ J4 actual Catalog proposal/definition validation without admission or self-review (24.438403ms)
✔ J5/J6 neutral mixed semantics and exact round-trip (4.164863ms)
✔ J3/J6 malformed inputs, criteria, fractional state and limits rejected (4.805141ms)
✔ J6 exact correspondence, totals, confidence, range and legend defenses (6.128066ms)
✔ J7 public SDK testkit vertical substitutes neutral providers, clean disposal (52.577356ms)
✔ J7 Host permissions/revocation remain authoritative; no provider dispatch on denied calls (17.997559ms)
✔ J7 unload makes handles stale; incompatible major and descriptor mismatches fail (22.736784ms)
✔ J7 disable switch prevents invocation (10.474602ms)
✔ J7 unknown model and provider errors normalized without echoed state (37.403963ms)
✔ J7 deadline and cancellation forwarded once, no retry (66.122277ms)
✔ handoff returns result; forged reply identity/generation/correlation ignored (4.263369ms)
✔ handoff singleflight rejects competing request with no second backend dispatch (2.061829ms)
✔ handoff raw provider failure normalized without message or cause (1.180817ms)
✔ handoff cancel aborts and joins owned request (2.839635ms)
✔ handoff unload aborts and joins owned request (1.556586ms)
✔ handoff deadline/pre-cancellation/closed state reject before dispatch (1.077561ms)
(node:28) ExperimentalWarning: VM Modules is an experimental feature and might change at any time
(Use `node --trace-warnings ...` to show where the warning was created)
✔ public Host signed inventory, generic neutral call, grant denial and source-preserving caller (310.962346ms)
✔ public Host unload/restart and stale handle; fresh instance/grants only (430.4744ms)
✔ public Host disabled provider and incompatible capability version never dispatch (187.305664ms)
✔ public Host raw backend failure normalized; malformed request rejected before dispatch (199.269544ms)
✔ public Host in-flight cancel aborts effect-owned backend and joins cleanup (192.508656ms)
✔ public Host in-flight deadline aborts effect-owned backend and joins cleanup (284.407991ms)
✔ public Host in-flight unload aborts effect-owned backend and joins cleanup (195.097166ms)
✔ LIVE-OBSERVED model metadata replay: exact timestamps preserved; prose date still accepted; no other validator relaxed (8.449373ms)
✔ fresh synthetic continuation dispatches only four ordered POSTs, preserves both prefixes and refuses restart/replay (73.161822ms)
✔ first physical or semantic failure stops all later evaluations and keeps consumed slot/evidence (48.068272ms)
✔ changed historical evidence and unexpected ledger reservation fail before dispatch (33.638863ms)
✔ manual diagnostic has its own one-shot path; durable slot2, original prefix, total6 and no seventh (54.444967ms)
✔ modified history, existing evaluation, stale lock and ambiguous diagnostic never dispatch (14.235474ms)
✔ diagnostic rejects guard failure before network but preserves consumed reservation (5.901738ms)
✔ HTTP faults and decoded credential echoes are never exposed in diagnostic output (22.062513ms)
✔ diagnostic distinguishes documented shape from stricter legacy rejection without fixing mapper (3.428206ms)
✔ lexical ambiguity, invalid types, metadata bounds and CLI guards fail closed offline (73.15547ms)
✔ J8 public request mapping: shared state, mixed named questions, exact fractional documents (4.117003ms)
✔ J9/J10/J11/J12/J17 documented response fields preserved across mixed batch (2.755466ms)
✔ J21 numeric strings and literal reserved marker objects cannot masquerade as wire numbers (4.260594ms)
✔ J21 duplicate question/candidate/escaped keys and malformed tokens rejected before overwrite (0.982542ms)
✔ J10/J11/J12 exact names/types/candidates/levels/legend and rational probability defenses (4.654238ms)
✔ J13 model discovery maps public schema, not hard-coded aliases; malformed/duplicate IDs fail (1.011326ms)
✔ J14/J18 ledger is explicit, fail-closed, durable before dispatch and never replenished (35.232098ms)
✔ J18 ambiguity consumes slot, repeated matrix kind blocked; missing/corrupt ledgers fail closed (17.852995ms)
✔ J14/J18 singleflight retains lock during whole request; stale lock never auto-cleared (10.009133ms)
✔ J14/J16/J22 exact endpoint/Bearer/JSON, key reference scoped to request, no secret/state in ledger (13.441036ms)
✔ J16 absent/insecure/symlink secret and unsafe directory fail before reservation/send (7.814646ms)
✔ J14/J21/J22 auth/validation/rate/5xx/redirect responses normalized without retaining body or retry (67.716624ms)
✔ J14 network/aborted response never replayed and consumes physical reservation (11.474638ms)
✔ J15 shorter deadlines/cancellation bounded; pre-cancelled requests do not consume slots (36.187629ms)
✔ J21 bounded bytes/content-type/UTF8 defenses; no real network in fixture suite (1.263633ms)
ℹ tests 54
ℹ suites 0
ℹ pass 54
ℹ fail 0
ℹ cancelled 0
ℹ skipped 0
ℹ todo 0
ℹ duration_ms 2304.12405
