✔ D8 repeated against actual admitted snapshot; separate execution record not inferred from schema (133.371439ms)
✔ D13 native composition validates closed configuration before touching store (2.696946ms)
✔ D17 incident capacity64 refuses next without changing history (4039.709652ms)
✔ D17 retained observation/dedupe capacity256 rejects atomically (11541.081016ms)
✔ D17 acknowledgement replay capacity16 and late correlation window fail closed (55.064346ms)
✔ D17 isolated child self-exit beforeRename preserves coherent generation (448.240621ms)
✔ D17 isolated child self-exit afterRename preserves coherent generation (415.017112ms)
✔ D13 required stopped backup restores independently; exchange is not backup (10.729171ms)
✔ F1 responsive shutdown drains and refuses new admission; bounded incomplete cleanup retains ownership (2011.271684ms)
✔ F1 cancellation before commit and during native commit does not fake rollback (15.82366ms)
✔ D9-D10 native lifecycle distinct occurrences, acknowledgement, recovery, recurrence and restart (54.882151ms)
✔ duplicate old redelivery is idempotent; payload conflict rejected (7.999184ms)
✔ D17 forged producer (1.736975ms)
✔ D17 wrong instance (1.566254ms)
✔ D17 wrong generation (1.611739ms)
✔ D17 cross scope (1.362909ms)
✔ D17 unregistered target (1.313667ms)
✔ D17 secret-bearing extra evidence (1.39959ms)
✔ D17 bad evidence hash (1.41619ms)
✔ D17 future skew (1.596892ms)
✔ D17 stale observation (1.223396ms)
✔ D17 recovery evidence mismatch (1.172321ms)
✔ D17 oversize (1.005856ms)
✔ D17 out-of-order recovery cannot resolve; silence and self-health not recovery (6.710544ms)
✔ D17 query/ack scope and unknown manual operation denied (12.997419ms)
✔ D17 durable write failure leaves no partial state; uncertain post-rename fails closed (13.16794ms)
✔ D17 exclusive ownership and corrupt-store fail closed (1.315492ms)
✔ D17 occurrence capacity rejects without eviction (332.651605ms)
✔ D17 cooperative queue wait, overload, cancellation and shutdown refusal (23.028285ms)
✔ D17 postcommit cooperative deadline reports uncertainty, retry is duplicate (5.542962ms)
✔ D14-D16 canonical roundtrip with acknowledgements, resolutions and compatible continuation (52.11844ms)
✔ D15 imported producer/actor history grants neither query nor duplicate ingestion (11.990041ms)
✔ D16 unavailable historical rule preserved as HISTORICAL_ONLY, never reassessed or acknowledged (15.603963ms)
✔ D15 rejected import is atomic: extra grants (6.043517ms)
✔ D15 rejected import is atomic: foreign schema (8.55907ms)
✔ D15 rejected import is atomic: count mismatch (6.51682ms)
✔ D15 rejected import is atomic: missing reference (6.758114ms)
✔ D15 rejected import is atomic: dedupe mismatch (5.952055ms)
✔ D15 rejected import is atomic: duplicate observation (7.368434ms)
✔ D15 rejected import is atomic: privileged evidence (6.946299ms)
✔ D15 rejected import is atomic: wrong correlation (6.80394ms)
✔ D15 rejected import is atomic: invalid timestamp (6.046713ms)
✔ D15 rejected import is atomic: incompatible labelled current (5.304452ms)
✔ D15 rejected import is atomic: unbacked resolution (4.546303ms)
✔ D15 oversized/malformed import and nonempty target reject before mutation (1.375313ms)
✔ D17 acknowledgement retry content collision is durable and actor-bound (20.17247ms)
(node:49) ExperimentalWarning: VM Modules is an experimental feature and might change at any time
(Use `node --trace-warnings ...` to show where the warning was created)
✔ D11-D13 public Host/SDK isolated vertical slice and independent consumer (411.491764ms)
✔ D12 independent current mapping AND Host grants both required; scope denied (309.534763ms)
✔ D13 restart restores same IDs/lifecycle while new instance requires new mappings (463.186095ms)
✔ R2 resolved overlap, reversed=false: atomic import, store commit/open rejection (53.140819ms)
✔ R2 resolved overlap, reversed=true: atomic import, store commit/open rejection (27.237953ms)
✔ R2 equal recovery/start, reversed=false: atomic import, store commit/open rejection (33.328799ms)
✔ R2 equal recovery/start, reversed=true: atomic import, store commit/open rejection (23.846298ms)
✔ R2 equal starts, reversed=false: atomic import, store commit/open rejection (27.744498ms)
✔ R2 equal starts, reversed=true: atomic import, store commit/open rejection (25.786457ms)
✔ R2 active predecessor, reversed=false: atomic import, store commit/open rejection (20.461173ms)
✔ R2 active predecessor, reversed=true: atomic import, store commit/open rejection (19.407438ms)
✔ R2 acknowledged predecessor, reversed=false: atomic import, store commit/open rejection (20.703721ms)
✔ R2 acknowledged predecessor, reversed=true: atomic import, store commit/open rejection (26.826778ms)
✔ R2 valid reversed recurrence survives restart and authorized continuation (40.168968ms)
✔ R2 unknown-rule overlapping historical-only evidence is not assigned understood semantics (25.848924ms)
ℹ tests 61
ℹ suites 0
ℹ pass 61
ℹ fail 0
ℹ cancelled 0
ℹ skipped 0
ℹ todo 0
ℹ duration_ms 16399.430625
