{"kind":"NATIVE_ENVIRONMENT_OBSERVATION","node":"v24.21.0","uid":996,"docker":"UNAVAILABLE","podman":"UNAVAILABLE","socketScan":"NONE","remoteEndpoint":"ENETUNREACH","nonLoopbackInterfaces":0,"containerStartups":0,"imageDownloads":0,"containerDependency":0,"claim":"native-first only, not deployment equivalence","filesScanned":67314}
✔ delivered stateless manifest has separate semantic/declared/not-executed results (44.867888ms)
✔ delivered stateful manifest has separate semantic/declared/not-executed results (43.328164ms)
✔ stateful example schema validates actual persisted reference bytes (38.399ms)
✔ required/optional dependency consistency checked against substantive Catalog fixture context (99.083032ms)
✔ supplied existing plugin declaration identity/capability/secret comparison is substantive (64.721475ms)
✔ local config references cannot escape by symlink; missing local reference fails (0.868097ms)
(node:17) ExperimentalWarning: VM Modules is an experimental feature and might change at any time
(Use `node --trace-warnings ...` to show where the warning was created)
✔ PUBLIC_HOST stateless native attachment, permission denial and cleanup (267.35283ms)
✔ PUBLIC_HOST proposed records persist across normal stop/new instance; health and stale handle (445.166085ms)
✔ PUBLIC_HOST actual required dependency absent, not successful EMPTY (28.920376ms)
✔ PUBLIC_HOST actual signed startup failure and readiness timeout (190.923998ms)
✔ PUBLIC_HOST actual secret reference declaration/grant/existence checks (77.611593ms)
✔ PUBLIC_HOST actual bounded stop timeout is reported, not clean PASS (88.32299ms)
✔ PUBLIC_HOST service-owned quota health DEGRADED and storage failure UNAVAILABLE (811.648837ms)
✔ PUBLIC_HOST undeclared data-domain rejected by reference, not filesystem confinement (83.768183ms)
✔ PUBLIC_HOST scope identity cannot be changed by a forged grant (115.563919ms)
✔ stateless SDK fixture, unchanged consumer, service-owned health and cleanup (25.277875ms)
✔ stateful SDK fixture persists across normal disposal/new instance; empty differs from absent (51.152509ms)
✔ native resource serializes concurrent writes; quota rejects without losing records (31.943056ms)
✔ corrupt state fails open instead of manufacturing successful EMPTY (2.893626ms)
✔ native storage errors normalize; failed write retains prior record, never absence (21.316177ms)
✔ corrupt JSON and malformed persisted shapes fail FAILED_PRECONDITION; IO open fails UNAVAILABLE (6.017867ms)
✔ three levels are independent; backup/migration execution not tested (37.993965ms)
✔ structural rejects malformed (1.084636ms)
✔ structural rejects unsupported binding (0.593087ms)
✔ structural rejects unknown field (0.506345ms)
✔ structural rejects executable UI (0.849031ms)
✔ structural rejects inline secret (0.475647ms)
✔ structural rejects path traversal (0.4033ms)
✔ semantic rejects unknown capability (2.779732ms)
✔ semantic rejects unavailable version (1.785087ms)
✔ semantic rejects URI major mismatch (2.108606ms)
✔ semantic rejects wrong identity (1.700527ms)
✔ semantic rejects wrong Catalog context (0.975149ms)
✔ semantic rejects missing permission declaration (0.980048ms)
✔ semantic rejects state hidden by stateless (0.953068ms)
✔ semantic rejects undeclared UI permission (22.924028ms)
✔ semantic rejects unsupported secret binding (16.447375ms)
✔ semantic rejects unowned rebuildable data (1.423685ms)
✔ configuration required field actually validated (18.324674ms)
✔ snapshot pin enforced independently from self-reported digest (1.647606ms)
✔ remote schema references never fetched (1.340639ms)
ℹ tests 41
ℹ suites 0
ℹ pass 41
ℹ fail 0
ℹ cancelled 0
ℹ skipped 0
ℹ todo 0
ℹ duration_ms 2511.940783
{"mode":"normal","publicHost":true,"clean":true,"externalAuthor":true,"operatorOwnedNative":true,"independentlySignedNative":false,"catalogRecords":"EXPERIMENTAL_LOCAL_SNAPSHOT","catalogDigest":"sha256:6d4f62849279bfa76ee781572ebf5e73ff0a0ebb6f2073b80f3030d4cbdfce26","trustVerified":false}
RECOVERED_COMPLETED_WRITE_NO_CRASH_DURABILITY_CLAIM
{"mode":"recover","publicHost":true,"clean":true,"externalAuthor":true,"operatorOwnedNative":true,"independentlySignedNative":false,"catalogRecords":"EXPERIMENTAL_LOCAL_SNAPSHOT","catalogDigest":"sha256:6d4f62849279bfa76ee781572ebf5e73ff0a0ebb6f2073b80f3030d4cbdfce26","trustVerified":false}
{"kind":"EXTERNAL_AUTHOR_EXECUTED","publicPackages":true,"separateAuthorOperator":true,"authorHasNoKernel":true,"consumerModuleSHA256":"a2468c853071caa88c69944a6013f79d466e69a5d01aa021db1bed0f838515c1","registryPublishing":false,"network":"npm-offline; runtime tested separately","source":"working-tree candidate","noContainerRuntime":true,"unchangedConsumer":true,"normalStopRestart":true,"crashRestart":"SIGKILL after completed write then fresh operator; no crash durability guarantee","supervisorProduct":false,"status":"PASS"}
(node:95) ExperimentalWarning: VM Modules is an experimental feature and might change at any time
(Use `node --trace-warnings ...` to show where the warning was created)
(node:132) ExperimentalWarning: VM Modules is an experimental feature and might change at any time
(Use `node --trace-warnings ...` to show where the warning was created)
{"kind":"EXECUTED","status":"PASS","source":"working-tree candidate, not committed-public reproduction","catalogRecords":"EXPERIMENTAL_LOCAL_SNAPSHOT_CHECKED_BY_EXTERNAL_OPERATOR","externalAuthor":"PASS"}
