{"kind":"NATIVE_ENVIRONMENT_OBSERVATION","node":"v24.21.0","uid":996,"docker":"UNAVAILABLE","podman":"UNAVAILABLE","socketScan":"NONE","remoteEndpoint":"ENETUNREACH","nonLoopbackInterfaces":0,"containerStartups":0,"imageDownloads":0,"containerDependency":0,"claim":"native-first only, not deployment equivalence","filesScanned":2142}
✔ delivered stateless manifest has separate semantic/declared/not-executed results (44.911831ms)
✔ delivered stateful manifest has separate semantic/declared/not-executed results (36.533651ms)
✔ stateful example schema validates actual persisted reference bytes (36.036515ms)
✔ required/optional dependency consistency checked against substantive Catalog fixture context (88.195371ms)
✔ supplied existing plugin declaration identity/capability/secret comparison is substantive (73.277169ms)
✔ local config references cannot escape by symlink; missing local reference fails (1.20361ms)
(node:17) ExperimentalWarning: VM Modules is an experimental feature and might change at any time
(Use `node --trace-warnings ...` to show where the warning was created)
✔ PUBLIC_HOST stateless native attachment, permission denial and cleanup (276.131824ms)
✔ PUBLIC_HOST proposed records persist across normal stop/new instance; health and stale handle (436.615961ms)
✔ PUBLIC_HOST actual required dependency absent, not successful EMPTY (29.710315ms)
✔ PUBLIC_HOST actual signed startup failure and readiness timeout (197.285924ms)
✔ PUBLIC_HOST actual secret reference declaration/grant/existence checks (68.840272ms)
✔ PUBLIC_HOST actual bounded stop timeout is reported, not clean PASS (82.258074ms)
✔ PUBLIC_HOST service-owned quota health DEGRADED and storage failure UNAVAILABLE (702.294966ms)
✔ PUBLIC_HOST undeclared data-domain rejected by reference, not filesystem confinement (87.325411ms)
✔ PUBLIC_HOST scope identity cannot be changed by a forged grant (115.320561ms)
✔ stateless SDK fixture, unchanged consumer, service-owned health and cleanup (23.398894ms)
✔ stateful SDK fixture persists across normal disposal/new instance; empty differs from absent (34.950787ms)
✔ native resource serializes concurrent writes; quota rejects without losing records (23.227149ms)
✔ corrupt state fails open instead of manufacturing successful EMPTY (2.973166ms)
✔ native storage errors normalize; failed write retains prior record, never absence (25.187968ms)
✔ corrupt JSON and malformed persisted shapes fail FAILED_PRECONDITION; IO open fails UNAVAILABLE (11.726563ms)
✔ three levels are independent; backup/migration execution not tested (33.169248ms)
✔ structural rejects malformed (0.830446ms)
✔ structural rejects unsupported binding (0.40805ms)
✔ structural rejects unknown field (0.378434ms)
✔ structural rejects executable UI (0.40834ms)
✔ structural rejects inline secret (0.890249ms)
✔ structural rejects path traversal (0.553435ms)
✔ semantic rejects unknown capability (2.595745ms)
✔ semantic rejects unavailable version (1.727778ms)
✔ semantic rejects URI major mismatch (4.649087ms)
✔ semantic rejects wrong identity (1.456976ms)
✔ semantic rejects wrong Catalog context (0.887053ms)
✔ semantic rejects missing permission declaration (1.033398ms)
✔ semantic rejects state hidden by stateless (1.167322ms)
✔ semantic rejects undeclared UI permission (31.757705ms)
✔ semantic rejects unsupported secret binding (24.390774ms)
✔ semantic rejects unowned rebuildable data (1.971607ms)
✔ configuration required field actually validated (24.020225ms)
✔ snapshot pin enforced independently from self-reported digest (1.800674ms)
✔ remote schema references never fetched (1.612471ms)
ℹ tests 41
ℹ suites 0
ℹ pass 41
ℹ fail 0
ℹ cancelled 0
ℹ skipped 0
ℹ todo 0
ℹ duration_ms 2394.501266
{"mode":"normal","publicHost":true,"clean":true,"externalAuthor":true,"operatorOwnedNative":true,"independentlySignedNative":false,"catalogRecords":"EXPERIMENTAL_LOCAL_SNAPSHOT","catalogDigest":"sha256:6d4f62849279bfa76ee781572ebf5e73ff0a0ebb6f2073b80f3030d4cbdfce26","trustVerified":false}
RECOVERED_COMPLETED_WRITE_NO_CRASH_DURABILITY_CLAIM
{"mode":"recover","publicHost":true,"clean":true,"externalAuthor":true,"operatorOwnedNative":true,"independentlySignedNative":false,"catalogRecords":"EXPERIMENTAL_LOCAL_SNAPSHOT","catalogDigest":"sha256:6d4f62849279bfa76ee781572ebf5e73ff0a0ebb6f2073b80f3030d4cbdfce26","trustVerified":false}
{"kind":"EXTERNAL_AUTHOR_EXECUTED","publicPackages":true,"separateAuthorOperator":true,"authorHasNoKernel":true,"consumerModuleSHA256":"a2468c853071caa88c69944a6013f79d466e69a5d01aa021db1bed0f838515c1","registryPublishing":false,"network":"npm-offline; runtime tested separately","source":"working-tree candidate","noContainerRuntime":true,"unchangedConsumer":true,"normalStopRestart":true,"crashRestart":"SIGKILL after completed write then fresh operator; no crash durability guarantee","supervisorProduct":false,"status":"PASS"}
(node:95) ExperimentalWarning: VM Modules is an experimental feature and might change at any time
(Use `node --trace-warnings ...` to show where the warning was created)
(node:132) ExperimentalWarning: VM Modules is an experimental feature and might change at any time
(Use `node --trace-warnings ...` to show where the warning was created)
{"kind":"EXECUTED","status":"PASS","source":"working-tree candidate, not committed-public reproduction","catalogRecords":"EXPERIMENTAL_LOCAL_SNAPSHOT_CHECKED_BY_EXTERNAL_OPERATOR","externalAuthor":"PASS"}
