K_PRELAUNCH_ISOLATION_PASS {"uid": 996, "routeRows": 0, "capabilities": 0, "noNewPrivileges": true, "net": "net:[4026532452]", "pid": "pid:[4026532451]", "processes": ["1"]}
(node:75) ExperimentalWarning: VM Modules is an experimental feature and might change at any time
(Use `node --trace-warnings ...` to show where the warning was created)
WHOLE_REFERENCE_DOMAIN_WRITE_PASS {"mode":"write","evidenceClass":"REAL_COMPONENT","memory":{"record":{"author":"worker:fixture","content":"lexical durable candidate","id":"rec_7ee71670d7f14950aa91f5d068004ae4","lifecycle":"working","provenance":{"source":"offline fixture"},"role":"active","scope":"tenant:offline/project:a","sourceRefs":["urn:offline:source"],"title":"fixture","version":1},"scope":"tenant:offline/project:a","actor":"worker:fixture","caller":"584654d8-01f8-4102-b637-5a0ff086e892","replay":false},"doghouse":{"record":{"acknowledgements":[{"actor":"reader","atMs":1790716676898,"requestId":"phase5i-ack-001"}],"classification":"unavailable","compatibility":"COMPATIBLE","firstObservedAtMs":1790716676805,"id":"86457ed7-a266-4ad5-92e9-98b4532ed3d9","lastObservedAtMs":1790716676805,"occurrenceCount":1,"rule":{"id":"availability-v1","version":"1.0.0"},"scope":"04bda5f2-354b-456f-b8e3-3bfb415933e2","status":"ACKNOWLEDGED","target":"isolated-target"},"scope":"04bda5f2-354b-456f-b8e3-3bfb415933e2"}}
(node:92) ExperimentalWarning: VM Modules is an experimental feature and might change at any time
(Use `node --trace-warnings ...` to show where the warning was created)
P2_COMPLETED_WRITE_AND_CLEAN_STOP
{"mode":"hold","publicHost":true,"clean":true,"externalAuthor":true,"operatorOwnedNative":true,"independentlySignedNative":false,"catalogRecords":"EXPERIMENTAL_LOCAL_SNAPSHOT","catalogDigest":"sha256:6d4f62849279bfa76ee781572ebf5e73ff0a0ebb6f2073b80f3030d4cbdfce26","trustVerified":false}

 Profile          Model                        Gateway      Alias        Distribution
 ───────────────    ───────────────────────────    ───────────    ───────────    ────────────────────
 ◆default         —                            stopped      —            —

✔ canonical decimal grammar, precision and range reject rather than round (2.706754ms)
✔ provider lexical exponent conversion uses the original token exactly (0.70577ms)
✔ wire conversion distinguishes exact numbers from ordinary literal strings (3.141225ms)
✔ structured numeric markers and size/depth limits fail closed (0.691344ms)
✔ J3 exact decimal lexical rules and frozen ACAP compatibility (5.717782ms)
✔ J3 structured fractions are exact numeric wire literals, never ambiguous strings (1.932764ms)
✔ J4 actual Catalog proposal/definition validation without admission or self-review (24.305885ms)
✔ J5/J6 neutral mixed semantics and exact round-trip (3.413737ms)
✔ J3/J6 malformed inputs, criteria, fractional state and limits rejected (3.334057ms)
✔ J6 exact correspondence, totals, confidence, range and legend defenses (6.094453ms)
✔ J7 public SDK testkit vertical substitutes neutral providers, clean disposal (76.079003ms)
✔ J7 Host permissions/revocation remain authoritative; no provider dispatch on denied calls (21.963046ms)
✔ J7 unload makes handles stale; incompatible major and descriptor mismatches fail (24.264997ms)
✔ J7 disable switch prevents invocation (13.112967ms)
✔ J7 unknown model and provider errors normalized without echoed state (29.001237ms)
✔ J7 deadline and cancellation forwarded once, no retry (56.747139ms)
✔ handoff returns result; forged reply identity/generation/correlation ignored (4.031552ms)
✔ handoff singleflight rejects competing request with no second backend dispatch (1.578127ms)
✔ handoff raw provider failure normalized without message or cause (0.843159ms)
✔ handoff cancel aborts and joins owned request (1.965226ms)
✔ handoff unload aborts and joins owned request (1.570431ms)
✔ handoff deadline/pre-cancellation/closed state reject before dispatch (0.749463ms)
(node:151) ExperimentalWarning: VM Modules is an experimental feature and might change at any time
(Use `node --trace-warnings ...` to show where the warning was created)
✔ public Host signed inventory, generic neutral call, grant denial and source-preserving caller (315.933248ms)
✔ public Host unload/restart and stale handle; fresh instance/grants only (368.038383ms)
✔ public Host disabled provider and incompatible capability version never dispatch (185.172211ms)
✔ public Host raw backend failure normalized; malformed request rejected before dispatch (226.851315ms)
✔ public Host in-flight cancel aborts effect-owned backend and joins cleanup (196.876372ms)
✔ public Host in-flight deadline aborts effect-owned backend and joins cleanup (260.101786ms)
✔ public Host in-flight unload aborts effect-owned backend and joins cleanup (154.01565ms)
✔ LIVE-OBSERVED model metadata replay: exact timestamps preserved; prose date still accepted; no other validator relaxed (4.74638ms)
✔ fresh synthetic continuation dispatches only four ordered POSTs, preserves both prefixes and refuses restart/replay (71.945649ms)
✔ first physical or semantic failure stops all later evaluations and keeps consumed slot/evidence (60.170304ms)
✔ changed historical evidence and unexpected ledger reservation fail before dispatch (54.453944ms)
✔ manual diagnostic has its own one-shot path; durable slot2, original prefix, total6 and no seventh (41.800643ms)
✔ modified history, existing evaluation, stale lock and ambiguous diagnostic never dispatch (13.175515ms)
✔ diagnostic rejects guard failure before network but preserves consumed reservation (6.329947ms)
✔ HTTP faults and decoded credential echoes are never exposed in diagnostic output (17.419809ms)
✔ diagnostic distinguishes documented shape from stricter legacy rejection without fixing mapper (2.378195ms)
✔ lexical ambiguity, invalid types, metadata bounds and CLI guards fail closed offline (76.664116ms)
✔ J8 public request mapping: shared state, mixed named questions, exact fractional documents (5.47271ms)
✔ J9/J10/J11/J12/J17 documented response fields preserved across mixed batch (3.568368ms)
✔ J21 numeric strings and literal reserved marker objects cannot masquerade as wire numbers (4.44949ms)
✔ J21 duplicate question/candidate/escaped keys and malformed tokens rejected before overwrite (1.131674ms)
✔ J10/J11/J12 exact names/types/candidates/levels/legend and rational probability defenses (6.471184ms)
✔ J13 model discovery maps public schema, not hard-coded aliases; malformed/duplicate IDs fail (0.957486ms)
✔ J14/J18 ledger is explicit, fail-closed, durable before dispatch and never replenished (34.525135ms)
✔ J18 ambiguity consumes slot, repeated matrix kind blocked; missing/corrupt ledgers fail closed (11.676729ms)
✔ J14/J18 singleflight retains lock during whole request; stale lock never auto-cleared (5.740726ms)
✔ J14/J16/J22 exact endpoint/Bearer/JSON, key reference scoped to request, no secret/state in ledger (14.088556ms)
✔ J16 absent/insecure/symlink secret and unsafe directory fail before reservation/send (8.770729ms)
✔ J14/J21/J22 auth/validation/rate/5xx/redirect responses normalized without retaining body or retry (58.855645ms)
✔ J14 network/aborted response never replayed and consumes physical reservation (13.281125ms)
✔ J15 shorter deadlines/cancellation bounded; pre-cancelled requests do not consume slots (33.999523ms)
✔ J21 bounded bytes/content-type/UTF8 defenses; no real network in fixture suite (1.679467ms)
ℹ tests 54
ℹ suites 0
ℹ pass 54
ℹ fail 0
ℹ cancelled 0
ℹ skipped 0
ℹ todo 0
ℹ duration_ms 2249.619
K20B_ACTUAL_EXPERIMENTAL_CATALOG sha256:1604d129a690059330e52200181d8e3861a9189f925e01c8bdc3414a00ddf11d
(node:285) ExperimentalWarning: VM Modules is an experimental feature and might change at any time
(Use `node --trace-warnings ...` to show where the warning was created)
K19_REAL_BACKEND_RESTART_PASS t_6c77fe59
K_POST_MUTATION_NO_WORKERS_RUNS_PASS 16
K_FUNCTIONAL_RESULT {"stage": "WHOLE_REFERENCE", "mode": "write", "functional": true, "productionCredentialRead": false, "freshFixtureCredential": true, "dispatch": 0, "assignment": 0, "workers": 0, "runs": 0, "termination": 0, "taskCount": 16, "realBackendRestart": true, "continuity": "UNKNOWN"}
