PRELAUNCH_ISOLATION_PASS {"uid": 65534, "net": "net:[4026532452]", "pid": "pid:[4026532451]", "mount": "mnt:[4026532448]", "routes": "Iface\tDestination\tGateway \tFlags\tRefCnt\tUse\tMetric\tMask\t\tMTU\tWindow\tIRTT                                                       \n", "processes": ["1"]}
{"status":"PASS","catalog":"sha256:1604d129a690059330e52200181d8e3861a9189f925e01c8bdc3414a00ddf11d","admissionEvidenceTests":19,"historicalFixtureRetained":true,"ownerAcceptance":false}
CURRENT_REVIEWED_SOURCE_HASHES_PASS
K20B_ACTUAL_EXPERIMENTAL_CATALOG sha256:1604d129a690059330e52200181d8e3861a9189f925e01c8bdc3414a00ddf11d
(node:91) ExperimentalWarning: VM Modules is an experimental feature and might change at any time
(Use `node --trace-warnings ...` to show where the warning was created)
✔ K14 actual supported backend board/get/list/create/update/comment; defaults and sanitized task (250.8135ms)
✔ K15 current mapping, cross-board, forged payload, missing ID and current revocation (97.264282ms)
✔ K16 best-effort sequential replay, content collision, current authority before replay, no native idempotency promise (96.152076ms)
OBSERVED_CONCURRENT_CREATE_IDS [ 't_44aa1600', 't_44aa1600' ]
✔ K16 concurrent key calls report actual outcomes, not exactly-once assertion; stale writes last-writer-wins (192.045102ms)
✔ K17 real WS event prefix replay, limit1/32, future cursor uncertainty, reconcile and explicit no-control (1446.870133ms)
✔ K12 explicit synthetic unit fixtures:257 task rejection and33-event prefix, unselected prefix/malformed/out-of-order (1.481404ms)
✔ K19 adapter disposal leaves real backend task; independent adapter restart reconciles (132.698674ms)
✔ K22 deadline and cancellation stop waiting; safe shape rejects execution knobs (46.522889ms)
✔ K13/K15 synthetic-secret binding is real current public Host reference/grant, not injected bypass (52.578076ms)
✔ K6 configuration refuses absent attestation or nonloopback endpoint before transport (0.370809ms)
✔ K16/K22 actual committed mutation then lost response yields UNKNOWN; reconcile through sole authority (151.997803ms)
✔ K22 bounded four-call overload, in-flight mapping revocation and disposal (72.999682ms)
✔ K22 malformed backend response fails explicitly, never empty board (58.709548ms)
✔ K22 oversize backend response fails explicitly, never empty board (49.220496ms)
✔ K21 separately offline-installed SDK-only consumer without adapter/Kernel/testkit resolution (5438.671747ms)
✔ K22 active real event poll rechecks revocation before empty observation delivery (458.478916ms)
✔ K22 repeated comments are not idempotent; separate real event IDs preserve duplicates (743.432548ms)
✔ K12 stale/expired history cannot be certified: explicit synthetic retained-tail fixture reports UNKNOWN (0.446611ms)
✔ K22 actual commit then delayed response crosses internal timeout: UNKNOWN with exact task reconciliation (713.146444ms)
✔ K15 review closure mapping revoked during real GET prevents update (124.484176ms)
✔ K15 review closure mapping revoked during real GET prevents comment (135.388446ms)
✔ K15 review closure secret revoked during real GET prevents update (134.975318ms)
✔ K15 review closure secret revoked during real GET prevents comment (116.231786ms)
✔ K16 review closure padded titles create/replay/update reconcile, whitespace-only rejected before write (98.246134ms)
✔ K14 review closure non-BMP code-point boundaries survive create/update/get/list (117.437559ms)
ℹ tests 25
ℹ suites 0
ℹ pass 25
ℹ fail 0
ℹ cancelled 0
ℹ skipped 0
ℹ todo 0
ℹ duration_ms 11235.787655
K20B_ACTUAL_EXPERIMENTAL_CATALOG sha256:1604d129a690059330e52200181d8e3861a9189f925e01c8bdc3414a00ddf11d
(node:360) ExperimentalWarning: VM Modules is an experimental feature and might change at any time
(Use `node --trace-warnings ...` to show where the warning was created)
K19_REAL_BACKEND_RESTART_PASS t_b7f221c1
K6_POST_MUTATION_NO_WORKERS_RUNS_PASS 16
QUALIFICATION_RESULT {"kind": "PHASE5K_REAL_NORMAL_BACKEND_CONFORMANCE", "passed": true}
