PARENT_ACTIVATION_DIAGNOSTICS {"audit":[{"actor":"operator","correlationId":"91695fcb-219e-46d1-ae2d-04211817ef85","outcome":"ALLOW","reason":"CREATE_SCOPE","scope":"root","target":"root","timestamp":1789683994826},{"actor":"operator","correlationId":"1095c5c1-cb79-49c2-b7ac-73eb6e95bc1a","outcome":"ATTEMPT","reason":"VERIFY","scope":"root","target":"package","timestamp":1789683994828},{"actor":"kernel","correlationId":"ab28ba3d-ac1d-4c79-b178-697f9c370a22","outcome":"VERIFIED","reason":"LIFECYCLE","scope":"root","target":"757201fd-62cb-4299-b4ca-31d000220a40","timestamp":1789683994836},{"actor":"operator","correlationId":"3b61f85a-fe57-4e73-ab2c-964e17bdf176","outcome":"ATTEMPT","reason":"VERIFY","scope":"root","target":"package","timestamp":1789683994839},{"actor":"kernel","correlationId":"1749a949-d249-428d-913f-77e215786669","outcome":"VERIFIED","reason":"LIFECYCLE","scope":"root","target":"dedcb992-2191-4019-b255-99f777ff882f","timestamp":1789683994847},{"actor":"operator","correlationId":"e39d4dbf-7ce8-48f1-895c-67b611de3d69","outcome":"ATTEMPT","reason":"VERIFY","scope":"root","target":"package","timestamp":1789683994850},{"actor":"kernel","correlationId":"12f741f8-99fa-4f04-91c8-06b8d53d3cf0","outcome":"VERIFIED","reason":"LIFECYCLE","scope":"root","target":"8d094ded-f58c-48c5-952f-578c652245ca","timestamp":1789683994860},{"actor":"operator","correlationId":"891e4bf2-eea9-40b7-b1e8-992c6f993a45","outcome":"ALLOW","reason":"ISSUE_GRANT","scope":"root","target":"1968ab5c-d84a-48f6-85d1-516d69980df3","timestamp":1789683994863},{"actor":"operator","correlationId":"7c1afcdf-bd07-4a30-a2fe-ec1b8f28eb11","outcome":"ALLOW","reason":"ISSUE_GRANT","scope":"root","target":"aa9e76bd-c6dc-4ba2-93f1-6b0211b5ddaa","timestamp":1789683994866},{"actor":"kernel","correlationId":"6ff0d137-7b32-4e1f-94c3-8124ee125135","outcome":"RESOLVED","reason":"LIFECYCLE","scope":"root","target":"757201fd-62cb-4299-b4ca-31d000220a40","timestamp":1789683994884},{"actor":"kernel","correlationId":"fc9ac5c3-4063-4078-91b3-7b4a8ed9785f","outcome":"ACTIVATING","reason":"LIFECYCLE","scope":"root","target":"757201fd-62cb-4299-b4ca-31d000220a40","timestamp":1789683994884},{"actor":"kernel","correlationId":"093b5d35-09d8-4f93-bb68-56dc8dad81b0","outcome":"FAILED","reason":"LIFECYCLE","scope":"root","target":"757201fd-62cb-4299-b4ca-31d000220a40","timestamp":1789683995050},{"actor":"kernel","correlationId":"cc4f12b9-e878-47a5-8042-9d048b18d958","outcome":"FAILED","reason":"LIFECYCLE","scope":"root","target":"8d094ded-f58c-48c5-952f-578c652245ca","timestamp":1789683995051},{"actor":"kernel","correlationId":"695405c0-aeb1-4ee3-aa2b-4e0c9673a26d","outcome":"FAILED","reason":"LIFECYCLE","scope":"root","target":"dedcb992-2191-4019-b255-99f777ff882f","timestamp":1789683995051}],"auditRecords":14,"auditUnavailable":false,"cellId":"1a441173-4e5a-4515-9cf2-1889e28e5e92","grants":[{"id":"1968ab5c-d84a-48f6-85d1-516d69980df3","instanceId":"dedcb992-2191-4019-b255-99f777ff882f","principal":"org.alica.consumer","revision":0,"revoked":true,"scope":"root","valid":false},{"id":"aa9e76bd-c6dc-4ba2-93f1-6b0211b5ddaa","instanceId":"8d094ded-f58c-48c5-952f-578c652245ca","principal":"org.alica.client","revision":0,"revoked":true,"scope":"root","valid":false}],"instances":[{"cleanup":{"completedDisposers":0,"failedDisposers":[],"restartRequired":false,"state":"FAILED","timedOutResources":0},"generation":1,"history":["DISCOVERED","VERIFIED","RESOLVED","ACTIVATING","FAILED"],"id":"757201fd-62cb-4299-b4ca-31d000220a40","packageDigest":"sha256:bbbfe40e40f220301de43bcb18edd7c85e0e85162176dde109363ed869fff356","principal":"org.alica.echoa","scope":"root","state":"FAILED"},{"cleanup":{"completedDisposers":0,"failedDisposers":[],"restartRequired":false,"state":"FAILED","timedOutResources":0},"generation":1,"history":["DISCOVERED","VERIFIED","FAILED"],"id":"dedcb992-2191-4019-b255-99f777ff882f","packageDigest":"sha256:a0f8143f73812f9f9fc7f8d0856523397a4c3fdb77b0e74a35bfd8b1313aab75","principal":"org.alica.consumer","scope":"root","state":"FAILED"},{"cleanup":{"completedDisposers":0,"failedDisposers":[],"restartRequired":false,"state":"FAILED","timedOutResources":0},"generation":1,"history":["DISCOVERED","VERIFIED","FAILED"],"id":"8d094ded-f58c-48c5-952f-578c652245ca","packageDigest":"sha256:69bfa3ce25fe967bbfa054888d22f42a2a2aa958d77138d84c54ebeda05279bd","principal":"org.alica.client","scope":"root","state":"FAILED"}],"registry":[],"resources":{"effects":0,"listeners":0,"pendingCalls":0,"registrations":0},"scopes":[{"generation":1,"id":"root","owner":null,"parent":null,"state":"OPEN"}],"unsettledWork":0}
✖ in-process IPC install: actual echo and unchanged consumer readiness, exact frozen selection, lifetime ownership and real shutdown (564.623975ms)
ℹ tests 1
ℹ suites 0
ℹ pass 0
ℹ fail 1
ℹ cancelled 0
ℹ skipped 0
ℹ todo 0
ℹ duration_ms 878.686296

✖ failing tests:

test at tests/g7/cell-activation.test.mjs:30:1
✖ in-process IPC install: actual echo and unchanged consumer readiness, exact frozen selection, lifetime ownership and real shutdown (564.623975ms)
  Error [AcapError]: UNAVAILABLE
      at normalized (file:///home/alica-dev/AlicaV2/packages/acap-contracts/dist/validation.js:41:12)
      at Host.startProfile (file:///home/alica-dev/AlicaV2/packages/kernel/dist/index.js:637:19)
      at process.processTicksAndRejections (node:internal/process/task_queues:104:5)
      at async #activate (file:///home/alica-dev/AlicaV2/tools/g7-cell.mjs:581:13)
      at async #stage (file:///home/alica-dev/AlicaV2/tools/g7-cell.mjs:475:28)
      at async #run (file:///home/alica-dev/AlicaV2/tools/g7-cell.mjs:158:14)
      at async TestContext.<anonymous> (file:///home/alica-dev/AlicaV2/tests/g7/cell-activation.test.mjs:33:20)
      at async Test.run (node:internal/test_runner/test:1409:7)
      at async startSubtestAfterBootstrap (node:internal/test_runner/harness:387:3) {
    code: 'UNAVAILABLE',
    correlationId: '84c60d8f-ee1e-4bb4-b4a9-19eb8514cb8d',
    retryable: false
  }
