{"allowlist": ["services/doghouse", "docs/phase5.2/design", "catalog/proposals/assurance-incidents", "examples/phase52-consumer", "packages", "node_modules", "service-foundation/tooling", "service-foundation/schemas", "tools/g3-fixtures.mjs", "specs/examples/capability.valid.json"], "runtime": ".tools/node-v24.21.0-linux-x64/bin/node", "copiedFiles": 1234, "copiedManifestSha256": "c27b7fb64c274381b552edcc6b084b748ebb6cfc1c937b2b70840be9cdcac9b1", "nodeSha256": "7fde7b8afa198da66257f42ee2001d874c7355631e6d1579a5fb5ef1f246df4c", "hostSocketsCopiedOrProbed": false}
{"prerequisite":"PASS","filesystem":"disposable chroot; allowlisted regular files only","network":"new network namespace","docker":"ENOENT","podman":"ENOENT","filesystemSockets":0,"proc":false,"sys":false,"uid":1001}
✔ D8 repeated against actual admitted snapshot; separate execution record not inferred from schema (78.62221ms)
✔ D13 native composition validates closed configuration before touching store (1.948442ms)
✔ D17 incident capacity64 refuses next without changing history (3424.291961ms)
✔ D17 retained observation/dedupe capacity256 rejects atomically (9857.243073ms)
✔ D17 acknowledgement replay capacity16 and late correlation window fail closed (54.808725ms)
✔ D17 isolated child self-exit beforeRename preserves coherent generation (392.879038ms)
✔ D17 isolated child self-exit afterRename preserves coherent generation (384.663524ms)
✔ D13 required stopped backup restores independently; exchange is not backup (9.93188ms)
✔ F1 responsive shutdown drains and refuses new admission; bounded incomplete cleanup retains ownership (2029.99973ms)
✔ F1 cancellation before commit and during native commit does not fake rollback (10.516843ms)
✔ D9-D10 native lifecycle distinct occurrences, acknowledgement, recovery, recurrence and restart (54.242795ms)
✔ duplicate old redelivery is idempotent; payload conflict rejected (6.025737ms)
✔ D17 forged producer (1.420961ms)
✔ D17 wrong instance (1.541805ms)
✔ D17 wrong generation (1.234341ms)
✔ D17 cross scope (1.174334ms)
✔ D17 unregistered target (1.097164ms)
✔ D17 secret-bearing extra evidence (1.391444ms)
✔ D17 bad evidence hash (1.305889ms)
✔ D17 future skew (15.237683ms)
✔ D17 stale observation (1.224561ms)
✔ D17 recovery evidence mismatch (1.297512ms)
✔ D17 oversize (0.940029ms)
✔ D17 out-of-order recovery cannot resolve; silence and self-health not recovery (9.174014ms)
✔ D17 query/ack scope and unknown manual operation denied (17.241433ms)
✔ D17 durable write failure leaves no partial state; uncertain post-rename fails closed (6.217016ms)
✔ D17 exclusive ownership and corrupt-store fail closed (1.113966ms)
✔ D17 occurrence capacity rejects without eviction (292.746289ms)
✔ D17 cooperative queue wait, overload, cancellation and shutdown refusal (7.786447ms)
✔ D17 postcommit cooperative deadline reports uncertainty, retry is duplicate (10.113322ms)
✔ D14-D16 canonical roundtrip with acknowledgements, resolutions and compatible continuation (53.345759ms)
✔ D15 imported producer/actor history grants neither query nor duplicate ingestion (10.13778ms)
✔ D16 unavailable historical rule preserved as HISTORICAL_ONLY, never reassessed or acknowledged (14.973071ms)
✔ D15 rejected import is atomic: extra grants (6.349093ms)
✔ D15 rejected import is atomic: foreign schema (5.080346ms)
✔ D15 rejected import is atomic: count mismatch (5.77398ms)
✔ D15 rejected import is atomic: missing reference (4.8293ms)
✔ D15 rejected import is atomic: dedupe mismatch (4.860461ms)
✔ D15 rejected import is atomic: duplicate observation (7.285466ms)
✔ D15 rejected import is atomic: privileged evidence (4.873256ms)
✔ D15 rejected import is atomic: wrong correlation (4.997857ms)
✔ D15 rejected import is atomic: invalid timestamp (5.109422ms)
✔ D15 rejected import is atomic: incompatible labelled current (5.266097ms)
✔ D15 rejected import is atomic: unbacked resolution (5.238804ms)
✔ D15 oversized/malformed import and nonempty target reject before mutation (1.347979ms)
✔ D17 acknowledgement retry content collision is durable and actor-bound (13.258151ms)
(node:58) ExperimentalWarning: VM Modules is an experimental feature and might change at any time
(Use `node --trace-warnings ...` to show where the warning was created)
✔ D11-D13 public Host/SDK isolated vertical slice and independent consumer (379.111435ms)
✔ D12 independent current mapping AND Host grants both required; scope denied (274.585268ms)
✔ D13 restart restores same IDs/lifecycle while new instance requires new mappings (383.463251ms)
✔ R2 resolved overlap, reversed=false: atomic import, store commit/open rejection (41.041627ms)
✔ R2 resolved overlap, reversed=true: atomic import, store commit/open rejection (23.230468ms)
✔ R2 equal recovery/start, reversed=false: atomic import, store commit/open rejection (21.62997ms)
✔ R2 equal recovery/start, reversed=true: atomic import, store commit/open rejection (22.336558ms)
✔ R2 equal starts, reversed=false: atomic import, store commit/open rejection (27.394021ms)
✔ R2 equal starts, reversed=true: atomic import, store commit/open rejection (20.609415ms)
✔ R2 active predecessor, reversed=false: atomic import, store commit/open rejection (20.242434ms)
✔ R2 active predecessor, reversed=true: atomic import, store commit/open rejection (19.203592ms)
✔ R2 acknowledged predecessor, reversed=false: atomic import, store commit/open rejection (22.81247ms)
✔ R2 acknowledged predecessor, reversed=true: atomic import, store commit/open rejection (18.483018ms)
✔ R2 valid reversed recurrence survives restart and authorized continuation (47.554808ms)
✔ R2 unknown-rule overlapping historical-only evidence is not assigned understood semantics (27.333983ms)
ℹ tests 61
ℹ suites 0
ℹ pass 61
ℹ fail 0
ℹ cancelled 0
ℹ skipped 0
ℹ todo 0
ℹ duration_ms 13909.448123
R1_NATIVE_UNAVAILABLE_QUALIFICATION_PASS
