Collecting attrs==26.1.0 (from -r requirements-design.txt (line 2))
  Using cached attrs-26.1.0-py3-none-any.whl (67 kB)
Collecting cffi==2.1.1 (from -r requirements-design.txt (line 3))
  Using cached cffi-2.1.1-cp312-cp312-manylinux2014_x86_64.manylinux_2_17_x86_64.whl (221 kB)
Collecting cryptography==50.0.1 (from -r requirements-design.txt (line 4))
  Using cached cryptography-50.0.1-cp311-abi3-manylinux_2_34_x86_64.whl (4.7 MB)
Collecting jsonschema-specifications==2025.9.1 (from -r requirements-design.txt (line 5))
  Using cached jsonschema_specifications-2025.9.1-py3-none-any.whl (18 kB)
Collecting jsonschema==4.26.0 (from -r requirements-design.txt (line 6))
  Using cached jsonschema-4.26.0-py3-none-any.whl (90 kB)
Collecting pycparser==3.0 (from -r requirements-design.txt (line 7))
  Using cached pycparser-3.0-py3-none-any.whl (48 kB)
Collecting referencing==0.37.0 (from -r requirements-design.txt (line 8))
  Using cached referencing-0.37.0-py3-none-any.whl (26 kB)
Collecting rpds-py==2026.6.3 (from -r requirements-design.txt (line 9))
  Using cached rpds_py-2026.6.3-cp312-cp312-manylinux_2_17_x86_64.manylinux2014_x86_64.whl (366 kB)
Collecting typing_extensions==4.16.0 (from -r requirements-design.txt (line 10))
  Using cached typing_extensions-4.16.0-py3-none-any.whl (45 kB)
Installing collected packages: typing_extensions, rpds-py, pycparser, attrs, referencing, cffi, jsonschema-specifications, cryptography, jsonschema

Successfully installed attrs-26.1.0 cffi-2.1.1 cryptography-50.0.1 jsonschema-4.26.0 jsonschema-specifications-2025.9.1 pycparser-3.0 referencing-0.37.0 rpds-py-2026.6.3 typing_extensions-4.16.0
Use: export PATH="$PWD/.tools/node/bin:$PATH"; npm ci --ignore-scripts; npm run check
