tools/g7-archive.mjs 92ms
tools/g7-inspect.mjs 7ms
tests/g7/r1-implementation.test.mjs 65ms
package.json 4ms (unchanged)

> alica-v2@0.0.0 test:g7-implementation
> node --experimental-vm-modules --test --test-timeout=30000 tests/g7/r1-implementation.test.mjs

✔ R1 actual deterministic USTAR assembly, signature and graph inspection is read-only (36.741035ms)
✔ R1 denies wrong-domain (6.599134ms)
✔ R1 denies expired (5.239215ms)
✔ R1 denies revoked-signer (8.444806ms)
✔ R1 denies future-floor (4.804288ms)
✔ R1 denies old-policy (4.664596ms)
✔ R1 denies wrong-root (4.028709ms)
✔ R1 denies inproc-authority (5.021295ms)
✔ R1 rejects duplicate-key through real archive decoding (7.337252ms)
✔ R1 rejects unsafe-integer through real archive decoding (8.979011ms)
✔ R1 rejects bad-unicode through real archive decoding (6.995119ms)
✔ R1 rejects depth through real archive decoding (6.851578ms)
✔ R1 rejects utf8 through real archive decoding (8.152295ms)
✔ R1 rejects size through real archive decoding (9.779326ms)
✔ R1 rejects unknown closed lock fields and wrong policy binding (12.937187ms)
✔ USTAR rejects checksum (2.188257ms)
✔ USTAR rejects symlink (1.985326ms)
✔ USTAR rejects hardlink (2.118405ms)
✔ USTAR rejects directory (4.409023ms)
✔ USTAR rejects pax (2.176704ms)
✔ USTAR rejects gnu (1.819293ms)
✔ USTAR rejects base256 (2.039357ms)
✔ USTAR rejects nul-alias (1.820505ms)
✔ USTAR rejects traversal (1.899514ms)
✔ USTAR rejects padding (1.984764ms)
✔ USTAR rejects tail (1.817229ms)
✔ USTAR rejects link-target (1.868715ms)
✔ USTAR exact EOF, duplicate/case aliases, path bounds and symlink input (2.836887ms)
✔ USTAR rechecks descriptor bytes after source modification (2.244573ms)
✔ durable owner-only no-follow writes and exclusive publication (6.187479ms)
✔ real SIGKILL at durable replacement open (470.401241ms)
✔ real SIGKILL at durable replacement write (453.696707ms)
✔ real SIGKILL at durable replacement file-fsync (482.547029ms)
✔ real SIGKILL at durable replacement rename (443.163211ms)
✔ real SIGKILL at durable replacement directory-fsync (492.629815ms)
✔ public Kernel admission boundary: release-wide signature is not a per-package signature (24.63351ms)
✔ read-only inspection CLI actually runs and redacts failure paths (520.975398ms)
✔ trust verifier does not write floors (3.085714ms)
✔ USTAR enforces real input size, entry count and parent aliases (1497.120006ms)
✔ USTAR supports canonical long paths without prefix aliases (2.420102ms)
✔ release inventory rejects corrupt payloads, extra files and missing inventory members (12.081747ms)
ℹ tests 41
ℹ suites 0
ℹ pass 41
ℹ fail 0
ℹ cancelled 0
ℹ skipped 0
ℹ todo 0
ℹ duration_ms 4840.934541
