tools/g7-cell.mjs 191ms (unchanged)
tools/g7-owned-bridge.mjs 17ms (unchanged)
tools/g7-owned-cli.mjs 8ms (unchanged)
tests/g7/serving-continuation.test.mjs 77ms
tests/g7/serving-driver.mjs 9ms
tests/g7/serving-faults.mjs 15ms
✔ A1+B1 schemas: closed v1, exact cloned request, constrained v2 pairs and strict client version (54.14835ms)
actual SO_PEERCRED admin.sock [260521, 1000, 1000]
actual SO_PEERCRED admin-v2.sock [260521, 1000, 1000]
✔ A1: every header/body split, coalesced/trailing frames, strict parser, exact ceiling, credentials/modes and wrong endpoints (4123.994122ms)
✔ A1: delayed trailing byte/second frame and unsealed start/stop have no pre-EOF effects (7017.113626ms)
actual admission deadline observations ms: [
  30050.520633,
  30050.287793,
  30050.144874999998,
  30049.991656,
  30049.856652000002,
  30049.729063,
  30049.622351,
  30049.455687
]
✔ A1: aggregate eight admitted sockets, actual 30000ms absolute unsealed mutation deadlines; bytes/EOF never reset (33108.245573ms)
actual forced cleanup deadline ms: 30026.162345999997 pidfd: HELD
EXIT
✔ A1+B1: one mutation slot across endpoints; dispatched disconnect does not cancel; actual forced cleanup deadline retains custody (32786.572808ms)
late EOF admission deadline ms: 30033.63573499999 cleanup ms: 30067.709171999988
✔ A1: late EOF does not reset admission deadline or cancel an already dispatched stop (37694.103908ms)
pidfd receipts: HELD
EXIT boundary: { pid: 261895, boundary: 'after-file-fsync' } prior: false
✔ B1: held pidfd, stopped/killed actual accepted after-file-fsync, first publication (2738.587589ms)
pidfd receipts: HELD
EXIT boundary: { pid: 261931, boundary: 'before-rename' } prior: false
✔ B1: held pidfd, stopped/killed actual accepted before-rename, first publication (2799.587788ms)
pidfd receipts: HELD
EXIT boundary: { pid: 261993, boundary: 'after-rename' } prior: false
✔ B1: held pidfd, stopped/killed actual accepted after-rename, first publication (2796.319806ms)
pidfd receipts: HELD
EXIT boundary: { pid: 262065, boundary: 'before-directory-fsync' } prior: false
✔ B1: held pidfd, stopped/killed actual accepted before-directory-fsync, first publication (2711.425373ms)
pidfd receipts: HELD
EXIT boundary: { pid: 262114, boundary: 'after-directory-fsync' } prior: false
✔ B1: held pidfd, stopped/killed actual accepted after-directory-fsync, first publication (2665.443758ms)
pidfd receipts: HELD
EXIT boundary: { pid: 262222, boundary: 'after-file-fsync' } prior: true
✔ B1: held pidfd, stopped/killed actual accepted after-file-fsync, prior bytes successor fault (3291.504037ms)
pidfd receipts: HELD
EXIT boundary: { pid: 262300, boundary: 'before-rename' } prior: true
✔ B1: held pidfd, stopped/killed actual accepted before-rename, prior bytes successor fault (3236.07318ms)
pidfd receipts: HELD
EXIT boundary: { pid: 262360, boundary: 'after-rename' } prior: true
✔ B1: held pidfd, stopped/killed actual accepted after-rename, prior bytes successor fault (3464.979292ms)
pidfd receipts: HELD
EXIT boundary: { pid: 262444, boundary: 'before-directory-fsync' } prior: true
✔ B1: held pidfd, stopped/killed actual accepted before-directory-fsync, prior bytes successor fault (3318.079828ms)
pidfd receipts: HELD
EXIT boundary: { pid: 262512, boundary: 'after-directory-fsync' } prior: true
✔ B1: held pidfd, stopped/killed actual accepted after-directory-fsync, prior bytes successor fault (3255.131861ms)
✔ B1: owner death before readiness returns unknown on v2, close on v1, no publication or restart (797.597537ms)
✔ B1: successor missing accepted data preserves original, no stale response/replay (3137.769905ms)
✔ B1: successor corrupt accepted data preserves original, no stale response/replay (3186.890218ms)
✔ B1 client: rejects wrong version/binding, duplicate/trailing response and never connects fallback/replays (6.67179ms)
✔ Python root signatures are accepted by the unchanged production Kernel verifier (20.372734ms)
✔ root policy authorizes only the designated publisher and IPC execution (1.003869ms)
✔ signature domains are not interchangeable (0.845512ms)
✔ tampered policy is rejected (2.265506ms)
✔ prohibited inproc trust expansion is rejected (2.133076ms)
✔ root substitution is rejected (0.986939ms)
✔ wrong public bytes under approved key ID are rejected (1.202154ms)
✔ missing signature is rejected (0.921485ms)
✔ noncanonical signature encoding is rejected (1.828914ms)
✔ tampered revocation metadata is rejected (2.63969ms)
✔ metadata issued in the future is rejected (1.061027ms)
✔ expired revocation metadata is rejected (1.389407ms)
✔ old policy age also blocks activation despite nominal policy expiry (1.320405ms)
✔ unknown policy fields are rejected (0.612483ms)
✔ backward clock movement fails closed (10.940066ms)
✔ existing high-water state cannot be reset using initialize=true (6.77779ms)
✔ in-process IPC install: actual echo and unchanged consumer readiness, exact frozen selection, lifetime ownership and real shutdown (3390.685828ms)
✔ external SIGKILL at activating-durable preserves selection and requires operator without inventing reap (1367.535989ms)
✔ external SIGKILL at accepted-rename preserves selection and requires operator without inventing reap (3490.20858ms)
✔ external SIGKILL at committed-durable preserves selection and requires operator without inventing reap (3468.139082ms)
✔ fresh recovery rejects committed corruption: wrong-sequence (2812.160939ms)
✔ fresh recovery rejects committed corruption: wrong-release (2567.554379ms)
✔ fresh recovery rejects committed corruption: unknown-field (2541.922967ms)
✔ fresh recovery rejects committed corruption: missing-selection (2556.115114ms)
✔ fresh recovery rejects committed corruption: corrupt-journal (2566.9122ms)
✔ real provider activation failure never publishes accepted selection and records clean rollback (871.259534ms)
✔ post-activation recovery still enforces Kernel same-version policy digest continuity (2604.028206ms)
✔ expired grants cannot continue to report a ready RUNNING Cell (7471.758886ms)
✔ real syscall fault remains conservative and cannot publish later: accepted-rename (5231.924175ms)
✔ real syscall fault remains conservative and cannot publish later: accepted-directory (5164.291309ms)
✔ real syscall fault remains conservative and cannot publish later: journal-link (5190.735181ms)
✔ real syscall fault remains conservative and cannot publish later: enospc (2653.717602ms)
✔ real syscall fault remains conservative and cannot publish later: accepted-file-delay (35871.622751ms)
✔ activation hangs: actual IPC, no late accepted publication (32832.598218ms)
✔ activation resolves late: actual IPC, no late accepted publication (33320.397864ms)
✔ readiness shares activation budget: actual IPC, no late accepted publication (32945.529709ms)
✔ throwing IPC activation preserves clean same-object status and safe conflict on retained candidate (1056.61683ms)
✔ actual IPC readiness fails closed: throw new Error("readiness failure"); (4054.490715ms)
✔ actual IPC readiness fails closed: await new Promise(r => setTimeout(r, 1500)); return x; (5272.986278ms)
✔ actual IPC readiness fails closed: await new Promise(() => {}); (4957.442582ms)
✔ actual hanging IPC disposer cannot claim STOPPED or reopen admission (5468.307383ms)
✔ actual committed corruption has structured conservative error and is not repaired (2521.710764ms)
✔ real staged transaction, separate-process status/recovery, persistent identity/floor and no accepted selection (1429.328331ms)
✔ OS flock contention is immediate across processes and releases on SIGKILL without PID guessing (350.418562ms)
✔ external SIGKILL at staging-durable with fresh-process readback (809.438759ms)
✔ external SIGKILL at verified-durable with fresh-process readback (983.62186ms)
✔ external SIGKILL at journal-link with fresh-process readback (788.387899ms)
✔ external SIGKILL at floor-rename with fresh-process readback (754.441871ms)
✔ private-root attack rejects symlink-root (75.137915ms)
✔ private-root attack rejects root-mode (74.770254ms)
✔ private-root attack rejects identity-hardlink (65.061677ms)
✔ private-root attack rejects floor-symlink (73.845232ms)
✔ private-root attack rejects floor-mode (72.055071ms)
✔ private-root attack rejects unknown-root (81.743542ms)
✔ private-root attack rejects missing-kernel (70.229876ms)
✔ private-root attack rejects accepted-selection (85.578391ms)
✔ stage rejects wrong-root without accepted publication (76.076142ms)
✔ stage rejects clock-floor without accepted publication (71.672812ms)
✔ stage rejects metadata-floor without accepted publication (73.250163ms)
✔ stage rejects intent-profile without accepted publication (96.710058ms)
✔ stage rejects intent-operation without accepted publication (220.062673ms)
✔ stage rejects intent-duplicate without accepted publication (81.311349ms)
✔ stage rejects intent-secret without accepted publication (80.808732ms)
✔ stage rejects source-corruption without accepted publication (78.204148ms)
✔ journal corruption, unknown shape, checksum-valid illegal edge and rollback deny (2264.998465ms)
✔ install, upgrade, start, stop, verify and backup are explicitly unavailable; no root mutation (1891.474623ms)
✔ anonymous packet channel authenticates exact real child credentials; pidfd pins lifetime (35.508539ms)
✔ same-uid grandchild cannot forge exact coordinator credentials on inherited channel (26.276288ms)
✔ rejects unauthenticated ancillary/truncated/empty packet: rights (32.209869ms)
✔ rejects unauthenticated ancillary/truncated/empty packet: oversize (26.431149ms)
✔ rejects unauthenticated ancillary/truncated/empty packet: empty (29.623009ms)
✔ cross-process exact reinstall: actual original Cell/Kernel bytes and inodes preserved, fence retained (3987.344354ms)
✔ cross-process rejects same-version-equivocation (3646.800983ms)
✔ cross-process rejects revoked-bundle (3711.312232ms)
✔ cross-process rejects authorization (3688.317102ms)
✔ cross-process rejects archive (3808.742967ms)
✔ cross-process rejects forged-clean (3736.131287ms)
✔ cross-process rejects kill-coordinator (3657.528509ms)
✔ continuous separate flock competitor and concurrent constructors cannot enter owned lifecycle (6562.764392ms)
✔ maintenance parent death contains exact pidfd-pinned coordinator; fence is not clean authority (3469.55707ms)
✔ buffered authentic CLEAN returned after real cleanup deadline is not authority (34404.709613ms)
✔ owned upgrade denies bad-target-grants without reviving or replacing prior (3969.657266ms)
✔ owned upgrade denies bad-target-readiness without reviving or replacing prior (4521.939999ms)
✔ owned upgrade denies bad-target-call without reviving or replacing prior (5960.654401ms)
✔ owned upgrade commits a distinct immutable target with original prior history and actual new IPC readiness (6082.126845ms)
✔ owned upgrade conservative publication: crash-before-accepted (6142.549619ms)
✔ owned upgrade conservative publication: crash-after-accepted (6010.302821ms)
✔ owned upgrade conservative publication: crash-after-accepted-fsync (6273.118822ms)
✔ owned upgrade conservative publication: uncertain-rename (6396.067887ms)
✔ owned upgrade conservative publication: uncertain-directory-fsync (6379.649589ms)
✔ owned upgrade conservative publication: crash-before-commit (6177.711447ms)
✔ owned upgrade conservative publication: crash-after-commit (6580.215855ms)
✔ owned upgrade conservative publication: uncertain-commit-fsync (6706.44648ms)
✔ independent watchdog contains synchronous block-cleanup at real deadline (33872.934056ms)
✔ independent watchdog contains synchronous block-activation at real deadline (34245.220216ms)
✔ independent watchdog contains synchronous block-maintenance at real deadline (303681.499323ms)
✔ native custody requires matching private inode and the actual held flock description (2.616596ms)
✔ exact reinstall under continuous same-owner clean custody is a byte/inode/mtime preserving no-op, repeatedly (2694.574248ms)
✔ exact reinstall fails closed without writes: retained-artifact (2495.677282ms)
✔ exact reinstall fails closed without writes: retained-extra (2268.157852ms)
✔ exact reinstall fails closed without writes: retained-missing (2437.906803ms)
✔ exact reinstall fails closed without writes: authorization (2414.909448ms)
✔ exact reinstall fails closed without writes: accepted (2357.475172ms)
✔ exact reinstall fails closed without writes: journal (2339.92976ms)
✔ exact reinstall fails closed without writes: kernel-malformed (2428.696886ms)
✔ exact reinstall fails closed without writes: kernel-backward-clock (2260.005554ms)
✔ exact reinstall fails closed without writes: floor-backward-clock (2458.19607ms)
✔ exact reinstall fails closed without writes: expired (2463.742653ms)
✔ exact reinstall fails closed without writes: revoked-bundle (2527.934672ms)
✔ exact reinstall fails closed without writes: revoked-publisher (2690.397155ms)
✔ exact reinstall fails closed without writes: revoked-package (2513.154555ms)
✔ exact reinstall fails closed without writes: same-version-equivocation (2495.560423ms)
✔ exact reinstall fails closed without writes: missing-trust (2488.83923ms)
✔ exact reinstall fails closed without writes: candidate-tamper (2515.172204ms)
✔ exact reinstall fails closed without writes: different-valid-candidate (2224.381238ms)
✔ normal owner close/reopen cannot reconstruct clean custody from accepted bytes or journal (2359.488643ms)
✔ unmodified CLI path establishes custody from inception and refuses later residue adoption (3920.851785ms)
✔ owned coordinator: independent custodian and owner normal reaps precede real stopped verification; original Cell preserved (3687.882123ms)
✔ owned coordinator loss retains fence at before-fsync-1 (376.486288ms)
✔ owned coordinator loss retains fence at after-fsync-1 (420.755068ms)
✔ owned coordinator loss retains fence at before-fsync-2 (394.24979ms)
✔ owned coordinator loss retains fence at after-fsync-2 (389.350436ms)
✔ owned coordinator loss retains fence at before-fsync-3 (359.79772ms)
✔ owned coordinator loss retains fence at after-fsync-3 (405.25639ms)
✔ owned coordinator loss retains fence at before-READY (3143.705259ms)
✔ owned coordinator loss retains fence at after-READY (3154.47287ms)
✔ owned coordinator loss retains fence at before-SEALED (2908.317425ms)
✔ owned coordinator loss retains fence at after-SEALED (2975.834824ms)
✔ owned coordinator loss retains fence at before-CLEAN (3117.253159ms)
✔ owned coordinator loss retains fence at after-CLEAN (3020.467209ms)
✔ owned coordinator loss retains fence at after-reap (3183.335326ms)
✔ owned coordinator loss retains fence at before-maintenance (3134.796667ms)
✔ owned coordinator loss retains fence at after-maintenance (3612.408054ms)
✔ custodian abnormal death cannot become stopped permission at before-fsync-1 (214.836454ms)
✔ custodian abnormal death cannot become stopped permission at after-fsync-1 (235.552144ms)
✔ custodian abnormal death cannot become stopped permission at before-fsync-2 (248.913207ms)
✔ custodian abnormal death cannot become stopped permission at after-fsync-2 (235.113027ms)
✔ custodian abnormal death cannot become stopped permission at before-fsync-3 (215.10517ms)
✔ custodian abnormal death cannot become stopped permission at after-fsync-3 (221.644842ms)
✔ custodian abnormal death cannot become stopped permission at before-READY (2678.19366ms)
✔ custodian abnormal death cannot become stopped permission at before-SEALED (2741.11635ms)
✔ custodian abnormal death cannot become stopped permission at after-SEALED (2971.251866ms)
✔ custodian abnormal death cannot become stopped permission at before-CLEAN (3047.244481ms)
✔ custodian abnormal death cannot become stopped permission at after-CLEAN (2997.704907ms)
✔ exact owner pidfd death denies maintenance at after-READY (2711.082066ms)
✔ exact owner pidfd death denies maintenance at before-SEALED (2811.580796ms)
✔ exact owner pidfd death denies maintenance at after-SEALED (2807.854723ms)
✔ requests queued before seal cannot restart after the seal linearization point (3189.803113ms)
✔ sealing excludes concurrent v1/v2 starts stops and mutations without a successor (3341.025316ms)
✔ stopped verification rejects retained tamper without Cell writes (3329.07584ms)
✔ stopped verification rejects archive tamper without Cell writes (3337.900082ms)
✔ stopped verification rejects current-trust tamper without Cell writes (3491.055686ms)
test_actual_guarded_parent_death_contains_child_with_held_pidfd (__main__.Channels.test_actual_guarded_parent_death_contains_child_with_held_pidfd) ... ok
test_authenticated_receive_return_late_is_not_permission (__main__.Channels.test_authenticated_receive_return_late_is_not_permission) ... ok
test_forced_child_exit_is_never_normal_reap (__main__.Channels.test_forced_child_exit_is_never_normal_reap) ... ok
test_late_real_normal_exit_is_not_a_reap_permit (__main__.Channels.test_late_real_normal_exit_is_not_a_reap_permit) ... ok
test_non_parent_guard_is_rejected (__main__.Channels.test_non_parent_guard_is_rejected) ... ok
test_plain_inherited_stream_fd_and_closed_channel_are_not_credentials (__main__.Channels.test_plain_inherited_stream_fd_and_closed_channel_are_not_credentials) ... ok
test_real_child_credentials_and_held_pidfd_normal_reap (__main__.Channels.test_real_child_credentials_and_held_pidfd_normal_reap) ... ok
test_socketpair_creator_is_not_actual_child_credential (__main__.Channels.test_socketpair_creator_is_not_actual_child_credential) ... ok
test_syscall_return_late_normal_reap_is_not_permission (__main__.Channels.test_syscall_return_late_normal_reap_is_not_permission) ... ok

----------------------------------------------------------------------
Ran 9 tests in 0.148s

OK

✔ stopped verification rejects authorization tamper without Cell writes (3566.478356ms)
✔ real Unix credentials reject forged/unowned/closed inherited channels and abnormal/late pidfd reaps (261.342006ms)
✔ independent stopped worker blocked IO expires unchanged verification budget without release (303070.194982ms)
✔ coordinator death kills the guarded independent stopped worker while retaining residue (3231.195469ms)
✔ real owner blocked IO expires unchanged cleanup budget without offline admission (32703.29087ms)
✔ real owner blocked IO expires unchanged verification budget without offline admission (300257.267488ms)
✔ buffered genuine CLEAN and normal child exit cannot certify after the unchanged reap deadline (33461.444301ms)
✔ blocked seal acknowledgement expires the actual unchanged cleanup budget without maintenance (32525.192202ms)
✔ R1 actual deterministic USTAR assembly, signature and graph inspection is read-only (47.727273ms)
✔ R1 denies wrong-domain (6.401571ms)
✔ R1 denies expired (5.770874ms)
✔ R1 denies revoked-signer (10.70359ms)
✔ R1 denies future-floor (4.983241ms)
✔ R1 denies old-policy (6.421689ms)
✔ R1 denies wrong-root (5.202084ms)
✔ R1 denies inproc-authority (7.019013ms)
✔ R1 rejects duplicate-key through real archive decoding (12.264831ms)
✔ R1 rejects unsafe-integer through real archive decoding (12.261484ms)
✔ R1 rejects bad-unicode through real archive decoding (11.481345ms)
✔ R1 rejects depth through real archive decoding (12.789467ms)
✔ R1 rejects utf8 through real archive decoding (12.837929ms)
✔ R1 rejects size through real archive decoding (14.899821ms)
✔ R1 rejects unknown closed lock fields and wrong policy binding (16.252517ms)
✔ USTAR rejects checksum (2.265095ms)
✔ USTAR rejects symlink (1.992261ms)
✔ USTAR rejects hardlink (3.827515ms)
✔ USTAR rejects directory (1.680524ms)
✔ USTAR rejects pax (5.166888ms)
✔ USTAR rejects gnu (1.581116ms)
✔ USTAR rejects base256 (1.635009ms)
✔ USTAR rejects nul-alias (1.590725ms)
✔ USTAR rejects traversal (1.671005ms)
✔ USTAR rejects padding (1.721922ms)
✔ USTAR rejects tail (1.708316ms)
✔ USTAR rejects link-target (1.83287ms)
✔ USTAR exact EOF, duplicate/case aliases, path bounds and symlink input (2.586248ms)
✔ USTAR rechecks descriptor bytes after source modification (1.9445ms)
✔ durable owner-only no-follow writes and exclusive publication (5.330103ms)
✔ real SIGKILL at durable replacement open (492.367597ms)
✔ real SIGKILL at durable replacement write (489.550544ms)
✔ real SIGKILL at durable replacement file-fsync (521.12723ms)
✔ real SIGKILL at durable replacement rename (505.859769ms)
✔ real SIGKILL at durable replacement directory-fsync (511.211152ms)
✔ public Kernel admission boundary: release-wide signature is not a per-package signature (26.768565ms)
✔ read-only inspection CLI actually runs and redacts failure paths (527.029974ms)
✔ trust verifier does not write floors (2.271086ms)
✔ USTAR enforces real input size, entry count and parent aliases (1481.582546ms)
✔ USTAR supports canonical long paths without prefix aliases (2.31616ms)
✔ release inventory rejects corrupt payloads, extra files and missing inventory members (14.174054ms)
✔ public release admission: authentic archive inspection, exact resolution and unchanged IPC consumer (2586.812525ms)
ℹ Real IPC provider -> unchanged compiled consumer -> client: five consumerSuite cases; selected copies survived input mutation. Not Cell activation.
✔ admission callback helper is runtime-private, not a public verification bypass (24.72119ms)
✔ public release admission rejects prefix-other-package (19.077325ms)
✔ public release admission rejects prefix-traversal (16.078921ms)
✔ public release admission rejects prefix-case (13.514202ms)
✔ public release admission rejects prefix-missing (10.137405ms)
✔ public release admission rejects prefix-empty (11.248758ms)
✔ public release admission rejects raw-index-whitespace (11.982999ms)
✔ public release admission rejects raw-profile-whitespace (15.284324ms)
✔ public release admission rejects wrong-profile (15.978531ms)
✔ public release admission rejects code-byte (13.803106ms)
✔ public release admission rejects missing-file (12.383403ms)
✔ public release admission rejects extra-file (14.366977ms)
✔ public release admission rejects file-alias (14.31535ms)
✔ public release admission rejects package-transplant (14.514756ms)
✔ public release admission rejects signature-substitution (18.71819ms)
✔ public release admission rejects wrong-signer (16.683639ms)
✔ public release admission rejects wrong-domain (18.109984ms)
✔ public release admission rejects release-substitution (17.288218ms)
✔ public release admission rejects one-file-resource-limit (14.019735ms)
✔ public release admission rejects flat-envelope-on-release-api (12.978204ms)
✔ signed release rejects extra-selected-artifact (14.605406ms)
✔ signed release rejects wrong-kind (11.539174ms)
✔ signed release rejects duplicate-path (13.082349ms)
✔ signed release rejects case-alias (16.884356ms)
✔ signed release rejects parent-alias (16.252997ms)
✔ signed release rejects missing-index (16.844701ms)
✔ signed release rejects index-length (14.587292ms)
✔ signed release rejects index-digest (14.082281ms)
✔ signed release rejects profile-kind (14.974391ms)
✔ signed release rejects profile-length (14.56456ms)
✔ signed release rejects profile-digest (15.878252ms)
✔ signed release rejects duplicate-selection (18.432812ms)
✔ signed release rejects wrong-canonical-package (15.808601ms)
✔ signed release rejects wrong-canonical-profile (12.595352ms)
✔ signed release rejects duplicate-index-file (15.207419ms)
✔ current revocation denies release signer at discovery and after admission (36.759834ms)
✔ current revocation denies release release at discovery and after admission (34.749791ms)
✔ current revocation denies release package at discovery and after admission (37.692691ms)
✔ current revocation denies release profile at discovery and after admission (34.039834ms)
✔ current revocation denies release index-raw at discovery and after admission (35.273828ms)
✔ current revocation denies release code-raw at discovery and after admission (37.24069ms)
✔ expiry and backward clock deny new release admission without resetting floors (25.917753ms)
✔ mixed authentic releases cannot transplant signatures, profiles or changed package bytes (82.169562ms)
✔ legacy flat discovery retains positive behavior and stable release-wide rejection (42.038442ms)
✔ unrelated runtime bytes remain inspector responsibility, not selected-package verification (25.732905ms)
✔ selected package aggregate bound remains 16 MiB with individually bounded files (70.819255ms)
✔ continuous original Cell: serve, admin stop/start v1/v2, exact reinstall, real upgrade, repeated serving and maintenance (17402.648472ms)
✔ public cycle CLI restarts actual prior and target twice under continuous custody (14154.398566ms)
✔ maintenance rechecks current revoked; original accepted artifacts remain intact (6325.674353ms)
✔ maintenance rechecks current equivocation; original accepted artifacts remain intact (6257.168173ms)
✔ maintenance rechecks current grants; original accepted artifacts remain intact (6650.158301ms)
✔ successor rechecks current revoked; original accepted artifacts remain intact (4290.85157ms)
✔ successor rechecks current equivocation; original accepted artifacts remain intact (3925.097758ms)
✔ successor rechecks current grants; original accepted artifacts remain intact (3966.893964ms)
✖ repeated maintenance real target denies bad-target-grants (23283.234905ms)
✔ repeated maintenance real target denies bad-target-readiness (6851.477956ms)
✔ repeated maintenance real target denies bad-target-call (8161.330612ms)
✔ continuous custody fails closed at forged-selection (4198.804662ms)
✔ continuous custody fails closed at kill-owner (4240.238385ms)
✔ continuous custody fails closed at kill-coordinator (6085.317464ms)
✔ continuous custody fails closed at crash-before-serve (3908.163667ms)
✔ continuous custody fails closed at crash-after-serve (3899.288839ms)
✔ continuous custody fails closed at forged-clean (6294.081025ms)
✔ continuous custody fails closed at crash-after-clean (6308.190057ms)
✔ repeated upgrade uncertain commit retains original history: crash-before-accepted (8255.47538ms)
✔ repeated upgrade uncertain commit retains original history: crash-after-accepted (8168.272672ms)
✔ repeated upgrade uncertain commit retains original history: uncertain-rename (8183.688022ms)
✔ repeated upgrade uncertain commit retains original history: uncertain-fsync (8272.340962ms)
✔ repeated upgrade uncertain commit retains original history: crash-after-commit (8221.648858ms)
✔ independent unchanged watchdog contains actual repeated block-activation (33871.600644ms)
✔ independent unchanged watchdog contains actual repeated block-cleanup (35931.552284ms)
✔ independent unchanged watchdog contains actual repeated block-normal-exit (35689.074843ms)
✖ independent unchanged watchdog contains actual repeated late-clean (35484.046729ms)
✔ independent unchanged watchdog contains actual repeated block-maintenance (306023.341132ms)
✔ successor real filesystem crash preserves original fence: fence-before-retire-link (3621.160221ms)
✔ successor real filesystem crash preserves original fence: fence-after-retire-link (3530.4031ms)
✔ successor real filesystem crash preserves original fence: fence-after-retire-fsync (3546.111622ms)
✔ successor real filesystem crash preserves original fence: fence-after-incarnation-unlink (3641.759452ms)
✔ successor real filesystem crash preserves original fence: fence-after-v1-unlink (3610.034366ms)
✔ successor real filesystem crash preserves original fence: fence-after-v2-unlink (3538.076116ms)
✔ successor real filesystem crash preserves original fence: fence-after-new-incarnation-fsync (3533.740343ms)
✔ successor shared eight admissions, EOF sealing, wrong version and stale incarnation retain exact wire behavior (8748.6518ms)
✔ same flock competitor excluded through serving, actual upgrade and repeated owned reaps (10851.508334ms)
✔ public foreground serve closes by actual seal/reaps, not signal-as-clean (6027.275994ms)
✔ clean stop then authenticated same-revision start uses preserved bytes and new exact owner (7833.028416ms)
✔ same-revision start: expired grants stay FAILED until clean stop and fresh issuance (12597.376177ms)
✔ same-revision start rechecks newer current revocation while preserving accepted bytes and floor monotonicity (5557.248255ms)
✔ same-revision start refuses fresh validation failure: authorization (3098.87428ms)
✔ same-revision start refuses fresh validation failure: trust-signature (3051.124094ms)
✔ same-revision start refuses fresh validation failure: revoked-bundle (3124.400105ms)
✔ same-revision start refuses fresh validation failure: expired-trust (3054.290074ms)
✔ same-revision start refuses fresh validation failure: policy-continuity (3031.295874ms)
✔ same-revision start refuses fresh validation failure: accepted-sequence (2914.557332ms)
✔ same-revision start refuses fresh validation failure: missing-selection (3036.925765ms)
✔ same-revision start refuses fresh validation failure: journal (3103.481923ms)
✔ same-revision start refuses fresh validation failure: artifact (3008.049792ms)
✔ same-revision start refuses fresh validation failure: extra-file (3063.892821ms)
✔ same-revision start refuses fresh validation failure: symlink (3044.242628ms)
✔ same-revision start refuses fresh validation failure: future-floor (3130.720211ms)
✔ same-revision start refuses fresh validation failure: kernel-residue (2946.365574ms)
✔ same-revision start waits for actual prior owner reap, not its clean stopped message (2708.237892ms)
✔ same-revision successor launch is not readiness; concurrent start conflicts and disconnect is not cancellation (7508.756238ms)
✔ same-revision successor retains parent-death guard while blocked and residue denies takeover (3133.038978ms)
✔ actual publication rename uncertainty forbids start and preserves selection without rollback (2570.314827ms)
✔ actual floor-publication rename uncertainty forbids start and preserves selection without rollback (3147.500363ms)
✔ same accepted provider fails actual successor activation without replacing artifacts (11073.465009ms)
✔ same accepted provider fails actual successor readiness without replacing artifacts (12351.77805ms)
✔ same-revision successor external 30s expiry is sticky and cannot authorize another owner (33139.925344ms)
✔ same-revision successor-cleanup external 30s expiry is sticky and cannot authorize another owner (35170.534334ms)
✔ clean stopped residue is not a restart permit after supervisor death (2915.680827ms)
✔ restricted framing requires write EOF; delayed trailing bytes never execute stop (32837.256692ms)
✔ supervised real IPC install, exact local admin status/stop, retained custody (2749.876671ms)
✔ external SIGKILL of actual owner never proves descendants reaped; fence survives supervisor death (2592.560106ms)
✔ real synchronous FIFO IO during outer cleanup: responsive admin, 30s external expiry, no restart (32730.290836ms)
✔ activation blocked in real synchronous IO is externally killed without publication or new admission (30849.249803ms)
✔ actual Unix peer credentials, malformed/duplicate/oversized frames and eight-connection ceiling (3024.539035ms)
✔ launcher exits before real first-install completes; owner remains alive for authenticated status and clean stop (2789.636764ms)
✔ supervisor SIGKILL terminates the blocked owner without an event-loop callback (734.916292ms)
ℹ tests 340
ℹ suites 0
ℹ pass 338
ℹ fail 2
ℹ cancelled 0
ℹ skipped 0
ℹ todo 0
ℹ duration_ms 965850.622937

✖ failing tests:

test at tests/g7/serving-continuation.test.mjs:381:3
✖ repeated maintenance real target denies bad-target-grants (23283.234905ms)
  Error: condition timed out
      at wait (file:///home/alica-dev/AlicaV2/tests/g7/serving-continuation.test.mjs:33:9)
      at async TestContext.<anonymous> (file:///home/alica-dev/AlicaV2/tests/g7/serving-continuation.test.mjs:388:7)
      at async Test.run (node:internal/test_runner/test:1409:7)
      at async Test.processPendingSubtests (node:internal/test_runner/test:974:7)

test at tests/g7/serving-continuation.test.mjs:518:3
✖ independent unchanged watchdog contains actual repeated late-clean (35484.046729ms)
  AssertionError [ERR_ASSERTION]: external containment ms: 29829.005428
      at TestContext.<anonymous> (file:///home/alica-dev/AlicaV2/tests/g7/serving-continuation.test.mjs:554:7)
      at async Test.run (node:internal/test_runner/test:1409:7)
      at async Test.processPendingSubtests (node:internal/test_runner/test:974:7) {
    generatedMessage: false,
    code: 'ERR_ASSERTION',
    actual: false,
    expected: true,
    operator: '==',
    diff: 'simple'
  }
