✔ CLI init/validate/generators run and preserve existing operator files (2558.172553ms)
✔ CLI rejects invalid syntax/unknown flags, duplicate JSON, and redacts diagnostics (920.185802ms)
✔ CLI plugin/bundle/profile validation checks linked artifacts and raw inventory (1334.028106ms)
✔ CLI plugin validation denies symlink escape even for a syntactically valid path (283.700002ms)
✔ CLI conformance has human and machine reports and nonzero exit for wrong behavior (1021.367383ms)
✔ CLI validates expected descriptor digest before running conformance (362.434925ms)
✔ stream-only provider passes conformance without unary assumptions (337.807174ms)
✔ generated descriptor preserves prototype-named keys as JSON data (344.644796ms)
✔ public descriptor schema and canonical digest reject semantic and unknown-field violations (13.674356ms)
✔ required versus optional features, version range and digest negotiation (11.886214ms)
✔ closed wire protocol validates digest, unknown operations, payloads and spoofed identity (5.646138ms)
✔ authentication runs before revealing malformed contract details (1.544061ms)
✔ wire behavior survives JSON round trips and non-local plain exceptions (5.309302ms)
✔ invalid provider output has normalized contract mismatch (8.510881ms)
✔ absolute expiration causes zero provider invocations and maximum budget clamps (2.430093ms)
✔ cancellation before completion is terminal exactly once (29.591692ms)
✔ cancellation during completion is terminal exactly once (28.065084ms)
✔ cancellation after completion is terminal exactly once (46.730982ms)
✔ request IDs are unique while outstanding; explicit cancel is idempotent (2.0635ms)
✔ parent cancellation and deadlines propagate across sessions (62.887869ms)
✔ instance idempotency: replay, conflict, in-flight duplicate and scope isolation (34.601159ms)
✔ idempotency retention, reset and finite capacity never silently evict live keys (25.683693ms)
✔ none rejects keys; stream idempotency is invalid; durable claim is not faked (1.778494ms)
✔ stream yields detached validated items and exactly one iterator completion (2.046237ms)
✔ stream invalid item and explicit cancellation terminate without late items (2.669624ms)
(node:40) ExperimentalWarning: VM Modules is an experimental feature and might change at any time
(Use `node --trace-warnings ...` to show where the warning was created)
✔ stream rechecks authority before each item delivery (2.258459ms)
✔ bounded event primitive terminates on overflow and never leaks subsequent queued data (0.671237ms)
✔ event envelope validates exact descriptor and broker identity fields (2.780423ms)
✔ generation is byte deterministic and descriptor changes change generated bindings (5.40394ms)
✔ profile validation rejects duplicate roots, cycles, and unknown pins (2.026122ms)
✔ conformance fails an incorrect provider instead of just validating descriptor (3.63253ms)
✔ Kernel dispatch supports stream and revocation without Kernel imports in provider (31.549454ms)
✔ Kernel instance-idempotency cache is shared across consumer handles (13.928725ms)
✔ monotonic budget prevents late success when wall clock does not advance (13.337632ms)
✔ terminal release callback runs once on both success and cancellation (28.28055ms)
✔ wire diagnostic correlation is preserved without exception identity (0.489343ms)
✔ closed provider refuses both unary and streaming execution (2.169181ms)
✔ conformance does not confuse its own oracle mismatch with a provider error (2.934302ms)
✔ credit starts at zero, bounds grants, and cancellation releases waiting producer (2.955272ms)
✔ slow stream reader applies backpressure rather than consuming unseen items (11.417349ms)
✔ stream values and terminal errors cross JSON without local exception identity (2.766057ms)
✔ stream decoder rejects missing terminal, bad sequence, and unknown fields (0.423438ms)
✔ prototype-named JSON properties remain data through descriptor and invocation (1.380334ms)
✔ finite payload interpreter enforces all G1 type constraints without coercion (0.77409ms)
✔ boundary CLI fails on planted source violation (375.895637ms)
✔ Cell/admin Ajv declaration is limited to exact host importers and target (13.073733ms)
✔ built public entry has no accidental runtime implementation (0.358245ms)
✔ reject deep import (0.71063ms)
✔ reject cross-package relative (1.15601ms)
✔ reject V1 absolute (0.550087ms)
✔ reject dynamic computed (2.873799ms)
✔ reject undeclared external (0.513869ms)
✔ reject developer tooling from package (0.849602ms)
✔ reject host dependency from package (0.624137ms)
✔ reject escape to repo tools (1.535816ms)
✔ accept public type import (0.834423ms)
✔ package exports reject deep runtime import (49.94357ms)
✔ planted synthetic token is rejected without leaking its value (112.748452ms)
✔ ordinary public data passes secret scanner (110.496927ms)
(node:91) ExperimentalWarning: VM Modules is an experimental feature and might change at any time
(Use `node --trace-warnings ...` to show where the warning was created)
✔ same capability/version with different digest is rejected before activation (50.405492ms)
✔ duplicate visible provider identity is conflict, not load-order selection (11.437717ms)
✔ version/feature exclusions explain deterministic ranking and optional negotiation (36.969234ms)
✔ planning is registry/lifecycle read-only; profile pin controls real calls and lock (54.418319ms)
✔ invalid profile pin fails before evaluating any module (7.356433ms)
✔ cancellation first terminal outcome wins over immediate provider success (20.992205ms)
✔ call values are detached in both directions, not live objects (13.037154ms)
✔ pending uncooperative call is reported instead of falsely clean disposal (20.583294ms)
✔ expired trust stops new calls and quiesces all live instances (29.225701ms)
✔ secret grant rechecked immediately before result delivery (11.04672ms)
✔ nested scopes destroyed before parent owner and stale contexts never revive (6.530505ms)
✔ nested calls cannot extend inherited deadline (76.87175ms)
✔ same-version altered trust metadata and corrupted durable state are rejected (6.26777ms)
(node:108) ExperimentalWarning: VM Modules is an experimental feature and might change at any time
(Use `node --trace-warnings ...` to show where the warning was created)
✔ independent Echo A passes unchanged consumer suite (82.759371ms)
✔ independent Echo B passes unchanged consumer suite (38.352993ms)
✔ selection invariant under order a,b (36.426731ms)
✔ selection invariant under order b,a (23.803296ms)
✔ strict parser rejects {"a":1,"a":2} (0.355211ms)
✔ strict parser rejects {"a":1e0} (0.28117ms)
✔ strict parser rejects {"a":1.0} (0.137379ms)
✔ strict parser rejects {"a":9007199254740992} (0.115798ms)
✔ strict parser rejects {"a":"\ud800"} (0.341503ms)
✔ strict parser rejects {"é":1} (0.178886ms)
✔ strict parser rejects [1,] (0.215706ms)
✔ strict parser rejects {"a":true}x (0.121209ms)
✔ bounded parsing/canonicalization rejects deep, cyclic, accessor, sparse and oversized values (1.416071ms)
✔ runtime canonical digest matches G1 descriptor and Unicode/control rules (0.367363ms)
✔ configuration is closed and secrets cannot be placed in config (5.26075ms)
✔ verification rejects signature before evaluation (7.210136ms)
✔ verification rejects file before evaluation (6.034028ms)
✔ verification rejects unknown-manifest before evaluation (7.080471ms)
✔ verification rejects duplicate-json before evaluation (7.102975ms)
✔ verification rejects untrusted-key before evaluation (7.998843ms)
✔ verification rejects invalid-stream-idempotency before evaluation (9.059474ms)
✔ loaded bytes are immutable after verification (5.69557ms)
✔ unverified module imports cannot be linked or evaluated (4.902264ms)
✔ missing mandatory dependency blocks ACTIVE (4.538078ms)
✔ incompatible mandatory dependency blocks ACTIVE (5.847939ms)
✔ denied mandatory dependency blocks ACTIVE (8.556555ms)
✔ mandatory cycles rejected; no participant becomes ACTIVE (8.384712ms)
✔ partial activation never publishes; effects clean in reverse order; disposal idempotent (11.991973ms)
✔ staged registration invisible while activation awaits (46.582451ms)
✔ cleanup failures remain FAILED, remaining disposers still execute (9.166815ms)
✔ uncooperative disposer times out and requires restart (19.440539ms)
✔ capability denial and optional absence are distinct (7.423889ms)
✔ revoked grant invalidates retained handle (11.030841ms)
✔ expired grant invalidates retained handle (13.693983ms)
✔ wrong principal/instance/scope generation and widened child grants rejected (9.081596ms)
✔ child scope teardown invalidates handles and removes only owned resources (20.270445ms)
✔ parent cannot see child registrations (8.714193ms)
✔ mandatory provider loss quiesces consumer transitively without rebinding (24.998119ms)
✔ revocation during call prevents result delivery (45.364646ms)
✔ unload during call cancels delivery and cleans call tracking (8.95648ms)
✔ deadline, cancellation, input/output validation and no idempotent replay (44.195691ms)
✔ provider errors and invalid output normalized without value leakage (16.079502ms)
✔ secret access requires declaration and separate grant; inspection redacts values (7.244852ms)
✔ events deliver FIFO broker identity; disposer removes listener (25.266878ms)
✔ event rechecks revoked subscription and publisher; handler failures isolated (15.772843ms)
✔ bounded event overflow terminates affected subscription and cleanup reclaims listener (46.743145ms)
✔ audit exhaustion blocks mutation but never emergency revocation (10.647678ms)
✔ expired trust and backward clock fail closed (7.369828ms)
✔ trust revocation quiesces running providers (33.477459ms)
✔ persistent trust state rejects rollback and missing-state recovery (7.051207ms)
✔ root rotation requires both old and new signatures plus exact next policy (12.224233ms)
(node:146) ExperimentalWarning: VM Modules is an experimental feature and might change at any time
(Use `node --trace-warnings ...` to show where the warning was created)
✔ runtime matches frozen Python/OpenSSL vector C-00 (2.576088ms)
✔ runtime matches frozen Python/OpenSSL vector C-01 (0.255271ms)
✔ runtime matches frozen Python/OpenSSL vector C-02 (0.219854ms)
✔ runtime matches frozen Python/OpenSSL vector C-03 (0.175963ms)
✔ runtime matches frozen Python/OpenSSL vector C-04 (0.315134ms)
✔ runtime matches frozen Python/OpenSSL vector C-05 (0.590463ms)
✔ runtime matches frozen Python/OpenSSL vector C-06 (0.319292ms)
✔ runtime matches frozen Python/OpenSSL vector C-07 (0.305477ms)
✔ runtime matches frozen Python/OpenSSL vector C-08 (0.302009ms)
✔ runtime matches frozen Python/OpenSSL vector C-09 (0.412809ms)
✔ runtime matches frozen Python/OpenSSL vector C-10 (0.213663ms)
✔ runtime matches frozen Python/OpenSSL vector C-11 (0.131057ms)
✔ runtime matches frozen Python/OpenSSL vector C-12 (0.174249ms)
✔ runtime matches frozen Python/OpenSSL vector C-13 (0.117902ms)
✔ runtime matches frozen Python/OpenSSL vector C-14 (0.188355ms)
✔ runtime matches frozen Python/OpenSSL vector C-15 (0.460899ms)
✔ runtime matches frozen Python/OpenSSL vector C-16 (0.235964ms)
✔ runtime matches frozen Python/OpenSSL vector C-17 (0.170201ms)
✔ mandatory activation binding cannot silently switch after catalog changes (53.316572ms)
✔ plugin log admits only fixed safe metadata and quiesce is idempotent (10.152094ms)
(node:205) ExperimentalWarning: VM Modules is an experimental feature and might change at any time
(Use `node --trace-warnings ...` to show where the warning was created)
✔ real Kernel verifies and activates SDK-only signed relative module graph (54.634315ms)
✔ real Kernel rejects tampered dependent module before evaluation (4.616135ms)
✔ production linker rejects @alica/kernel before evaluation (8.587033ms)
✔ production linker rejects @alica/testkit before evaluation (6.827465ms)
✔ production linker rejects node:fs before evaluation (12.846045ms)
✔ production linker rejects ../../escape.js before evaluation (6.764826ms)
✔ production linker rejects ./missing.js before evaluation (4.748074ms)
✔ production linker rejects @alica/plugin-sdk/dist/index.js before evaluation (4.649387ms)
✔ real SDK optional cannot turn a denied capability into absence (10.455847ms)
✔ public SDK provides, resolves, and bridges generated endpoints (20.945327ms)
✔ independently implemented provider substitutes without consumer changes (6.721334ms)
✔ missing optional returns null but denied optional does not hide permissions (1.881949ms)
✔ optional does not hide incompatible present provider (3.191389ms)
✔ idempotent disposer shares result and rejection without executing twice (0.454907ms)
✔ owned effects clean in reverse order and partial acquisition cleans immediately (2.447867ms)
✔ activation injection rolls back staged providers and acquired effects (2.301981ms)
✔ revocation injection rejects existing handle before provider dispatch (4.617447ms)
✔ timeout injection is deterministic, one-shot, and not elapsed-time simulation (2.822574ms)
✔ cleanup injection is reported while remaining cleanups continue (1.412253ms)
✔ cleanup timeout is visible and does not hang disposal (8.649731ms)
✔ destroyed child handles cannot escape their owning scope (4.598281ms)
✔ provider disposal invalidates old handles instead of rebinding (2.676447ms)
✔ typed events validate payloads and deliver immutable broker envelopes (6.695084ms)
✔ secret references are scoped and logs refuse arbitrary data fields (1.331121ms)
✔ invalid input and unknown operation retain exact ACAP rejection codes (4.954552ms)
✔ uncooperative event handler is reported as incomplete cleanup (12.146184ms)
✔ optional validates malformed requirement before reporting absence (4.493253ms)
ℹ tests 170
ℹ suites 0
ℹ pass 170
ℹ fail 0
ℹ cancelled 0
ℹ skipped 0
ℹ todo 0
ℹ duration_ms 7530.707352
