✔ D8 repeated against actual admitted snapshot; separate execution record not inferred from schema (131.249672ms)
✔ D13 native composition validates closed configuration before touching store (3.090979ms)
✔ D17 incident capacity64 refuses next without changing history (3500.932573ms)
✔ D17 retained observation/dedupe capacity256 rejects atomically (10782.397019ms)
✔ D17 acknowledgement replay capacity16 and late correlation window fail closed (22.622509ms)
✔ D17 isolated child self-exit beforeRename preserves coherent generation (520.691854ms)
✔ D17 isolated child self-exit afterRename preserves coherent generation (392.040253ms)
✔ D13 required stopped backup restores independently; exchange is not backup (7.025038ms)
✔ F1 responsive shutdown drains and refuses new admission; bounded incomplete cleanup retains ownership (2022.800745ms)
✔ F1 cancellation before commit and during native commit does not fake rollback (5.026818ms)
✔ D9-D10 native lifecycle distinct occurrences, acknowledgement, recovery, recurrence and restart (41.928065ms)
✔ duplicate old redelivery is idempotent; payload conflict rejected (9.252537ms)
✔ D17 forged producer (3.050272ms)
✔ D17 wrong instance (1.395192ms)
✔ D17 wrong generation (1.148224ms)
✔ D17 cross scope (1.055289ms)
✔ D17 unregistered target (0.922629ms)
✔ D17 secret-bearing extra evidence (1.092671ms)
✔ D17 bad evidence hash (1.120663ms)
✔ D17 future skew (1.244798ms)
✔ D17 stale observation (0.863349ms)
✔ D17 recovery evidence mismatch (0.783837ms)
✔ D17 oversize (0.663481ms)
✔ D17 out-of-order recovery cannot resolve; silence and self-health not recovery (2.578341ms)
✔ D17 query/ack scope and unknown manual operation denied (2.070043ms)
✔ D17 durable write failure leaves no partial state; uncertain post-rename fails closed (3.533954ms)
✔ D17 exclusive ownership and corrupt-store fail closed (0.767116ms)
✔ D17 occurrence capacity rejects without eviction (220.190288ms)
✔ D17 cooperative queue wait, overload, cancellation and shutdown refusal (7.917321ms)
✔ D17 postcommit cooperative deadline reports uncertainty, retry is duplicate (2.966733ms)
✔ D14-D16 canonical roundtrip with acknowledgements, resolutions and compatible continuation (38.516152ms)
✔ D15 imported producer/actor history grants neither query nor duplicate ingestion (4.964762ms)
✔ D16 unavailable historical rule preserved as HISTORICAL_ONLY, never reassessed or acknowledged (9.754765ms)
✔ D15 rejected import is atomic: extra grants (3.277059ms)
✔ D15 rejected import is atomic: foreign schema (2.589094ms)
✔ D15 rejected import is atomic: count mismatch (2.344631ms)
✔ D15 rejected import is atomic: missing reference (3.657347ms)
✔ D15 rejected import is atomic: dedupe mismatch (2.28539ms)
✔ D15 rejected import is atomic: duplicate observation (4.368878ms)
✔ D15 rejected import is atomic: privileged evidence (2.579465ms)
✔ D15 rejected import is atomic: wrong correlation (2.227249ms)
✔ D15 rejected import is atomic: invalid timestamp (2.715971ms)
✔ D15 rejected import is atomic: incompatible labelled current (2.102735ms)
✔ D15 rejected import is atomic: unbacked resolution (2.077217ms)
✔ D15 oversized/malformed import and nonempty target reject before mutation (1.165828ms)
✔ D17 acknowledgement retry content collision is durable and actor-bound (5.772625ms)
(node:399) ExperimentalWarning: VM Modules is an experimental feature and might change at any time
(Use `node --trace-warnings ...` to show where the warning was created)
✔ D18 separate offline-installed public consumer cannot resolve implementation or Kernel (5294.262085ms)
(node:454) ExperimentalWarning: VM Modules is an experimental feature and might change at any time
(Use `node --trace-warnings ...` to show where the warning was created)
✔ D11-D13 public Host/SDK isolated vertical slice and independent consumer (136.399854ms)
✔ D12 independent current mapping AND Host grants both required; scope denied (73.043711ms)
✔ D13 restart restores same IDs/lifecycle while new instance requires new mappings (126.930216ms)
✔ R2 resolved overlap, reversed=false: atomic import, store commit/open rejection (44.149996ms)
✔ R2 resolved overlap, reversed=true: atomic import, store commit/open rejection (18.203727ms)
✔ R2 equal recovery/start, reversed=false: atomic import, store commit/open rejection (20.802778ms)
✔ R2 equal recovery/start, reversed=true: atomic import, store commit/open rejection (17.753689ms)
✔ R2 equal starts, reversed=false: atomic import, store commit/open rejection (24.804464ms)
✔ R2 equal starts, reversed=true: atomic import, store commit/open rejection (10.70684ms)
✔ R2 active predecessor, reversed=false: atomic import, store commit/open rejection (16.508118ms)
✔ R2 active predecessor, reversed=true: atomic import, store commit/open rejection (13.221884ms)
✔ R2 acknowledged predecessor, reversed=false: atomic import, store commit/open rejection (13.864916ms)
✔ R2 acknowledged predecessor, reversed=true: atomic import, store commit/open rejection (14.086955ms)
✔ R2 valid reversed recurrence survives restart and authorized continuation (33.229541ms)
✔ R2 unknown-rule overlapping historical-only evidence is not assigned understood semantics (18.272758ms)
ℹ tests 62
ℹ suites 0
ℹ pass 62
ℹ fail 0
ℹ cancelled 0
ℹ skipped 0
ℹ todo 0
ℹ duration_ms 15074.337268
