✖ actual Python shared-domain create/get/search, durable restart, scope and forged authority (29.797259ms)
✖ ambiguous committed write: actual child exit without response, explicit same-key retry (7.639455ms)
✖ product deadline/cancellation, unavailable executable, disposal stale handle (6.653867ms)
ℹ tests 3
ℹ suites 0
ℹ pass 0
ℹ fail 3
ℹ cancelled 0
ℹ skipped 0
ℹ todo 0
ℹ duration_ms 378.999841

✖ failing tests:

test at services/memoryv4/test-provider.mjs:29:1
✖ actual Python shared-domain create/get/search, durable restart, scope and forged authority (29.797259ms)
  Error [AcapError]: FAILED_PRECONDITION
      at normalized (file:///opt/alica/packages/acap-contracts/dist/validation.js:41:12)
      at #discoverVerified (file:///opt/alica/packages/kernel/dist/index.js:220:19)
      at Host.discover (file:///opt/alica/packages/kernel/dist/index.js:201:38)
      at Object.discover (file:///opt/alica/service-foundation/conformance/host-fixture.mjs:26:15)
      at setup (file:///opt/alica/services/memoryv4/test-provider.mjs:17:13)
      at TestContext.<anonymous> (file:///opt/alica/services/memoryv4/test-provider.mjs:30:94)
      at Test.runInAsyncScope (node:async_hooks:227:14)
      at Test.run (node:internal/test_runner/test:1402:25)
      at Test.start (node:internal/test_runner/test:1262:17)
      at startSubtestAfterBootstrap (node:internal/test_runner/harness:387:17) {
    code: 'FAILED_PRECONDITION',
    correlationId: '361b0be9-2d05-439c-85e6-202474e4f899',
    retryable: false
  }

test at services/memoryv4/test-provider.mjs:45:1
✖ ambiguous committed write: actual child exit without response, explicit same-key retry (7.639455ms)
  Error [AcapError]: FAILED_PRECONDITION
      at normalized (file:///opt/alica/packages/acap-contracts/dist/validation.js:41:12)
      at #discoverVerified (file:///opt/alica/packages/kernel/dist/index.js:220:19)
      at Host.discover (file:///opt/alica/packages/kernel/dist/index.js:201:38)
      at Object.discover (file:///opt/alica/service-foundation/conformance/host-fixture.mjs:26:15)
      at setup (file:///opt/alica/services/memoryv4/test-provider.mjs:17:13)
      at TestContext.<anonymous> (file:///opt/alica/services/memoryv4/test-provider.mjs:48:14)
      at Test.runInAsyncScope (node:async_hooks:227:14)
      at Test.run (node:internal/test_runner/test:1402:25)
      at Test.processPendingSubtests (node:internal/test_runner/test:974:18)
      at Test.postRun (node:internal/test_runner/test:1542:19) {
    code: 'FAILED_PRECONDITION',
    correlationId: '4e2ac60b-317b-41bf-b57d-643721484fcf',
    retryable: false
  }

test at services/memoryv4/test-provider.mjs:51:1
✖ product deadline/cancellation, unavailable executable, disposal stale handle (6.653867ms)
  Error [AcapError]: FAILED_PRECONDITION
      at normalized (file:///opt/alica/packages/acap-contracts/dist/validation.js:41:12)
      at #discoverVerified (file:///opt/alica/packages/kernel/dist/index.js:220:19)
      at Host.discover (file:///opt/alica/packages/kernel/dist/index.js:201:38)
      at Object.discover (file:///opt/alica/service-foundation/conformance/host-fixture.mjs:26:15)
      at setup (file:///opt/alica/services/memoryv4/test-provider.mjs:17:13)
      at TestContext.<anonymous> (file:///opt/alica/services/memoryv4/test-provider.mjs:52:96)
      at Test.runInAsyncScope (node:async_hooks:227:14)
      at Test.run (node:internal/test_runner/test:1402:25)
      at Test.processPendingSubtests (node:internal/test_runner/test:974:18)
      at Test.postRun (node:internal/test_runner/test:1542:19) {
    code: 'FAILED_PRECONDITION',
    correlationId: '9ad0a153-481f-463d-b171-e76d5f05a1ea',
    retryable: false
  }
