✔ CLI init/validate/generators run and preserve existing operator files (2509.694975ms)
✔ CLI rejects invalid syntax/unknown flags, duplicate JSON, and redacts diagnostics (1040.83895ms)
✔ CLI plugin/bundle/profile validation checks linked artifacts and raw inventory (1464.380278ms)
✖ CLI plugin validation denies symlink escape even for a syntactically valid path (325.092105ms)
✔ CLI conformance has human and machine reports and nonzero exit for wrong behavior (1047.957124ms)
✔ CLI validates expected descriptor digest before running conformance (308.847332ms)
✔ stream-only provider passes conformance without unary assumptions (355.313005ms)
✔ generated descriptor preserves prototype-named keys as JSON data (381.965956ms)
✔ public descriptor schema and canonical digest reject semantic and unknown-field violations (9.716824ms)
✔ required versus optional features, version range and digest negotiation (8.726144ms)
✔ closed wire protocol validates digest, unknown operations, payloads and spoofed identity (4.329064ms)
✔ authentication runs before revealing malformed contract details (1.191607ms)
✔ wire behavior survives JSON round trips and non-local plain exceptions (3.424548ms)
✔ invalid provider output has normalized contract mismatch (8.269885ms)
✔ absolute expiration causes zero provider invocations and maximum budget clamps (1.838937ms)
✔ cancellation before completion is terminal exactly once (29.556176ms)
✔ cancellation during completion is terminal exactly once (26.839784ms)
✔ cancellation after completion is terminal exactly once (49.462974ms)
✔ request IDs are unique while outstanding; explicit cancel is idempotent (1.870077ms)
✔ parent cancellation and deadlines propagate across sessions (61.188839ms)
✔ instance idempotency: replay, conflict, in-flight duplicate and scope isolation (34.56468ms)
✔ idempotency retention, reset and finite capacity never silently evict live keys (25.45395ms)
✔ none rejects keys; stream idempotency is invalid; durable claim is not faked (2.430824ms)
✔ stream yields detached validated items and exactly one iterator completion (2.333862ms)
✔ stream invalid item and explicit cancellation terminate without late items (2.802226ms)
(node:40) ExperimentalWarning: VM Modules is an experimental feature and might change at any time
(Use `node --trace-warnings ...` to show where the warning was created)
✔ stream rechecks authority before each item delivery (2.143593ms)
✔ bounded event primitive terminates on overflow and never leaks subsequent queued data (1.180375ms)
✔ event envelope validates exact descriptor and broker identity fields (2.095451ms)
✔ generation is byte deterministic and descriptor changes change generated bindings (5.798224ms)
✔ profile validation rejects duplicate roots, cycles, and unknown pins (2.124455ms)
✔ conformance fails an incorrect provider instead of just validating descriptor (3.580441ms)
✔ Kernel dispatch supports stream and revocation without Kernel imports in provider (36.219039ms)
✔ Kernel instance-idempotency cache is shared across consumer handles (16.612917ms)
✔ monotonic budget prevents late success when wall clock does not advance (13.334596ms)
✔ terminal release callback runs once on both success and cancellation (28.389855ms)
✔ wire diagnostic correlation is preserved without exception identity (0.616844ms)
✔ closed provider refuses both unary and streaming execution (2.383644ms)
✔ conformance does not confuse its own oracle mismatch with a provider error (3.201136ms)
✔ credit starts at zero, bounds grants, and cancellation releases waiting producer (5.254368ms)
✔ slow stream reader applies backpressure rather than consuming unseen items (13.131662ms)
✔ stream values and terminal errors cross JSON without local exception identity (2.90115ms)
✔ stream decoder rejects missing terminal, bad sequence, and unknown fields (0.457934ms)
✔ prototype-named JSON properties remain data through descriptor and invocation (1.785136ms)
✔ finite payload interpreter enforces all G1 type constraints without coercion (0.895909ms)
✔ boundary CLI fails on planted source violation (324.36802ms)
✔ Cell/admin Ajv declaration is limited to exact host importers and target (10.456128ms)
✔ built public entry has no accidental runtime implementation (0.275931ms)
✔ reject deep import (0.604951ms)
✔ reject cross-package relative (0.815197ms)
✔ reject V1 absolute (0.288785ms)
✔ reject dynamic computed (2.774692ms)
✔ reject undeclared external (0.426775ms)
✔ reject developer tooling from package (0.714036ms)
✔ reject host dependency from package (0.619569ms)
✔ reject escape to repo tools (0.403781ms)
✔ accept public type import (0.520631ms)
✔ package exports reject deep runtime import (42.495867ms)
✔ planted synthetic token is rejected without leaking its value (86.919749ms)
✔ ordinary public data passes secret scanner (110.158523ms)
(node:92) ExperimentalWarning: VM Modules is an experimental feature and might change at any time
(Use `node --trace-warnings ...` to show where the warning was created)
✔ same capability/version with different digest is rejected before activation (36.796259ms)
✔ duplicate visible provider identity is conflict, not load-order selection (11.91025ms)
✔ version/feature exclusions explain deterministic ranking and optional negotiation (28.217341ms)
✔ planning is registry/lifecycle read-only; profile pin controls real calls and lock (41.780027ms)
✔ invalid profile pin fails before evaluating any module (5.904073ms)
✔ cancellation first terminal outcome wins over immediate provider success (12.401947ms)
✔ call values are detached in both directions, not live objects (11.580708ms)
✔ pending uncooperative call is reported instead of falsely clean disposal (21.867708ms)
✔ expired trust stops new calls and quiesces all live instances (33.615108ms)
✔ secret grant rechecked immediately before result delivery (9.813455ms)
✔ nested scopes destroyed before parent owner and stale contexts never revive (8.228055ms)
✔ nested calls cannot extend inherited deadline (76.794235ms)
✔ same-version altered trust metadata and corrupted durable state are rejected (8.094404ms)
(node:101) ExperimentalWarning: VM Modules is an experimental feature and might change at any time
(Use `node --trace-warnings ...` to show where the warning was created)
✔ independent Echo A passes unchanged consumer suite (76.264938ms)
✔ independent Echo B passes unchanged consumer suite (34.999821ms)
✔ selection invariant under order a,b (21.89547ms)
✔ selection invariant under order b,a (22.014103ms)
✔ strict parser rejects {"a":1,"a":2} (0.382111ms)
✔ strict parser rejects {"a":1e0} (0.234472ms)
✔ strict parser rejects {"a":1.0} (0.14916ms)
✔ strict parser rejects {"a":9007199254740992} (0.120697ms)
✔ strict parser rejects {"a":"\ud800"} (0.243469ms)
✔ strict parser rejects {"é":1} (0.275319ms)
✔ strict parser rejects [1,] (0.13791ms)
✔ strict parser rejects {"a":true}x (0.111993ms)
✔ bounded parsing/canonicalization rejects deep, cyclic, accessor, sparse and oversized values (1.335569ms)
✔ runtime canonical digest matches G1 descriptor and Unicode/control rules (0.348146ms)
✔ configuration is closed and secrets cannot be placed in config (3.992589ms)
✔ verification rejects signature before evaluation (5.757698ms)
✔ verification rejects file before evaluation (3.698695ms)
✔ verification rejects unknown-manifest before evaluation (3.700317ms)
✔ verification rejects duplicate-json before evaluation (4.625873ms)
✔ verification rejects untrusted-key before evaluation (5.921136ms)
✔ verification rejects invalid-stream-idempotency before evaluation (5.089478ms)
✔ loaded bytes are immutable after verification (6.980184ms)
✔ unverified module imports cannot be linked or evaluated (10.821898ms)
✔ missing mandatory dependency blocks ACTIVE (4.382875ms)
✔ incompatible mandatory dependency blocks ACTIVE (6.53788ms)
✔ denied mandatory dependency blocks ACTIVE (5.580734ms)
✔ mandatory cycles rejected; no participant becomes ACTIVE (8.20367ms)
✔ partial activation never publishes; effects clean in reverse order; disposal idempotent (7.214054ms)
✔ staged registration invisible while activation awaits (30.26884ms)
✔ cleanup failures remain FAILED, remaining disposers still execute (6.584477ms)
✔ uncooperative disposer times out and requires restart (15.296316ms)
✔ capability denial and optional absence are distinct (6.936862ms)
✔ revoked grant invalidates retained handle (13.605536ms)
✔ expired grant invalidates retained handle (11.893177ms)
✔ wrong principal/instance/scope generation and widened child grants rejected (11.689543ms)
✔ child scope teardown invalidates handles and removes only owned resources (22.914221ms)
✔ parent cannot see child registrations (13.68676ms)
✔ mandatory provider loss quiesces consumer transitively without rebinding (28.093738ms)
✔ revocation during call prevents result delivery (44.850708ms)
✔ unload during call cancels delivery and cleans call tracking (13.043849ms)
✔ deadline, cancellation, input/output validation and no idempotent replay (46.181417ms)
✔ provider errors and invalid output normalized without value leakage (17.967191ms)
✔ secret access requires declaration and separate grant; inspection redacts values (13.665571ms)
✔ events deliver FIFO broker identity; disposer removes listener (24.161393ms)
✔ event rechecks revoked subscription and publisher; handler failures isolated (12.949369ms)
✔ bounded event overflow terminates affected subscription and cleanup reclaims listener (41.477136ms)
✔ audit exhaustion blocks mutation but never emergency revocation (5.948749ms)
✔ expired trust and backward clock fail closed (6.499968ms)
✔ trust revocation quiesces running providers (30.757241ms)
✔ persistent trust state rejects rollback and missing-state recovery (8.668016ms)
✔ root rotation requires both old and new signatures plus exact next policy (16.128344ms)
(node:146) ExperimentalWarning: VM Modules is an experimental feature and might change at any time
(Use `node --trace-warnings ...` to show where the warning was created)
✔ runtime matches frozen Python/OpenSSL vector C-00 (2.258499ms)
✔ runtime matches frozen Python/OpenSSL vector C-01 (0.226999ms)
✔ runtime matches frozen Python/OpenSSL vector C-02 (0.220617ms)
✔ runtime matches frozen Python/OpenSSL vector C-03 (0.191682ms)
✔ runtime matches frozen Python/OpenSSL vector C-04 (0.210746ms)
✔ runtime matches frozen Python/OpenSSL vector C-05 (0.178467ms)
✔ runtime matches frozen Python/OpenSSL vector C-06 (0.155372ms)
✔ runtime matches frozen Python/OpenSSL vector C-07 (0.162597ms)
✔ runtime matches frozen Python/OpenSSL vector C-08 (0.223671ms)
✔ runtime matches frozen Python/OpenSSL vector C-09 (0.337195ms)
✔ runtime matches frozen Python/OpenSSL vector C-10 (0.190018ms)
✔ runtime matches frozen Python/OpenSSL vector C-11 (0.189308ms)
✔ runtime matches frozen Python/OpenSSL vector C-12 (0.136646ms)
✔ runtime matches frozen Python/OpenSSL vector C-13 (0.116619ms)
✔ runtime matches frozen Python/OpenSSL vector C-14 (0.110368ms)
✔ runtime matches frozen Python/OpenSSL vector C-15 (0.272273ms)
✔ runtime matches frozen Python/OpenSSL vector C-16 (0.166544ms)
✔ runtime matches frozen Python/OpenSSL vector C-17 (0.138391ms)
✔ mandatory activation binding cannot silently switch after catalog changes (47.623657ms)
✔ plugin log admits only fixed safe metadata and quiesce is idempotent (8.116736ms)
(node:205) ExperimentalWarning: VM Modules is an experimental feature and might change at any time
(Use `node --trace-warnings ...` to show where the warning was created)
✔ real Kernel verifies and activates SDK-only signed relative module graph (65.691317ms)
✔ real Kernel rejects tampered dependent module before evaluation (6.060438ms)
✔ production linker rejects @alica/kernel before evaluation (11.884853ms)
✔ production linker rejects @alica/testkit before evaluation (8.353844ms)
✔ production linker rejects node:fs before evaluation (8.814222ms)
✔ production linker rejects ../../escape.js before evaluation (9.432567ms)
✔ production linker rejects ./missing.js before evaluation (6.512781ms)
✔ production linker rejects @alica/plugin-sdk/dist/index.js before evaluation (7.349139ms)
✔ real SDK optional cannot turn a denied capability into absence (14.706724ms)
✔ public SDK provides, resolves, and bridges generated endpoints (27.049559ms)
✔ independently implemented provider substitutes without consumer changes (10.343334ms)
✔ missing optional returns null but denied optional does not hide permissions (4.58708ms)
✔ optional does not hide incompatible present provider (4.55004ms)
✔ idempotent disposer shares result and rejection without executing twice (0.953398ms)
✔ owned effects clean in reverse order and partial acquisition cleans immediately (4.249624ms)
✔ activation injection rolls back staged providers and acquired effects (2.793708ms)
✔ revocation injection rejects existing handle before provider dispatch (4.724008ms)
✔ timeout injection is deterministic, one-shot, and not elapsed-time simulation (2.531824ms)
✔ cleanup injection is reported while remaining cleanups continue (0.86921ms)
✔ cleanup timeout is visible and does not hang disposal (6.51759ms)
✔ destroyed child handles cannot escape their owning scope (4.10975ms)
✔ provider disposal invalidates old handles instead of rebinding (2.030248ms)
✔ typed events validate payloads and deliver immutable broker envelopes (4.186404ms)
✔ secret references are scoped and logs refuse arbitrary data fields (3.503897ms)
✔ invalid input and unknown operation retain exact ACAP rejection codes (3.284254ms)
✔ uncooperative event handler is reported as incomplete cleanup (7.188967ms)
✔ optional validates malformed requirement before reporting absence (1.143516ms)
ℹ tests 170
ℹ suites 0
ℹ pass 169
ℹ fail 1
ℹ cancelled 0
ℹ skipped 0
ℹ todo 0
ℹ duration_ms 7818.675863

✖ failing tests:

test at tests/contracts/cli.test.mjs:123:1
✖ CLI plugin validation denies symlink escape even for a syntactically valid path (325.092105ms)
  AssertionError [ERR_ASSERTION]: Expected values to be strictly equal:
  + actual - expected
  
  + 'INTERNAL'
  - 'PERMISSION_DENIED'
  
      at TestContext.<anonymous> (file:///opt/alica/tests/contracts/cli.test.mjs:131:10)
      at Test.runInAsyncScope (node:async_hooks:227:14)
      at Test.run (node:internal/test_runner/test:1402:25)
      at Test.processPendingSubtests (node:internal/test_runner/test:974:18)
      at Test.postRun (node:internal/test_runner/test:1542:19)
      at Test.run (node:internal/test_runner/test:1467:12)
      at async Test.processPendingSubtests (node:internal/test_runner/test:974:7) {
    generatedMessage: true,
    code: 'ERR_ASSERTION',
    actual: 'INTERNAL',
    expected: 'PERMISSION_DENIED',
    operator: 'strictEqual',
    diff: 'simple'
  }
