✔ D8 repeated against actual admitted snapshot; separate execution record not inferred from schema (135.647479ms)
✔ D13 native composition validates closed configuration before touching store (2.355552ms)
✔ D17 incident capacity64 refuses next without changing history (3462.977004ms)
✔ D17 retained observation/dedupe capacity256 rejects atomically (10610.191002ms)
✔ D17 acknowledgement replay capacity16 and late correlation window fail closed (20.051492ms)
✔ D17 isolated child self-exit beforeRename preserves coherent generation (531.130994ms)
✔ D17 isolated child self-exit afterRename preserves coherent generation (462.057267ms)
✔ D13 required stopped backup restores independently; exchange is not backup (6.760678ms)
✔ F1 responsive shutdown drains and refuses new admission; bounded incomplete cleanup retains ownership (2015.353618ms)
✔ F1 cancellation before commit and during native commit does not fake rollback (6.196966ms)
✔ D9-D10 native lifecycle distinct occurrences, acknowledgement, recovery, recurrence and restart (50.583849ms)
✔ duplicate old redelivery is idempotent; payload conflict rejected (7.421815ms)
✔ D17 forged producer (2.096434ms)
✔ D17 wrong instance (3.858917ms)
✔ D17 wrong generation (1.860389ms)
✔ D17 cross scope (1.316803ms)
✔ D17 unregistered target (1.042516ms)
✔ D17 secret-bearing extra evidence (1.26205ms)
✔ D17 bad evidence hash (1.446848ms)
✔ D17 future skew (1.706137ms)
✔ D17 stale observation (1.327262ms)
✔ D17 recovery evidence mismatch (1.182659ms)
✔ D17 oversize (0.94966ms)
✔ D17 out-of-order recovery cannot resolve; silence and self-health not recovery (3.472487ms)
✔ D17 query/ack scope and unknown manual operation denied (2.780563ms)
✔ D17 durable write failure leaves no partial state; uncertain post-rename fails closed (4.896295ms)
✔ D17 exclusive ownership and corrupt-store fail closed (1.039249ms)
✔ D17 occurrence capacity rejects without eviction (318.462793ms)
✔ D17 cooperative queue wait, overload, cancellation and shutdown refusal (9.399495ms)
✔ D17 postcommit cooperative deadline reports uncertainty, retry is duplicate (4.171035ms)
✔ D14-D16 canonical roundtrip with acknowledgements, resolutions and compatible continuation (42.987234ms)
✔ D15 imported producer/actor history grants neither query nor duplicate ingestion (6.642086ms)
✔ D16 unavailable historical rule preserved as HISTORICAL_ONLY, never reassessed or acknowledged (9.772998ms)
✔ D15 rejected import is atomic: extra grants (4.490258ms)
✔ D15 rejected import is atomic: foreign schema (3.832076ms)
✔ D15 rejected import is atomic: count mismatch (3.90806ms)
✔ D15 rejected import is atomic: missing reference (3.542261ms)
✔ D15 rejected import is atomic: dedupe mismatch (3.771111ms)
✔ D15 rejected import is atomic: duplicate observation (7.258127ms)
✔ D15 rejected import is atomic: privileged evidence (3.751916ms)
✔ D15 rejected import is atomic: wrong correlation (4.697238ms)
✔ D15 rejected import is atomic: invalid timestamp (5.486036ms)
✔ D15 rejected import is atomic: incompatible labelled current (3.532692ms)
✔ D15 rejected import is atomic: unbacked resolution (3.45695ms)
✔ D15 oversized/malformed import and nonempty target reject before mutation (2.531604ms)
✔ D17 acknowledgement retry content collision is durable and actor-bound (10.072464ms)
npm warn tarball tarball data for file:/opt/alica/packages/acap-types (null) seems to be corrupted. Trying again.
npm warn tarball tarball data for file:/opt/alica/packages/acap-types (null) seems to be corrupted. Trying again.
npm error code ENOENT
npm error syscall mkdir
npm error path /opt/alica/.tools
npm error errno -2
npm error enoent ENOENT: no such file or directory, mkdir '/opt/alica/.tools'
npm error enoent This is related to npm not being able to find a file.
npm error enoent
npm error Log files were not written due to an error writing to the directory: /opt/alica/.tools/npm-cache/_logs
npm error You can rerun the command with `--loglevel=verbose` to see the logs in your terminal
✖ D18 separate offline-installed public consumer cannot resolve implementation or Kernel (758.441236ms)
(node:732) ExperimentalWarning: VM Modules is an experimental feature and might change at any time
(Use `node --trace-warnings ...` to show where the warning was created)
✔ D11-D13 public Host/SDK isolated vertical slice and independent consumer (152.564139ms)
✔ D12 independent current mapping AND Host grants both required; scope denied (51.232252ms)
✔ D13 restart restores same IDs/lifecycle while new instance requires new mappings (106.750615ms)
✔ R2 resolved overlap, reversed=false: atomic import, store commit/open rejection (42.21076ms)
✔ R2 resolved overlap, reversed=true: atomic import, store commit/open rejection (14.495105ms)
✔ R2 equal recovery/start, reversed=false: atomic import, store commit/open rejection (15.673215ms)
✔ R2 equal recovery/start, reversed=true: atomic import, store commit/open rejection (13.93589ms)
✔ R2 equal starts, reversed=false: atomic import, store commit/open rejection (15.997157ms)
✔ R2 equal starts, reversed=true: atomic import, store commit/open rejection (14.682999ms)
✔ R2 active predecessor, reversed=false: atomic import, store commit/open rejection (17.760933ms)
✔ R2 active predecessor, reversed=true: atomic import, store commit/open rejection (12.19616ms)
✔ R2 acknowledged predecessor, reversed=false: atomic import, store commit/open rejection (11.323072ms)
✔ R2 acknowledged predecessor, reversed=true: atomic import, store commit/open rejection (9.90007ms)
✔ R2 valid reversed recurrence survives restart and authorized continuation (16.667681ms)
✔ R2 unknown-rule overlapping historical-only evidence is not assigned understood semantics (15.358582ms)
ℹ tests 62
ℹ suites 0
ℹ pass 61
ℹ fail 1
ℹ cancelled 0
ℹ skipped 0
ℹ todo 0
ℹ duration_ms 14928.544307

✖ failing tests:

test at services/doghouse/tests/external.test.mjs:10:1
✖ D18 separate offline-installed public consumer cannot resolve implementation or Kernel (758.441236ms)
  Error: Command failed: npm pack /opt/alica/packages/acap-types --pack-destination /tmp/phase52-author-PnNwYF/packs --ignore-scripts --json
  npm warn tarball tarball data for file:/opt/alica/packages/acap-types (null) seems to be corrupted. Trying again.
  npm warn tarball tarball data for file:/opt/alica/packages/acap-types (null) seems to be corrupted. Trying again.
  npm error code ENOENT
  npm error syscall mkdir
  npm error path /opt/alica/.tools
  npm error errno -2
  npm error enoent ENOENT: no such file or directory, mkdir '/opt/alica/.tools'
  npm error enoent This is related to npm not being able to find a file.
  npm error enoent
  npm error Log files were not written due to an error writing to the directory: /opt/alica/.tools/npm-cache/_logs
  npm error You can rerun the command with `--loglevel=verbose` to see the logs in your terminal
  
      at genericNodeError (node:internal/errors:986:15)
      at wrappedFn (node:internal/errors:540:14)
      at checkExecSyncError (node:child_process:942:11)
      at execFileSync (node:child_process:978:15)
      at run (file:///opt/alica/services/doghouse/tests/external.test.mjs:12:32)
      at TestContext.<anonymous> (file:///opt/alica/services/doghouse/tests/external.test.mjs:13:272)
      at Test.runInAsyncScope (node:async_hooks:227:14)
      at Test.run (node:internal/test_runner/test:1402:25)
      at Test.start (node:internal/test_runner/test:1262:17)
      at startSubtestAfterBootstrap (node:internal/test_runner/harness:387:17) {
    status: 254,
    signal: null,
    output: [ null, `{\n  "error": {\n    "code": "ENOENT",\n    "summary": "ENOENT: no such file or directory, mkdir '/opt/alica/.tools'",\n    "detail": "This is related to npm not being able to find a file."\n  }\n}\n`, "npm warn tarball tarball data for file:/opt/alica/packages/acap-types (null) seems to be corrupted. Trying again.\nnpm warn tarball tarball data for file:/opt/alica/packages/acap-types (null) seems to be corrupted. Trying again.\nnpm error code ENOENT\nnpm error syscall mkdir\nnpm error path /opt/alica/.tools\nnpm error errno -2\nnpm error enoent ENOENT: no such file or directory, mkdir '/opt/alica/.tools'\nnpm error enoent This is related to npm not being able to find a file.\nnpm error enoent\nnpm error Log files were not written due to an error writing to the directory: /opt/alica/.tools/npm-cache/_logs\nnpm error You can rerun the command with `--loglevel=verbose` to see the logs in your terminal\n" ],
    pid: 720,
    stdout: `{\n  "error": {\n    "code": "ENOENT",\n    "summary": "ENOENT: no such file or directory, mkdir '/opt/alica/.tools'",\n    "detail": "This is related to npm not being able to find a file."\n  }\n}\n`,
    stderr: "npm warn tarball tarball data for file:/opt/alica/packages/acap-types (null) seems to be corrupted. Trying again.\nnpm warn tarball tarball data for file:/opt/alica/packages/acap-types (null) seems to be corrupted. Trying again.\nnpm error code ENOENT\nnpm error syscall mkdir\nnpm error path /opt/alica/.tools\nnpm error errno -2\nnpm error enoent ENOENT: no such file or directory, mkdir '/opt/alica/.tools'\nnpm error enoent This is related to npm not being able to find a file.\nnpm error enoent\nnpm error Log files were not written due to an error writing to the directory: /opt/alica/.tools/npm-cache/_logs\nnpm error You can rerun the command with `--loglevel=verbose` to see the logs in your terminal\n"
  }
