✔ canonical decimal grammar, precision and range reject rather than round (2.432677ms)
✔ provider lexical exponent conversion uses the original token exactly (0.732723ms)
✔ wire conversion distinguishes exact numbers from ordinary literal strings (2.612147ms)
✔ structured numeric markers and size/depth limits fail closed (0.862486ms)
✔ J3 exact decimal lexical rules and frozen ACAP compatibility (8.7654ms)
✔ J3 structured fractions are exact numeric wire literals, never ambiguous strings (2.257778ms)
✔ J4 actual Catalog proposal/definition validation without admission or self-review (23.807746ms)
✔ J5/J6 neutral mixed semantics and exact round-trip (2.692627ms)
✔ J3/J6 malformed inputs, criteria, fractional state and limits rejected (3.985676ms)
✔ J6 exact correspondence, totals, confidence, range and legend defenses (5.393349ms)
✔ J7 public SDK testkit vertical substitutes neutral providers, clean disposal (50.110647ms)
✔ J7 Host permissions/revocation remain authoritative; no provider dispatch on denied calls (21.170592ms)
✔ J7 unload makes handles stale; incompatible major and descriptor mismatches fail (23.401579ms)
✔ J7 disable switch prevents invocation (17.450909ms)
✔ J7 unknown model and provider errors normalized without echoed state (41.73362ms)
✔ J7 deadline and cancellation forwarded once, no retry (52.924092ms)
✔ handoff returns result; forged reply identity/generation/correlation ignored (4.878099ms)
✔ handoff singleflight rejects competing request with no second backend dispatch (1.666131ms)
✔ handoff raw provider failure normalized without message or cause (0.939783ms)
✔ handoff cancel aborts and joins owned request (4.803028ms)
✔ handoff unload aborts and joins owned request (2.765245ms)
✔ handoff deadline/pre-cancellation/closed state reject before dispatch (0.969869ms)
(node:595) ExperimentalWarning: VM Modules is an experimental feature and might change at any time
(Use `node --trace-warnings ...` to show where the warning was created)
✔ public Host signed inventory, generic neutral call, grant denial and source-preserving caller (152.395411ms)
✔ public Host unload/restart and stale handle; fresh instance/grants only (87.284436ms)
✔ public Host disabled provider and incompatible capability version never dispatch (42.596759ms)
✔ public Host raw backend failure normalized; malformed request rejected before dispatch (51.224046ms)
✔ public Host in-flight cancel aborts effect-owned backend and joins cleanup (44.033287ms)
✔ public Host in-flight deadline aborts effect-owned backend and joins cleanup (145.87267ms)
✔ public Host in-flight unload aborts effect-owned backend and joins cleanup (43.898041ms)
✔ LIVE-OBSERVED model metadata replay: exact timestamps preserved; prose date still accepted; no other validator relaxed (7.844072ms)
✔ fresh synthetic continuation dispatches only four ordered POSTs, preserves both prefixes and refuses restart/replay (17.334218ms)
✔ first physical or semantic failure stops all later evaluations and keeps consumed slot/evidence (9.504604ms)
✔ changed historical evidence and unexpected ledger reservation fail before dispatch (4.265763ms)
✔ manual diagnostic has its own one-shot path; durable slot2, original prefix, total6 and no seventh (12.982963ms)
✔ modified history, existing evaluation, stale lock and ambiguous diagnostic never dispatch (3.572266ms)
✔ diagnostic rejects guard failure before network but preserves consumed reservation (1.349715ms)
✔ HTTP faults and decoded credential echoes are never exposed in diagnostic output (5.286309ms)
✔ diagnostic distinguishes documented shape from stricter legacy rejection without fixing mapper (3.483408ms)
✔ lexical ambiguity, invalid types, metadata bounds and CLI guards fail closed offline (69.241271ms)
✔ J8 public request mapping: shared state, mixed named questions, exact fractional documents (6.459691ms)
✔ J9/J10/J11/J12/J17 documented response fields preserved across mixed batch (4.251028ms)
✔ J21 numeric strings and literal reserved marker objects cannot masquerade as wire numbers (6.251909ms)
✔ J21 duplicate question/candidate/escaped keys and malformed tokens rejected before overwrite (1.013881ms)
✔ J10/J11/J12 exact names/types/candidates/levels/legend and rational probability defenses (7.210007ms)
✔ J13 model discovery maps public schema, not hard-coded aliases; malformed/duplicate IDs fail (4.387424ms)
✔ J14/J18 ledger is explicit, fail-closed, durable before dispatch and never replenished (6.805895ms)
✔ J18 ambiguity consumes slot, repeated matrix kind blocked; missing/corrupt ledgers fail closed (2.838923ms)
✔ J14/J18 singleflight retains lock during whole request; stale lock never auto-cleared (1.424957ms)
✔ J14/J16/J22 exact endpoint/Bearer/JSON, key reference scoped to request, no secret/state in ledger (3.73369ms)
✔ J16 absent/insecure/symlink secret and unsafe directory fail before reservation/send (3.214311ms)
✔ J14/J21/J22 auth/validation/rate/5xx/redirect responses normalized without retaining body or retry (12.134212ms)
✔ J14 network/aborted response never replayed and consumes physical reservation (1.971959ms)
✔ J15 shorter deadlines/cancellation bounded; pre-cancelled requests do not consume slots (22.43637ms)
✔ J21 bounded bytes/content-type/UTF8 defenses; no real network in fixture suite (2.175453ms)
ℹ tests 54
ℹ suites 0
ℹ pass 54
ℹ fail 0
ℹ cancelled 0
ℹ skipped 0
ℹ todo 0
ℹ duration_ms 1122.736669
