✔ C6 input widening and output narrowing have distinct variance (29.348784ms)
✔ C6 removed operation, streaming, semantics, permissions, scopes and errors (23.634249ms)
✔ C9 proposal and independent complete review; rejection never becomes release history (10.422655ms)
✔ C4 actual previous state, evidence, legal promotion, deprecation and retirement (11.440303ms)
✔ C4 C5 C6 released version immutable, stable break rejected and semantics reviewed (7.788546ms)
✔ C1 C2 C5: ACAP-aligned definition and independent catalog/platform versions (15.083223ms)
✔ C2: malformed shape, maturity, version, descriptor and event references fail (8.352561ms)
✔ C3: malformed identities, namespace owner, release inclusion and reserved names (3.093923ms)
✔ C3: duplicate/colliding entries and major mapping fail (7.072147ms)
✔ C7 C8: dependencies are semantic, declarations cannot grant authority (3.492737ms)
✔ C2: filesystem references stay local including symlinks (0.968016ms)
✔ early C13: real public ACAP conformance consumes neutral Catalog descriptor (12.953868ms)
✔ C9 shipped schema, template, proposal and reference review correspond (40.29639ms)
✔ C11 C12 deterministic index and offline self-contained snapshot (44.1619ms)
✔ C10 CLI validates, lists, shows, diffs, creates index/snapshot and validates proposals (5204.829498ms)
ℹ tests 15
ℹ suites 0
ℹ pass 15
ℹ fail 0
ℹ cancelled 0
ℹ skipped 0
ℹ todo 0
ℹ duration_ms 6057.723882
