packages/kernel/src/index.ts 402ms
packages/kernel/src/trust.ts 75ms (unchanged)
tests/g7/release-admission.test.mjs 97ms
package.json 4ms (unchanged)

> alica-v2@0.0.0 build
> node tools/build.mjs


> alica-v2@0.0.0 typecheck
> tsc -p tsconfig.json --noEmit


> alica-v2@0.0.0 test:g7-implementation
> node --experimental-vm-modules --test --test-timeout=30000 tests/g7/r1-implementation.test.mjs tests/g7/release-admission.test.mjs

✔ R1 actual deterministic USTAR assembly, signature and graph inspection is read-only (35.69807ms)
✔ R1 denies wrong-domain (5.215194ms)
✔ R1 denies expired (5.073097ms)
✔ R1 denies revoked-signer (6.973012ms)
✔ R1 denies future-floor (6.523736ms)
✔ R1 denies old-policy (5.224712ms)
✔ R1 denies wrong-root (3.81031ms)
✔ R1 denies inproc-authority (4.18786ms)
✔ R1 rejects duplicate-key through real archive decoding (6.363886ms)
✔ R1 rejects unsafe-integer through real archive decoding (6.740904ms)
✔ R1 rejects bad-unicode through real archive decoding (6.745606ms)
✔ R1 rejects depth through real archive decoding (6.423939ms)
✔ R1 rejects utf8 through real archive decoding (6.677787ms)
✔ R1 rejects size through real archive decoding (10.984872ms)
✔ R1 rejects unknown closed lock fields and wrong policy binding (12.390146ms)
✔ USTAR rejects checksum (2.389949ms)
✔ USTAR rejects symlink (1.9766ms)
✔ USTAR rejects hardlink (2.233033ms)
✔ USTAR rejects directory (2.356966ms)
✔ USTAR rejects pax (1.631219ms)
✔ USTAR rejects gnu (2.166707ms)
✔ USTAR rejects base256 (2.405607ms)
✔ USTAR rejects nul-alias (2.049017ms)
✔ USTAR rejects traversal (3.401171ms)
✔ USTAR rejects padding (5.866691ms)
✔ USTAR rejects tail (1.991288ms)
✔ USTAR rejects link-target (2.295249ms)
✔ USTAR exact EOF, duplicate/case aliases, path bounds and symlink input (2.94865ms)
✔ USTAR rechecks descriptor bytes after source modification (1.91352ms)
✔ durable owner-only no-follow writes and exclusive publication (6.076304ms)
✔ real SIGKILL at durable replacement open (492.194071ms)
✔ real SIGKILL at durable replacement write (500.991305ms)
✔ real SIGKILL at durable replacement file-fsync (491.407549ms)
✔ real SIGKILL at durable replacement rename (491.341345ms)
✔ real SIGKILL at durable replacement directory-fsync (511.343696ms)
✔ public Kernel admission boundary: release-wide signature is not a per-package signature (25.540062ms)
✔ read-only inspection CLI actually runs and redacts failure paths (519.156109ms)
✔ trust verifier does not write floors (2.819987ms)
✔ USTAR enforces real input size, entry count and parent aliases (1509.290049ms)
✔ USTAR supports canonical long paths without prefix aliases (2.498251ms)
✔ release inventory rejects corrupt payloads, extra files and missing inventory members (12.690252ms)
✔ public release admission: authentic archive inspection, exact resolution and unchanged IPC consumer (2545.958148ms)
ℹ Real IPC provider -> unchanged compiled consumer -> client: five consumerSuite cases; selected copies survived input mutation. Not Cell activation.
✔ admission callback helper is runtime-private, not a public verification bypass (25.018822ms)
✔ public release admission rejects prefix-other-package (20.301084ms)
✔ public release admission rejects prefix-traversal (19.902514ms)
✔ public release admission rejects prefix-case (16.880717ms)
✔ public release admission rejects prefix-missing (11.4992ms)
✔ public release admission rejects prefix-empty (12.309244ms)
✔ public release admission rejects raw-index-whitespace (15.040944ms)
✔ public release admission rejects raw-profile-whitespace (13.794087ms)
✔ public release admission rejects wrong-profile (13.254112ms)
✔ public release admission rejects code-byte (12.795931ms)
✔ public release admission rejects missing-file (13.682178ms)
✔ public release admission rejects extra-file (13.123687ms)
✔ public release admission rejects file-alias (13.703758ms)
✔ public release admission rejects package-transplant (12.98696ms)
✔ public release admission rejects signature-substitution (15.41541ms)
✔ public release admission rejects wrong-signer (16.927376ms)
✔ public release admission rejects wrong-domain (17.549947ms)
✔ public release admission rejects release-substitution (18.259291ms)
✔ public release admission rejects one-file-resource-limit (16.597926ms)
✔ public release admission rejects flat-envelope-on-release-api (12.88628ms)
✔ signed release rejects extra-selected-artifact (15.274634ms)
✔ signed release rejects wrong-kind (15.029302ms)
✔ signed release rejects duplicate-path (15.217759ms)
✔ signed release rejects case-alias (17.477591ms)
✔ signed release rejects parent-alias (13.647162ms)
✔ signed release rejects missing-index (11.144553ms)
✔ signed release rejects index-length (16.535929ms)
✔ signed release rejects index-digest (13.845606ms)
✔ signed release rejects profile-kind (12.433999ms)
✔ signed release rejects profile-length (13.688098ms)
✔ signed release rejects profile-digest (13.023638ms)
✔ signed release rejects duplicate-selection (11.486085ms)
✔ signed release rejects wrong-canonical-package (11.745132ms)
✔ signed release rejects wrong-canonical-profile (13.049918ms)
✔ signed release rejects duplicate-index-file (13.712444ms)
✔ current revocation denies release signer at discovery and after admission (39.759371ms)
✔ current revocation denies release release at discovery and after admission (36.207878ms)
✔ current revocation denies release package at discovery and after admission (37.778163ms)
✔ current revocation denies release profile at discovery and after admission (40.15093ms)
✔ current revocation denies release index-raw at discovery and after admission (34.479035ms)
✔ current revocation denies release code-raw at discovery and after admission (38.682454ms)
✔ expiry and backward clock deny new release admission without resetting floors (18.139856ms)
✔ mixed authentic releases cannot transplant signatures, profiles or changed package bytes (78.409176ms)
✔ legacy flat discovery retains positive behavior and stable release-wide rejection (36.891425ms)
✔ unrelated runtime bytes remain inspector responsibility, not selected-package verification (19.615483ms)
✔ selected package aggregate bound remains 16 MiB with individually bounded files (67.819919ms)
ℹ tests 88
ℹ suites 0
ℹ pass 88
ℹ fail 0
ℹ cancelled 0
ℹ skipped 0
ℹ todo 0
ℹ duration_ms 5022.490703

> alica-v2@0.0.0 format:check
> prettier --check package.json package-lock.json tsconfig*.json packages tools/*.mjs tests/foundation tests/kernel tests/contracts .github/workflows tests/sdk tests/ipc tests/g7

Checking formatting...
[warn] tests/g7/release-admission.test.mjs
[warn] Code style issues found in the above file. Run Prettier with --write to fix.
