tests/g7/release-admission.test.mjs 120ms

> alica-v2@0.0.0 test:g7-implementation
> node --experimental-vm-modules --test --test-timeout=30000 tests/g7/r1-implementation.test.mjs tests/g7/release-admission.test.mjs

✔ R1 actual deterministic USTAR assembly, signature and graph inspection is read-only (35.251002ms)
✔ R1 denies wrong-domain (5.324691ms)
✔ R1 denies expired (4.434787ms)
✔ R1 denies revoked-signer (6.858047ms)
✔ R1 denies future-floor (5.774949ms)
✔ R1 denies old-policy (4.679035ms)
✔ R1 denies wrong-root (4.396164ms)
✔ R1 denies inproc-authority (4.660322ms)
✔ R1 rejects duplicate-key through real archive decoding (7.914745ms)
✔ R1 rejects unsafe-integer through real archive decoding (7.929162ms)
✔ R1 rejects bad-unicode through real archive decoding (12.396961ms)
✔ R1 rejects depth through real archive decoding (6.941254ms)
✔ R1 rejects utf8 through real archive decoding (7.379568ms)
✔ R1 rejects size through real archive decoding (10.487729ms)
✔ R1 rejects unknown closed lock fields and wrong policy binding (11.718785ms)
✔ USTAR rejects checksum (1.666607ms)
✔ USTAR rejects symlink (2.05665ms)
✔ USTAR rejects hardlink (1.740075ms)
✔ USTAR rejects directory (1.992519ms)
✔ USTAR rejects pax (1.845503ms)
✔ USTAR rejects gnu (2.056852ms)
✔ USTAR rejects base256 (2.026484ms)
✔ USTAR rejects nul-alias (1.992369ms)
✔ USTAR rejects traversal (1.601443ms)
✔ USTAR rejects padding (2.017037ms)
✔ USTAR rejects tail (2.24779ms)
✔ USTAR rejects link-target (2.010724ms)
✔ USTAR exact EOF, duplicate/case aliases, path bounds and symlink input (2.817191ms)
✔ USTAR rechecks descriptor bytes after source modification (1.895848ms)
✔ durable owner-only no-follow writes and exclusive publication (6.330714ms)
✔ real SIGKILL at durable replacement open (492.725039ms)
✔ real SIGKILL at durable replacement write (463.087361ms)
✔ real SIGKILL at durable replacement file-fsync (483.839336ms)
✔ real SIGKILL at durable replacement rename (464.988959ms)
✔ real SIGKILL at durable replacement directory-fsync (473.594084ms)
✔ public Kernel admission boundary: release-wide signature is not a per-package signature (19.673786ms)
✔ read-only inspection CLI actually runs and redacts failure paths (517.016334ms)
✔ trust verifier does not write floors (2.710982ms)
✔ USTAR enforces real input size, entry count and parent aliases (1651.009547ms)
✔ USTAR supports canonical long paths without prefix aliases (2.3485ms)
✔ release inventory rejects corrupt payloads, extra files and missing inventory members (14.632768ms)
✔ public release admission: authentic archive inspection, exact resolution and unchanged IPC consumer (2418.27285ms)
ℹ Real IPC provider -> unchanged compiled consumer -> client: five consumerSuite cases; selected copies survived input mutation. Not Cell activation.
✔ public release admission rejects prefix-other-package (15.129775ms)
✔ public release admission rejects prefix-traversal (14.205343ms)
✔ public release admission rejects prefix-case (15.189165ms)
✔ public release admission rejects prefix-missing (11.245283ms)
✔ public release admission rejects prefix-empty (14.586312ms)
✔ public release admission rejects raw-index-whitespace (12.742261ms)
✔ public release admission rejects raw-profile-whitespace (13.596279ms)
✔ public release admission rejects wrong-profile (12.818484ms)
✔ public release admission rejects code-byte (17.690874ms)
✔ public release admission rejects missing-file (12.085083ms)
✔ public release admission rejects extra-file (10.716639ms)
✔ public release admission rejects file-alias (13.047785ms)
✔ public release admission rejects package-transplant (11.337678ms)
✔ public release admission rejects signature-substitution (14.867621ms)
✔ public release admission rejects wrong-signer (14.114053ms)
✔ public release admission rejects wrong-domain (13.729359ms)
✔ public release admission rejects release-substitution (18.546265ms)
✔ public release admission rejects one-file-resource-limit (11.602696ms)
✔ public release admission rejects flat-envelope-on-release-api (13.335567ms)
✔ signed release rejects extra-selected-artifact (13.322303ms)
✔ signed release rejects wrong-kind (11.852696ms)
✔ signed release rejects duplicate-path (12.478986ms)
✔ signed release rejects case-alias (12.668201ms)
✔ signed release rejects parent-alias (14.99492ms)
✔ signed release rejects missing-index (16.735256ms)
✔ signed release rejects index-length (14.194625ms)
✔ signed release rejects index-digest (12.355052ms)
✔ signed release rejects profile-kind (12.324355ms)
✔ signed release rejects profile-length (11.640387ms)
✔ signed release rejects profile-digest (16.112625ms)
✔ signed release rejects duplicate-selection (11.804977ms)
✔ signed release rejects wrong-canonical-package (12.317632ms)
✔ signed release rejects wrong-canonical-profile (12.725149ms)
✔ signed release rejects duplicate-index-file (11.957634ms)
✔ current revocation denies release signer at discovery and after admission (38.111627ms)
✔ current revocation denies release release at discovery and after admission (33.093783ms)
✔ current revocation denies release package at discovery and after admission (33.314968ms)
✔ current revocation denies release profile at discovery and after admission (31.7906ms)
✔ current revocation denies release index-raw at discovery and after admission (30.647319ms)
✔ current revocation denies release code-raw at discovery and after admission (38.345957ms)
✔ expiry and backward clock deny new release admission without resetting floors (17.726422ms)
✔ mixed authentic releases cannot transplant signatures, profiles or changed package bytes (87.751399ms)
✔ legacy flat discovery retains positive behavior and stable release-wide rejection (40.268375ms)
✔ unrelated runtime bytes remain inspector responsibility, not selected-package verification (19.909931ms)
✔ selected package aggregate bound remains 16 MiB with individually bounded files (65.976087ms)
ℹ tests 87
ℹ suites 0
ℹ pass 87
ℹ fail 0
ℹ cancelled 0
ℹ skipped 0
ℹ todo 0
ℹ duration_ms 5030.131493
