packages/kernel/src/trust.ts 184ms
packages/kernel/src/index.ts 242ms
tests/g7/release-admission.test.mjs 78ms
package.json 3ms (unchanged)

> alica-v2@0.0.0 build
> node tools/build.mjs


> alica-v2@0.0.0 typecheck
> tsc -p tsconfig.json --noEmit


> alica-v2@0.0.0 test:g7-implementation
> node --experimental-vm-modules --test --test-timeout=30000 tests/g7/r1-implementation.test.mjs tests/g7/release-admission.test.mjs

✔ R1 actual deterministic USTAR assembly, signature and graph inspection is read-only (38.493688ms)
✔ R1 denies wrong-domain (5.980857ms)
✔ R1 denies expired (4.686569ms)
✔ R1 denies revoked-signer (7.844073ms)
✔ R1 denies future-floor (6.903613ms)
✔ R1 denies old-policy (5.037481ms)
✔ R1 denies wrong-root (5.117071ms)
✔ R1 denies inproc-authority (5.526241ms)
✔ R1 rejects duplicate-key through real archive decoding (8.181678ms)
✔ R1 rejects unsafe-integer through real archive decoding (9.254527ms)
✔ R1 rejects bad-unicode through real archive decoding (7.256077ms)
✔ R1 rejects depth through real archive decoding (7.381132ms)
✔ R1 rejects utf8 through real archive decoding (6.936395ms)
✔ R1 rejects size through real archive decoding (12.586399ms)
✔ R1 rejects unknown closed lock fields and wrong policy binding (12.808236ms)
✔ USTAR rejects checksum (1.927207ms)
✔ USTAR rejects symlink (1.612615ms)
✔ USTAR rejects hardlink (1.447273ms)
✔ USTAR rejects directory (2.026655ms)
✔ USTAR rejects pax (2.065277ms)
✔ USTAR rejects gnu (1.650577ms)
✔ USTAR rejects base256 (1.824483ms)
✔ USTAR rejects nul-alias (2.122234ms)
✔ USTAR rejects traversal (3.051353ms)
✔ USTAR rejects padding (3.887617ms)
✔ USTAR rejects tail (1.913161ms)
✔ USTAR rejects link-target (1.805217ms)
✔ USTAR exact EOF, duplicate/case aliases, path bounds and symlink input (3.102008ms)
✔ USTAR rechecks descriptor bytes after source modification (2.485338ms)
✔ durable owner-only no-follow writes and exclusive publication (6.979296ms)
✔ real SIGKILL at durable replacement open (481.574865ms)
✔ real SIGKILL at durable replacement write (507.229347ms)
✔ real SIGKILL at durable replacement file-fsync (556.273861ms)
✔ real SIGKILL at durable replacement rename (493.217546ms)
✔ real SIGKILL at durable replacement directory-fsync (506.56173ms)
✔ public Kernel admission boundary: release-wide signature is not a per-package signature (27.028239ms)
✔ read-only inspection CLI actually runs and redacts failure paths (556.8792ms)
✔ trust verifier does not write floors (2.589103ms)
✔ USTAR enforces real input size, entry count and parent aliases (1543.795213ms)
✔ USTAR supports canonical long paths without prefix aliases (2.520313ms)
✔ release inventory rejects corrupt payloads, extra files and missing inventory members (13.521078ms)
✖ public release admission: authentic archive inspection, exact resolution and unchanged IPC consumer (81.093964ms)
✔ public release admission rejects prefix-other-package (14.187291ms)
✔ public release admission rejects prefix-traversal (14.916654ms)
✔ public release admission rejects prefix-case (14.794043ms)
✔ public release admission rejects prefix-missing (14.174397ms)
✔ public release admission rejects prefix-empty (12.989037ms)
✔ public release admission rejects raw-index-whitespace (15.86ms)
✔ public release admission rejects raw-profile-whitespace (14.215024ms)
✔ public release admission rejects wrong-profile (19.782291ms)
✔ public release admission rejects code-byte (14.847274ms)
✔ public release admission rejects missing-file (12.290603ms)
✔ public release admission rejects extra-file (11.686586ms)
✔ public release admission rejects file-alias (12.727393ms)
✔ public release admission rejects package-transplant (19.360709ms)
✔ public release admission rejects signature-substitution (15.245564ms)
✔ public release admission rejects wrong-signer (14.9149ms)
✔ public release admission rejects wrong-domain (15.512856ms)
✔ public release admission rejects release-substitution (14.907737ms)
✔ public release admission rejects one-file-resource-limit (14.735223ms)
✔ public release admission rejects flat-envelope-on-release-api (21.299368ms)
✔ signed release rejects extra-selected-artifact (14.957641ms)
✔ signed release rejects wrong-kind (15.13792ms)
✔ signed release rejects duplicate-path (12.888397ms)
✔ signed release rejects case-alias (12.90114ms)
✔ signed release rejects parent-alias (11.507918ms)
✔ signed release rejects missing-index (12.477343ms)
✔ signed release rejects index-length (12.59213ms)
✔ signed release rejects index-digest (12.017608ms)
✔ signed release rejects profile-kind (13.057945ms)
✔ signed release rejects profile-length (12.410978ms)
✔ signed release rejects profile-digest (12.164715ms)
✔ signed release rejects duplicate-selection (13.564129ms)
✔ signed release rejects wrong-canonical-package (15.051267ms)
✔ signed release rejects wrong-canonical-profile (12.276064ms)
✔ signed release rejects duplicate-index-file (12.717094ms)
✔ current revocation denies release signer at discovery and after admission (31.140047ms)
✔ current revocation denies release release at discovery and after admission (41.578193ms)
✔ current revocation denies release package at discovery and after admission (37.985761ms)
✔ current revocation denies release profile at discovery and after admission (32.632025ms)
✔ current revocation denies release index-raw at discovery and after admission (33.471746ms)
✔ current revocation denies release code-raw at discovery and after admission (36.180053ms)
✔ expiry and backward clock deny new release admission without resetting floors (17.331449ms)
✔ mixed authentic releases cannot transplant signatures, profiles or changed package bytes (86.494468ms)
✔ legacy flat discovery retains positive behavior and stable release-wide rejection (36.989206ms)
✔ unrelated runtime bytes remain inspector responsibility, not selected-package verification (22.588893ms)
✔ selected package aggregate bound remains 16 MiB with individually bounded files (71.413885ms)
ℹ tests 87
ℹ suites 0
ℹ pass 86
ℹ fail 1
ℹ cancelled 0
ℹ skipped 0
ℹ todo 0
ℹ duration_ms 5151.13971

✖ failing tests:

test at tests/g7/release-admission.test.mjs:163:1
✖ public release admission: authentic archive inspection, exact resolution and unchanged IPC consumer (81.093964ms)
  Error [AcapError]: PERMISSION_DENIED
      at fail (file:///home/alica-dev/AlicaV2/packages/acap-contracts/dist/validation.js:31:11)
      at Host.authorize (file:///home/alica-dev/AlicaV2/packages/kernel/dist/index.js:362:13)
      at Host.resolve (file:///home/alica-dev/AlicaV2/packages/kernel/dist/index.js:444:28)
      at visit (file:///home/alica-dev/AlicaV2/packages/kernel/dist/index.js:575:39)
      at Host.plan (file:///home/alica-dev/AlicaV2/packages/kernel/dist/index.js:597:13)
      at TestContext.<anonymous> (file:///home/alica-dev/AlicaV2/tests/g7/release-admission.test.mjs:172:18)
      at Test.runInAsyncScope (node:async_hooks:227:14)
      at Test.run (node:internal/test_runner/test:1402:25)
      at Test.start (node:internal/test_runner/test:1262:17)
      at startSubtestAfterBootstrap (node:internal/test_runner/harness:387:17) {
    code: 'PERMISSION_DENIED',
    correlationId: '818f27e9-0b14-4f8f-9d83-dc7d1283c6f6',
    retryable: false
  }
