PRELAUNCH_ISOLATION_PASS {"uid": 65534, "net": "net:[4026532452]", "pid": "pid:[4026532451]", "mount": "mnt:[4026532448]", "routes": "Iface\tDestination\tGateway \tFlags\tRefCnt\tUse\tMetric\tMask\t\tMTU\tWindow\tIRTT                                                       \n", "processes": ["1"]}
K20_PROPOSED_DESIGN_CONFORMANCE_ONLY
(node:82) ExperimentalWarning: VM Modules is an experimental feature and might change at any time
(Use `node --trace-warnings ...` to show where the warning was created)
✔ K14 actual supported backend board/get/list/create/update/comment; defaults and sanitized task (319.313283ms)
✔ K15 current mapping, cross-board, forged payload, missing ID and current revocation (100.052602ms)
✔ K16 best-effort sequential replay, content collision, current authority before replay, no native idempotency promise (92.166462ms)
OBSERVED_CONCURRENT_CREATE_IDS [ 't_723557ad', 't_723557ad' ]
✔ K16 concurrent key calls report actual outcomes, not exactly-once assertion; stale writes last-writer-wins (225.742292ms)
✔ K17 real WS event prefix replay, limit1/32, future cursor uncertainty, reconcile and explicit no-control (1462.136329ms)
✔ K12 explicit synthetic unit fixtures:257 task rejection and33-event prefix, unselected prefix/malformed/out-of-order (1.717398ms)
✔ K19 adapter disposal leaves real backend task; independent adapter restart reconciles (138.072709ms)
✔ K22 deadline and cancellation stop waiting; safe shape rejects execution knobs (59.700827ms)
✔ K13/K15 synthetic-secret binding is real current public Host reference/grant, not injected bypass (63.456178ms)
✔ K6 configuration refuses absent attestation or nonloopback endpoint before transport (0.455128ms)
✔ K16/K22 actual committed mutation then lost response yields UNKNOWN; reconcile through sole authority (138.86368ms)
✔ K22 bounded four-call overload, in-flight mapping revocation and disposal (78.211801ms)
✔ K22 malformed backend response fails explicitly, never empty board (53.81059ms)
✔ K22 oversize backend response fails explicitly, never empty board (54.373694ms)
✔ K21 separately offline-installed SDK-only consumer without adapter/Kernel/testkit resolution (5539.950771ms)
✔ K22 active real event poll rechecks revocation before empty observation delivery (463.59258ms)
✔ K22 repeated comments are not idempotent; separate real event IDs preserve duplicates (749.900097ms)
✔ K12 stale/expired history cannot be certified: explicit synthetic retained-tail fixture reports UNKNOWN (0.388944ms)
✔ K22 actual commit then delayed response crosses internal timeout: UNKNOWN with exact task reconciliation (712.148452ms)
ℹ tests 19
ℹ suites 0
ℹ pass 19
ℹ fail 0
ℹ cancelled 0
ℹ skipped 0
ℹ todo 0
ℹ duration_ms 10995.448494
K20_PROPOSED_DESIGN_CONFORMANCE_ONLY
(node:321) ExperimentalWarning: VM Modules is an experimental feature and might change at any time
(Use `node --trace-warnings ...` to show where the warning was created)
K19_REAL_BACKEND_RESTART_PASS t_b1da2639
K6_POST_MUTATION_NO_WORKERS_RUNS_PASS 10
QUALIFICATION_RESULT {"kind": "PHASE5K_REAL_NORMAL_BACKEND_CONFORMANCE", "passed": true}
