PRELAUNCH_ISOLATION_PASS {"uid": 65534, "net": "net:[4026532452]", "pid": "pid:[4026532451]", "mount": "mnt:[4026532448]", "routes": "Iface\tDestination\tGateway \tFlags\tRefCnt\tUse\tMetric\tMask\t\tMTU\tWindow\tIRTT                                                       \n", "processes": ["1"]}
(node:82) ExperimentalWarning: VM Modules is an experimental feature and might change at any time
(Use `node --trace-warnings ...` to show where the warning was created)
✔ K14 actual supported backend board/get/list/create/update/comment; defaults and sanitized task (292.990081ms)
✔ K15 current mapping, cross-board, forged payload, missing ID and current revocation (112.94686ms)
✔ K16 best-effort sequential replay, content collision, current authority before replay, no native idempotency promise (97.120741ms)
OBSERVED_CONCURRENT_CREATE_IDS [ 't_b8abaef3', 't_b8abaef3' ]
✔ K16 concurrent key calls report actual outcomes, not exactly-once assertion; stale writes last-writer-wins (213.683278ms)
✔ K17 real WS event prefix replay, limit1/32, future cursor uncertainty, reconcile and explicit no-control (1466.672753ms)
✔ K12 explicit synthetic unit fixtures:257 task rejection and33-event prefix, unselected prefix/malformed/out-of-order (1.098462ms)
✔ K19 adapter disposal leaves real backend task; independent adapter restart reconciles (118.495352ms)
✔ K22 deadline and cancellation stop waiting; safe shape rejects execution knobs (49.803254ms)
✔ K13/K15 synthetic-secret binding is real current public Host reference/grant, not injected bypass (47.327365ms)
✔ K6 configuration refuses absent attestation or nonloopback endpoint before transport (0.544958ms)
✔ K16/K22 actual committed mutation then lost response yields UNKNOWN; reconcile through sole authority (136.275416ms)
✔ K22 bounded four-call overload, in-flight mapping revocation and disposal (73.294265ms)
✔ K22 malformed backend response fails explicitly, never empty board (47.698205ms)
✔ K22 oversize backend response fails explicitly, never empty board (38.44546ms)
✔ K21 separately offline-installed SDK-only consumer without adapter/Kernel/testkit resolution (5084.504309ms)
✔ K22 active real event poll rechecks revocation before empty observation delivery (448.572108ms)
✔ K22 repeated comments are not idempotent; separate real event IDs preserve duplicates (734.808102ms)
✔ K12 stale/expired history cannot be certified: explicit synthetic retained-tail fixture reports UNKNOWN (0.283926ms)
✔ K22 actual commit then delayed response crosses internal timeout: UNKNOWN with exact task reconciliation (692.690786ms)
ℹ tests 19
ℹ suites 0
ℹ pass 19
ℹ fail 0
ℹ cancelled 0
ℹ skipped 0
ℹ todo 0
ℹ duration_ms 10306.719301
(node:321) ExperimentalWarning: VM Modules is an experimental feature and might change at any time
(Use `node --trace-warnings ...` to show where the warning was created)
K19_REAL_BACKEND_RESTART_PASS t_057f579c
K6_POST_MUTATION_NO_WORKERS_RUNS_PASS 10
QUALIFICATION_RESULT {"kind": "PHASE5K_REAL_NORMAL_BACKEND_CONFORMANCE", "passed": true}
