PRELAUNCH_ISOLATION_PASS {"uid": 65534, "net": "net:[4026532452]", "pid": "pid:[4026532451]", "mount": "mnt:[4026532448]", "routes": "Iface\tDestination\tGateway \tFlags\tRefCnt\tUse\tMetric\tMask\t\tMTU\tWindow\tIRTT                                                       \n", "processes": ["1"]}
(node:82) ExperimentalWarning: VM Modules is an experimental feature and might change at any time
(Use `node --trace-warnings ...` to show where the warning was created)
✔ K14 actual supported backend board/get/list/create/update/comment; defaults and sanitized task (249.961656ms)
✔ K15 current mapping, cross-board, forged payload, missing ID and current revocation (120.974665ms)
✔ K16 best-effort sequential replay, content collision, current authority before replay, no native idempotency promise (93.610586ms)
OBSERVED_CONCURRENT_CREATE_IDS [ 't_cb026b1f', 't_cb026b1f' ]
✔ K16 concurrent key calls report actual outcomes, not exactly-once assertion; stale writes last-writer-wins (209.626682ms)
✖ K17 real WS event prefix replay, limit1/32, future cursor uncertainty, reconcile and explicit no-control (1465.528669ms)
✔ K12 explicit synthetic unit fixtures:257 task rejection and33-event prefix, unselected prefix/malformed/out-of-order (2.085833ms)
✔ K19 adapter disposal leaves real backend task; independent adapter restart reconciles (110.043648ms)
✔ K22 deadline and cancellation stop waiting; safe shape rejects execution knobs (42.447196ms)
✔ K13/K15 synthetic-secret binding is real current public Host reference/grant, not injected bypass (52.665973ms)
✔ K6 configuration refuses absent attestation or nonloopback endpoint before transport (0.554776ms)
✔ K16/K22 actual committed mutation then lost response yields UNKNOWN; reconcile through sole authority (142.866538ms)
✔ K22 bounded four-call overload, in-flight mapping revocation and disposal (68.957366ms)
✔ K22 malformed backend response fails explicitly, never empty board (47.712663ms)
✖ K22 oversize backend response fails explicitly, never empty board (42.42246ms)
✔ K21 separately offline-installed SDK-only consumer without adapter/Kernel/testkit resolution (5774.401947ms)
ℹ tests 15
ℹ suites 0
ℹ pass 13
ℹ fail 2
ℹ cancelled 0
ℹ skipped 0
ℹ todo 0
ℹ duration_ms 8789.270484

✖ failing tests:

test at adapters/hermes-kanban/tests/conformance.test.mjs:7:22
✖ K17 real WS event prefix replay, limit1/32, future cursor uncertainty, reconcile and explicit no-control (1465.528669ms)
  AssertionError [ERR_ASSERTION]: Expected values to be strictly deep-equal:
  + actual - expected
  
    Comparison {
  +   code: 'NOT_FOUND'
  -   code: 'INVALID_ARGUMENT'
    }
  
      at process.processTicksAndRejections (node:internal/process/task_queues:104:5)
      at async file:///opt/alica/adapters/hermes-kanban/tests/conformance.test.mjs:34:116
      at async TestContext.<anonymous> (file:///opt/alica/adapters/hermes-kanban/tests/conformance.test.mjs:7:84)
      at async Test.run (node:internal/test_runner/test:1409:7)
      at async Test.processPendingSubtests (node:internal/test_runner/test:974:7) {
    generatedMessage: true,
    code: 'ERR_ASSERTION',
    actual: AcapError: NOT_FOUND
        at ContractSession.call (file:///opt/alica/packages/acap-contracts/dist/runtime.js:521:19)
        at process.processTicksAndRejections (node:internal/process/task_queues:104:5)
        at async Object.call (file:///opt/alica/adapters/hermes-kanban/tests/fixture.mjs:18:236)
        at async waitForActual (node:assert:646:5)
        at async strict.rejects (node:assert:769:25)
        at async file:///opt/alica/adapters/hermes-kanban/tests/conformance.test.mjs:34:116
        at async TestContext.<anonymous> (file:///opt/alica/adapters/hermes-kanban/tests/conformance.test.mjs:7:84)
        at async Test.run (node:internal/test_runner/test:1409:7)
        at async Test.processPendingSubtests (node:internal/test_runner/test:974:7),
    expected: { code: 'INVALID_ARGUMENT' },
    operator: 'rejects',
    diff: 'simple'
  }

test at adapters/hermes-kanban/tests/conformance.test.mjs:65:44
✖ K22 oversize backend response fails explicitly, never empty board (42.42246ms)
  AssertionError [ERR_ASSERTION]: Expected values to be strictly deep-equal:
  + actual - expected
  
    Comparison {
  +   code: 'UNAVAILABLE'
  -   code: 'RESOURCE_EXHAUSTED'
    }
  
      at async file:///opt/alica/adapters/hermes-kanban/tests/conformance.test.mjs:65:207
      at async proxy (file:///opt/alica/adapters/hermes-kanban/tests/conformance.test.mjs:57:63)
      at async Test.run (node:internal/test_runner/test:1409:7)
      at async Test.processPendingSubtests (node:internal/test_runner/test:974:7) {
    generatedMessage: true,
    code: 'ERR_ASSERTION',
    actual: AcapError: UNAVAILABLE
        at ContractSession.call (file:///opt/alica/packages/acap-contracts/dist/runtime.js:521:19)
        at async Object.call (file:///opt/alica/adapters/hermes-kanban/tests/fixture.mjs:18:236)
        at async waitForActual (node:assert:646:5)
        at async strict.rejects (node:assert:769:25)
        at async file:///opt/alica/adapters/hermes-kanban/tests/conformance.test.mjs:65:207
        at async proxy (file:///opt/alica/adapters/hermes-kanban/tests/conformance.test.mjs:57:63)
        at async Test.run (node:internal/test_runner/test:1409:7)
        at async Test.processPendingSubtests (node:internal/test_runner/test:974:7),
    expected: { code: 'RESOURCE_EXHAUSTED' },
    operator: 'rejects',
    diff: 'simple'
  }
Traceback (most recent call last):
  File "/opt/phase5k/qualification.py", line 45, in <module>
    subprocess.run(['/opt/node/bin/node','--experimental-vm-modules','--test','--test-concurrency=1','--test-timeout=30000','adapters/hermes-kanban/tests/conformance.test.mjs'],cwd='/opt/alica',env=env,check=True,timeout=180)
    ~~~~~~~~~~~~~~^^^^^^^^^^^^^^^^^^^^^^^^^^^^^^^^^^^^^^^^^^^^^^^^^^^^^^^^^^^^^^^^^^^^^^^^^^^^^^^^^^^^^^^^^^^^^^^^^^^^^^^^^^^^^^^^^^^^^^^^^^^^^^^^^^^^^^^^^^^^^^^^^^^^^^^^^^^^^^^^^^^^^^^^^^^^^^^^^^^^^^^^^^^^^^^^^^^^^^^^^^^^^^^
  File "/opt/python/cpython-3.14.7-linux-x86_64-gnu/lib/python3.14/subprocess.py", line 578, in run
    raise CalledProcessError(retcode, process.args,
                             output=stdout, stderr=stderr)
subprocess.CalledProcessError: Command '['/opt/node/bin/node', '--experimental-vm-modules', '--test', '--test-concurrency=1', '--test-timeout=30000', 'adapters/hermes-kanban/tests/conformance.test.mjs']' returned non-zero exit status 1.
QUALIFICATION_RESULT {"kind": "PHASE5K_REAL_NORMAL_BACKEND_CONFORMANCE", "passed": false, "error": "Command '['/opt/node/bin/node', '--experimental-vm-modules', '--test', '--test-concurrency=1', '--test-timeout=30000', 'adapters/hermes-kanban/tests/conformance.test.mjs']' returned non-zero exit status 1."}
