PRELAUNCH_ISOLATION_PASS {"uid": 65534, "net": "net:[4026532452]", "pid": "pid:[4026532451]", "mount": "mnt:[4026532448]", "routes": "Iface\tDestination\tGateway \tFlags\tRefCnt\tUse\tMetric\tMask\t\tMTU\tWindow\tIRTT                                                       \n", "processes": ["1"]}
AUTH_DENIAL 401
HTTP GET /board 200 {"columns":[{"name":"triage","tasks":[]},{"name":"todo","tasks":[]},{"name":"scheduled","tasks":[]},{"name":"ready","tasks":[]},{"name":"running","tasks":[]},{"name":"blocked","tasks":[]},{"name":"review","tasks":[]},{"name":"done","tasks":[]}],"tenants":[],"assignees":[],"latest_event_id":0,"now":1790684819}
HTTP POST /tasks 200 {"task":{"id":"t_59ca7ac2","title":"phase5k disposable feasibility","body":"No execution authority","assignee":null,"status":"triage","priority":0,"created_by":"dashboard","created_at":1790684819,"started_at":null,"completed_at":null,"workspace_kind":"scratch","workspace_path":null,"claim_lock":null,"claim_expires":null,"tenant":null,"branch_name":null,"project_id":null,"result":null,"idempotency_key":"phase5k-feasibility","consecutive_failures":0,"worker_pid":null,"last_failure_error":null,"max_runtime_seconds":null,"last_heartbeat_at":null,"current_run_id":null,"workflow_template_id":null,"current_step_key":null,"skills":null,"model_override":null,"provider_override":null,"reasoning_effort":null,"max_retries":null,"goal_mode":false,"goal_max_turns":null,"session_id":null,"block_kind":null,"block_recurrences":0,"completion_contract":"local-only","age":{"created_age_seconds":0,"started_age_seconds":null,"time_to_complete_seconds":null},"latest_summary":null,"current_run_started_at":null}}
HTTP PATCH /tasks/t_59ca7ac2 200 {"task":{"id":"t_59ca7ac2","title":"phase5k documentary update","body":"No execution authority","assignee":null,"status":"triage","priority":0,"created_by":"dashboard","created_at":1790684819,"started_at":null,"completed_at":null,"workspace_kind":"scratch","workspace_path":null,"claim_lock":null,"claim_expires":null,"tenant":null,"branch_name":null,"project_id":null,"result":null,"idempotency_key":"phase5k-feasibility","consecutive_failures":0,"worker_pid":null,"last_failure_error":null,"max_runtime_seconds":null,"last_heartbeat_at":null,"current_run_id":null,"workflow_template_id":null,"current_step_key":null,"skills":null,"model_override":null,"provider_override":null,"reasoning_effort":null,"max_retries":null,"goal_mode":false,"goal_max_turns":null,"session_id":null,"block_kind":null,"block_recurrences":0,"completion_contract":"local-only","age":{"created_age_seconds":0,"started_age_seconds":null,"time_to_complete_seconds":null},"latest_summary":null,"current_run_started_at":null}}
HTTP POST /tasks/t_59ca7ac2/comments 200 {"ok":true}
HTTP GET /tasks/t_59ca7ac2 200 {"task":{"id":"t_59ca7ac2","title":"phase5k documentary update","body":"No execution authority","assignee":null,"status":"triage","priority":0,"created_by":"dashboard","created_at":1790684819,"started_at":null,"completed_at":null,"workspace_kind":"scratch","workspace_path":null,"claim_lock":null,"claim_expires":null,"tenant":null,"branch_name":null,"project_id":null,"result":null,"idempotency_key":"phase5k-feasibility","consecutive_failures":0,"worker_pid":null,"last_failure_error":null,"max_runtime_seconds":null,"last_heartbeat_at":null,"current_run_id":null,"workflow_template_id":null,"current_step_key":null,"skills":null,"model_override":null,"provider_override":null,"reasoning_effort":null,"max_retries":null,"goal_mode":false,"goal_max_turns":null,"session_id":null,"block_kind":null,"block_recurrences":0,"completion_contract":"local-only","age":{"created_age_seconds":0,"started_age_seconds":null,"time_to_complete_seconds":null},"latest_summary":null,"current_run_started_at":null,"diagnostics":[{"kind":"triage_aux_unavailable","severity":"warning","title":"Triage specifier has no usable model","detail":"This task is still in triage and no working auxiliary model is visible to the dispatcher. Auto-decompose is off, so triage tasks need `hermes kanban specify`, which uses auxiliary.triage_specifier. The default slot uses `provider: auto` which falls back to the main model, but no main model is configured either. Configure the slot directly or set a main model so the auto fallback can take over.","actions":[{"kind":"cli_hint","label":"Configure auxiliary.triage_specifier","payload":{"command":"hermes config set auxiliary.triage_specifier.provider auto"},"suggested":true},{"kind":"cli_hint","label":"Or configure fallback auxiliary.kanban_decomposer","payload":{"command":"hermes config set auxiliary.kanban_decomposer.provider auto"},"suggested":false},{"kind":"cli_hint","label":"Specify manually: hermes kanban specify t_59ca7ac2","payload":{"command":"hermes kanban specify t_59ca7ac2"},"suggested":false}],"first_seen_at":1790684819,"last_seen_at":1790684819,"count":1,"run_id":null,"data":{"task_id":"t_59ca7ac2","auto_decompose":false,"primary_slot":"auxiliary.triage_specifier","main_model_visible":false}}],"warnings":{"count":1,"kinds":{"triage_aux_unavailable":1},"latest_at":1790684819,"highest_severity":"warning"}},"comments":[{"id":1,"task_id":"t_59ca7ac2","author":"phase5k-fixture","body":"Informational handoff only","created_at":1790684819}],"events":[{"id":1,"task_id":"t_59ca7ac2","kind":"created","payload":{"assignee":null,"status":"triage","parents":[],"creator_task_id":null,"tenant":null,"workspace_kind":"scratch","workspace_path":null,"branch_name":null,"project_id":null,"skills":null,"goal_mode":null,"model_override":null,"provider_override":null},"created_at":1790684819,"run_id":null},{"id":2,"task_id":"t_59ca7ac2","kind":"edited","payload":null,"created_at":1790684819,"run_id":null},{"id":3,"task_id":"t_59ca7ac2","kind":"commented","payload":{"author":"phase5k-fixture","len":26},"created_at":1790684819,"run_id":null}],"attachments":[],"links":{"parents":[],"children":[]},"link_tasks":[],"child_results":[],"runs":[]}
WS_EVENTS {"events": [{"id": 1, "task_id": "t_59ca7ac2", "run_id": null, "kind": "created", "payload": {"assignee": null, "status": "triage", "parents": [], "creator_task_id": null, "tenant": null, "workspace_kind": "scratch", "workspace_path": null, "branch_name": null, "project_id": null, "skills": null, "goal_mode": null, "model_override": null, "provider_override": null}, "created_at": 1790684819}, {"id": 2, "task_id": "t_59ca7ac2", "run_id": null, "kind": "edited", "payload": null, "created_at": 1790684819}, {"id": 3, "task_id": "t_59ca7ac2", "run_id": null, "kind": "commented", "payload": {"author": "phase5k-fixture", "len": 26}, "created_at": 1790684819}], "cursor": 3}
file:///opt/alica/packages/acap-contracts/dist/validation.js:41
    return new AcapError(typeof code === 'string' && errorCodes.includes(code)
           ^

AcapError: FAILED_PRECONDITION
    at normalized (file:///opt/alica/packages/acap-contracts/dist/validation.js:41:12)
    at Host.activateTree (file:///opt/alica/packages/kernel/dist/index.js:884:19)
    at async file:///opt/alica/phase5k-disposable-k4.mjs:10:44 {
  code: 'FAILED_PRECONDITION',
  correlationId: '9d2cdc58-76a5-41dc-a28d-9ccfe94d6b52',
  retryable: false
}

Node.js v24.21.0
Traceback (most recent call last):
  File "/opt/phase5k/feasibility.py", line 55, in <module>
    subprocess.run(['/opt/node/bin/node','--experimental-vm-modules','phase5k-disposable-k4.mjs'],cwd='/opt/alica',env=env,check=True)
    ~~~~~~~~~~~~~~^^^^^^^^^^^^^^^^^^^^^^^^^^^^^^^^^^^^^^^^^^^^^^^^^^^^^^^^^^^^^^^^^^^^^^^^^^^^^^^^^^^^^^^^^^^^^^^^^^^^^^^^^^^^^^^^^^^^
  File "/opt/python/cpython-3.14.7-linux-x86_64-gnu/lib/python3.14/subprocess.py", line 578, in run
    raise CalledProcessError(retcode, process.args,
                             output=stdout, stderr=stderr)
subprocess.CalledProcessError: Command '['/opt/node/bin/node', '--experimental-vm-modules', 'phase5k-disposable-k4.mjs']' returned non-zero exit status 1.
RESULT {"kind": "DISPOSABLE_PRE_DESIGN_FEASIBILITY", "passed": false, "error": "Command '['/opt/node/bin/node', '--experimental-vm-modules', 'phase5k-disposable-k4.mjs']' returned non-zero exit status 1."}
BACKEND_LOG HERMES_BACKEND_READY port=19119
HERMES_DASHBOARD_READY port=19119
  Hermes backend listening on 127.0.0.1:19119

