PRELAUNCH_ISOLATION_PASS {"uid": 65534, "net": "net:[4026532452]", "pid": "pid:[4026532451]", "mount": "mnt:[4026532448]", "routes": "Iface\tDestination\tGateway \tFlags\tRefCnt\tUse\tMetric\tMask\t\tMTU\tWindow\tIRTT                                                       \n", "processes": ["1"]}
AUTH_DENIAL 401
HTTP GET /board 200 {"columns":[{"name":"triage","tasks":[]},{"name":"todo","tasks":[]},{"name":"scheduled","tasks":[]},{"name":"ready","tasks":[]},{"name":"running","tasks":[]},{"name":"blocked","tasks":[]},{"name":"review","tasks":[]},{"name":"done","tasks":[]}],"tenants":[],"assignees":[],"latest_event_id":0,"now":1790684863}
HTTP POST /tasks 200 {"task":{"id":"t_c90bd754","title":"phase5k disposable feasibility","body":"No execution authority","assignee":null,"status":"triage","priority":0,"created_by":"dashboard","created_at":1790684863,"started_at":null,"completed_at":null,"workspace_kind":"scratch","workspace_path":null,"claim_lock":null,"claim_expires":null,"tenant":null,"branch_name":null,"project_id":null,"result":null,"idempotency_key":"phase5k-feasibility","consecutive_failures":0,"worker_pid":null,"last_failure_error":null,"max_runtime_seconds":null,"last_heartbeat_at":null,"current_run_id":null,"workflow_template_id":null,"current_step_key":null,"skills":null,"model_override":null,"provider_override":null,"reasoning_effort":null,"max_retries":null,"goal_mode":false,"goal_max_turns":null,"session_id":null,"block_kind":null,"block_recurrences":0,"completion_contract":"local-only","age":{"created_age_seconds":0,"started_age_seconds":null,"time_to_complete_seconds":null},"latest_summary":null,"current_run_started_at":null}}
HTTP PATCH /tasks/t_c90bd754 200 {"task":{"id":"t_c90bd754","title":"phase5k documentary update","body":"No execution authority","assignee":null,"status":"triage","priority":0,"created_by":"dashboard","created_at":1790684863,"started_at":null,"completed_at":null,"workspace_kind":"scratch","workspace_path":null,"claim_lock":null,"claim_expires":null,"tenant":null,"branch_name":null,"project_id":null,"result":null,"idempotency_key":"phase5k-feasibility","consecutive_failures":0,"worker_pid":null,"last_failure_error":null,"max_runtime_seconds":null,"last_heartbeat_at":null,"current_run_id":null,"workflow_template_id":null,"current_step_key":null,"skills":null,"model_override":null,"provider_override":null,"reasoning_effort":null,"max_retries":null,"goal_mode":false,"goal_max_turns":null,"session_id":null,"block_kind":null,"block_recurrences":0,"completion_contract":"local-only","age":{"created_age_seconds":0,"started_age_seconds":null,"time_to_complete_seconds":null},"latest_summary":null,"current_run_started_at":null}}
HTTP POST /tasks/t_c90bd754/comments 200 {"ok":true}
HTTP GET /tasks/t_c90bd754 200 {"task":{"id":"t_c90bd754","title":"phase5k documentary update","body":"No execution authority","assignee":null,"status":"triage","priority":0,"created_by":"dashboard","created_at":1790684863,"started_at":null,"completed_at":null,"workspace_kind":"scratch","workspace_path":null,"claim_lock":null,"claim_expires":null,"tenant":null,"branch_name":null,"project_id":null,"result":null,"idempotency_key":"phase5k-feasibility","consecutive_failures":0,"worker_pid":null,"last_failure_error":null,"max_runtime_seconds":null,"last_heartbeat_at":null,"current_run_id":null,"workflow_template_id":null,"current_step_key":null,"skills":null,"model_override":null,"provider_override":null,"reasoning_effort":null,"max_retries":null,"goal_mode":false,"goal_max_turns":null,"session_id":null,"block_kind":null,"block_recurrences":0,"completion_contract":"local-only","age":{"created_age_seconds":0,"started_age_seconds":null,"time_to_complete_seconds":null},"latest_summary":null,"current_run_started_at":null,"diagnostics":[{"kind":"triage_aux_unavailable","severity":"warning","title":"Triage specifier has no usable model","detail":"This task is still in triage and no working auxiliary model is visible to the dispatcher. Auto-decompose is off, so triage tasks need `hermes kanban specify`, which uses auxiliary.triage_specifier. The default slot uses `provider: auto` which falls back to the main model, but no main model is configured either. Configure the slot directly or set a main model so the auto fallback can take over.","actions":[{"kind":"cli_hint","label":"Configure auxiliary.triage_specifier","payload":{"command":"hermes config set auxiliary.triage_specifier.provider auto"},"suggested":true},{"kind":"cli_hint","label":"Or configure fallback auxiliary.kanban_decomposer","payload":{"command":"hermes config set auxiliary.kanban_decomposer.provider auto"},"suggested":false},{"kind":"cli_hint","label":"Specify manually: hermes kanban specify t_c90bd754","payload":{"command":"hermes kanban specify t_c90bd754"},"suggested":false}],"first_seen_at":1790684863,"last_seen_at":1790684863,"count":1,"run_id":null,"data":{"task_id":"t_c90bd754","auto_decompose":false,"primary_slot":"auxiliary.triage_specifier","main_model_visible":false}}],"warnings":{"count":1,"kinds":{"triage_aux_unavailable":1},"latest_at":1790684863,"highest_severity":"warning"}},"comments":[{"id":1,"task_id":"t_c90bd754","author":"phase5k-fixture","body":"Informational handoff only","created_at":1790684863}],"events":[{"id":1,"task_id":"t_c90bd754","kind":"created","payload":{"assignee":null,"status":"triage","parents":[],"creator_task_id":null,"tenant":null,"workspace_kind":"scratch","workspace_path":null,"branch_name":null,"project_id":null,"skills":null,"goal_mode":null,"model_override":null,"provider_override":null},"created_at":1790684863,"run_id":null},{"id":2,"task_id":"t_c90bd754","kind":"edited","payload":null,"created_at":1790684863,"run_id":null},{"id":3,"task_id":"t_c90bd754","kind":"commented","payload":{"author":"phase5k-fixture","len":26},"created_at":1790684863,"run_id":null}],"attachments":[],"links":{"parents":[],"children":[]},"link_tasks":[],"child_results":[],"runs":[]}
WS_EVENTS {"events": [{"id": 1, "task_id": "t_c90bd754", "run_id": null, "kind": "created", "payload": {"assignee": null, "status": "triage", "parents": [], "creator_task_id": null, "tenant": null, "workspace_kind": "scratch", "workspace_path": null, "branch_name": null, "project_id": null, "skills": null, "goal_mode": null, "model_override": null, "provider_override": null}, "created_at": 1790684863}, {"id": 2, "task_id": "t_c90bd754", "run_id": null, "kind": "edited", "payload": null, "created_at": 1790684863}, {"id": 3, "task_id": "t_c90bd754", "run_id": null, "kind": "commented", "payload": {"author": "phase5k-fixture", "len": 26}, "created_at": 1790684863}], "cursor": 3}
(node:80) ExperimentalWarning: VM Modules is an experimental feature and might change at any time
(Use `node --trace-warnings ...` to show where the warning was created)
K4_PUBLIC_BINDING_PASS real normal REST; manifest-bound native public SDK registration; Host current identity/grant; denial; deadline/cancellation; clean disposal leaves backend available
(node:97) ExperimentalWarning: VM Modules is an experimental feature and might change at any time
(Use `node --trace-warnings ...` to show where the warning was created)
{"gate":"D4","path":"signed synthetic plugins / public SDK events-on-emit / broker / disposable sink","deniedBeforeGrant":true,"deniedAfterRevocation":true,"brokerProvenance":true,"cleanup":true,"production":false,"finishedD11":false}
✔ D4 authorized synthetic source -> accepted SDK typed events -> isolated signal sink (56.027265ms)
ℹ tests 1
ℹ suites 0
ℹ pass 1
ℹ fail 0
ℹ cancelled 0
ℹ skipped 0
ℹ todo 0
ℹ duration_ms 401.754048
RESULT {"kind": "DISPOSABLE_PRE_DESIGN_FEASIBILITY", "passed": true, "task": "t_c90bd754", "eventCount": 3}
BACKEND_LOG HERMES_BACKEND_READY port=19119
HERMES_DASHBOARD_READY port=19119
  Hermes backend listening on 127.0.0.1:19119

