{"allowlist": ["services/doghouse", "docs/phase5.2/design", "catalog/proposals/assurance-incidents", "examples/phase52-consumer", "packages", "node_modules", "service-foundation/tooling", "service-foundation/schemas", "tools/g3-fixtures.mjs", "specs/examples/capability.valid.json"], "runtime": ".tools/node-v24.21.0-linux-x64/bin/node", "copiedFiles": 1234, "copiedManifestSha256": "c27b7fb64c274381b552edcc6b084b748ebb6cfc1c937b2b70840be9cdcac9b1", "nodeSha256": "7fde7b8afa198da66257f42ee2001d874c7355631e6d1579a5fb5ef1f246df4c", "hostSocketsCopiedOrProbed": false}
{"prerequisite":"PASS","filesystem":"disposable chroot; allowlisted regular files only","network":"new network namespace","docker":"ENOENT","podman":"ENOENT","filesystemSockets":0,"proc":false,"sys":false,"uid":1001}
✔ D8 repeated against actual admitted snapshot; separate execution record not inferred from schema (95.773149ms)
✔ D13 native composition validates closed configuration before touching store (2.052941ms)
✔ D17 incident capacity64 refuses next without changing history (3373.183724ms)
✔ D17 retained observation/dedupe capacity256 rejects atomically (9987.629063ms)
✔ D17 acknowledgement replay capacity16 and late correlation window fail closed (48.120283ms)
✔ D17 isolated child self-exit beforeRename preserves coherent generation (403.641377ms)
✔ D17 isolated child self-exit afterRename preserves coherent generation (384.723222ms)
✔ D13 required stopped backup restores independently; exchange is not backup (7.957702ms)
✔ F1 responsive shutdown drains and refuses new admission; bounded incomplete cleanup retains ownership (2019.465724ms)
✔ F1 cancellation before commit and during native commit does not fake rollback (10.533377ms)
✔ D9-D10 native lifecycle distinct occurrences, acknowledgement, recovery, recurrence and restart (48.340801ms)
✔ duplicate old redelivery is idempotent; payload conflict rejected (7.719129ms)
✔ D17 forged producer (2.252779ms)
✔ D17 wrong instance (1.90771ms)
✔ D17 wrong generation (1.635071ms)
✔ D17 cross scope (1.120542ms)
✔ D17 unregistered target (1.311714ms)
✔ D17 secret-bearing extra evidence (1.273679ms)
✔ D17 bad evidence hash (1.543733ms)
✔ D17 future skew (1.919432ms)
✔ D17 stale observation (1.333697ms)
✔ D17 recovery evidence mismatch (1.174949ms)
✔ D17 oversize (1.321102ms)
✔ D17 out-of-order recovery cannot resolve; silence and self-health not recovery (4.740583ms)
✔ D17 query/ack scope and unknown manual operation denied (6.466249ms)
✔ D17 durable write failure leaves no partial state; uncertain post-rename fails closed (6.148844ms)
✔ D17 exclusive ownership and corrupt-store fail closed (0.932477ms)
✔ D17 occurrence capacity rejects without eviction (296.262632ms)
✔ D17 cooperative queue wait, overload, cancellation and shutdown refusal (7.274105ms)
✔ D17 postcommit cooperative deadline reports uncertainty, retry is duplicate (3.893018ms)
✔ D14-D16 canonical roundtrip with acknowledgements, resolutions and compatible continuation (42.186085ms)
✔ D15 imported producer/actor history grants neither query nor duplicate ingestion (8.760587ms)
✔ D16 unavailable historical rule preserved as HISTORICAL_ONLY, never reassessed or acknowledged (13.282036ms)
✔ D15 rejected import is atomic: extra grants (5.916813ms)
✔ D15 rejected import is atomic: foreign schema (5.054272ms)
✔ D15 rejected import is atomic: count mismatch (3.964107ms)
✔ D15 rejected import is atomic: missing reference (4.234572ms)
✔ D15 rejected import is atomic: dedupe mismatch (4.822321ms)
✔ D15 rejected import is atomic: duplicate observation (5.136771ms)
✔ D15 rejected import is atomic: privileged evidence (3.875625ms)
✔ D15 rejected import is atomic: wrong correlation (3.97118ms)
✔ D15 rejected import is atomic: invalid timestamp (3.662102ms)
✔ D15 rejected import is atomic: incompatible labelled current (3.742267ms)
✔ D15 rejected import is atomic: unbacked resolution (3.826129ms)
✔ D15 oversized/malformed import and nonempty target reject before mutation (1.349586ms)
✔ D17 acknowledgement retry content collision is durable and actor-bound (15.861888ms)
(node:58) ExperimentalWarning: VM Modules is an experimental feature and might change at any time
(Use `node --trace-warnings ...` to show where the warning was created)
✔ D11-D13 public Host/SDK isolated vertical slice and independent consumer (392.639071ms)
✔ D12 independent current mapping AND Host grants both required; scope denied (268.59043ms)
✔ D13 restart restores same IDs/lifecycle while new instance requires new mappings (411.295059ms)
✔ R2 resolved overlap, reversed=false: atomic import, store commit/open rejection (41.846567ms)
✔ R2 resolved overlap, reversed=true: atomic import, store commit/open rejection (21.691432ms)
✔ R2 equal recovery/start, reversed=false: atomic import, store commit/open rejection (18.562405ms)
✔ R2 equal recovery/start, reversed=true: atomic import, store commit/open rejection (20.042646ms)
✔ R2 equal starts, reversed=false: atomic import, store commit/open rejection (20.680553ms)
✔ R2 equal starts, reversed=true: atomic import, store commit/open rejection (21.954743ms)
✔ R2 active predecessor, reversed=false: atomic import, store commit/open rejection (19.29684ms)
✔ R2 active predecessor, reversed=true: atomic import, store commit/open rejection (19.39596ms)
✔ R2 acknowledged predecessor, reversed=false: atomic import, store commit/open rejection (22.946536ms)
✔ R2 acknowledged predecessor, reversed=true: atomic import, store commit/open rejection (23.389588ms)
✔ R2 valid reversed recurrence survives restart and authorized continuation (31.180604ms)
✔ R2 unknown-rule overlapping historical-only evidence is not assigned understood semantics (25.982033ms)
ℹ tests 61
ℹ suites 0
ℹ pass 61
ℹ fail 0
ℹ cancelled 0
ℹ skipped 0
ℹ todo 0
ℹ duration_ms 14038.813501
R1_NATIVE_UNAVAILABLE_QUALIFICATION_PASS
