✔ D9-D10 native lifecycle distinct occurrences, acknowledgement, recovery, recurrence and restart (40.884673ms)
✔ duplicate old redelivery is idempotent; payload conflict rejected (6.382794ms)
✔ D17 forged producer (1.347903ms)
✔ D17 wrong instance (1.388112ms)
✔ D17 wrong generation (1.496481ms)
✔ D17 cross scope (1.644889ms)
✔ D17 unregistered target (1.270753ms)
✔ D17 secret-bearing extra evidence (1.205487ms)
✔ D17 bad evidence hash (3.684864ms)
✔ D17 future skew (1.689183ms)
✔ D17 stale observation (0.963247ms)
✔ D17 recovery evidence mismatch (0.90324ms)
✔ D17 oversize (0.800491ms)
✔ D17 out-of-order recovery cannot resolve; silence and self-health not recovery (4.668109ms)
✔ D17 query/ack scope and unknown manual operation denied (4.468704ms)
✔ D17 durable write failure leaves no partial state; uncertain post-rename fails closed (5.696954ms)
✔ D17 exclusive ownership and corrupt-store fail closed (1.001662ms)
✔ D17 occurrence capacity rejects without eviction (265.973501ms)
✔ D17 cooperative queue wait, overload, cancellation and shutdown refusal (8.535488ms)
✔ D17 postcommit cooperative deadline reports uncertainty, retry is duplicate (4.674543ms)
(node:4044175) ExperimentalWarning: VM Modules is an experimental feature and might change at any time
(Use `node --trace-warnings ...` to show where the warning was created)
✔ D11-D13 public Host/SDK isolated vertical slice and independent consumer (386.211255ms)
✔ D12 independent current mapping AND Host grants both required; scope denied (250.471127ms)
✔ D13 restart restores same IDs/lifecycle while new instance requires new mappings (413.330542ms)
ℹ tests 23
ℹ suites 0
ℹ pass 23
ℹ fail 0
ℹ cancelled 0
ℹ skipped 0
ℹ todo 0
ℹ duration_ms 1515.898752
