
> alica-v2@0.0.0 build
> node tools/build.mjs


> alica-v2@0.0.0 typecheck
> tsc -p tsconfig.json --noEmit


> alica-v2@0.0.0 test
> node --experimental-vm-modules --test tests/foundation/*.test.mjs tests/kernel/*.test.mjs tests/contracts/*.test.mjs tests/sdk/*.test.mjs

✔ CLI init/validate/generators run and preserve existing operator files (2772.647817ms)
✔ CLI rejects invalid syntax/unknown flags, duplicate JSON, and redacts diagnostics (928.496545ms)
✔ CLI plugin/bundle/profile validation checks linked artifacts and raw inventory (1299.482258ms)
✔ CLI plugin validation denies symlink escape even for a syntactically valid path (267.552797ms)
✔ CLI conformance has human and machine reports and nonzero exit for wrong behavior (863.092906ms)
✔ CLI validates expected descriptor digest before running conformance (292.699278ms)
✔ stream-only provider passes conformance without unary assumptions (283.214552ms)
✔ generated descriptor preserves prototype-named keys as JSON data (312.217669ms)
✔ public descriptor schema and canonical digest reject semantic and unknown-field violations (17.380044ms)
✔ required versus optional features, version range and digest negotiation (11.132814ms)
✔ closed wire protocol validates digest, unknown operations, payloads and spoofed identity (3.901714ms)
✔ authentication runs before revealing malformed contract details (1.968497ms)
✔ wire behavior survives JSON round trips and non-local plain exceptions (3.819264ms)
✔ invalid provider output has normalized contract mismatch (7.206352ms)
✔ absolute expiration causes zero provider invocations and maximum budget clamps (1.865436ms)
✔ cancellation before completion is terminal exactly once (36.85422ms)
✔ cancellation during completion is terminal exactly once (27.639857ms)
✔ cancellation after completion is terminal exactly once (48.108509ms)
✔ request IDs are unique while outstanding; explicit cancel is idempotent (1.788397ms)
✔ parent cancellation and deadlines propagate across sessions (62.076367ms)
✔ instance idempotency: replay, conflict, in-flight duplicate and scope isolation (35.756741ms)
✔ idempotency retention, reset and finite capacity never silently evict live keys (40.009427ms)
✔ none rejects keys; stream idempotency is invalid; durable claim is not faked (3.900823ms)
✔ stream yields detached validated items and exactly one iterator completion (24.119872ms)
✔ stream invalid item and explicit cancellation terminate without late items (2.006941ms)
(node:4054068) ExperimentalWarning: VM Modules is an experimental feature and might change at any time
(Use `node --trace-warnings ...` to show where the warning was created)
✔ stream rechecks authority before each item delivery (13.579366ms)
✔ bounded event primitive terminates on overflow and never leaks subsequent queued data (0.498457ms)
✔ event envelope validates exact descriptor and broker identity fields (12.871223ms)
✔ generation is byte deterministic and descriptor changes change generated bindings (40.515548ms)
✔ profile validation rejects duplicate roots, cycles, and unknown pins (1.731546ms)
✔ conformance fails an incorrect provider instead of just validating descriptor (30.249645ms)
✔ Kernel dispatch supports stream and revocation without Kernel imports in provider (173.043751ms)
✔ Kernel instance-idempotency cache is shared across consumer handles (110.660286ms)
✔ monotonic budget prevents late success when wall clock does not advance (13.32323ms)
✔ terminal release callback runs once on both success and cancellation (34.452485ms)
✔ wire diagnostic correlation is preserved without exception identity (0.44356ms)
✔ closed provider refuses both unary and streaming execution (1.459818ms)
✔ conformance does not confuse its own oracle mismatch with a provider error (3.181799ms)
✔ credit starts at zero, bounds grants, and cancellation releases waiting producer (2.884331ms)
✔ slow stream reader applies backpressure rather than consuming unseen items (21.597643ms)
✔ stream values and terminal errors cross JSON without local exception identity (2.484095ms)
✔ stream decoder rejects missing terminal, bad sequence, and unknown fields (0.459391ms)
✔ prototype-named JSON properties remain data through descriptor and invocation (2.495628ms)
✔ finite payload interpreter enforces all G1 type constraints without coercion (0.825689ms)
✔ boundary CLI fails on planted source violation (669.953856ms)
✔ Cell/admin Ajv declaration is limited to exact host importers and target (17.203263ms)
✔ built public entry has no accidental runtime implementation (0.320922ms)
✔ reject deep import (0.717891ms)
✔ reject cross-package relative (16.959951ms)
✔ reject V1 absolute (0.576979ms)
✔ reject dynamic computed (1.757788ms)
✔ reject undeclared external (2.79598ms)
✔ reject developer tooling from package (0.58829ms)
✔ reject host dependency from package (0.581037ms)
✔ reject escape to repo tools (1.495901ms)
✔ accept public type import (1.102607ms)
✔ package exports reject deep runtime import (88.283547ms)
✔ planted synthetic token is rejected without leaking its value (123.960412ms)
✔ ordinary public data passes secret scanner (73.712877ms)
(node:4054151) ExperimentalWarning: VM Modules is an experimental feature and might change at any time
(Use `node --trace-warnings ...` to show where the warning was created)
✔ same capability/version with different digest is rejected before activation (58.933015ms)
✔ duplicate visible provider identity is conflict, not load-order selection (51.060301ms)
✔ version/feature exclusions explain deterministic ranking and optional negotiation (163.999808ms)
✔ planning is registry/lifecycle read-only; profile pin controls real calls and lock (410.107238ms)
✔ invalid profile pin fails before evaluating any module (27.916703ms)
✔ cancellation first terminal outcome wins over immediate provider success (112.016118ms)
✔ call values are detached in both directions, not live objects (88.256644ms)
✔ pending uncooperative call is reported instead of falsely clean disposal (92.446216ms)
✔ expired trust stops new calls and quiesces all live instances (151.644645ms)
✔ secret grant rechecked immediately before result delivery (40.43432ms)
✔ nested scopes destroyed before parent owner and stale contexts never revive (31.292226ms)
✔ nested calls cannot extend inherited deadline (176.17376ms)
✔ same-version altered trust metadata and corrupted durable state are rejected (14.279403ms)
(node:4054178) ExperimentalWarning: VM Modules is an experimental feature and might change at any time
(Use `node --trace-warnings ...` to show where the warning was created)
✔ independent Echo A passes unchanged consumer suite (378.253214ms)
✔ independent Echo B passes unchanged consumer suite (357.390868ms)
✔ selection invariant under order a,b (180.566426ms)
✔ selection invariant under order b,a (177.01977ms)
✔ strict parser rejects {"a":1,"a":2} (0.281486ms)
✔ strict parser rejects {"a":1e0} (0.176984ms)
✔ strict parser rejects {"a":1.0} (0.155611ms)
✔ strict parser rejects {"a":9007199254740992} (0.122829ms)
✔ strict parser rejects {"a":"\ud800"} (0.214816ms)
✔ strict parser rejects {"é":1} (0.306514ms)
✔ strict parser rejects [1,] (0.148126ms)
✔ strict parser rejects {"a":true}x (0.127026ms)
✔ bounded parsing/canonicalization rejects deep, cyclic, accessor, sparse and oversized values (1.205487ms)
✔ runtime canonical digest matches G1 descriptor and Unicode/control rules (0.768731ms)
✔ configuration is closed and secrets cannot be placed in config (9.249072ms)
✔ verification rejects signature before evaluation (16.653736ms)
✔ verification rejects file before evaluation (13.785908ms)
✔ verification rejects unknown-manifest before evaluation (16.634078ms)
✔ verification rejects duplicate-json before evaluation (14.877755ms)
✔ verification rejects untrusted-key before evaluation (17.45475ms)
✔ verification rejects invalid-stream-idempotency before evaluation (15.845801ms)
✔ loaded bytes are immutable after verification (33.340086ms)
✔ unverified module imports cannot be linked or evaluated (21.312649ms)
✔ missing mandatory dependency blocks ACTIVE (30.326223ms)
✔ incompatible mandatory dependency blocks ACTIVE (36.8906ms)
✔ denied mandatory dependency blocks ACTIVE (34.279649ms)
✔ mandatory cycles rejected; no participant becomes ACTIVE (49.426544ms)
✔ partial activation never publishes; effects clean in reverse order; disposal idempotent (32.475992ms)
✔ staged registration invisible while activation awaits (83.82418ms)
✔ cleanup failures remain FAILED, remaining disposers still execute (29.192095ms)
✔ uncooperative disposer times out and requires restart (40.878031ms)
✔ capability denial and optional absence are distinct (45.455224ms)
✔ revoked grant invalidates retained handle (71.14568ms)
✔ expired grant invalidates retained handle (67.961578ms)
✔ wrong principal/instance/scope generation and widened child grants rejected (52.443944ms)
✔ child scope teardown invalidates handles and removes only owned resources (87.935462ms)
✔ parent cannot see child registrations (69.516853ms)
✔ mandatory provider loss quiesces consumer transitively without rebinding (139.836352ms)
✔ revocation during call prevents result delivery (101.269942ms)
✔ unload during call cancels delivery and cleans call tracking (123.327556ms)
✔ deadline, cancellation, input/output validation and no idempotent replay (132.408942ms)
✔ provider errors and invalid output normalized without value leakage (98.708607ms)
✔ secret access requires declaration and separate grant; inspection redacts values (43.274718ms)
✔ events deliver FIFO broker identity; disposer removes listener (101.143589ms)
✔ event rechecks revoked subscription and publisher; handler failures isolated (77.564094ms)
✔ bounded event overflow terminates affected subscription and cleanup reclaims listener (120.609406ms)
✔ audit exhaustion blocks mutation but never emergency revocation (32.700146ms)
✔ expired trust and backward clock fail closed (23.346082ms)
✔ trust revocation quiesces running providers (129.253034ms)
✔ persistent trust state rejects rollback and missing-state recovery (14.984149ms)
✔ root rotation requires both old and new signatures plus exact next policy (41.195496ms)
(node:4054286) ExperimentalWarning: VM Modules is an experimental feature and might change at any time
(Use `node --trace-warnings ...` to show where the warning was created)
✔ runtime matches frozen Python/OpenSSL vector C-00 (2.013273ms)
✔ runtime matches frozen Python/OpenSSL vector C-01 (0.249604ms)
✔ runtime matches frozen Python/OpenSSL vector C-02 (0.156003ms)
✔ runtime matches frozen Python/OpenSSL vector C-03 (0.135823ms)
✔ runtime matches frozen Python/OpenSSL vector C-04 (0.18102ms)
✔ runtime matches frozen Python/OpenSSL vector C-05 (0.179108ms)
✔ runtime matches frozen Python/OpenSSL vector C-06 (0.166201ms)
✔ runtime matches frozen Python/OpenSSL vector C-07 (0.145704ms)
✔ runtime matches frozen Python/OpenSSL vector C-08 (0.179849ms)
✔ runtime matches frozen Python/OpenSSL vector C-09 (0.230467ms)
✔ runtime matches frozen Python/OpenSSL vector C-10 (0.264643ms)
✔ runtime matches frozen Python/OpenSSL vector C-11 (0.128308ms)
✔ runtime matches frozen Python/OpenSSL vector C-12 (0.143079ms)
✔ runtime matches frozen Python/OpenSSL vector C-13 (0.111947ms)
✔ runtime matches frozen Python/OpenSSL vector C-14 (0.11844ms)
✔ runtime matches frozen Python/OpenSSL vector C-15 (0.3201ms)
✔ runtime matches frozen Python/OpenSSL vector C-16 (0.166704ms)
✔ runtime matches frozen Python/OpenSSL vector C-17 (0.151453ms)
✔ mandatory activation binding cannot silently switch after catalog changes (158.493764ms)
✔ plugin log admits only fixed safe metadata and quiesce is idempotent (37.717384ms)
(node:4054349) ExperimentalWarning: VM Modules is an experimental feature and might change at any time
(Use `node --trace-warnings ...` to show where the warning was created)
✔ real Kernel verifies and activates SDK-only signed relative module graph (154.223974ms)
✔ real Kernel rejects tampered dependent module before evaluation (13.959553ms)
✔ production linker rejects @alica/kernel before evaluation (27.334263ms)
✔ production linker rejects @alica/testkit before evaluation (23.994779ms)
✔ production linker rejects node:fs before evaluation (31.006201ms)
✔ production linker rejects ../../escape.js before evaluation (25.942125ms)
✔ production linker rejects ./missing.js before evaluation (25.895815ms)
✔ production linker rejects @alica/plugin-sdk/dist/index.js before evaluation (21.702635ms)
✔ real SDK optional cannot turn a denied capability into absence (50.800107ms)
✔ public SDK provides, resolves, and bridges generated endpoints (17.889091ms)
✔ independently implemented provider substitutes without consumer changes (6.195782ms)
✔ missing optional returns null but denied optional does not hide permissions (1.907529ms)
✔ optional does not hide incompatible present provider (2.990608ms)
✔ idempotent disposer shares result and rejection without executing twice (0.448881ms)
✔ owned effects clean in reverse order and partial acquisition cleans immediately (2.011159ms)
✔ activation injection rolls back staged providers and acquired effects (1.871668ms)
✔ revocation injection rejects existing handle before provider dispatch (4.35329ms)
✔ timeout injection is deterministic, one-shot, and not elapsed-time simulation (2.229614ms)
✔ cleanup injection is reported while remaining cleanups continue (0.935202ms)
✔ cleanup timeout is visible and does not hang disposal (6.950265ms)
✔ destroyed child handles cannot escape their owning scope (3.460778ms)
✔ provider disposal invalidates old handles instead of rebinding (1.948558ms)
✔ typed events validate payloads and deliver immutable broker envelopes (4.897535ms)
✔ secret references are scoped and logs refuse arbitrary data fields (0.924783ms)
✔ invalid input and unknown operation retain exact ACAP rejection codes (4.029501ms)
✔ uncooperative event handler is reported as incomplete cleanup (5.779024ms)
✔ optional validates malformed requirement before reporting absence (0.79897ms)
ℹ tests 170
ℹ suites 0
ℹ pass 170
ℹ fail 0
ℹ cancelled 0
ℹ skipped 0
ℹ todo 0
ℹ duration_ms 7434.00867

> alica-v2@0.0.0 test:catalog
> node --test catalog/tests/*.test.mjs

✔ C6 input widening and output narrowing have distinct variance (22.811124ms)
✔ C6 removed operation, streaming, semantics, permissions, scopes and errors (16.568611ms)
✔ C9 proposal and independent complete review; rejection never becomes release history (1.895094ms)
✔ C4 actual previous state, evidence, legal promotion, deprecation and retirement (3.963585ms)
✔ C4 C5 C6 released version immutable, stable break rejected and semantics reviewed (5.616778ms)
✔ C1 C2 C5: ACAP-aligned definition and independent catalog/platform versions (10.670437ms)
✔ C2: malformed shape, maturity, version, descriptor and event references fail (7.597238ms)
✔ C3: malformed identities, namespace owner, release inclusion and reserved names (2.410574ms)
✔ C3: duplicate/colliding entries and major mapping fail (7.268041ms)
✔ C7 C8: dependencies are semantic, declarations cannot grant authority (8.012525ms)
✔ C2: filesystem references stay local including symlinks (0.93353ms)
✔ early C13: real public ACAP conformance consumes neutral Catalog descriptor (13.533006ms)
✔ C9 shipped schema, template, proposal and reference review correspond (35.042878ms)
✔ C11 C12 deterministic index and offline self-contained snapshot (43.841135ms)
✔ C10 CLI validates, lists, shows, diffs, creates index/snapshot and validates proposals (4351.794093ms)
ℹ tests 15
ℹ suites 0
ℹ pass 15
ℹ fail 0
ℹ cancelled 0
ℹ skipped 0
ℹ todo 0
ℹ duration_ms 5171.311049
