✔ delivered stateless manifest has separate semantic/declared/not-executed results (50.529322ms)
✔ delivered stateful manifest has separate semantic/declared/not-executed results (48.373052ms)
✔ stateful example schema validates actual persisted reference bytes (50.213649ms)
✔ required/optional dependency consistency checked against substantive Catalog fixture context (179.174809ms)
✔ supplied existing plugin declaration identity/capability/secret comparison is substantive (88.619928ms)
✔ local config references cannot escape by symlink; missing local reference fails (0.792557ms)
(node:4054928) ExperimentalWarning: VM Modules is an experimental feature and might change at any time
(Use `node --trace-warnings ...` to show where the warning was created)
✔ PUBLIC_HOST stateless native attachment, permission denial and cleanup (224.800462ms)
✔ PUBLIC_HOST proposed records persist across normal stop/new instance; health and stale handle (447.791477ms)
✔ PUBLIC_HOST actual required dependency absent, not successful EMPTY (33.821129ms)
✔ PUBLIC_HOST actual signed startup failure and readiness timeout (191.07027ms)
✔ PUBLIC_HOST actual secret reference declaration/grant/existence checks (71.280734ms)
✔ PUBLIC_HOST actual bounded stop timeout is reported, not clean PASS (100.096738ms)
✔ PUBLIC_HOST service-owned quota health DEGRADED and storage failure UNAVAILABLE (752.704986ms)
✔ PUBLIC_HOST undeclared data-domain rejected by reference, not filesystem confinement (95.605332ms)
✔ PUBLIC_HOST scope identity cannot be changed by a forged grant (127.164645ms)
✔ stateless SDK fixture, unchanged consumer, service-owned health and cleanup (21.916119ms)
✔ stateful SDK fixture persists across normal disposal/new instance; empty differs from absent (31.860547ms)
✔ native resource serializes concurrent writes; quota rejects without losing records (18.415102ms)
✔ corrupt state fails open instead of manufacturing successful EMPTY (1.532663ms)
✔ native storage errors normalize; failed write retains prior record, never absence (21.391202ms)
✔ corrupt JSON and malformed persisted shapes fail FAILED_PRECONDITION; IO open fails UNAVAILABLE (19.148483ms)
✔ three levels are independent; backup/migration execution not tested (27.222457ms)
✔ structural rejects malformed (0.654599ms)
✔ structural rejects unsupported binding (0.36586ms)
✔ structural rejects unknown field (0.29939ms)
✔ structural rejects executable UI (0.360248ms)
✔ structural rejects inline secret (0.307786ms)
✔ structural rejects path traversal (0.300602ms)
✔ semantic rejects unknown capability (1.86681ms)
✔ semantic rejects unavailable version (1.197222ms)
✔ semantic rejects URI major mismatch (1.43444ms)
✔ semantic rejects wrong identity (1.348224ms)
✔ semantic rejects wrong Catalog context (1.546689ms)
✔ semantic rejects missing permission declaration (1.300642ms)
✔ semantic rejects state hidden by stateless (1.053203ms)
✔ semantic rejects undeclared UI permission (21.315845ms)
✔ semantic rejects unsupported secret binding (14.368176ms)
✔ semantic rejects unowned rebuildable data (1.157594ms)
✔ configuration required field actually validated (13.398555ms)
✔ snapshot pin enforced independently from self-reported digest (1.278559ms)
✔ remote schema references never fetched (2.187942ms)
✔ canonical decimal grammar, precision and range reject rather than round (2.893409ms)
✔ provider lexical exponent conversion uses the original token exactly (0.889765ms)
✔ wire conversion distinguishes exact numbers from ordinary literal strings (3.061936ms)
✔ structured numeric markers and size/depth limits fail closed (1.324488ms)
✔ J3 exact decimal lexical rules and frozen ACAP compatibility (4.699691ms)
✔ J3 structured fractions are exact numeric wire literals, never ambiguous strings (1.343835ms)
✔ J4 actual Catalog proposal/definition validation without admission or self-review (14.284654ms)
✔ J5/J6 neutral mixed semantics and exact round-trip (2.388861ms)
✔ J3/J6 malformed inputs, criteria, fractional state and limits rejected (2.494607ms)
✔ J6 exact correspondence, totals, confidence, range and legend defenses (4.512919ms)
✔ J7 public SDK testkit vertical substitutes neutral providers, clean disposal (39.693573ms)
✔ J7 Host permissions/revocation remain authoritative; no provider dispatch on denied calls (13.948402ms)
✔ J7 unload makes handles stale; incompatible major and descriptor mismatches fail (22.081559ms)
✔ J7 disable switch prevents invocation (12.014192ms)
✔ J7 unknown model and provider errors normalized without echoed state (24.876537ms)
✔ J7 deadline and cancellation forwarded once, no retry (53.878093ms)
✔ handoff returns result; forged reply identity/generation/correlation ignored (4.694822ms)
✔ handoff singleflight rejects competing request with no second backend dispatch (1.793126ms)
✔ handoff raw provider failure normalized without message or cause (0.883473ms)
✔ handoff cancel aborts and joins owned request (1.335018ms)
✔ handoff unload aborts and joins owned request (0.945532ms)
✔ handoff deadline/pre-cancellation/closed state reject before dispatch (0.720186ms)
(node:4055052) ExperimentalWarning: VM Modules is an experimental feature and might change at any time
(Use `node --trace-warnings ...` to show where the warning was created)
✔ public Host signed inventory, generic neutral call, grant denial and source-preserving caller (275.405622ms)
✔ public Host unload/restart and stale handle; fresh instance/grants only (458.591135ms)
✔ public Host disabled provider and incompatible capability version never dispatch (176.778182ms)
✔ public Host raw backend failure normalized; malformed request rejected before dispatch (175.639033ms)
✔ public Host in-flight cancel aborts effect-owned backend and joins cleanup (177.284202ms)
✔ public Host in-flight deadline aborts effect-owned backend and joins cleanup (251.067036ms)
✔ public Host in-flight unload aborts effect-owned backend and joins cleanup (164.666261ms)
✔ LIVE-OBSERVED model metadata replay: exact timestamps preserved; prose date still accepted; no other validator relaxed (5.36416ms)
✔ fresh synthetic continuation dispatches only four ordered POSTs, preserves both prefixes and refuses restart/replay (62.842143ms)
✔ first physical or semantic failure stops all later evaluations and keeps consumed slot/evidence (37.830843ms)
✔ changed historical evidence and unexpected ledger reservation fail before dispatch (42.240843ms)
✔ manual diagnostic has its own one-shot path; durable slot2, original prefix, total6 and no seventh (38.477968ms)
✔ modified history, existing evaluation, stale lock and ambiguous diagnostic never dispatch (13.618923ms)
✔ diagnostic rejects guard failure before network but preserves consumed reservation (5.225201ms)
✔ HTTP faults and decoded credential echoes are never exposed in diagnostic output (16.680939ms)
✔ diagnostic distinguishes documented shape from stricter legacy rejection without fixing mapper (2.052189ms)
✔ lexical ambiguity, invalid types, metadata bounds and CLI guards fail closed offline (60.828759ms)
✔ J8 public request mapping: shared state, mixed named questions, exact fractional documents (4.159644ms)
✔ J9/J10/J11/J12/J17 documented response fields preserved across mixed batch (3.797353ms)
✔ J21 numeric strings and literal reserved marker objects cannot masquerade as wire numbers (4.668842ms)
✔ J21 duplicate question/candidate/escaped keys and malformed tokens rejected before overwrite (0.831341ms)
✔ J10/J11/J12 exact names/types/candidates/levels/legend and rational probability defenses (5.684871ms)
✔ J13 model discovery maps public schema, not hard-coded aliases; malformed/duplicate IDs fail (0.740435ms)
✔ J14/J18 ledger is explicit, fail-closed, durable before dispatch and never replenished (37.497738ms)
✔ J18 ambiguity consumes slot, repeated matrix kind blocked; missing/corrupt ledgers fail closed (13.6481ms)
✔ J14/J18 singleflight retains lock during whole request; stale lock never auto-cleared (6.949874ms)
✔ J14/J16/J22 exact endpoint/Bearer/JSON, key reference scoped to request, no secret/state in ledger (22.493247ms)
✔ J16 absent/insecure/symlink secret and unsafe directory fail before reservation/send (9.933799ms)
✔ J14/J21/J22 auth/validation/rate/5xx/redirect responses normalized without retaining body or retry (63.207972ms)
✔ J14 network/aborted response never replayed and consumes physical reservation (13.583324ms)
✔ J15 shorter deadlines/cancellation bounded; pre-cancelled requests do not consume slots (35.122372ms)
✔ J21 bounded bytes/content-type/UTF8 defenses; no real network in fixture suite (2.251795ms)
ℹ tests 95
ℹ suites 0
ℹ pass 95
ℹ fail 0
ℹ cancelled 0
ℹ skipped 0
ℹ todo 0
ℹ duration_ms 3324.522984
