✔ D8 repeated against actual admitted snapshot; separate execution record not inferred from schema (107.98855ms)
✔ D13 native composition validates closed configuration before touching store (2.118246ms)
✔ D17 incident capacity64 refuses next without changing history (3531.737699ms)
✔ D17 retained observation/dedupe capacity256 rejects atomically (10427.114291ms)
✔ D17 acknowledgement replay capacity16 and late correlation window fail closed (50.746635ms)
✔ D17 isolated child self-exit beforeRename preserves coherent generation (420.752624ms)
✔ D17 isolated child self-exit afterRename preserves coherent generation (383.31899ms)
✔ D13 required stopped backup restores independently; exchange is not backup (12.229288ms)
✔ F1 responsive shutdown drains and refuses new admission; bounded incomplete cleanup retains ownership (2017.953017ms)
✔ F1 cancellation before commit and during native commit does not fake rollback (8.682893ms)
✔ D9-D10 native lifecycle distinct occurrences, acknowledgement, recovery, recurrence and restart (39.9075ms)
✔ duplicate old redelivery is idempotent; payload conflict rejected (6.472098ms)
✔ D17 forged producer (1.490911ms)
✔ D17 wrong instance (1.338024ms)
✔ D17 wrong generation (2.998673ms)
✔ D17 cross scope (1.288397ms)
✔ D17 unregistered target (1.043413ms)
✔ D17 secret-bearing extra evidence (1.182152ms)
✔ D17 bad evidence hash (1.275542ms)
✔ D17 future skew (1.630852ms)
✔ D17 stale observation (1.482886ms)
✔ D17 recovery evidence mismatch (2.783547ms)
✔ D17 oversize (0.903923ms)
✔ D17 out-of-order recovery cannot resolve; silence and self-health not recovery (31.890356ms)
✔ D17 query/ack scope and unknown manual operation denied (4.473552ms)
✔ D17 durable write failure leaves no partial state; uncertain post-rename fails closed (6.481005ms)
✔ D17 exclusive ownership and corrupt-store fail closed (1.016991ms)
✔ D17 occurrence capacity rejects without eviction (272.911411ms)
✔ D17 cooperative queue wait, overload, cancellation and shutdown refusal (8.383062ms)
✔ D17 postcommit cooperative deadline reports uncertainty, retry is duplicate (3.976951ms)
✔ D14-D16 canonical roundtrip with acknowledgements, resolutions and compatible continuation (44.130147ms)
✔ D15 imported producer/actor history grants neither query nor duplicate ingestion (13.850421ms)
✔ D16 unavailable historical rule preserved as HISTORICAL_ONLY, never reassessed or acknowledged (16.380256ms)
✔ D15 rejected import is atomic: extra grants (5.655014ms)
✔ D15 rejected import is atomic: foreign schema (6.709879ms)
✔ D15 rejected import is atomic: count mismatch (4.96677ms)
✔ D15 rejected import is atomic: missing reference (4.730051ms)
✔ D15 rejected import is atomic: dedupe mismatch (4.916371ms)
✔ D15 rejected import is atomic: duplicate observation (5.65298ms)
✔ D15 rejected import is atomic: privileged evidence (4.787623ms)
✔ D15 rejected import is atomic: wrong correlation (5.498571ms)
✔ D15 rejected import is atomic: invalid timestamp (4.58587ms)
✔ D15 rejected import is atomic: incompatible labelled current (4.38894ms)
✔ D15 rejected import is atomic: unbacked resolution (5.212705ms)
✔ D15 oversized/malformed import and nonempty target reject before mutation (1.575134ms)
✔ D17 acknowledgement retry content collision is durable and actor-bound (14.479291ms)
(node:4082262) ExperimentalWarning: VM Modules is an experimental feature and might change at any time
(Use `node --trace-warnings ...` to show where the warning was created)
✔ D18 separate offline-installed public consumer cannot resolve implementation or Kernel (5587.369185ms)
(node:4082376) ExperimentalWarning: VM Modules is an experimental feature and might change at any time
(Use `node --trace-warnings ...` to show where the warning was created)
✔ D11-D13 public Host/SDK isolated vertical slice and independent consumer (438.322147ms)
✔ D12 independent current mapping AND Host grants both required; scope denied (314.729344ms)
✔ D13 restart restores same IDs/lifecycle while new instance requires new mappings (401.787014ms)
ℹ tests 50
ℹ suites 0
ℹ pass 50
ℹ fail 0
ℹ cancelled 0
ℹ skipped 0
ℹ todo 0
ℹ duration_ms 14756.079705
