✔ D8 repeated against actual admitted snapshot; separate execution record not inferred from schema (83.21462ms)
✔ D13 native composition validates closed configuration before touching store (2.392227ms)
✔ D17 incident capacity64 refuses next without changing history (3606.626373ms)
✔ D17 retained observation/dedupe capacity256 rejects atomically (10737.54649ms)
✔ D17 acknowledgement replay capacity16 and late correlation window fail closed (55.479479ms)
✔ D17 isolated child self-exit beforeRename preserves coherent generation (561.100868ms)
✔ D17 isolated child self-exit afterRename preserves coherent generation (480.757244ms)
✔ D13 required stopped backup restores independently; exchange is not backup (7.754053ms)
✔ F1 responsive shutdown drains and refuses new admission; bounded incomplete cleanup retains ownership (2009.931867ms)
✔ F1 cancellation before commit and during native commit does not fake rollback (12.412716ms)
✔ D9-D10 native lifecycle distinct occurrences, acknowledgement, recovery, recurrence and restart (59.627241ms)
✔ duplicate old redelivery is idempotent; payload conflict rejected (7.001053ms)
✔ D17 forged producer (1.352392ms)
✔ D17 wrong instance (1.616283ms)
✔ D17 wrong generation (1.13993ms)
✔ D17 cross scope (1.092508ms)
✔ D17 unregistered target (0.937789ms)
✔ D17 secret-bearing extra evidence (1.186459ms)
✔ D17 bad evidence hash (1.012393ms)
✔ D17 future skew (1.285372ms)
✔ D17 stale observation (0.956294ms)
✔ D17 recovery evidence mismatch (0.908811ms)
✔ D17 oversize (0.665158ms)
✔ D17 out-of-order recovery cannot resolve; silence and self-health not recovery (4.264848ms)
✔ D17 query/ack scope and unknown manual operation denied (3.860785ms)
✔ D17 durable write failure leaves no partial state; uncertain post-rename fails closed (4.674743ms)
✔ D17 exclusive ownership and corrupt-store fail closed (0.919864ms)
✔ D17 occurrence capacity rejects without eviction (392.014898ms)
✔ D17 cooperative queue wait, overload, cancellation and shutdown refusal (19.018092ms)
✔ D17 postcommit cooperative deadline reports uncertainty, retry is duplicate (4.431601ms)
✔ D14-D16 canonical roundtrip with acknowledgements, resolutions and compatible continuation (54.305924ms)
✔ D15 imported producer/actor history grants neither query nor duplicate ingestion (12.803683ms)
✔ D16 unavailable historical rule preserved as HISTORICAL_ONLY, never reassessed or acknowledged (19.78056ms)
✔ D15 rejected import is atomic: extra grants (16.886869ms)
✔ D15 rejected import is atomic: foreign schema (4.861114ms)
✔ D15 rejected import is atomic: count mismatch (4.811779ms)
✔ D15 rejected import is atomic: missing reference (4.692868ms)
✔ D15 rejected import is atomic: dedupe mismatch (4.349082ms)
✔ D15 rejected import is atomic: duplicate observation (4.452802ms)
✔ D15 rejected import is atomic: privileged evidence (3.761162ms)
✔ D15 rejected import is atomic: wrong correlation (4.249347ms)
✔ D15 rejected import is atomic: invalid timestamp (4.104297ms)
✔ D15 rejected import is atomic: incompatible labelled current (4.438936ms)
✔ D15 rejected import is atomic: unbacked resolution (3.871364ms)
✔ D15 oversized/malformed import and nonempty target reject before mutation (1.218483ms)
✔ D17 acknowledgement retry content collision is durable and actor-bound (13.40613ms)
(node:4070521) ExperimentalWarning: VM Modules is an experimental feature and might change at any time
(Use `node --trace-warnings ...` to show where the warning was created)
✔ D18 separate offline-installed public consumer cannot resolve implementation or Kernel (5739.045959ms)
(node:4070593) ExperimentalWarning: VM Modules is an experimental feature and might change at any time
(Use `node --trace-warnings ...` to show where the warning was created)
✔ D11-D13 public Host/SDK isolated vertical slice and independent consumer (414.466204ms)
✔ D12 independent current mapping AND Host grants both required; scope denied (377.106945ms)
✔ D13 restart restores same IDs/lifecycle while new instance requires new mappings (420.844802ms)
ℹ tests 50
ℹ suites 0
ℹ pass 50
ℹ fail 0
ℹ cancelled 0
ℹ skipped 0
ℹ todo 0
ℹ duration_ms 15085.767496
