✔ D17 isolated child self-exit beforeRename preserves coherent generation (434.472214ms)
✔ D17 isolated child self-exit afterRename preserves coherent generation (309.751768ms)
✔ D13 required stopped backup restores independently; exchange is not backup (8.491563ms)
✔ F1 responsive shutdown drains and refuses new admission; bounded incomplete cleanup retains ownership (2010.994708ms)
✔ F1 cancellation before commit and during native commit does not fake rollback (11.015895ms)
✔ D9-D10 native lifecycle distinct occurrences, acknowledgement, recovery, recurrence and restart (58.008781ms)
✔ duplicate old redelivery is idempotent; payload conflict rejected (6.423834ms)
✔ D17 forged producer (1.159227ms)
✔ D17 wrong instance (1.177122ms)
✔ D17 wrong generation (1.199294ms)
✔ D17 cross scope (1.891838ms)
✔ D17 unregistered target (2.282074ms)
✔ D17 secret-bearing extra evidence (2.240002ms)
✔ D17 bad evidence hash (1.875988ms)
✔ D17 future skew (2.284149ms)
✔ D17 stale observation (2.333304ms)
✔ D17 recovery evidence mismatch (1.136181ms)
✔ D17 oversize (1.483957ms)
✔ D17 out-of-order recovery cannot resolve; silence and self-health not recovery (13.419215ms)
✔ D17 query/ack scope and unknown manual operation denied (4.041955ms)
✔ D17 durable write failure leaves no partial state; uncertain post-rename fails closed (4.317721ms)
✔ D17 exclusive ownership and corrupt-store fail closed (0.917058ms)
✔ D17 occurrence capacity rejects without eviction (297.718789ms)
✔ D17 cooperative queue wait, overload, cancellation and shutdown refusal (8.223092ms)
✔ D17 postcommit cooperative deadline reports uncertainty, retry is duplicate (3.839062ms)
✔ D14-D16 canonical roundtrip with acknowledgements, resolutions and compatible continuation (54.289822ms)
✔ D15 imported producer/actor history grants neither query nor duplicate ingestion (11.302562ms)
✔ D16 unavailable historical rule preserved as HISTORICAL_ONLY, never reassessed or acknowledged (24.074082ms)
✔ D15 rejected import is atomic: extra grants (4.622732ms)
✔ D15 rejected import is atomic: foreign schema (4.405993ms)
✔ D15 rejected import is atomic: count mismatch (4.343902ms)
✔ D15 rejected import is atomic: missing reference (4.893827ms)
✔ D15 rejected import is atomic: dedupe mismatch (5.387674ms)
✔ D15 rejected import is atomic: duplicate observation (9.563301ms)
✔ D15 rejected import is atomic: privileged evidence (5.711011ms)
✔ D15 rejected import is atomic: wrong correlation (4.12125ms)
✔ D15 rejected import is atomic: invalid timestamp (5.129054ms)
✔ D15 rejected import is atomic: incompatible labelled current (4.839724ms)
✔ D15 rejected import is atomic: unbacked resolution (3.788224ms)
✔ D15 oversized/malformed import and nonempty target reject before mutation (6.038978ms)
✔ D17 acknowledgement retry content collision is durable and actor-bound (31.418351ms)
(node:4052120) ExperimentalWarning: VM Modules is an experimental feature and might change at any time
(Use `node --trace-warnings ...` to show where the warning was created)
✔ D11-D13 public Host/SDK isolated vertical slice and independent consumer (351.113315ms)
✔ D12 independent current mapping AND Host grants both required; scope denied (245.585759ms)
✔ D13 restart restores same IDs/lifecycle while new instance requires new mappings (387.617175ms)
ℹ tests 44
ℹ suites 0
ℹ pass 44
ℹ fail 0
ℹ cancelled 0
ℹ skipped 0
ℹ todo 0
ℹ duration_ms 3276.846282
