{"allowlist": ["services/doghouse", "docs/phase5.2/design", "catalog/proposals/assurance-incidents", "examples/phase52-consumer", "packages", "node_modules", "service-foundation/tooling", "service-foundation/schemas", "tools/g3-fixtures.mjs", "specs/examples/capability.valid.json"], "runtime": ".tools/node-v24.21.0-linux-x64/bin/node", "copiedFiles": 1234, "copiedManifestSha256": "c27b7fb64c274381b552edcc6b084b748ebb6cfc1c937b2b70840be9cdcac9b1", "nodeSha256": "7fde7b8afa198da66257f42ee2001d874c7355631e6d1579a5fb5ef1f246df4c", "hostSocketsCopiedOrProbed": false}
{"prerequisite":"PASS","filesystem":"disposable chroot; allowlisted regular files only","network":"new network namespace","docker":"ENOENT","podman":"ENOENT","filesystemSockets":0,"proc":false,"sys":false,"uid":1001}
✔ D8 repeated against actual admitted snapshot; separate execution record not inferred from schema (69.688307ms)
✔ D13 native composition validates closed configuration before touching store (2.049866ms)
✔ D17 incident capacity64 refuses next without changing history (3226.069628ms)
✔ D17 retained observation/dedupe capacity256 rejects atomically (9977.353505ms)
✔ D17 acknowledgement replay capacity16 and late correlation window fail closed (62.167177ms)
✔ D17 isolated child self-exit beforeRename preserves coherent generation (416.585075ms)
✔ D17 isolated child self-exit afterRename preserves coherent generation (368.224119ms)
✔ D13 required stopped backup restores independently; exchange is not backup (7.293597ms)
✔ F1 responsive shutdown drains and refuses new admission; bounded incomplete cleanup retains ownership (2016.377876ms)
✔ F1 cancellation before commit and during native commit does not fake rollback (9.046468ms)
✔ D9-D10 native lifecycle distinct occurrences, acknowledgement, recovery, recurrence and restart (62.375031ms)
✔ duplicate old redelivery is idempotent; payload conflict rejected (6.380747ms)
✔ D17 forged producer (1.454992ms)
✔ D17 wrong instance (1.543304ms)
✔ D17 wrong generation (1.652345ms)
✔ D17 cross scope (1.425566ms)
✔ D17 unregistered target (1.292717ms)
✔ D17 secret-bearing extra evidence (1.421778ms)
✔ D17 bad evidence hash (1.869707ms)
✔ D17 future skew (1.875588ms)
✔ D17 stale observation (1.296274ms)
✔ D17 recovery evidence mismatch (1.052191ms)
✔ D17 oversize (1.256298ms)
✔ D17 out-of-order recovery cannot resolve; silence and self-health not recovery (4.82556ms)
✔ D17 query/ack scope and unknown manual operation denied (3.719314ms)
✔ D17 durable write failure leaves no partial state; uncertain post-rename fails closed (4.784681ms)
✔ D17 exclusive ownership and corrupt-store fail closed (0.84542ms)
✔ D17 occurrence capacity rejects without eviction (253.928245ms)
✔ D17 cooperative queue wait, overload, cancellation and shutdown refusal (7.667142ms)
✔ D17 postcommit cooperative deadline reports uncertainty, retry is duplicate (3.815371ms)
✔ D14-D16 canonical roundtrip with acknowledgements, resolutions and compatible continuation (52.206918ms)
✔ D15 imported producer/actor history grants neither query nor duplicate ingestion (12.42889ms)
✔ D16 unavailable historical rule preserved as HISTORICAL_ONLY, never reassessed or acknowledged (14.394562ms)
✔ D15 rejected import is atomic: extra grants (4.776796ms)
✔ D15 rejected import is atomic: foreign schema (4.879816ms)
✔ D15 rejected import is atomic: count mismatch (4.121294ms)
✔ D15 rejected import is atomic: missing reference (4.332223ms)
✔ D15 rejected import is atomic: dedupe mismatch (4.53657ms)
✔ D15 rejected import is atomic: duplicate observation (4.582068ms)
✔ D15 rejected import is atomic: privileged evidence (5.658005ms)
✔ D15 rejected import is atomic: wrong correlation (4.518135ms)
✔ D15 rejected import is atomic: invalid timestamp (4.643015ms)
✔ D15 rejected import is atomic: incompatible labelled current (5.333124ms)
✔ D15 rejected import is atomic: unbacked resolution (4.733531ms)
✔ D15 oversized/malformed import and nonempty target reject before mutation (1.368323ms)
✔ D17 acknowledgement retry content collision is durable and actor-bound (13.832902ms)
(node:58) ExperimentalWarning: VM Modules is an experimental feature and might change at any time
(Use `node --trace-warnings ...` to show where the warning was created)
✔ D11-D13 public Host/SDK isolated vertical slice and independent consumer (347.567958ms)
✔ D12 independent current mapping AND Host grants both required; scope denied (250.843129ms)
✔ D13 restart restores same IDs/lifecycle while new instance requires new mappings (375.46938ms)
✔ R2 resolved overlap, reversed=false: atomic import, store commit/open rejection (38.76354ms)
✔ R2 resolved overlap, reversed=true: atomic import, store commit/open rejection (17.174524ms)
✔ R2 equal recovery/start, reversed=false: atomic import, store commit/open rejection (19.030363ms)
✔ R2 equal recovery/start, reversed=true: atomic import, store commit/open rejection (17.060221ms)
✔ R2 equal starts, reversed=false: atomic import, store commit/open rejection (30.006595ms)
✔ R2 equal starts, reversed=true: atomic import, store commit/open rejection (25.38474ms)
✔ R2 active predecessor, reversed=false: atomic import, store commit/open rejection (22.571563ms)
✔ R2 active predecessor, reversed=true: atomic import, store commit/open rejection (24.52977ms)
✔ R2 acknowledged predecessor, reversed=false: atomic import, store commit/open rejection (19.266121ms)
✔ R2 acknowledged predecessor, reversed=true: atomic import, store commit/open rejection (20.20369ms)
✔ R2 valid reversed recurrence survives restart and authorized continuation (32.721601ms)
✔ R2 unknown-rule overlapping historical-only evidence is not assigned understood semantics (26.838649ms)
ℹ tests 61
ℹ suites 0
ℹ pass 61
ℹ fail 0
ℹ cancelled 0
ℹ skipped 0
ℹ todo 0
ℹ duration_ms 13920.606546
R1_NATIVE_UNAVAILABLE_QUALIFICATION_PASS
