✔ R2 resolved overlap, reversed=false: atomic import, store commit/open rejection (44.8885ms)
✔ R2 resolved overlap, reversed=true: atomic import, store commit/open rejection (18.784495ms)
✔ R2 equal recovery/start, reversed=false: atomic import, store commit/open rejection (19.505634ms)
✔ R2 equal recovery/start, reversed=true: atomic import, store commit/open rejection (18.826286ms)
✔ R2 equal starts, reversed=false: atomic import, store commit/open rejection (18.24494ms)
✔ R2 equal starts, reversed=true: atomic import, store commit/open rejection (17.139235ms)
✔ R2 active predecessor, reversed=false: atomic import, store commit/open rejection (15.686597ms)
✔ R2 active predecessor, reversed=true: atomic import, store commit/open rejection (16.81692ms)
✔ R2 acknowledged predecessor, reversed=false: atomic import, store commit/open rejection (17.165195ms)
✔ R2 acknowledged predecessor, reversed=true: atomic import, store commit/open rejection (17.51891ms)
✔ R2 valid reversed recurrence survives restart and authorized continuation (36.271064ms)
✔ R2 unknown-rule overlapping historical-only evidence is not assigned understood semantics (21.898967ms)
ℹ tests 12
ℹ suites 0
ℹ pass 12
ℹ fail 0
ℹ cancelled 0
ℹ skipped 0
ℹ todo 0
ℹ duration_ms 609.204049
