✔ R2 resolved overlap, reversed=false: atomic import, store commit/open rejection (42.362604ms)
✔ R2 resolved overlap, reversed=true: atomic import, store commit/open rejection (23.25227ms)
✔ R2 equal recovery/start, reversed=false: atomic import, store commit/open rejection (23.153958ms)
✔ R2 equal recovery/start, reversed=true: atomic import, store commit/open rejection (26.552663ms)
✔ R2 equal starts, reversed=false: atomic import, store commit/open rejection (23.038115ms)
✔ R2 equal starts, reversed=true: atomic import, store commit/open rejection (20.332405ms)
✔ R2 active predecessor, reversed=false: atomic import, store commit/open rejection (18.857944ms)
✔ R2 active predecessor, reversed=true: atomic import, store commit/open rejection (21.464209ms)
✔ R2 acknowledged predecessor, reversed=false: atomic import, store commit/open rejection (22.012083ms)
✔ R2 acknowledged predecessor, reversed=true: atomic import, store commit/open rejection (25.250415ms)
✔ R2 valid reversed recurrence survives restart and authorized continuation (34.926297ms)
✖ R2 unknown-rule overlapping historical-only evidence is not assigned understood semantics (18.652676ms)
ℹ tests 12
ℹ suites 0
ℹ pass 11
ℹ fail 1
ℹ cancelled 0
ℹ skipped 0
ℹ todo 0
ℹ duration_ms 769.627993

✖ failing tests:

test at services/doghouse/tests/review-r2.test.mjs:33:1
✖ R2 unknown-rule overlapping historical-only evidence is not assigned understood semantics (18.652676ms)
  Error [AcapError]: FAILED_PRECONDITION
      at fail (file:///home/herman/alica-phase52/services/doghouse/contracts.mjs:10:34)
      at requireThat (file:///home/herman/alica-phase52/services/doghouse/contracts.mjs:11:78)
      at validateRecords (file:///home/herman/alica-phase52/services/doghouse/contracts.mjs:52:4)
      at Assurance.import (file:///home/herman/alica-phase52/services/doghouse/core.mjs:92:297)
      at TestContext.<anonymous> (file:///home/herman/alica-phase52/services/doghouse/tests/review-r2.test.mjs:35:17)
      at async Test.run (node:internal/test_runner/test:1409:7)
      at async Test.processPendingSubtests (node:internal/test_runner/test:974:7) {
    code: 'FAILED_PRECONDITION',
    correlationId: '961c0f55-f81b-4dd0-8781-4423ef8df62b',
    retryable: false
  }
